[    0.000000] microcode: microcode updated early to revision 0x49, date = 2021-08-11
[    0.000000] Linux version 5.15.0-181-generic (buildd@lcy02-amd64-005) (gcc (Ubuntu 11.4.0-1ubuntu1~22.04.3) 11.4.0, GNU ld (GNU Binutils for Ubuntu) 2.38) #191-Ubuntu SMP Fri May 22 19:09:02 UTC 2026 (Ubuntu 5.15.0-181.191-generic 5.15.199)
[    0.000000] Command line: BOOT_IMAGE=/boot/vmlinuz-5.15.0-181-generic root=UUID=d0d1212d-a3fc-4520-908f-75427e05b93b ro
[    0.000000] KERNEL supported cpus:
[    0.000000]   Intel GenuineIntel
[    0.000000]   AMD AuthenticAMD
[    0.000000]   Hygon HygonGenuine
[    0.000000]   Centaur CentaurHauls
[    0.000000]   zhaoxin   Shanghai  
[    0.000000] BIOS-provided physical RAM map:
[    0.000000] BIOS-e820: [mem 0x0000000000000000-0x000000000009ffff] usable
[    0.000000] BIOS-e820: [mem 0x0000000000100000-0x00000000784aefff] usable
[    0.000000] BIOS-e820: [mem 0x00000000784af000-0x0000000079274fff] reserved
[    0.000000] BIOS-e820: [mem 0x0000000079275000-0x0000000079427fff] usable
[    0.000000] BIOS-e820: [mem 0x0000000079428000-0x0000000079ce2fff] ACPI NVS
[    0.000000] BIOS-e820: [mem 0x0000000079ce3000-0x000000007bcf6fff] reserved
[    0.000000] BIOS-e820: [mem 0x000000007bcf7000-0x000000007bcf7fff] usable
[    0.000000] BIOS-e820: [mem 0x000000007bcf8000-0x000000007bd7dfff] reserved
[    0.000000] BIOS-e820: [mem 0x000000007bd7e000-0x000000007bffffff] usable
[    0.000000] BIOS-e820: [mem 0x000000007c000000-0x000000008fffffff] reserved
[    0.000000] BIOS-e820: [mem 0x00000000fed1c000-0x00000000fed44fff] reserved
[    0.000000] BIOS-e820: [mem 0x00000000ff000000-0x00000000ffffffff] reserved
[    0.000000] BIOS-e820: [mem 0x0000000100000000-0x000000087fffffff] usable
[    0.000000] NX (Execute Disable) protection: active
[    0.000000] e820: update [mem 0x6ad86018-0x6ad95e57] usable ==> usable
[    0.000000] e820: update [mem 0x6ad86018-0x6ad95e57] usable ==> usable
[    0.000000] e820: update [mem 0x6ad76018-0x6ad85e57] usable ==> usable
[    0.000000] e820: update [mem 0x6ad76018-0x6ad85e57] usable ==> usable
[    0.000000] e820: update [mem 0x6ad6d018-0x6ad75057] usable ==> usable
[    0.000000] e820: update [mem 0x6ad6d018-0x6ad75057] usable ==> usable
[    0.000000] e820: update [mem 0x6ad5b018-0x6ad6c057] usable ==> usable
[    0.000000] e820: update [mem 0x6ad5b018-0x6ad6c057] usable ==> usable
[    0.000000] e820: update [mem 0x6ad49018-0x6ad5a057] usable ==> usable
[    0.000000] e820: update [mem 0x6ad49018-0x6ad5a057] usable ==> usable
[    0.000000] e820: update [mem 0x6ad39018-0x6ad48e57] usable ==> usable
[    0.000000] e820: update [mem 0x6ad39018-0x6ad48e57] usable ==> usable
[    0.000000] e820: update [mem 0x6ad29018-0x6ad38e57] usable ==> usable
[    0.000000] e820: update [mem 0x6ad29018-0x6ad38e57] usable ==> usable
[    0.000000] extended physical RAM map:
[    0.000000] reserve setup_data: [mem 0x0000000000000000-0x000000000009ffff] usable
[    0.000000] reserve setup_data: [mem 0x0000000000100000-0x000000006ad29017] usable
[    0.000000] reserve setup_data: [mem 0x000000006ad29018-0x000000006ad38e57] usable
[    0.000000] reserve setup_data: [mem 0x000000006ad38e58-0x000000006ad39017] usable
[    0.000000] reserve setup_data: [mem 0x000000006ad39018-0x000000006ad48e57] usable
[    0.000000] reserve setup_data: [mem 0x000000006ad48e58-0x000000006ad49017] usable
[    0.000000] reserve setup_data: [mem 0x000000006ad49018-0x000000006ad5a057] usable
[    0.000000] reserve setup_data: [mem 0x000000006ad5a058-0x000000006ad5b017] usable
[    0.000000] reserve setup_data: [mem 0x000000006ad5b018-0x000000006ad6c057] usable
[    0.000000] reserve setup_data: [mem 0x000000006ad6c058-0x000000006ad6d017] usable
[    0.000000] reserve setup_data: [mem 0x000000006ad6d018-0x000000006ad75057] usable
[    0.000000] reserve setup_data: [mem 0x000000006ad75058-0x000000006ad76017] usable
[    0.000000] reserve setup_data: [mem 0x000000006ad76018-0x000000006ad85e57] usable
[    0.000000] reserve setup_data: [mem 0x000000006ad85e58-0x000000006ad86017] usable
[    0.000000] reserve setup_data: [mem 0x000000006ad86018-0x000000006ad95e57] usable
[    0.000000] reserve setup_data: [mem 0x000000006ad95e58-0x00000000784aefff] usable
[    0.000000] reserve setup_data: [mem 0x00000000784af000-0x0000000079274fff] reserved
[    0.000000] reserve setup_data: [mem 0x0000000079275000-0x0000000079427fff] usable
[    0.000000] reserve setup_data: [mem 0x0000000079428000-0x0000000079ce2fff] ACPI NVS
[    0.000000] reserve setup_data: [mem 0x0000000079ce3000-0x000000007bcf6fff] reserved
[    0.000000] reserve setup_data: [mem 0x000000007bcf7000-0x000000007bcf7fff] usable
[    0.000000] reserve setup_data: [mem 0x000000007bcf8000-0x000000007bd7dfff] reserved
[    0.000000] reserve setup_data: [mem 0x000000007bd7e000-0x000000007bffffff] usable
[    0.000000] reserve setup_data: [mem 0x000000007c000000-0x000000008fffffff] reserved
[    0.000000] reserve setup_data: [mem 0x00000000fed1c000-0x00000000fed44fff] reserved
[    0.000000] reserve setup_data: [mem 0x00000000ff000000-0x00000000ffffffff] reserved
[    0.000000] reserve setup_data: [mem 0x0000000100000000-0x000000087fffffff] usable
[    0.000000] efi: EFI v2.40 by American Megatrends
[    0.000000] efi: ACPI=0x794c0000 ACPI 2.0=0x794c0000 ESRT=0x7ba49c98 SMBIOS=0xf05e0 SMBIOS 3.0=0x7ba45000 MOKvar=0x7ba44000 
[    0.000000] secureboot: Secure boot disabled
[    0.000000] SMBIOS 3.0.0 present.
[    0.000000] DMI: Supermicro SYS-7048GR-TR/X10DRG-Q, BIOS 3.2 11/22/2019
[    0.000000] tsc: Fast TSC calibration using PIT
[    0.000000] tsc: Detected 2400.095 MHz processor
[    0.000482] e820: update [mem 0x00000000-0x00000fff] usable ==> reserved
[    0.000486] e820: remove [mem 0x000a0000-0x000fffff] usable
[    0.000500] last_pfn = 0x880000 max_arch_pfn = 0x400000000
[    0.000782] x86/PAT: Configuration [0-7]: WB  WC  UC- UC  WB  WP  UC- WT  
[    0.002790] last_pfn = 0x7c000 max_arch_pfn = 0x400000000
[    0.012226] found SMP MP-table at [mem 0x000fd040-0x000fd04f]
[    0.012252] esrt: Reserving ESRT space from 0x000000007ba49c98 to 0x000000007ba49cd0.
[    0.012266] Using GB pages for direct mapping
[    0.012780] secureboot: Secure boot disabled
[    0.012782] RAMDISK: [mem 0x6ad97000-0x72505fff]
[    0.012790] ACPI: Early table checksum verification disabled
[    0.012796] ACPI: RSDP 0x00000000794C0000 000024 (v02 SUPERM)
[    0.012802] ACPI: XSDT 0x00000000794C00B0 0000E4 (v01                 01072009 AMI  00010013)
[    0.012810] ACPI: FACP 0x00000000794F35B0 00010C (v05 SUPERM SMCI--MB 01072009 AMI  00010013)
[    0.012819] ACPI: DSDT 0x00000000794C0230 03337B (v02 SUPERM SMCI--MB 01072009 INTL 20091013)
[    0.012824] ACPI: FACS 0x0000000079CE1F80 000040
[    0.012828] ACPI: APIC 0x00000000794F36C0 0001B4 (v03 SUPERM SMCI--MB 01072009 AMI  00010013)
[    0.012833] ACPI: FPDT 0x00000000794F3878 000044 (v01 SUPERM SMCI--MB 01072009 AMI  00010013)
[    0.012838] ACPI: FIDT 0x00000000794F38C0 00009C (v01 SUPERM SMCI--MB 01072009 AMI  00010013)
[    0.012842] ACPI: SPMI 0x00000000794F3960 000041 (v05 SUPERM SMCI--MB 00000000 AMI. 00000000)
[    0.012846] ACPI: MCFG 0x00000000794F39A8 00003C (v01 SUPERM SMCI--MB 01072009 MSFT 00000097)
[    0.012851] ACPI: UEFI 0x00000000794F39E8 000042 (v01 SUPERM SMCI--MB 01072009      00000000)
[    0.012856] ACPI: HPET 0x00000000794F3A30 000038 (v01 SUPERM SMCI--MB 00000001 INTL 20091013)
[    0.012860] ACPI: MSCT 0x00000000794F3A68 000090 (v01 SUPERM SMCI--MB 00000001 INTL 20091013)
[    0.012864] ACPI: NFIT 0x00000000794F3AF8 018028 (v01                 00000000      00000000)
[    0.012869] ACPI: SLIT 0x000000007950BB20 000030 (v01 SUPERM SMCI--MB 00000001 INTL 20091013)
[    0.012873] ACPI: SRAT 0x000000007950BB50 001158 (v03 SUPERM SMCI--MB 00000001 INTL 20091013)
[    0.012878] ACPI: WDDT 0x000000007950CCA8 000040 (v01 SUPERM SMCI--MB 00000000 INTL 20091013)
[    0.012882] ACPI: SSDT 0x000000007950CCE8 0170C7 (v02 SUPERM PmMgt    00000001 INTL 20120913)
[    0.012887] ACPI: NITR 0x0000000079523DB0 000071 (v02 SUPERM SMCI--MB 00000001 INTL 20091013)
[    0.012891] ACPI: BGRT 0x0000000079523E28 000038 (v01 SUPERM SMCI--MB 01072009 AMI  00010013)
[    0.012896] ACPI: SSDT 0x0000000079523E60 00264C (v02 SUPERM SpsNm    00000002 INTL 20120913)
[    0.012900] ACPI: SSDT 0x00000000795264B0 000064 (v02 SUPERM SpsNvs   00000002 INTL 20120913)
[    0.012904] ACPI: PRAD 0x0000000079526518 000102 (v02 SUPERM SMCI--MB 00000002 INTL 20120913)
[    0.012909] ACPI: DMAR 0x0000000079526620 000158 (v01 SUPERM SMCI--MB 00000001 INTL 20091013)
[    0.012914] ACPI: HEST 0x0000000079526778 00027C (v01 SUPERM SMCI--MB 00000001 INTL 00000001)
[    0.012918] ACPI: BERT 0x00000000795269F8 000030 (v01 SUPERM SMCI--MB 00000001 INTL 00000001)
[    0.012923] ACPI: ERST 0x0000000079526A28 000230 (v01 SUPERM SMCI--MB 00000001 INTL 00000001)
[    0.012927] ACPI: EINJ 0x0000000079526C58 000130 (v01 SUPERM SMCI--MB 00000001 INTL 00000001)
[    0.012931] ACPI: Reserving FACP table memory at [mem 0x794f35b0-0x794f36bb]
[    0.012933] ACPI: Reserving DSDT table memory at [mem 0x794c0230-0x794f35aa]
[    0.012935] ACPI: Reserving FACS table memory at [mem 0x79ce1f80-0x79ce1fbf]
[    0.012937] ACPI: Reserving APIC table memory at [mem 0x794f36c0-0x794f3873]
[    0.012938] ACPI: Reserving FPDT table memory at [mem 0x794f3878-0x794f38bb]
[    0.012940] ACPI: Reserving FIDT table memory at [mem 0x794f38c0-0x794f395b]
[    0.012941] ACPI: Reserving SPMI table memory at [mem 0x794f3960-0x794f39a0]
[    0.012943] ACPI: Reserving MCFG table memory at [mem 0x794f39a8-0x794f39e3]
[    0.012945] ACPI: Reserving UEFI table memory at [mem 0x794f39e8-0x794f3a29]
[    0.012946] ACPI: Reserving HPET table memory at [mem 0x794f3a30-0x794f3a67]
[    0.012948] ACPI: Reserving MSCT table memory at [mem 0x794f3a68-0x794f3af7]
[    0.012949] ACPI: Reserving NFIT table memory at [mem 0x794f3af8-0x7950bb1f]
[    0.012951] ACPI: Reserving SLIT table memory at [mem 0x7950bb20-0x7950bb4f]
[    0.012953] ACPI: Reserving SRAT table memory at [mem 0x7950bb50-0x7950cca7]
[    0.012954] ACPI: Reserving WDDT table memory at [mem 0x7950cca8-0x7950cce7]
[    0.012956] ACPI: Reserving SSDT table memory at [mem 0x7950cce8-0x79523dae]
[    0.012957] ACPI: Reserving NITR table memory at [mem 0x79523db0-0x79523e20]
[    0.012959] ACPI: Reserving BGRT table memory at [mem 0x79523e28-0x79523e5f]
[    0.012960] ACPI: Reserving SSDT table memory at [mem 0x79523e60-0x795264ab]
[    0.012962] ACPI: Reserving SSDT table memory at [mem 0x795264b0-0x79526513]
[    0.012964] ACPI: Reserving PRAD table memory at [mem 0x79526518-0x79526619]
[    0.012965] ACPI: Reserving DMAR table memory at [mem 0x79526620-0x79526777]
[    0.012967] ACPI: Reserving HEST table memory at [mem 0x79526778-0x795269f3]
[    0.012968] ACPI: Reserving BERT table memory at [mem 0x795269f8-0x79526a27]
[    0.012970] ACPI: Reserving ERST table memory at [mem 0x79526a28-0x79526c57]
[    0.012972] ACPI: Reserving EINJ table memory at [mem 0x79526c58-0x79526d87]
[    0.013034] SRAT: PXM 0 -> APIC 0x00 -> Node 0
[    0.013037] SRAT: PXM 0 -> APIC 0x02 -> Node 0
[    0.013038] SRAT: PXM 0 -> APIC 0x04 -> Node 0
[    0.013039] SRAT: PXM 0 -> APIC 0x06 -> Node 0
[    0.013041] SRAT: PXM 0 -> APIC 0x08 -> Node 0
[    0.013042] SRAT: PXM 0 -> APIC 0x0a -> Node 0
[    0.013043] SRAT: PXM 1 -> APIC 0x10 -> Node 1
[    0.013045] SRAT: PXM 1 -> APIC 0x12 -> Node 1
[    0.013046] SRAT: PXM 1 -> APIC 0x14 -> Node 1
[    0.013047] SRAT: PXM 1 -> APIC 0x16 -> Node 1
[    0.013048] SRAT: PXM 1 -> APIC 0x18 -> Node 1
[    0.013050] SRAT: PXM 1 -> APIC 0x1a -> Node 1
[    0.013051] SRAT: PXM 0 -> APIC 0x01 -> Node 0
[    0.013052] SRAT: PXM 0 -> APIC 0x03 -> Node 0
[    0.013054] SRAT: PXM 0 -> APIC 0x05 -> Node 0
[    0.013055] SRAT: PXM 0 -> APIC 0x07 -> Node 0
[    0.013056] SRAT: PXM 0 -> APIC 0x09 -> Node 0
[    0.013057] SRAT: PXM 0 -> APIC 0x0b -> Node 0
[    0.013058] SRAT: PXM 1 -> APIC 0x11 -> Node 1
[    0.013060] SRAT: PXM 1 -> APIC 0x13 -> Node 1
[    0.013061] SRAT: PXM 1 -> APIC 0x15 -> Node 1
[    0.013062] SRAT: PXM 1 -> APIC 0x17 -> Node 1
[    0.013063] SRAT: PXM 1 -> APIC 0x19 -> Node 1
[    0.013065] SRAT: PXM 1 -> APIC 0x1b -> Node 1
[    0.013074] ACPI: SRAT: Node 0 PXM 0 [mem 0x00000000-0x7fffffff]
[    0.013077] ACPI: SRAT: Node 0 PXM 0 [mem 0x100000000-0x47fffffff]
[    0.013079] ACPI: SRAT: Node 1 PXM 1 [mem 0x480000000-0x87fffffff]
[    0.013087] NUMA: Initialized distance table, cnt=2
[    0.013089] NUMA: Node 0 [mem 0x00000000-0x7fffffff] + [mem 0x100000000-0x47fffffff] -> [mem 0x00000000-0x47fffffff]
[    0.013104] NODE_DATA(0) allocated [mem 0x47ffd6000-0x47fffffff]
[    0.013135] NODE_DATA(1) allocated [mem 0x87ffd5000-0x87fffefff]
[    0.013493] Zone ranges:
[    0.013494]   DMA      [mem 0x0000000000001000-0x0000000000ffffff]
[    0.013497]   DMA32    [mem 0x0000000001000000-0x00000000ffffffff]
[    0.013499]   Normal   [mem 0x0000000100000000-0x000000087fffffff]
[    0.013502]   Device   empty
[    0.013504] Movable zone start for each node
[    0.013507] Early memory node ranges
[    0.013508]   node   0: [mem 0x0000000000001000-0x000000000009ffff]
[    0.013511]   node   0: [mem 0x0000000000100000-0x00000000784aefff]
[    0.013513]   node   0: [mem 0x0000000079275000-0x0000000079427fff]
[    0.013514]   node   0: [mem 0x000000007bcf7000-0x000000007bcf7fff]
[    0.013516]   node   0: [mem 0x000000007bd7e000-0x000000007bffffff]
[    0.013517]   node   0: [mem 0x0000000100000000-0x000000047fffffff]
[    0.013520]   node   1: [mem 0x0000000480000000-0x000000087fffffff]
[    0.013525] Initmem setup node 0 [mem 0x0000000000001000-0x000000047fffffff]
[    0.013530] Initmem setup node 1 [mem 0x0000000480000000-0x000000087fffffff]
[    0.013535] On node 0, zone DMA: 1 pages in unavailable ranges
[    0.013620] On node 0, zone DMA: 96 pages in unavailable ranges
[    0.019950] On node 0, zone DMA32: 3526 pages in unavailable ranges
[    0.020152] On node 0, zone DMA32: 10447 pages in unavailable ranges
[    0.020165] On node 0, zone DMA32: 134 pages in unavailable ranges
[    0.067790] On node 0, zone Normal: 16384 pages in unavailable ranges
[    0.167888] ACPI: PM-Timer IO Port: 0x408
[    0.167912] ACPI: LAPIC_NMI (acpi_id[0x00] high edge lint[0x1])
[    0.167915] ACPI: LAPIC_NMI (acpi_id[0x02] high edge lint[0x1])
[    0.167917] ACPI: LAPIC_NMI (acpi_id[0x04] high edge lint[0x1])
[    0.167919] ACPI: LAPIC_NMI (acpi_id[0x06] high edge lint[0x1])
[    0.167920] ACPI: LAPIC_NMI (acpi_id[0x08] high edge lint[0x1])
[    0.167922] ACPI: LAPIC_NMI (acpi_id[0x0a] high edge lint[0x1])
[    0.167923] ACPI: LAPIC_NMI (acpi_id[0x10] high edge lint[0x1])
[    0.167925] ACPI: LAPIC_NMI (acpi_id[0x12] high edge lint[0x1])
[    0.167926] ACPI: LAPIC_NMI (acpi_id[0x14] high edge lint[0x1])
[    0.167928] ACPI: LAPIC_NMI (acpi_id[0x16] high edge lint[0x1])
[    0.167929] ACPI: LAPIC_NMI (acpi_id[0x18] high edge lint[0x1])
[    0.167931] ACPI: LAPIC_NMI (acpi_id[0x1a] high edge lint[0x1])
[    0.167933] ACPI: LAPIC_NMI (acpi_id[0x01] high edge lint[0x1])
[    0.167934] ACPI: LAPIC_NMI (acpi_id[0x03] high edge lint[0x1])
[    0.167936] ACPI: LAPIC_NMI (acpi_id[0x05] high edge lint[0x1])
[    0.167937] ACPI: LAPIC_NMI (acpi_id[0x07] high edge lint[0x1])
[    0.167938] ACPI: LAPIC_NMI (acpi_id[0x09] high edge lint[0x1])
[    0.167940] ACPI: LAPIC_NMI (acpi_id[0x0b] high edge lint[0x1])
[    0.167941] ACPI: LAPIC_NMI (acpi_id[0x11] high edge lint[0x1])
[    0.167942] ACPI: LAPIC_NMI (acpi_id[0x13] high edge lint[0x1])
[    0.167944] ACPI: LAPIC_NMI (acpi_id[0x15] high edge lint[0x1])
[    0.167945] ACPI: LAPIC_NMI (acpi_id[0x17] high edge lint[0x1])
[    0.167947] ACPI: LAPIC_NMI (acpi_id[0x19] high edge lint[0x1])
[    0.167948] ACPI: LAPIC_NMI (acpi_id[0x1b] high edge lint[0x1])
[    0.167961] IOAPIC[0]: apic_id 1, version 32, address 0xfec00000, GSI 0-23
[    0.167967] IOAPIC[1]: apic_id 2, version 32, address 0xfec01000, GSI 24-47
[    0.167972] IOAPIC[2]: apic_id 3, version 32, address 0xfec40000, GSI 48-71
[    0.167976] ACPI: INT_SRC_OVR (bus 0 bus_irq 0 global_irq 2 dfl dfl)
[    0.167979] ACPI: INT_SRC_OVR (bus 0 bus_irq 9 global_irq 9 high level)
[    0.167985] ACPI: Using ACPI (MADT) for SMP configuration information
[    0.167987] ACPI: HPET id: 0x8086a701 base: 0xfed00000
[    0.168001] e820: update [mem 0x75c50000-0x75daffff] usable ==> reserved
[    0.168025] TSC deadline timer available
[    0.168027] smpboot: Allowing 24 CPUs, 0 hotplug CPUs
[    0.168054] PM: hibernation: Registered nosave memory: [mem 0x00000000-0x00000fff]
[    0.168057] PM: hibernation: Registered nosave memory: [mem 0x000a0000-0x000fffff]
[    0.168060] PM: hibernation: Registered nosave memory: [mem 0x75c50000-0x75daffff]
[    0.168063] PM: hibernation: Registered nosave memory: [mem 0x784af000-0x79274fff]
[    0.168066] PM: hibernation: Registered nosave memory: [mem 0x79428000-0x7bcf6fff]
[    0.168068] PM: hibernation: Registered nosave memory: [mem 0x7bcf8000-0x7bd7dfff]
[    0.168071] PM: hibernation: Registered nosave memory: [mem 0x7c000000-0xffffffff]
[    0.168074] [mem 0x90000000-0xfed1bfff] available for PCI devices
[    0.168076] Booting paravirtualized kernel on bare hardware
[    0.168081] clocksource: refined-jiffies: mask: 0xffffffff max_cycles: 0xffffffff, max_idle_ns: 7645519600211568 ns
[    0.168094] setup_percpu: NR_CPUS:8192 nr_cpumask_bits:24 nr_cpu_ids:24 nr_node_ids:2
[    0.170160] percpu: Embedded 62 pages/cpu s217088 r8192 d28672 u262144
[    0.170170] pcpu-alloc: s217088 r8192 d28672 u262144 alloc=1*2097152
[    0.170173] pcpu-alloc: [0] 00 01 02 03 04 05 12 13 [0] 14 15 16 17 -- -- -- -- 
[    0.170187] pcpu-alloc: [1] 06 07 08 09 10 11 18 19 [1] 20 21 22 23 -- -- -- -- 
[    0.170243] Built 2 zonelists, mobility grouping on.  Total pages: 8227265
[    0.170246] Policy zone: Normal
[    0.170249] Kernel command line: BOOT_IMAGE=/boot/vmlinuz-5.15.0-181-generic root=UUID=d0d1212d-a3fc-4520-908f-75427e05b93b ro
[    0.170730] mem auto-init: stack:off, heap alloc:on, heap free:off
[    0.345671] Memory: 32561444K/33432080K available (16393K kernel code, 4401K rwdata, 11000K rodata, 3292K init, 18768K bss, 870376K reserved, 0K cma-reserved)
[    0.346173] SLUB: HWalign=64, Order=0-3, MinObjects=0, CPUs=24, Nodes=2
[    0.346200] Kernel/User page tables isolation: enabled
[    0.346261] ftrace: allocating 50902 entries in 199 pages
[    0.377677] ftrace: allocated 199 pages with 5 groups
[    0.378012] rcu: Hierarchical RCU implementation.
[    0.378015] rcu: 	RCU restricting CPUs from NR_CPUS=8192 to nr_cpu_ids=24.
[    0.378017] 	Rude variant of Tasks RCU enabled.
[    0.378019] 	Tracing variant of Tasks RCU enabled.
[    0.378020] rcu: RCU calculated value of scheduler-enlistment delay is 25 jiffies.
[    0.378022] rcu: Adjusting geometry for rcu_fanout_leaf=16, nr_cpu_ids=24
[    0.383691] NR_IRQS: 524544, nr_irqs: 1432, preallocated irqs: 16
[    0.383941] random: crng init done
[    0.384017] Console: colour dummy device 80x25
[    0.384400] printk: console [tty0] enabled
[    0.384453] mempolicy: Enabling automatic NUMA balancing. Configure with numa_balancing= or the kernel.numa_balancing sysctl
[    0.384464] ACPI: Core revision 20210730
[    0.384800] clocksource: hpet: mask: 0xffffffff max_cycles: 0xffffffff, max_idle_ns: 133484882848 ns
[    0.384818] APIC: Switch to symmetric I/O mode setup
[    0.384822] DMAR: Host address width 46
[    0.384825] DMAR: DRHD base: 0x000000fbffc000 flags: 0x0
[    0.384833] DMAR: dmar0: reg_base_addr fbffc000 ver 1:0 cap d2078c106f0466 ecap f020de
[    0.384838] DMAR: DRHD base: 0x000000d3ffc000 flags: 0x1
[    0.384844] DMAR: dmar1: reg_base_addr d3ffc000 ver 1:0 cap d2078c106f0466 ecap f020de
[    0.384848] DMAR: RMRR base: 0x0000007ba58000 end: 0x0000007ba67fff
[    0.384852] DMAR: ATSR flags: 0x0
[    0.384855] DMAR: RHSA base: 0x000000d3ffc000 proximity domain: 0x0
[    0.384858] DMAR: RHSA base: 0x000000fbffc000 proximity domain: 0x1
[    0.384862] DMAR-IR: IOAPIC id 3 under DRHD base  0xfbffc000 IOMMU 0
[    0.384866] DMAR-IR: IOAPIC id 1 under DRHD base  0xd3ffc000 IOMMU 1
[    0.384868] DMAR-IR: IOAPIC id 2 under DRHD base  0xd3ffc000 IOMMU 1
[    0.384871] DMAR-IR: HPET id 0 under DRHD base 0xd3ffc000
[    0.384873] DMAR-IR: x2apic is disabled because BIOS sets x2apic opt out bit.
[    0.384874] DMAR-IR: Use 'intremap=no_x2apic_optout' to override the BIOS setting.
[    0.385762] DMAR-IR: Enabled IRQ remapping in xapic mode
[    0.385766] x2apic: IRQ remapping doesn't support X2APIC mode
[    0.385772] Switched APIC routing to physical flat.
[    0.386429] ..TIMER: vector=0x30 apic1=0 pin1=2 apic2=-1 pin2=-1
[    0.404819] clocksource: tsc-early: mask: 0xffffffffffffffff max_cycles: 0x2298912c1b8, max_idle_ns: 440795240425 ns
[    0.404828] Calibrating delay loop (skipped), value calculated using timer frequency.. 4800.19 BogoMIPS (lpj=9600380)
[    0.404859] CPU0: Thermal monitoring enabled (TM1)
[    0.404936] process: using mwait in idle threads
[    0.404941] Last level iTLB entries: 4KB 1024, 2MB 1024, 4MB 1024
[    0.404944] Last level dTLB entries: 4KB 1024, 2MB 1024, 4MB 1024, 1GB 4
[    0.404950] Spectre V1 : Mitigation: usercopy/swapgs barriers and __user pointer sanitization
[    0.404954] Spectre V2 : Mitigation: Retpolines
[    0.404957] Spectre V2 : Spectre v2 / SpectreRSB: Filling RSB on context switch and VMEXIT
[    0.404960] Spectre V2 : Enabling Restricted Speculation for firmware calls
[    0.404963] Spectre V2 : mitigation: Enabling conditional Indirect Branch Prediction Barrier
[    0.404967] Spectre V2 : User space: Mitigation: STIBP via seccomp and prctl
[    0.404970] Speculative Store Bypass: Mitigation: Speculative Store Bypass disabled via prctl and seccomp
[    0.404977] MDS: Mitigation: Clear CPU buffers
[    0.404980] MMIO Stale Data: Mitigation: Clear CPU buffers
[    0.404983] VMSCAPE: Mitigation: IBPB before exit to userspace
[    0.404993] x86/fpu: Supporting XSAVE feature 0x001: 'x87 floating point registers'
[    0.404996] x86/fpu: Supporting XSAVE feature 0x002: 'SSE registers'
[    0.404999] x86/fpu: Supporting XSAVE feature 0x004: 'AVX registers'
[    0.405002] x86/fpu: xstate_offset[2]:  576, xstate_sizes[2]:  256
[    0.405005] x86/fpu: Enabled xstate features 0x7, context size is 832 bytes, using 'standard' format.
[    0.430271] Freeing SMP alternatives memory: 44K
[    0.430277] pid_max: default: 32768 minimum: 301
[    0.432875] LSM: Security Framework initializing
[    0.432896] landlock: Up and running.
[    0.432898] Yama: becoming mindful.
[    0.432937] AppArmor: AppArmor initialized
[    0.441650] Dentry cache hash table entries: 4194304 (order: 13, 33554432 bytes, vmalloc)
[    0.445984] Inode-cache hash table entries: 2097152 (order: 12, 16777216 bytes, vmalloc)
[    0.446157] Mount-cache hash table entries: 65536 (order: 7, 524288 bytes, vmalloc)
[    0.446295] Mountpoint-cache hash table entries: 65536 (order: 7, 524288 bytes, vmalloc)
[    0.447119] smpboot: Estimated ratio of average max frequency by base frequency (times 1024): 1194
[    0.447137] smpboot: CPU0: Intel(R) Xeon(R) CPU E5-2620 v3 @ 2.40GHz (family: 0x6, model: 0x3f, stepping: 0x2)
[    0.447386] Performance Events: PEBS fmt2+, Haswell events, 16-deep LBR, full-width counters, Intel PMU driver.
[    0.447430] ... version:                3
[    0.447432] ... bit width:              48
[    0.447434] ... generic registers:      4
[    0.447436] ... value mask:             0000ffffffffffff
[    0.447438] ... max period:             00007fffffffffff
[    0.447440] ... fixed-purpose events:   3
[    0.447443] ... event mask:             000000070000000f
[    0.447579] signal: max sigframe size: 1776
[    0.447606] rcu: Hierarchical SRCU implementation.
[    0.448825] NMI watchdog: Enabled. Permanently consumes one hw-PMU counter.
[    0.448825] smp: Bringing up secondary CPUs ...
[    0.448825] x86: Booting SMP configuration:
[    0.448825] .... node  #0, CPUs:        #1  #2  #3  #4  #5
[    0.469235] .... node  #1, CPUs:    #6
[    0.004892] smpboot: CPU 6 Converting physical 0 to logical die 1
[    0.556973]   #7  #8  #9 #10 #11
[    0.576136] .... node  #0, CPUs:   #12
[    0.577451] MDS CPU bug present and SMT on, data leak possible. See https://www.kernel.org/doc/html/latest/admin-guide/hw-vuln/mds.html for more details.
[    0.577451] MMIO Stale Data CPU bug present and SMT on, data leak possible. See https://www.kernel.org/doc/html/latest/admin-guide/hw-vuln/processor_mmio_stale_data.html for more details.
[    0.577451] VMSCAPE: SMT on, STIBP is required for full protection. See https://www.kernel.org/doc/html/latest/admin-guide/hw-vuln/vmscape.html for more details.
[    0.577451]  #13 #14 #15 #16 #17
[    0.581799] .... node  #1, CPUs:   #18 #19 #20 #21 #22 #23
[    0.589808] smp: Brought up 2 nodes, 24 CPUs
[    0.589808] smpboot: Max logical packages: 2
[    0.589808] smpboot: Total of 24 processors activated (115225.10 BogoMIPS)
[    0.595888] devtmpfs: initialized
[    0.595888] x86/mm: Memory block size: 128MB
[    0.598837] ACPI: PM: Registering ACPI NVS region [mem 0x79428000-0x79ce2fff] (9154560 bytes)
[    0.598837] clocksource: jiffies: mask: 0xffffffff max_cycles: 0xffffffff, max_idle_ns: 7645041785100000 ns
[    0.598837] futex hash table entries: 8192 (order: 7, 524288 bytes, vmalloc)
[    0.598837] pinctrl core: initialized pinctrl subsystem
[    0.598837] PM: RTC time: 23:30:16, date: 2026-06-24
[    0.598837] NET: Registered PF_NETLINK/PF_ROUTE protocol family
[    0.600850] DMA: preallocated 4096 KiB GFP_KERNEL pool for atomic allocations
[    0.601751] DMA: preallocated 4096 KiB GFP_KERNEL|GFP_DMA pool for atomic allocations
[    0.602656] DMA: preallocated 4096 KiB GFP_KERNEL|GFP_DMA32 pool for atomic allocations
[    0.602680] audit: initializing netlink subsys (disabled)
[    0.602698] audit: type=2000 audit(1782343815.216:1): state=initialized audit_enabled=0 res=1
[    0.602698] thermal_sys: Registered thermal governor 'fair_share'
[    0.602698] thermal_sys: Registered thermal governor 'bang_bang'
[    0.602698] thermal_sys: Registered thermal governor 'step_wise'
[    0.602698] thermal_sys: Registered thermal governor 'user_space'
[    0.602698] thermal_sys: Registered thermal governor 'power_allocator'
[    0.602698] cpuidle: using governor ladder
[    0.602698] cpuidle: using governor menu
[    0.602698] ACPI: bus type PCI registered
[    0.602698] acpiphp: ACPI Hot Plug PCI Controller Driver version: 0.5
[    0.602698] PCI: MMCONFIG for domain 0000 [bus 00-ff] at [mem 0x80000000-0x8fffffff] (base 0x80000000)
[    0.602698] PCI: MMCONFIG at [mem 0x80000000-0x8fffffff] reserved in E820
[    0.602698] PCI: Using configuration type 1 for base access
[    0.602698] core: PMU erratum BJ122, BV98, HSD29 worked around, HT is on
[    0.606491] kprobes: kprobe jump-optimization is enabled. All kprobes are optimized if possible.
[    0.606501] HugeTLB registered 1.00 GiB page size, pre-allocated 0 pages
[    0.606501] HugeTLB registered 2.00 MiB page size, pre-allocated 0 pages
[    0.606501] fbcon: Taking over console
[    0.606501] ACPI: Added _OSI(Module Device)
[    0.606501] ACPI: Added _OSI(Processor Device)
[    0.606501] ACPI: Added _OSI(Processor Aggregator Device)
[    0.606501] ACPI: Added _OSI(Linux-Dell-Video)
[    0.606501] ACPI: Added _OSI(Linux-Lenovo-NV-HDMI-Audio)
[    0.606501] ACPI: Added _OSI(Linux-HPI-Hybrid-Graphics)
[    0.684091] ACPI: 4 ACPI AML tables successfully acquired and loaded
[    0.689305] ACPI: [Firmware Bug]: BIOS _OSI(Linux) query ignored
[    0.693019] ACPI: Dynamic OEM Table Load:
[    0.737029] ACPI: Interpreter enabled
[    0.737052] ACPI: PM: (supports S0 S3 S4 S5)
[    0.737054] ACPI: Using IOAPIC for interrupt routing
[    0.737092] HEST: Enabling Firmware First mode for corrected errors.
[    0.737395] HEST: Table parsing has been initialized.
[    0.737663] GHES: APEI firmware first mode is enabled by APEI bit and WHEA _OSC.
[    0.737670] PCI: Using host bridge windows from ACPI; if necessary, use "pci=nocrs" and report a bug
[    0.737674] PCI: Using E820 reservations for host bridge windows
[    0.738743] ACPI: Enabled 6 GPEs in block 00 to 3F
[    0.795550] ACPI: PCI Root Bridge [UNC1] (domain 0000 [bus ff])
[    0.795561] acpi PNP0A03:02: _OSC: OS supports [ExtendedConfig ASPM ClockPM Segments MSI EDR HPX-Type3]
[    0.798506] acpi PNP0A03:02: _OSC: platform does not support [SHPCHotplug AER LTR DPC]
[    0.800033] acpi PNP0A03:02: _OSC: OS now controls [PCIeHotplug PME PCIeCapability]
[    0.800087] PCI host bridge to bus 0000:ff
[    0.800090] pci_bus 0000:ff: Unknown NUMA node; performance will be reduced
[    0.800094] pci_bus 0000:ff: root bus resource [bus ff]
[    0.800111] pci 0000:ff:08.0: [8086:2f80] type 00 class 0x088000
[    0.800221] pci 0000:ff:08.2: [8086:2f32] type 00 class 0x110100
[    0.800308] pci 0000:ff:08.3: [8086:2f83] type 00 class 0x088000
[    0.800398] pci 0000:ff:09.0: [8086:2f90] type 00 class 0x088000
[    0.800482] pci 0000:ff:09.2: [8086:2f33] type 00 class 0x110100
[    0.800565] pci 0000:ff:09.3: [8086:2f93] type 00 class 0x088000
[    0.800653] pci 0000:ff:0b.0: [8086:2f81] type 00 class 0x088000
[    0.800733] pci 0000:ff:0b.1: [8086:2f36] type 00 class 0x110100
[    0.800821] pci 0000:ff:0b.2: [8086:2f37] type 00 class 0x110100
[    0.800907] pci 0000:ff:0c.0: [8086:2fe0] type 00 class 0x088000
[    0.800987] pci 0000:ff:0c.1: [8086:2fe1] type 00 class 0x088000
[    0.801068] pci 0000:ff:0c.2: [8086:2fe2] type 00 class 0x088000
[    0.801149] pci 0000:ff:0c.3: [8086:2fe3] type 00 class 0x088000
[    0.801228] pci 0000:ff:0c.4: [8086:2fe4] type 00 class 0x088000
[    0.801308] pci 0000:ff:0c.5: [8086:2fe5] type 00 class 0x088000
[    0.801391] pci 0000:ff:0f.0: [8086:2ff8] type 00 class 0x088000
[    0.801477] pci 0000:ff:0f.1: [8086:2ff9] type 00 class 0x088000
[    0.801560] pci 0000:ff:0f.4: [8086:2ffc] type 00 class 0x088000
[    0.801639] pci 0000:ff:0f.5: [8086:2ffd] type 00 class 0x088000
[    0.801719] pci 0000:ff:0f.6: [8086:2ffe] type 00 class 0x088000
[    0.801799] pci 0000:ff:10.0: [8086:2f1d] type 00 class 0x088000
[    0.801880] pci 0000:ff:10.1: [8086:2f34] type 00 class 0x110100
[    0.801961] pci 0000:ff:10.5: [8086:2f1e] type 00 class 0x088000
[    0.802040] pci 0000:ff:10.6: [8086:2f7d] type 00 class 0x110100
[    0.802127] pci 0000:ff:10.7: [8086:2f1f] type 00 class 0x088000
[    0.802206] pci 0000:ff:12.0: [8086:2fa0] type 00 class 0x088000
[    0.802290] pci 0000:ff:12.1: [8086:2f30] type 00 class 0x110100
[    0.802379] pci 0000:ff:13.0: [8086:2fa8] type 00 class 0x088000
[    0.802465] pci 0000:ff:13.1: [8086:2f71] type 00 class 0x088000
[    0.802551] pci 0000:ff:13.2: [8086:2faa] type 00 class 0x088000
[    0.802638] pci 0000:ff:13.3: [8086:2fab] type 00 class 0x088000
[    0.802723] pci 0000:ff:13.4: [8086:2fac] type 00 class 0x088000
[    0.802817] pci 0000:ff:13.5: [8086:2fad] type 00 class 0x088000
[    0.802908] pci 0000:ff:13.6: [8086:2fae] type 00 class 0x088000
[    0.802990] pci 0000:ff:13.7: [8086:2faf] type 00 class 0x088000
[    0.803074] pci 0000:ff:14.0: [8086:2fb0] type 00 class 0x088000
[    0.803160] pci 0000:ff:14.1: [8086:2fb1] type 00 class 0x088000
[    0.803246] pci 0000:ff:14.2: [8086:2fb2] type 00 class 0x088000
[    0.803332] pci 0000:ff:14.3: [8086:2fb3] type 00 class 0x088000
[    0.803417] pci 0000:ff:14.4: [8086:2fbc] type 00 class 0x088000
[    0.803508] pci 0000:ff:14.5: [8086:2fbd] type 00 class 0x088000
[    0.803591] pci 0000:ff:14.6: [8086:2fbe] type 00 class 0x088000
[    0.803673] pci 0000:ff:14.7: [8086:2fbf] type 00 class 0x088000
[    0.803756] pci 0000:ff:15.0: [8086:2fb4] type 00 class 0x088000
[    0.803843] pci 0000:ff:15.1: [8086:2fb5] type 00 class 0x088000
[    0.803929] pci 0000:ff:15.2: [8086:2fb6] type 00 class 0x088000
[    0.804015] pci 0000:ff:15.3: [8086:2fb7] type 00 class 0x088000
[    0.804105] pci 0000:ff:16.0: [8086:2f68] type 00 class 0x088000
[    0.804198] pci 0000:ff:16.6: [8086:2f6e] type 00 class 0x088000
[    0.804283] pci 0000:ff:16.7: [8086:2f6f] type 00 class 0x088000
[    0.804366] pci 0000:ff:17.0: [8086:2fd0] type 00 class 0x088000
[    0.804451] pci 0000:ff:17.4: [8086:2fb8] type 00 class 0x088000
[    0.804533] pci 0000:ff:17.5: [8086:2fb9] type 00 class 0x088000
[    0.804617] pci 0000:ff:17.6: [8086:2fba] type 00 class 0x088000
[    0.804700] pci 0000:ff:17.7: [8086:2fbb] type 00 class 0x088000
[    0.804787] pci 0000:ff:1e.0: [8086:2f98] type 00 class 0x088000
[    0.804877] pci 0000:ff:1e.1: [8086:2f99] type 00 class 0x088000
[    0.804959] pci 0000:ff:1e.2: [8086:2f9a] type 00 class 0x088000
[    0.805042] pci 0000:ff:1e.3: [8086:2fc0] type 00 class 0x088000
[    0.805087] pci 0000:ff:1e.4: [8086:2f9c] type 00 class 0x088000
[    0.805171] pci 0000:ff:1f.0: [8086:2f88] type 00 class 0x088000
[    0.805256] pci 0000:ff:1f.2: [8086:2f8a] type 00 class 0x088000
[    0.805425] ACPI: PCI Root Bridge [UNC0] (domain 0000 [bus 7f])
[    0.805432] acpi PNP0A03:03: _OSC: OS supports [ExtendedConfig ASPM ClockPM Segments MSI EDR HPX-Type3]
[    0.806337] acpi PNP0A03:03: _OSC: platform does not support [SHPCHotplug AER LTR DPC]
[    0.807883] acpi PNP0A03:03: _OSC: OS now controls [PCIeHotplug PME PCIeCapability]
[    0.807929] PCI host bridge to bus 0000:7f
[    0.807931] pci_bus 0000:7f: Unknown NUMA node; performance will be reduced
[    0.807934] pci_bus 0000:7f: root bus resource [bus 7f]
[    0.807946] pci 0000:7f:08.0: [8086:2f80] type 00 class 0x088000
[    0.808032] pci 0000:7f:08.2: [8086:2f32] type 00 class 0x110100
[    0.808123] pci 0000:7f:08.3: [8086:2f83] type 00 class 0x088000
[    0.808206] pci 0000:7f:09.0: [8086:2f90] type 00 class 0x088000
[    0.808286] pci 0000:7f:09.2: [8086:2f33] type 00 class 0x110100
[    0.808365] pci 0000:7f:09.3: [8086:2f93] type 00 class 0x088000
[    0.808448] pci 0000:7f:0b.0: [8086:2f81] type 00 class 0x088000
[    0.808525] pci 0000:7f:0b.1: [8086:2f36] type 00 class 0x110100
[    0.808602] pci 0000:7f:0b.2: [8086:2f37] type 00 class 0x110100
[    0.808683] pci 0000:7f:0c.0: [8086:2fe0] type 00 class 0x088000
[    0.808766] pci 0000:7f:0c.1: [8086:2fe1] type 00 class 0x088000
[    0.808845] pci 0000:7f:0c.2: [8086:2fe2] type 00 class 0x088000
[    0.808924] pci 0000:7f:0c.3: [8086:2fe3] type 00 class 0x088000
[    0.809000] pci 0000:7f:0c.4: [8086:2fe4] type 00 class 0x088000
[    0.809076] pci 0000:7f:0c.5: [8086:2fe5] type 00 class 0x088000
[    0.809154] pci 0000:7f:0f.0: [8086:2ff8] type 00 class 0x088000
[    0.809237] pci 0000:7f:0f.1: [8086:2ff9] type 00 class 0x088000
[    0.809315] pci 0000:7f:0f.4: [8086:2ffc] type 00 class 0x088000
[    0.809399] pci 0000:7f:0f.5: [8086:2ffd] type 00 class 0x088000
[    0.809476] pci 0000:7f:0f.6: [8086:2ffe] type 00 class 0x088000
[    0.809553] pci 0000:7f:10.0: [8086:2f1d] type 00 class 0x088000
[    0.809630] pci 0000:7f:10.1: [8086:2f34] type 00 class 0x110100
[    0.809708] pci 0000:7f:10.5: [8086:2f1e] type 00 class 0x088000
[    0.809783] pci 0000:7f:10.6: [8086:2f7d] type 00 class 0x110100
[    0.809859] pci 0000:7f:10.7: [8086:2f1f] type 00 class 0x088000
[    0.809936] pci 0000:7f:12.0: [8086:2fa0] type 00 class 0x088000
[    0.810024] pci 0000:7f:12.1: [8086:2f30] type 00 class 0x110100
[    0.810108] pci 0000:7f:13.0: [8086:2fa8] type 00 class 0x088000
[    0.810190] pci 0000:7f:13.1: [8086:2f71] type 00 class 0x088000
[    0.810272] pci 0000:7f:13.2: [8086:2faa] type 00 class 0x088000
[    0.810355] pci 0000:7f:13.3: [8086:2fab] type 00 class 0x088000
[    0.810436] pci 0000:7f:13.4: [8086:2fac] type 00 class 0x088000
[    0.810518] pci 0000:7f:13.5: [8086:2fad] type 00 class 0x088000
[    0.810599] pci 0000:7f:13.6: [8086:2fae] type 00 class 0x088000
[    0.810686] pci 0000:7f:13.7: [8086:2faf] type 00 class 0x088000
[    0.810765] pci 0000:7f:14.0: [8086:2fb0] type 00 class 0x088000
[    0.810848] pci 0000:7f:14.1: [8086:2fb1] type 00 class 0x088000
[    0.810930] pci 0000:7f:14.2: [8086:2fb2] type 00 class 0x088000
[    0.811012] pci 0000:7f:14.3: [8086:2fb3] type 00 class 0x088000
[    0.811094] pci 0000:7f:14.4: [8086:2fbc] type 00 class 0x088000
[    0.811174] pci 0000:7f:14.5: [8086:2fbd] type 00 class 0x088000
[    0.811254] pci 0000:7f:14.6: [8086:2fbe] type 00 class 0x088000
[    0.811339] pci 0000:7f:14.7: [8086:2fbf] type 00 class 0x088000
[    0.811419] pci 0000:7f:15.0: [8086:2fb4] type 00 class 0x088000
[    0.811503] pci 0000:7f:15.1: [8086:2fb5] type 00 class 0x088000
[    0.811585] pci 0000:7f:15.2: [8086:2fb6] type 00 class 0x088000
[    0.811667] pci 0000:7f:15.3: [8086:2fb7] type 00 class 0x088000
[    0.811752] pci 0000:7f:16.0: [8086:2f68] type 00 class 0x088000
[    0.811835] pci 0000:7f:16.6: [8086:2f6e] type 00 class 0x088000
[    0.811915] pci 0000:7f:16.7: [8086:2f6f] type 00 class 0x088000
[    0.812001] pci 0000:7f:17.0: [8086:2fd0] type 00 class 0x088000
[    0.812082] pci 0000:7f:17.4: [8086:2fb8] type 00 class 0x088000
[    0.812162] pci 0000:7f:17.5: [8086:2fb9] type 00 class 0x088000
[    0.812242] pci 0000:7f:17.6: [8086:2fba] type 00 class 0x088000
[    0.812322] pci 0000:7f:17.7: [8086:2fbb] type 00 class 0x088000
[    0.812406] pci 0000:7f:1e.0: [8086:2f98] type 00 class 0x088000
[    0.812483] pci 0000:7f:1e.1: [8086:2f99] type 00 class 0x088000
[    0.812562] pci 0000:7f:1e.2: [8086:2f9a] type 00 class 0x088000
[    0.812650] pci 0000:7f:1e.3: [8086:2fc0] type 00 class 0x088000
[    0.812691] pci 0000:7f:1e.4: [8086:2f9c] type 00 class 0x088000
[    0.812772] pci 0000:7f:1f.0: [8086:2f88] type 00 class 0x088000
[    0.812853] pci 0000:7f:1f.2: [8086:2f8a] type 00 class 0x088000
[    0.827270] ACPI: PCI Root Bridge [PCI0] (domain 0000 [bus 00-7e])
[    0.827279] acpi PNP0A08:00: _OSC: OS supports [ExtendedConfig ASPM ClockPM Segments MSI EDR HPX-Type3]
[    0.827942] acpi PNP0A08:00: _OSC: platform does not support [SHPCHotplug AER LTR DPC]
[    0.828970] acpi PNP0A08:00: _OSC: OS now controls [PCIeHotplug PME PCIeCapability]
[    0.829404] PCI host bridge to bus 0000:00
[    0.829408] pci_bus 0000:00: root bus resource [io  0x0000-0x0cf7 window]
[    0.829412] pci_bus 0000:00: root bus resource [io  0x1000-0x7fff window]
[    0.829415] pci_bus 0000:00: root bus resource [mem 0x000a0000-0x000bffff window]
[    0.829418] pci_bus 0000:00: root bus resource [mem 0xfedb0000-0xfedb000f window]
[    0.829422] pci_bus 0000:00: root bus resource [mem 0xfedc0000-0xfedc000f window]
[    0.829425] pci_bus 0000:00: root bus resource [mem 0x90000000-0xd3ffbfff window]
[    0.829428] pci_bus 0000:00: root bus resource [mem 0x380000000000-0x383fffffffff window]
[    0.829432] pci_bus 0000:00: root bus resource [bus 00-7e]
[    0.829593] pci 0000:00:00.0: [8086:2f00] type 00 class 0x060000
[    0.829897] pci 0000:00:01.0: [8086:2f02] type 01 class 0x060400
[    0.829975] pci 0000:00:01.0: PME# supported from D0 D3hot D3cold
[    0.830389] pci 0000:00:02.0: [8086:2f04] type 01 class 0x060400
[    0.830468] pci 0000:00:02.0: PME# supported from D0 D3hot D3cold
[    0.830868] pci 0000:00:03.0: [8086:2f08] type 01 class 0x060400
[    0.830947] pci 0000:00:03.0: PME# supported from D0 D3hot D3cold
[    0.831349] pci 0000:00:04.0: [8086:2f20] type 00 class 0x088000
[    0.831405] pci 0000:00:04.0: reg 0x10: [mem 0x383ffff20000-0x383ffff23fff 64bit]
[    0.831643] pci 0000:00:04.1: [8086:2f21] type 00 class 0x088000
[    0.831698] pci 0000:00:04.1: reg 0x10: [mem 0x383ffff1c000-0x383ffff1ffff 64bit]
[    0.831932] pci 0000:00:04.2: [8086:2f22] type 00 class 0x088000
[    0.831987] pci 0000:00:04.2: reg 0x10: [mem 0x383ffff18000-0x383ffff1bfff 64bit]
[    0.832218] pci 0000:00:04.3: [8086:2f23] type 00 class 0x088000
[    0.832273] pci 0000:00:04.3: reg 0x10: [mem 0x383ffff14000-0x383ffff17fff 64bit]
[    0.832504] pci 0000:00:04.4: [8086:2f24] type 00 class 0x088000
[    0.832559] pci 0000:00:04.4: reg 0x10: [mem 0x383ffff10000-0x383ffff13fff 64bit]
[    0.832793] pci 0000:00:04.5: [8086:2f25] type 00 class 0x088000
[    0.832850] pci 0000:00:04.5: reg 0x10: [mem 0x383ffff0c000-0x383ffff0ffff 64bit]
[    0.833086] pci 0000:00:04.6: [8086:2f26] type 00 class 0x088000
[    0.833141] pci 0000:00:04.6: reg 0x10: [mem 0x383ffff08000-0x383ffff0bfff 64bit]
[    0.833371] pci 0000:00:04.7: [8086:2f27] type 00 class 0x088000
[    0.833426] pci 0000:00:04.7: reg 0x10: [mem 0x383ffff04000-0x383ffff07fff 64bit]
[    0.833595] pci 0000:00:05.0: [8086:2f28] type 00 class 0x088000
[    0.833918] pci 0000:00:05.1: [8086:2f29] type 00 class 0x088000
[    0.834129] pci 0000:00:05.2: [8086:2f2a] type 00 class 0x088000
[    0.834375] pci 0000:00:05.4: [8086:2f2c] type 00 class 0x080020
[    0.834429] pci 0000:00:05.4: reg 0x10: [mem 0xd0617000-0xd0617fff]
[    0.834717] pci 0000:00:11.0: [8086:8d7c] type 00 class 0xff0000
[    0.835060] pci 0000:00:11.4: [8086:8d62] type 00 class 0x010601
[    0.835134] pci 0000:00:11.4: reg 0x10: [io  0x7110-0x7117]
[    0.835138] pci 0000:00:11.4: reg 0x14: [io  0x7100-0x7103]
[    0.835142] pci 0000:00:11.4: reg 0x18: [io  0x70f0-0x70f7]
[    0.835146] pci 0000:00:11.4: reg 0x1c: [io  0x70e0-0x70e3]
[    0.835149] pci 0000:00:11.4: reg 0x20: [io  0x7020-0x703f]
[    0.835153] pci 0000:00:11.4: reg 0x24: [mem 0xd0616000-0xd06167ff]
[    0.835189] pci 0000:00:11.4: PME# supported from D3hot
[    0.835415] pci 0000:00:14.0: [8086:8d31] type 00 class 0x0c0330
[    0.835485] pci 0000:00:14.0: reg 0x10: [mem 0xd0600000-0xd060ffff 64bit]
[    0.835514] pci 0000:00:14.0: PME# supported from D3hot D3cold
[    0.835734] pci 0000:00:16.0: [8086:8d3a] type 00 class 0x078000
[    0.835805] pci 0000:00:16.0: reg 0x10: [mem 0xd0615000-0xd061500f 64bit]
[    0.835840] pci 0000:00:16.0: PME# supported from D0 D3hot D3cold
[    0.836064] pci 0000:00:16.1: [8086:8d3b] type 00 class 0x078000
[    0.836135] pci 0000:00:16.1: reg 0x10: [mem 0xd0614000-0xd061400f 64bit]
[    0.836169] pci 0000:00:16.1: PME# supported from D0 D3hot D3cold
[    0.836402] pci 0000:00:1a.0: [8086:8d2d] type 00 class 0x0c0320
[    0.836478] pci 0000:00:1a.0: reg 0x10: [mem 0xd0612000-0xd06123ff]
[    0.836523] pci 0000:00:1a.0: PME# supported from D0 D3hot D3cold
[    0.836748] pci 0000:00:1b.0: [8086:8d20] type 00 class 0x040300
[    0.836812] pci 0000:00:1b.0: reg 0x10: [mem 0x383ffff00000-0x383ffff03fff 64bit]
[    0.836862] pci 0000:00:1b.0: PME# supported from D0 D3hot D3cold
[    0.837091] pci 0000:00:1c.0: [8086:8d10] type 01 class 0x060400
[    0.837191] pci 0000:00:1c.0: PME# supported from D0 D3hot D3cold
[    0.837439] pci 0000:00:1c.3: [8086:8d16] type 01 class 0x060400
[    0.837542] pci 0000:00:1c.3: PME# supported from D0 D3hot D3cold
[    0.837782] pci 0000:00:1c.4: [8086:8d18] type 01 class 0x060400
[    0.837892] pci 0000:00:1c.4: PME# supported from D0 D3hot D3cold
[    0.838300] pci 0000:00:1d.0: [8086:8d26] type 00 class 0x0c0320
[    0.838377] pci 0000:00:1d.0: reg 0x10: [mem 0xd0611000-0xd06113ff]
[    0.838424] pci 0000:00:1d.0: PME# supported from D0 D3hot D3cold
[    0.838658] pci 0000:00:1f.0: [8086:8d44] type 00 class 0x060100
[    0.838998] pci 0000:00:1f.2: [8086:8d02] type 00 class 0x010601
[    0.839065] pci 0000:00:1f.2: reg 0x10: [io  0x7070-0x7077]
[    0.839069] pci 0000:00:1f.2: reg 0x14: [io  0x7060-0x7063]
[    0.839073] pci 0000:00:1f.2: reg 0x18: [io  0x7050-0x7057]
[    0.839076] pci 0000:00:1f.2: reg 0x1c: [io  0x7040-0x7043]
[    0.839080] pci 0000:00:1f.2: reg 0x20: [io  0x7000-0x701f]
[    0.839083] pci 0000:00:1f.2: reg 0x24: [mem 0xd0610000-0xd06107ff]
[    0.839114] pci 0000:00:1f.2: PME# supported from D3hot
[    0.839329] pci 0000:00:1f.3: [8086:8d22] type 00 class 0x0c0500
[    0.839393] pci 0000:00:1f.3: reg 0x10: [mem 0x383ffff25000-0x383ffff250ff 64bit]
[    0.839399] pci 0000:00:1f.3: reg 0x20: [io  0x0580-0x059f]
[    0.839685] acpiphp: Slot [10] registered
[    0.839773] pci 0000:01:00.0: [c0a9:5403] type 00 class 0x010802
[    0.839846] pci 0000:01:00.0: reg 0x10: [mem 0xd0500000-0xd0503fff 64bit]
[    0.840044] pci 0000:00:01.0: PCI bridge to [bus 01]
[    0.840050] pci 0000:00:01.0:   bridge window [mem 0xd0500000-0xd05fffff]
[    0.840320] pci 0000:02:00.0: [1022:1470] type 01 class 0x060400
[    0.840360] pci 0000:02:00.0: reg 0x10: [mem 0xd0400000-0xd0403fff]
[    0.840379] pci 0000:02:00.0: enabling Extended Tags
[    0.840450] pci 0000:02:00.0: PME# supported from D0 D3hot D3cold
[    0.840566] pci 0000:00:02.0: PCI bridge to [bus 02-04]
[    0.840572] pci 0000:00:02.0:   bridge window [mem 0xd0300000-0xd04fffff]
[    0.840577] pci 0000:00:02.0:   bridge window [mem 0x383800000000-0x383c001fffff 64bit pref]
[    0.840625] pci 0000:03:00.0: [1022:1471] type 01 class 0x060400
[    0.840680] pci 0000:03:00.0: enabling Extended Tags
[    0.840744] pci 0000:03:00.0: PME# supported from D0 D3hot D3cold
[    0.840832] pci 0000:02:00.0: PCI bridge to [bus 03-04]
[    0.840840] pci 0000:02:00.0:   bridge window [mem 0xd0300000-0xd03fffff]
[    0.840845] pci 0000:02:00.0:   bridge window [mem 0x383800000000-0x383c001fffff 64bit pref]
[    0.840894] pci 0000:04:00.0: [1002:6860] type 00 class 0x030000
[    0.840953] pci 0000:04:00.0: reg 0x10: [mem 0x383800000000-0x383bffffffff 64bit pref]
[    0.840958] pci 0000:04:00.0: reg 0x18: [mem 0x383c00000000-0x383c001fffff 64bit pref]
[    0.840964] pci 0000:04:00.0: reg 0x24: [mem 0xd0300000-0xd037ffff]
[    0.840967] pci 0000:04:00.0: reg 0x30: [mem 0xd0380000-0xd039ffff pref]
[    0.840974] pci 0000:04:00.0: enabling Extended Tags
[    0.841052] pci 0000:04:00.0: PME# supported from D1 D2 D3hot D3cold
[    0.841090] pci 0000:04:00.0: reg 0x354: [mem 0x00000000-0x0fffffff 64bit pref]
[    0.841094] pci 0000:04:00.0: VF(n) BAR0 space: [mem 0x00000000-0xffffffff 64bit pref] (contains BAR0 for 16 VFs)
[    0.841100] pci 0000:04:00.0: reg 0x35c: [mem 0x00000000-0x001fffff 64bit pref]
[    0.841103] pci 0000:04:00.0: VF(n) BAR2 space: [mem 0x00000000-0x01ffffff 64bit pref] (contains BAR2 for 16 VFs)
[    0.841108] pci 0000:04:00.0: reg 0x368: [mem 0x00000000-0x0007ffff]
[    0.841111] pci 0000:04:00.0: VF(n) BAR5 space: [mem 0x00000000-0x007fffff] (contains BAR5 for 16 VFs)
[    0.841224] pci 0000:03:00.0: PCI bridge to [bus 04]
[    0.841232] pci 0000:03:00.0:   bridge window [mem 0xd0300000-0xd03fffff]
[    0.841238] pci 0000:03:00.0:   bridge window [mem 0x383800000000-0x383c001fffff 64bit pref]
[    0.841528] pci 0000:05:00.0: [1022:1470] type 01 class 0x060400
[    0.841568] pci 0000:05:00.0: reg 0x10: [mem 0xd0200000-0xd0203fff]
[    0.841588] pci 0000:05:00.0: enabling Extended Tags
[    0.841658] pci 0000:05:00.0: PME# supported from D0 D3hot D3cold
[    0.841774] pci 0000:00:03.0: PCI bridge to [bus 05-07]
[    0.841780] pci 0000:00:03.0:   bridge window [mem 0xd0100000-0xd02fffff]
[    0.841785] pci 0000:00:03.0:   bridge window [mem 0x383000000000-0x3834001fffff 64bit pref]
[    0.841831] pci 0000:06:00.0: [1022:1471] type 01 class 0x060400
[    0.841886] pci 0000:06:00.0: enabling Extended Tags
[    0.841950] pci 0000:06:00.0: PME# supported from D0 D3hot D3cold
[    0.842040] pci 0000:05:00.0: PCI bridge to [bus 06-07]
[    0.842047] pci 0000:05:00.0:   bridge window [mem 0xd0100000-0xd01fffff]
[    0.842053] pci 0000:05:00.0:   bridge window [mem 0x383000000000-0x3834001fffff 64bit pref]
[    0.842102] pci 0000:07:00.0: [1002:6860] type 00 class 0x030000
[    0.842161] pci 0000:07:00.0: reg 0x10: [mem 0x383000000000-0x3833ffffffff 64bit pref]
[    0.842166] pci 0000:07:00.0: reg 0x18: [mem 0x383400000000-0x3834001fffff 64bit pref]
[    0.842171] pci 0000:07:00.0: reg 0x24: [mem 0xd0100000-0xd017ffff]
[    0.842175] pci 0000:07:00.0: reg 0x30: [mem 0xd0180000-0xd019ffff pref]
[    0.842182] pci 0000:07:00.0: enabling Extended Tags
[    0.842258] pci 0000:07:00.0: PME# supported from D1 D2 D3hot D3cold
[    0.842296] pci 0000:07:00.0: reg 0x354: [mem 0x00000000-0x0fffffff 64bit pref]
[    0.842300] pci 0000:07:00.0: VF(n) BAR0 space: [mem 0x00000000-0xffffffff 64bit pref] (contains BAR0 for 16 VFs)
[    0.842305] pci 0000:07:00.0: reg 0x35c: [mem 0x00000000-0x001fffff 64bit pref]
[    0.842309] pci 0000:07:00.0: VF(n) BAR2 space: [mem 0x00000000-0x01ffffff 64bit pref] (contains BAR2 for 16 VFs)
[    0.842314] pci 0000:07:00.0: reg 0x368: [mem 0x00000000-0x0007ffff]
[    0.842317] pci 0000:07:00.0: VF(n) BAR5 space: [mem 0x00000000-0x007fffff] (contains BAR5 for 16 VFs)
[    0.842428] pci 0000:06:00.0: PCI bridge to [bus 07]
[    0.842435] pci 0000:06:00.0:   bridge window [mem 0xd0100000-0xd01fffff]
[    0.842441] pci 0000:06:00.0:   bridge window [mem 0x383000000000-0x3834001fffff 64bit pref]
[    0.842508] pci 0000:00:1c.0: PCI bridge to [bus 08]
[    0.842601] pci 0000:09:00.0: [1a03:1150] type 01 class 0x060400
[    0.842693] pci 0000:09:00.0: enabling Extended Tags
[    0.842779] pci 0000:09:00.0: supports D1 D2
[    0.842781] pci 0000:09:00.0: PME# supported from D0 D1 D2 D3hot D3cold
[    0.842897] pci 0000:09:00.0: disabling ASPM on pre-1.1 PCIe device.  You can enable it with 'pcie_aspm=force'
[    0.842913] pci 0000:00:1c.3: PCI bridge to [bus 09-0a]
[    0.842917] pci 0000:00:1c.3:   bridge window [io  0x6000-0x6fff]
[    0.842922] pci 0000:00:1c.3:   bridge window [mem 0xcf000000-0xd00fffff]
[    0.842976] pci_bus 0000:0a: extended config space not accessible
[    0.843017] pci 0000:0a:00.0: [1a03:2000] type 00 class 0x030000
[    0.843121] pci 0000:0a:00.0: reg 0x10: [mem 0xcf000000-0xcfffffff]
[    0.843126] pci 0000:0a:00.0: reg 0x14: [mem 0xd0000000-0xd001ffff]
[    0.843131] pci 0000:0a:00.0: reg 0x18: [io  0x6000-0x607f]
[    0.843153] pci 0000:0a:00.0: BAR 0: assigned to efifb
[    0.843166] pci 0000:0a:00.0: Video device with shadowed ROM at [mem 0x000c0000-0x000dffff]
[    0.843213] pci 0000:0a:00.0: supports D1 D2
[    0.843216] pci 0000:0a:00.0: PME# supported from D0 D1 D2 D3hot D3cold
[    0.843349] pci 0000:09:00.0: PCI bridge to [bus 0a]
[    0.843359] pci 0000:09:00.0:   bridge window [io  0x6000-0x6fff]
[    0.843365] pci 0000:09:00.0:   bridge window [mem 0xcf000000-0xd00fffff]
[    0.843465] pci 0000:00:1c.4: PCI bridge to [bus 0b-43]
[    0.843473] pci 0000:00:1c.4:   bridge window [mem 0xb8000000-0xce0fffff]
[    0.843480] pci 0000:00:1c.4:   bridge window [mem 0x90000000-0xb1ffffff 64bit pref]
[    0.843536] pci_bus 0000:00: on NUMA node 0
[    0.844630] ACPI: PCI Root Bridge [PCI1] (domain 0000 [bus 80-fe])
[    0.844638] acpi PNP0A08:01: _OSC: OS supports [ExtendedConfig ASPM ClockPM Segments MSI EDR HPX-Type3]
[    0.845296] acpi PNP0A08:01: _OSC: platform does not support [SHPCHotplug AER LTR DPC]
[    0.846297] acpi PNP0A08:01: _OSC: OS now controls [PCIeHotplug PME PCIeCapability]
[    0.846545] PCI host bridge to bus 0000:80
[    0.846550] pci_bus 0000:80: root bus resource [io  0x8000-0xffff window]
[    0.846554] pci_bus 0000:80: root bus resource [mem 0xd4000000-0xfbffbfff window]
[    0.846557] pci_bus 0000:80: root bus resource [mem 0x384000000000-0x387fffffffff window]
[    0.846561] pci_bus 0000:80: root bus resource [bus 80-fe]
[    0.846643] pci 0000:80:00.0: [8086:2f01] type 01 class 0x060400
[    0.846728] pci 0000:80:00.0: PME# supported from D0 D3hot D3cold
[    0.846909] pci 0000:80:02.0: [8086:2f04] type 01 class 0x060400
[    0.846993] pci 0000:80:02.0: PME# supported from D0 D3hot D3cold
[    0.847327] pci 0000:80:03.0: [8086:2f08] type 01 class 0x060400
[    0.847412] pci 0000:80:03.0: PME# supported from D0 D3hot D3cold
[    0.847742] pci 0000:80:04.0: [8086:2f20] type 00 class 0x088000
[    0.847800] pci 0000:80:04.0: reg 0x10: [mem 0x387ffff1c000-0x387ffff1ffff 64bit]
[    0.847968] pci 0000:80:04.1: [8086:2f21] type 00 class 0x088000
[    0.848025] pci 0000:80:04.1: reg 0x10: [mem 0x387ffff18000-0x387ffff1bfff 64bit]
[    0.848189] pci 0000:80:04.2: [8086:2f22] type 00 class 0x088000
[    0.848246] pci 0000:80:04.2: reg 0x10: [mem 0x387ffff14000-0x387ffff17fff 64bit]
[    0.848401] pci 0000:80:04.3: [8086:2f23] type 00 class 0x088000
[    0.848458] pci 0000:80:04.3: reg 0x10: [mem 0x387ffff10000-0x387ffff13fff 64bit]
[    0.848612] pci 0000:80:04.4: [8086:2f24] type 00 class 0x088000
[    0.848670] pci 0000:80:04.4: reg 0x10: [mem 0x387ffff0c000-0x387ffff0ffff 64bit]
[    0.848824] pci 0000:80:04.5: [8086:2f25] type 00 class 0x088000
[    0.848883] pci 0000:80:04.5: reg 0x10: [mem 0x387ffff08000-0x387ffff0bfff 64bit]
[    0.849040] pci 0000:80:04.6: [8086:2f26] type 00 class 0x088000
[    0.849098] pci 0000:80:04.6: reg 0x10: [mem 0x387ffff04000-0x387ffff07fff 64bit]
[    0.849254] pci 0000:80:04.7: [8086:2f27] type 00 class 0x088000
[    0.849311] pci 0000:80:04.7: reg 0x10: [mem 0x387ffff00000-0x387ffff03fff 64bit]
[    0.849435] pci 0000:80:05.0: [8086:2f28] type 00 class 0x088000
[    0.849642] pci 0000:80:05.1: [8086:2f29] type 00 class 0x088000
[    0.849830] pci 0000:80:05.2: [8086:2f2a] type 00 class 0x088000
[    0.850003] pci 0000:80:05.4: [8086:2f2c] type 00 class 0x080020
[    0.850059] pci 0000:80:05.4: reg 0x10: [mem 0xfbf00000-0xfbf00fff]
[    0.851076] pci 0000:81:00.0: [8086:1521] type 00 class 0x020000
[    0.851895] pci 0000:81:00.0: reg 0x10: [mem 0xfbe20000-0xfbe3ffff]
[    0.851939] pci 0000:81:00.0: reg 0x18: [io  0xf020-0xf03f]
[    0.851962] pci 0000:81:00.0: reg 0x1c: [mem 0xfbe44000-0xfbe47fff]
[    0.853681] pci 0000:81:00.0: PME# supported from D0 D3hot D3cold
[    0.854663] pci 0000:81:00.0: reg 0x184: [mem 0x00000000-0x00003fff 64bit pref]
[    0.854667] pci 0000:81:00.0: VF(n) BAR0 space: [mem 0x00000000-0x0001ffff 64bit pref] (contains BAR0 for 8 VFs)
[    0.854733] pci 0000:81:00.0: reg 0x190: [mem 0x00000000-0x00003fff 64bit pref]
[    0.854736] pci 0000:81:00.0: VF(n) BAR3 space: [mem 0x00000000-0x0001ffff 64bit pref] (contains BAR3 for 8 VFs)
[    0.857111] pci 0000:81:00.1: [8086:1521] type 00 class 0x020000
[    0.857929] pci 0000:81:00.1: reg 0x10: [mem 0xfbe00000-0xfbe1ffff]
[    0.857973] pci 0000:81:00.1: reg 0x18: [io  0xf000-0xf01f]
[    0.857996] pci 0000:81:00.1: reg 0x1c: [mem 0xfbe40000-0xfbe43fff]
[    0.859633] pci 0000:81:00.1: PME# supported from D0 D3hot D3cold
[    0.860550] pci 0000:81:00.1: reg 0x184: [mem 0x00000000-0x00003fff 64bit pref]
[    0.860553] pci 0000:81:00.1: VF(n) BAR0 space: [mem 0x00000000-0x0001ffff 64bit pref] (contains BAR0 for 8 VFs)
[    0.860618] pci 0000:81:00.1: reg 0x190: [mem 0x00000000-0x00003fff 64bit pref]
[    0.860622] pci 0000:81:00.1: VF(n) BAR3 space: [mem 0x00000000-0x0001ffff 64bit pref] (contains BAR3 for 8 VFs)
[    0.862464] pci 0000:80:00.0: ASPM: current common clock configuration is inconsistent, reconfiguring
[    0.872981] pci 0000:80:00.0: PCI bridge to [bus 81]
[    0.872986] pci 0000:80:00.0:   bridge window [io  0xf000-0xffff]
[    0.872990] pci 0000:80:00.0:   bridge window [mem 0xfbe00000-0xfbefffff]
[    0.873274] pci 0000:82:00.0: [1022:1470] type 01 class 0x060400
[    0.873315] pci 0000:82:00.0: reg 0x10: [mem 0xfbd00000-0xfbd03fff]
[    0.873336] pci 0000:82:00.0: enabling Extended Tags
[    0.873411] pci 0000:82:00.0: PME# supported from D0 D3hot D3cold
[    0.873549] pci 0000:80:02.0: PCI bridge to [bus 82-84]
[    0.873555] pci 0000:80:02.0:   bridge window [mem 0xfbc00000-0xfbdfffff]
[    0.873560] pci 0000:80:02.0:   bridge window [mem 0x387800000000-0x387c001fffff 64bit pref]
[    0.873611] pci 0000:83:00.0: [1022:1471] type 01 class 0x060400
[    0.873669] pci 0000:83:00.0: enabling Extended Tags
[    0.873738] pci 0000:83:00.0: PME# supported from D0 D3hot D3cold
[    0.873826] pci 0000:82:00.0: PCI bridge to [bus 83-84]
[    0.873834] pci 0000:82:00.0:   bridge window [mem 0xfbc00000-0xfbcfffff]
[    0.873840] pci 0000:82:00.0:   bridge window [mem 0x387800000000-0x387c001fffff 64bit pref]
[    0.873891] pci 0000:84:00.0: [1002:6860] type 00 class 0x030000
[    0.873953] pci 0000:84:00.0: reg 0x10: [mem 0x387800000000-0x387bffffffff 64bit pref]
[    0.873958] pci 0000:84:00.0: reg 0x18: [mem 0x387c00000000-0x387c001fffff 64bit pref]
[    0.873963] pci 0000:84:00.0: reg 0x24: [mem 0xfbc00000-0xfbc7ffff]
[    0.873967] pci 0000:84:00.0: reg 0x30: [mem 0xfbc80000-0xfbc9ffff pref]
[    0.873975] pci 0000:84:00.0: enabling Extended Tags
[    0.874056] pci 0000:84:00.0: PME# supported from D1 D2 D3hot D3cold
[    0.874099] pci 0000:84:00.0: reg 0x354: [mem 0x00000000-0x0fffffff 64bit pref]
[    0.874102] pci 0000:84:00.0: VF(n) BAR0 space: [mem 0x00000000-0xffffffff 64bit pref] (contains BAR0 for 16 VFs)
[    0.874108] pci 0000:84:00.0: reg 0x35c: [mem 0x00000000-0x001fffff 64bit pref]
[    0.874111] pci 0000:84:00.0: VF(n) BAR2 space: [mem 0x00000000-0x01ffffff 64bit pref] (contains BAR2 for 16 VFs)
[    0.874116] pci 0000:84:00.0: reg 0x368: [mem 0x00000000-0x0007ffff]
[    0.874119] pci 0000:84:00.0: VF(n) BAR5 space: [mem 0x00000000-0x007fffff] (contains BAR5 for 16 VFs)
[    0.874240] pci 0000:83:00.0: PCI bridge to [bus 84]
[    0.874248] pci 0000:83:00.0:   bridge window [mem 0xfbc00000-0xfbcfffff]
[    0.874253] pci 0000:83:00.0:   bridge window [mem 0x387800000000-0x387c001fffff 64bit pref]
[    0.874549] pci 0000:85:00.0: [1022:1470] type 01 class 0x060400
[    0.874590] pci 0000:85:00.0: reg 0x10: [mem 0xfbb00000-0xfbb03fff]
[    0.874611] pci 0000:85:00.0: enabling Extended Tags
[    0.874685] pci 0000:85:00.0: PME# supported from D0 D3hot D3cold
[    0.874815] pci 0000:80:03.0: PCI bridge to [bus 85-87]
[    0.874821] pci 0000:80:03.0:   bridge window [mem 0xfba00000-0xfbbfffff]
[    0.874826] pci 0000:80:03.0:   bridge window [mem 0x387000000000-0x3874001fffff 64bit pref]
[    0.874876] pci 0000:86:00.0: [1022:1471] type 01 class 0x060400
[    0.874934] pci 0000:86:00.0: enabling Extended Tags
[    0.875003] pci 0000:86:00.0: PME# supported from D0 D3hot D3cold
[    0.875093] pci 0000:85:00.0: PCI bridge to [bus 86-87]
[    0.875100] pci 0000:85:00.0:   bridge window [mem 0xfba00000-0xfbafffff]
[    0.875106] pci 0000:85:00.0:   bridge window [mem 0x387000000000-0x3874001fffff 64bit pref]
[    0.875160] pci 0000:87:00.0: [1002:6860] type 00 class 0x030000
[    0.875222] pci 0000:87:00.0: reg 0x10: [mem 0x387000000000-0x3873ffffffff 64bit pref]
[    0.875227] pci 0000:87:00.0: reg 0x18: [mem 0x387400000000-0x3874001fffff 64bit pref]
[    0.875232] pci 0000:87:00.0: reg 0x24: [mem 0xfba00000-0xfba7ffff]
[    0.875236] pci 0000:87:00.0: reg 0x30: [mem 0xfba80000-0xfba9ffff pref]
[    0.875243] pci 0000:87:00.0: enabling Extended Tags
[    0.875325] pci 0000:87:00.0: PME# supported from D1 D2 D3hot D3cold
[    0.875368] pci 0000:87:00.0: reg 0x354: [mem 0x00000000-0x0fffffff 64bit pref]
[    0.875371] pci 0000:87:00.0: VF(n) BAR0 space: [mem 0x00000000-0xffffffff 64bit pref] (contains BAR0 for 16 VFs)
[    0.875377] pci 0000:87:00.0: reg 0x35c: [mem 0x00000000-0x001fffff 64bit pref]
[    0.875380] pci 0000:87:00.0: VF(n) BAR2 space: [mem 0x00000000-0x01ffffff 64bit pref] (contains BAR2 for 16 VFs)
[    0.875385] pci 0000:87:00.0: reg 0x368: [mem 0x00000000-0x0007ffff]
[    0.875388] pci 0000:87:00.0: VF(n) BAR5 space: [mem 0x00000000-0x007fffff] (contains BAR5 for 16 VFs)
[    0.875512] pci 0000:86:00.0: PCI bridge to [bus 87]
[    0.875519] pci 0000:86:00.0:   bridge window [mem 0xfba00000-0xfbafffff]
[    0.875526] pci 0000:86:00.0:   bridge window [mem 0x387000000000-0x3874001fffff 64bit pref]
[    0.875575] pci_bus 0000:80: on NUMA node 1
[    0.876061] ACPI: PCI: Interrupt link LNKA configured for IRQ 11
[    0.876138] ACPI: PCI: Interrupt link LNKB configured for IRQ 10
[    0.876213] ACPI: PCI: Interrupt link LNKC configured for IRQ 5
[    0.876287] ACPI: PCI: Interrupt link LNKD configured for IRQ 11
[    0.876361] ACPI: PCI: Interrupt link LNKE configured for IRQ 0
[    0.876363] ACPI: PCI: Interrupt link LNKE disabled
[    0.876436] ACPI: PCI: Interrupt link LNKF configured for IRQ 0
[    0.876439] ACPI: PCI: Interrupt link LNKF disabled
[    0.876512] ACPI: PCI: Interrupt link LNKG configured for IRQ 7
[    0.876586] ACPI: PCI: Interrupt link LNKH configured for IRQ 0
[    0.876589] ACPI: PCI: Interrupt link LNKH disabled
[    0.876971] iommu: Default domain type: Translated 
[    0.876971] iommu: DMA domain TLB invalidation policy: lazy mode 
[    0.877052] SCSI subsystem initialized
[    0.877070] libata version 3.00 loaded.
[    0.877070] pci 0000:04:00.0: vgaarb: VGA device added: decodes=io+mem,owns=none,locks=none
[    0.877070] pci 0000:07:00.0: vgaarb: VGA device added: decodes=io+mem,owns=none,locks=none
[    0.877070] pci 0000:0a:00.0: vgaarb: setting as boot VGA device
[    0.877070] pci 0000:0a:00.0: vgaarb: VGA device added: decodes=io+mem,owns=io+mem,locks=none
[    0.877070] pci 0000:84:00.0: vgaarb: VGA device added: decodes=io+mem,owns=none,locks=none
[    0.877070] pci 0000:87:00.0: vgaarb: VGA device added: decodes=io+mem,owns=none,locks=none
[    0.877070] pci 0000:04:00.0: vgaarb: bridge control possible
[    0.877070] pci 0000:07:00.0: vgaarb: bridge control possible
[    0.877070] pci 0000:0a:00.0: vgaarb: bridge control possible
[    0.877070] pci 0000:84:00.0: vgaarb: bridge control possible
[    0.877070] pci 0000:87:00.0: vgaarb: bridge control possible
[    0.877070] vgaarb: loaded
[    0.877070] ACPI: bus type USB registered
[    0.877070] usbcore: registered new interface driver usbfs
[    0.877070] usbcore: registered new interface driver hub
[    0.877070] usbcore: registered new device driver usb
[    0.877070] pps_core: LinuxPPS API ver. 1 registered
[    0.877070] pps_core: Software ver. 5.3.6 - Copyright 2005-2007 Rodolfo Giometti <giometti@linux.it>
[    0.877070] PTP clock support registered
[    0.877070] EDAC MC: Ver: 3.0.0
[    0.877176] Registered efivars operations
[    0.877176] NetLabel: Initializing
[    0.877176] NetLabel:  domain hash size = 128
[    0.877176] NetLabel:  protocols = UNLABELED CIPSOv4 CALIPSO
[    0.877176] NetLabel:  unlabeled traffic allowed by default
[    0.877176] PCI: Using ACPI for IRQ routing
[    0.885124] PCI: pci_cache_line_size set to 64 bytes
[    0.885419] e820: reserve RAM buffer [mem 0x6ad29018-0x6bffffff]
[    0.885422] e820: reserve RAM buffer [mem 0x6ad39018-0x6bffffff]
[    0.885424] e820: reserve RAM buffer [mem 0x6ad49018-0x6bffffff]
[    0.885426] e820: reserve RAM buffer [mem 0x6ad5b018-0x6bffffff]
[    0.885427] e820: reserve RAM buffer [mem 0x6ad6d018-0x6bffffff]
[    0.885429] e820: reserve RAM buffer [mem 0x6ad76018-0x6bffffff]
[    0.885430] e820: reserve RAM buffer [mem 0x6ad86018-0x6bffffff]
[    0.885431] e820: reserve RAM buffer [mem 0x75c50000-0x77ffffff]
[    0.885432] e820: reserve RAM buffer [mem 0x784af000-0x7bffffff]
[    0.885434] e820: reserve RAM buffer [mem 0x79428000-0x7bffffff]
[    0.885435] e820: reserve RAM buffer [mem 0x7bcf8000-0x7bffffff]
[    0.887512] hpet0: at MMIO 0xfed00000, IRQs 2, 8, 0, 0, 0, 0, 0, 0
[    0.887528] hpet0: 8 comparators, 64-bit 14.318180 MHz counter
[    0.889912] clocksource: Switched to clocksource tsc-early
[    0.903616] VFS: Disk quotas dquot_6.6.0
[    0.903645] VFS: Dquot-cache hash table entries: 512 (order 0, 4096 bytes)
[    0.903825] AppArmor: AppArmor Filesystem Enabled
[    0.903887] pnp: PnP ACPI init
[    0.904634] pnp 00:01: disabling [mem 0xfed1c000-0xfed3ffff] because it overlaps 0000:04:00.0 BAR 7 [mem 0x00000000-0xffffffff 64bit pref]
[    0.904643] pnp 00:01: disabling [mem 0xfed45000-0xfed8bfff] because it overlaps 0000:04:00.0 BAR 7 [mem 0x00000000-0xffffffff 64bit pref]
[    0.904648] pnp 00:01: disabling [mem 0xff000000-0xffffffff] because it overlaps 0000:04:00.0 BAR 7 [mem 0x00000000-0xffffffff 64bit pref]
[    0.904652] pnp 00:01: disabling [mem 0xfee00000-0xfeefffff] because it overlaps 0000:04:00.0 BAR 7 [mem 0x00000000-0xffffffff 64bit pref]
[    0.904657] pnp 00:01: disabling [mem 0xfed12000-0xfed1200f] because it overlaps 0000:04:00.0 BAR 7 [mem 0x00000000-0xffffffff 64bit pref]
[    0.904662] pnp 00:01: disabling [mem 0xfed12010-0xfed1201f] because it overlaps 0000:04:00.0 BAR 7 [mem 0x00000000-0xffffffff 64bit pref]
[    0.904666] pnp 00:01: disabling [mem 0xfed1b000-0xfed1bfff] because it overlaps 0000:04:00.0 BAR 7 [mem 0x00000000-0xffffffff 64bit pref]
[    0.904674] pnp 00:01: disabling [mem 0xfed1c000-0xfed3ffff disabled] because it overlaps 0000:07:00.0 BAR 7 [mem 0x00000000-0xffffffff 64bit pref]
[    0.904679] pnp 00:01: disabling [mem 0xfed45000-0xfed8bfff disabled] because it overlaps 0000:07:00.0 BAR 7 [mem 0x00000000-0xffffffff 64bit pref]
[    0.904683] pnp 00:01: disabling [mem 0xff000000-0xffffffff disabled] because it overlaps 0000:07:00.0 BAR 7 [mem 0x00000000-0xffffffff 64bit pref]
[    0.904687] pnp 00:01: disabling [mem 0xfee00000-0xfeefffff disabled] because it overlaps 0000:07:00.0 BAR 7 [mem 0x00000000-0xffffffff 64bit pref]
[    0.904691] pnp 00:01: disabling [mem 0xfed12000-0xfed1200f disabled] because it overlaps 0000:07:00.0 BAR 7 [mem 0x00000000-0xffffffff 64bit pref]
[    0.904695] pnp 00:01: disabling [mem 0xfed12010-0xfed1201f disabled] because it overlaps 0000:07:00.0 BAR 7 [mem 0x00000000-0xffffffff 64bit pref]
[    0.904700] pnp 00:01: disabling [mem 0xfed1b000-0xfed1bfff disabled] because it overlaps 0000:07:00.0 BAR 7 [mem 0x00000000-0xffffffff 64bit pref]
[    0.904725] pnp 00:01: disabling [mem 0xfed1c000-0xfed3ffff disabled] because it overlaps 0000:84:00.0 BAR 7 [mem 0x00000000-0xffffffff 64bit pref]
[    0.904729] pnp 00:01: disabling [mem 0xfed45000-0xfed8bfff disabled] because it overlaps 0000:84:00.0 BAR 7 [mem 0x00000000-0xffffffff 64bit pref]
[    0.904733] pnp 00:01: disabling [mem 0xff000000-0xffffffff disabled] because it overlaps 0000:84:00.0 BAR 7 [mem 0x00000000-0xffffffff 64bit pref]
[    0.904738] pnp 00:01: disabling [mem 0xfee00000-0xfeefffff disabled] because it overlaps 0000:84:00.0 BAR 7 [mem 0x00000000-0xffffffff 64bit pref]
[    0.904742] pnp 00:01: disabling [mem 0xfed12000-0xfed1200f disabled] because it overlaps 0000:84:00.0 BAR 7 [mem 0x00000000-0xffffffff 64bit pref]
[    0.904746] pnp 00:01: disabling [mem 0xfed12010-0xfed1201f disabled] because it overlaps 0000:84:00.0 BAR 7 [mem 0x00000000-0xffffffff 64bit pref]
[    0.904751] pnp 00:01: disabling [mem 0xfed1b000-0xfed1bfff disabled] because it overlaps 0000:84:00.0 BAR 7 [mem 0x00000000-0xffffffff 64bit pref]
[    0.904759] pnp 00:01: disabling [mem 0xfed1c000-0xfed3ffff disabled] because it overlaps 0000:87:00.0 BAR 7 [mem 0x00000000-0xffffffff 64bit pref]
[    0.904764] pnp 00:01: disabling [mem 0xfed45000-0xfed8bfff disabled] because it overlaps 0000:87:00.0 BAR 7 [mem 0x00000000-0xffffffff 64bit pref]
[    0.904769] pnp 00:01: disabling [mem 0xff000000-0xffffffff disabled] because it overlaps 0000:87:00.0 BAR 7 [mem 0x00000000-0xffffffff 64bit pref]
[    0.904773] pnp 00:01: disabling [mem 0xfee00000-0xfeefffff disabled] because it overlaps 0000:87:00.0 BAR 7 [mem 0x00000000-0xffffffff 64bit pref]
[    0.904777] pnp 00:01: disabling [mem 0xfed12000-0xfed1200f disabled] because it overlaps 0000:87:00.0 BAR 7 [mem 0x00000000-0xffffffff 64bit pref]
[    0.904781] pnp 00:01: disabling [mem 0xfed12010-0xfed1201f disabled] because it overlaps 0000:87:00.0 BAR 7 [mem 0x00000000-0xffffffff 64bit pref]
[    0.904785] pnp 00:01: disabling [mem 0xfed1b000-0xfed1bfff disabled] because it overlaps 0000:87:00.0 BAR 7 [mem 0x00000000-0xffffffff 64bit pref]
[    0.904859] system 00:01: [io  0x0500-0x057f] has been reserved
[    0.904863] system 00:01: [io  0x0400-0x047f] has been reserved
[    0.904866] system 00:01: [io  0x0580-0x059f] has been reserved
[    0.904869] system 00:01: [io  0x0600-0x061f] has been reserved
[    0.904872] system 00:01: [io  0x0880-0x0883] has been reserved
[    0.904875] system 00:01: [io  0x0800-0x081f] has been reserved
[    0.905241] system 00:02: [io  0x0a00-0x0a0f] has been reserved
[    0.905248] system 00:02: [io  0x0a10-0x0a1f] has been reserved
[    0.905251] system 00:02: [io  0x0a20-0x0a2f] has been reserved
[    0.905254] system 00:02: [io  0x0a30-0x0a3f] has been reserved
[    0.905256] system 00:02: [io  0x0a40-0x0a4f] has been reserved
[    0.905530] pnp 00:03: [dma 0 disabled]
[    0.905827] pnp 00:04: [dma 0 disabled]
[    0.906852] pnp: PnP ACPI: found 5 devices
[    0.913030] clocksource: acpi_pm: mask: 0xffffff max_cycles: 0xffffff, max_idle_ns: 2085701024 ns
[    0.913354] NET: Registered PF_INET protocol family
[    0.913910] IP idents hash table entries: 262144 (order: 9, 2097152 bytes, vmalloc)
[    0.916365] tcp_listen_portaddr_hash hash table entries: 16384 (order: 6, 262144 bytes, vmalloc)
[    0.916463] Table-perturb hash table entries: 65536 (order: 6, 262144 bytes, vmalloc)
[    0.917022] TCP established hash table entries: 262144 (order: 9, 2097152 bytes, vmalloc)
[    0.917524] TCP bind hash table entries: 65536 (order: 8, 1048576 bytes, vmalloc)
[    0.917605] TCP: Hash tables configured (established 262144 bind 65536)
[    0.917928] MPTCP token hash table entries: 32768 (order: 8, 786432 bytes, vmalloc)
[    0.918197] UDP hash table entries: 16384 (order: 7, 524288 bytes, vmalloc)
[    0.918389] UDP-Lite hash table entries: 16384 (order: 7, 524288 bytes, vmalloc)
[    0.918527] NET: Registered PF_UNIX/PF_LOCAL protocol family
[    0.918537] NET: Registered PF_XDP protocol family
[    0.918578] pci_bus 0000:00: max bus depth: 3 pci_try_num: 4
[    0.918596] pci 0000:00:1c.4: BAR 13: assigned [io  0x1000-0x1fff]
[    0.918601] pci 0000:00:01.0: PCI bridge to [bus 01]
[    0.918611] pci 0000:00:01.0:   bridge window [mem 0xd0500000-0xd05fffff]
[    0.918633] pci 0000:04:00.0: BAR 7: no space for [mem size 0x100000000 64bit pref]
[    0.918637] pci 0000:04:00.0: BAR 7: failed to assign [mem size 0x100000000 64bit pref]
[    0.918641] pci 0000:04:00.0: BAR 9: no space for [mem size 0x02000000 64bit pref]
[    0.918645] pci 0000:04:00.0: BAR 9: failed to assign [mem size 0x02000000 64bit pref]
[    0.918649] pci 0000:04:00.0: BAR 12: no space for [mem size 0x00800000]
[    0.918652] pci 0000:04:00.0: BAR 12: failed to assign [mem size 0x00800000]
[    0.918655] pci 0000:03:00.0: PCI bridge to [bus 04]
[    0.918666] pci 0000:03:00.0:   bridge window [mem 0xd0300000-0xd03fffff]
[    0.918673] pci 0000:03:00.0:   bridge window [mem 0x383800000000-0x383c001fffff 64bit pref]
[    0.918687] pci 0000:02:00.0: PCI bridge to [bus 03-04]
[    0.918697] pci 0000:02:00.0:   bridge window [mem 0xd0300000-0xd03fffff]
[    0.918705] pci 0000:02:00.0:   bridge window [mem 0x383800000000-0x383c001fffff 64bit pref]
[    0.918718] pci 0000:00:02.0: PCI bridge to [bus 02-04]
[    0.918727] pci 0000:00:02.0:   bridge window [mem 0xd0300000-0xd04fffff]
[    0.918734] pci 0000:00:02.0:   bridge window [mem 0x383800000000-0x383c001fffff 64bit pref]
[    0.918749] pci 0000:07:00.0: BAR 7: no space for [mem size 0x100000000 64bit pref]
[    0.918752] pci 0000:07:00.0: BAR 7: failed to assign [mem size 0x100000000 64bit pref]
[    0.918756] pci 0000:07:00.0: BAR 9: no space for [mem size 0x02000000 64bit pref]
[    0.918759] pci 0000:07:00.0: BAR 9: failed to assign [mem size 0x02000000 64bit pref]
[    0.918765] pci 0000:07:00.0: BAR 12: no space for [mem size 0x00800000]
[    0.918768] pci 0000:07:00.0: BAR 12: failed to assign [mem size 0x00800000]
[    0.918771] pci 0000:06:00.0: PCI bridge to [bus 07]
[    0.918781] pci 0000:06:00.0:   bridge window [mem 0xd0100000-0xd01fffff]
[    0.918788] pci 0000:06:00.0:   bridge window [mem 0x383000000000-0x3834001fffff 64bit pref]
[    0.918801] pci 0000:05:00.0: PCI bridge to [bus 06-07]
[    0.918811] pci 0000:05:00.0:   bridge window [mem 0xd0100000-0xd01fffff]
[    0.918819] pci 0000:05:00.0:   bridge window [mem 0x383000000000-0x3834001fffff 64bit pref]
[    0.918832] pci 0000:00:03.0: PCI bridge to [bus 05-07]
[    0.918841] pci 0000:00:03.0:   bridge window [mem 0xd0100000-0xd02fffff]
[    0.918848] pci 0000:00:03.0:   bridge window [mem 0x383000000000-0x3834001fffff 64bit pref]
[    0.918861] pci 0000:00:1c.0: PCI bridge to [bus 08]
[    0.918888] pci 0000:09:00.0: PCI bridge to [bus 0a]
[    0.918892] pci 0000:09:00.0:   bridge window [io  0x6000-0x6fff]
[    0.918905] pci 0000:09:00.0:   bridge window [mem 0xcf000000-0xd00fffff]
[    0.918928] pci 0000:00:1c.3: PCI bridge to [bus 09-0a]
[    0.918931] pci 0000:00:1c.3:   bridge window [io  0x6000-0x6fff]
[    0.918942] pci 0000:00:1c.3:   bridge window [mem 0xcf000000-0xd00fffff]
[    0.918960] pci 0000:00:1c.4: PCI bridge to [bus 0b-43]
[    0.918963] pci 0000:00:1c.4:   bridge window [io  0x1000-0x1fff]
[    0.918974] pci 0000:00:1c.4:   bridge window [mem 0xb8000000-0xce0fffff]
[    0.918982] pci 0000:00:1c.4:   bridge window [mem 0x90000000-0xb1ffffff 64bit pref]
[    0.918996] pci_bus 0000:00: No. 2 try to assign unassigned res
[    0.918999] release child resource [mem 0xd0100000-0xd017ffff]
[    0.919000] release child resource [mem 0xd0180000-0xd019ffff pref]
[    0.919002] pci 0000:06:00.0: resource 14 [mem 0xd0100000-0xd01fffff] released
[    0.919005] pci 0000:06:00.0: PCI bridge to [bus 07]
[    0.919012] release child resource [mem 0x383000000000-0x3833ffffffff 64bit pref]
[    0.919013] release child resource [mem 0x383400000000-0x3834001fffff 64bit pref]
[    0.919015] pci 0000:06:00.0: resource 15 [mem 0x383000000000-0x3834001fffff 64bit pref] released
[    0.919018] pci 0000:06:00.0: PCI bridge to [bus 07]
[    0.919032] release child resource [mem 0xd0300000-0xd037ffff]
[    0.919034] release child resource [mem 0xd0380000-0xd039ffff pref]
[    0.919035] pci 0000:03:00.0: resource 14 [mem 0xd0300000-0xd03fffff] released
[    0.919038] pci 0000:03:00.0: PCI bridge to [bus 04]
[    0.919045] release child resource [mem 0x383800000000-0x383bffffffff 64bit pref]
[    0.919047] release child resource [mem 0x383c00000000-0x383c001fffff 64bit pref]
[    0.919048] pci 0000:03:00.0: resource 15 [mem 0x383800000000-0x383c001fffff 64bit pref] released
[    0.919051] pci 0000:03:00.0: PCI bridge to [bus 04]
[    0.919073] pci 0000:00:01.0: PCI bridge to [bus 01]
[    0.919082] pci 0000:00:01.0:   bridge window [mem 0xd0500000-0xd05fffff]
[    0.919101] pci 0000:03:00.0: BAR 15: no space for [mem size 0x600000000 64bit pref]
[    0.919104] pci 0000:03:00.0: BAR 15: failed to assign [mem size 0x600000000 64bit pref]
[    0.919108] pci 0000:03:00.0: BAR 14: no space for [mem size 0x00900000]
[    0.919111] pci 0000:03:00.0: BAR 14: failed to assign [mem size 0x00900000]
[    0.919115] pci 0000:04:00.0: BAR 0: no space for [mem size 0x400000000 64bit pref]
[    0.919118] pci 0000:04:00.0: BAR 0: failed to assign [mem size 0x400000000 64bit pref]
[    0.919121] pci 0000:04:00.0: BAR 7: no space for [mem size 0x100000000 64bit pref]
[    0.919124] pci 0000:04:00.0: BAR 7: failed to assign [mem size 0x100000000 64bit pref]
[    0.919127] pci 0000:04:00.0: BAR 2: no space for [mem size 0x00200000 64bit pref]
[    0.919130] pci 0000:04:00.0: BAR 2: failed to assign [mem size 0x00200000 64bit pref]
[    0.919134] pci 0000:04:00.0: BAR 9: no space for [mem size 0x02000000 64bit pref]
[    0.919137] pci 0000:04:00.0: BAR 9: failed to assign [mem size 0x02000000 64bit pref]
[    0.919140] pci 0000:04:00.0: BAR 5: no space for [mem size 0x00080000]
[    0.919143] pci 0000:04:00.0: BAR 5: failed to assign [mem size 0x00080000]
[    0.919145] pci 0000:04:00.0: BAR 12: no space for [mem size 0x00800000]
[    0.919148] pci 0000:04:00.0: BAR 12: failed to assign [mem size 0x00800000]
[    0.919151] pci 0000:04:00.0: BAR 6: no space for [mem size 0x00020000 pref]
[    0.919154] pci 0000:04:00.0: BAR 6: failed to assign [mem size 0x00020000 pref]
[    0.919157] pci 0000:03:00.0: PCI bridge to [bus 04]
[    0.919181] pci 0000:02:00.0: PCI bridge to [bus 03-04]
[    0.919191] pci 0000:02:00.0:   bridge window [mem 0xd0300000-0xd03fffff]
[    0.919198] pci 0000:02:00.0:   bridge window [mem 0x383800000000-0x383c001fffff 64bit pref]
[    0.919211] pci 0000:00:02.0: PCI bridge to [bus 02-04]
[    0.919221] pci 0000:00:02.0:   bridge window [mem 0xd0300000-0xd04fffff]
[    0.919228] pci 0000:00:02.0:   bridge window [mem 0x383800000000-0x383c001fffff 64bit pref]
[    0.919242] pci 0000:06:00.0: BAR 15: no space for [mem size 0x600000000 64bit pref]
[    0.919245] pci 0000:06:00.0: BAR 15: failed to assign [mem size 0x600000000 64bit pref]
[    0.919249] pci 0000:06:00.0: BAR 14: no space for [mem size 0x00900000]
[    0.919251] pci 0000:06:00.0: BAR 14: failed to assign [mem size 0x00900000]
[    0.919255] pci 0000:07:00.0: BAR 0: no space for [mem size 0x400000000 64bit pref]
[    0.919258] pci 0000:07:00.0: BAR 0: failed to assign [mem size 0x400000000 64bit pref]
[    0.919262] pci 0000:07:00.0: BAR 7: no space for [mem size 0x100000000 64bit pref]
[    0.919265] pci 0000:07:00.0: BAR 7: failed to assign [mem size 0x100000000 64bit pref]
[    0.919268] pci 0000:07:00.0: BAR 2: no space for [mem size 0x00200000 64bit pref]
[    0.919271] pci 0000:07:00.0: BAR 2: failed to assign [mem size 0x00200000 64bit pref]
[    0.919274] pci 0000:07:00.0: BAR 9: no space for [mem size 0x02000000 64bit pref]
[    0.919277] pci 0000:07:00.0: BAR 9: failed to assign [mem size 0x02000000 64bit pref]
[    0.919280] pci 0000:07:00.0: BAR 5: no space for [mem size 0x00080000]
[    0.919283] pci 0000:07:00.0: BAR 5: failed to assign [mem size 0x00080000]
[    0.919286] pci 0000:07:00.0: BAR 12: no space for [mem size 0x00800000]
[    0.919288] pci 0000:07:00.0: BAR 12: failed to assign [mem size 0x00800000]
[    0.919291] pci 0000:07:00.0: BAR 6: no space for [mem size 0x00020000 pref]
[    0.919294] pci 0000:07:00.0: BAR 6: failed to assign [mem size 0x00020000 pref]
[    0.919297] pci 0000:06:00.0: PCI bridge to [bus 07]
[    0.919321] pci 0000:05:00.0: PCI bridge to [bus 06-07]
[    0.919331] pci 0000:05:00.0:   bridge window [mem 0xd0100000-0xd01fffff]
[    0.919338] pci 0000:05:00.0:   bridge window [mem 0x383000000000-0x3834001fffff 64bit pref]
[    0.919351] pci 0000:00:03.0: PCI bridge to [bus 05-07]
[    0.919360] pci 0000:00:03.0:   bridge window [mem 0xd0100000-0xd02fffff]
[    0.919367] pci 0000:00:03.0:   bridge window [mem 0x383000000000-0x3834001fffff 64bit pref]
[    0.919381] pci 0000:00:1c.0: PCI bridge to [bus 08]
[    0.919407] pci 0000:09:00.0: PCI bridge to [bus 0a]
[    0.919411] pci 0000:09:00.0:   bridge window [io  0x6000-0x6fff]
[    0.919423] pci 0000:09:00.0:   bridge window [mem 0xcf000000-0xd00fffff]
[    0.919446] pci 0000:00:1c.3: PCI bridge to [bus 09-0a]
[    0.919449] pci 0000:00:1c.3:   bridge window [io  0x6000-0x6fff]
[    0.919459] pci 0000:00:1c.3:   bridge window [mem 0xcf000000-0xd00fffff]
[    0.919477] pci 0000:00:1c.4: PCI bridge to [bus 0b-43]
[    0.919481] pci 0000:00:1c.4:   bridge window [io  0x1000-0x1fff]
[    0.919491] pci 0000:00:1c.4:   bridge window [mem 0xb8000000-0xce0fffff]
[    0.919499] pci 0000:00:1c.4:   bridge window [mem 0x90000000-0xb1ffffff 64bit pref]
[    0.919513] pci_bus 0000:00: No. 3 try to assign unassigned res
[    0.919516] pci 0000:05:00.0: resource 14 [mem 0xd0100000-0xd01fffff] released
[    0.919519] pci 0000:05:00.0: PCI bridge to [bus 06-07]
[    0.919526] pci 0000:05:00.0: resource 15 [mem 0x383000000000-0x3834001fffff 64bit pref] released
[    0.919529] pci 0000:05:00.0: PCI bridge to [bus 06-07]
[    0.919544] pci 0000:02:00.0: resource 14 [mem 0xd0300000-0xd03fffff] released
[    0.919547] pci 0000:02:00.0: PCI bridge to [bus 03-04]
[    0.919555] pci 0000:02:00.0: resource 15 [mem 0x383800000000-0x383c001fffff 64bit pref] released
[    0.919558] pci 0000:02:00.0: PCI bridge to [bus 03-04]
[    0.919579] pci 0000:00:01.0: PCI bridge to [bus 01]
[    0.919588] pci 0000:00:01.0:   bridge window [mem 0xd0500000-0xd05fffff]
[    0.919607] pci 0000:02:00.0: BAR 15: no space for [mem size 0x600000000 64bit pref]
[    0.919610] pci 0000:02:00.0: BAR 15: failed to assign [mem size 0x600000000 64bit pref]
[    0.919614] pci 0000:02:00.0: BAR 14: no space for [mem size 0x00900000]
[    0.919616] pci 0000:02:00.0: BAR 14: failed to assign [mem size 0x00900000]
[    0.919620] pci 0000:03:00.0: BAR 15: no space for [mem size 0x600000000 64bit pref]
[    0.919623] pci 0000:03:00.0: BAR 15: failed to assign [mem size 0x600000000 64bit pref]
[    0.919626] pci 0000:03:00.0: BAR 14: no space for [mem size 0x00900000]
[    0.919629] pci 0000:03:00.0: BAR 14: failed to assign [mem size 0x00900000]
[    0.919632] pci 0000:04:00.0: BAR 0: no space for [mem size 0x400000000 64bit pref]
[    0.919635] pci 0000:04:00.0: BAR 0: failed to assign [mem size 0x400000000 64bit pref]
[    0.919639] pci 0000:04:00.0: BAR 7: no space for [mem size 0x100000000 64bit pref]
[    0.919642] pci 0000:04:00.0: BAR 7: failed to assign [mem size 0x100000000 64bit pref]
[    0.919645] pci 0000:04:00.0: BAR 2: no space for [mem size 0x00200000 64bit pref]
[    0.919648] pci 0000:04:00.0: BAR 2: failed to assign [mem size 0x00200000 64bit pref]
[    0.919651] pci 0000:04:00.0: BAR 9: no space for [mem size 0x02000000 64bit pref]
[    0.919654] pci 0000:04:00.0: BAR 9: failed to assign [mem size 0x02000000 64bit pref]
[    0.919657] pci 0000:04:00.0: BAR 5: no space for [mem size 0x00080000]
[    0.919660] pci 0000:04:00.0: BAR 5: failed to assign [mem size 0x00080000]
[    0.919663] pci 0000:04:00.0: BAR 12: no space for [mem size 0x00800000]
[    0.919665] pci 0000:04:00.0: BAR 12: failed to assign [mem size 0x00800000]
[    0.919668] pci 0000:03:00.0: PCI bridge to [bus 04]
[    0.919693] pci 0000:02:00.0: PCI bridge to [bus 03-04]
[    0.919717] pci 0000:00:02.0: PCI bridge to [bus 02-04]
[    0.919726] pci 0000:00:02.0:   bridge window [mem 0xd0300000-0xd04fffff]
[    0.919733] pci 0000:00:02.0:   bridge window [mem 0x383800000000-0x383c001fffff 64bit pref]
[    0.919748] pci 0000:05:00.0: BAR 15: no space for [mem size 0x600000000 64bit pref]
[    0.919751] pci 0000:05:00.0: BAR 15: failed to assign [mem size 0x600000000 64bit pref]
[    0.919754] pci 0000:05:00.0: BAR 14: no space for [mem size 0x00900000]
[    0.919757] pci 0000:05:00.0: BAR 14: failed to assign [mem size 0x00900000]
[    0.919760] pci 0000:06:00.0: BAR 15: no space for [mem size 0x600000000 64bit pref]
[    0.919763] pci 0000:06:00.0: BAR 15: failed to assign [mem size 0x600000000 64bit pref]
[    0.919766] pci 0000:06:00.0: BAR 14: no space for [mem size 0x00900000]
[    0.919769] pci 0000:06:00.0: BAR 14: failed to assign [mem size 0x00900000]
[    0.919772] pci 0000:07:00.0: BAR 0: no space for [mem size 0x400000000 64bit pref]
[    0.919775] pci 0000:07:00.0: BAR 0: failed to assign [mem size 0x400000000 64bit pref]
[    0.919779] pci 0000:07:00.0: BAR 7: no space for [mem size 0x100000000 64bit pref]
[    0.919782] pci 0000:07:00.0: BAR 7: failed to assign [mem size 0x100000000 64bit pref]
[    0.919785] pci 0000:07:00.0: BAR 2: no space for [mem size 0x00200000 64bit pref]
[    0.919788] pci 0000:07:00.0: BAR 2: failed to assign [mem size 0x00200000 64bit pref]
[    0.919791] pci 0000:07:00.0: BAR 9: no space for [mem size 0x02000000 64bit pref]
[    0.919794] pci 0000:07:00.0: BAR 9: failed to assign [mem size 0x02000000 64bit pref]
[    0.919797] pci 0000:07:00.0: BAR 5: no space for [mem size 0x00080000]
[    0.919800] pci 0000:07:00.0: BAR 5: failed to assign [mem size 0x00080000]
[    0.919803] pci 0000:07:00.0: BAR 12: no space for [mem size 0x00800000]
[    0.919805] pci 0000:07:00.0: BAR 12: failed to assign [mem size 0x00800000]
[    0.919808] pci 0000:06:00.0: PCI bridge to [bus 07]
[    0.919832] pci 0000:05:00.0: PCI bridge to [bus 06-07]
[    0.919857] pci 0000:00:03.0: PCI bridge to [bus 05-07]
[    0.919866] pci 0000:00:03.0:   bridge window [mem 0xd0100000-0xd02fffff]
[    0.919873] pci 0000:00:03.0:   bridge window [mem 0x383000000000-0x3834001fffff 64bit pref]
[    0.919886] pci 0000:00:1c.0: PCI bridge to [bus 08]
[    0.919912] pci 0000:09:00.0: PCI bridge to [bus 0a]
[    0.919916] pci 0000:09:00.0:   bridge window [io  0x6000-0x6fff]
[    0.919928] pci 0000:09:00.0:   bridge window [mem 0xcf000000-0xd00fffff]
[    0.919951] pci 0000:00:1c.3: PCI bridge to [bus 09-0a]
[    0.919954] pci 0000:00:1c.3:   bridge window [io  0x6000-0x6fff]
[    0.919964] pci 0000:00:1c.3:   bridge window [mem 0xcf000000-0xd00fffff]
[    0.919982] pci 0000:00:1c.4: PCI bridge to [bus 0b-43]
[    0.919985] pci 0000:00:1c.4:   bridge window [io  0x1000-0x1fff]
[    0.919996] pci 0000:00:1c.4:   bridge window [mem 0xb8000000-0xce0fffff]
[    0.920004] pci 0000:00:1c.4:   bridge window [mem 0x90000000-0xb1ffffff 64bit pref]
[    0.920018] pci_bus 0000:00: No. 4 try to assign unassigned res
[    0.920020] release child resource [mem 0xd0200000-0xd0203fff]
[    0.920022] pci 0000:00:03.0: resource 14 [mem 0xd0100000-0xd02fffff] released
[    0.920025] pci 0000:00:03.0: PCI bridge to [bus 05-07]
[    0.920032] pci 0000:00:03.0: resource 15 [mem 0x383000000000-0x3834001fffff 64bit pref] released
[    0.920035] pci 0000:00:03.0: PCI bridge to [bus 05-07]
[    0.920048] release child resource [mem 0xd0400000-0xd0403fff]
[    0.920049] pci 0000:00:02.0: resource 14 [mem 0xd0300000-0xd04fffff] released
[    0.920052] pci 0000:00:02.0: PCI bridge to [bus 02-04]
[    0.920059] pci 0000:00:02.0: resource 15 [mem 0x383800000000-0x383c001fffff 64bit pref] released
[    0.920063] pci 0000:00:02.0: PCI bridge to [bus 02-04]
[    0.920089] pci 0000:00:02.0: BAR 15: assigned [mem 0x380000000000-0x3805ffffffff 64bit pref]
[    0.920096] pci 0000:00:03.0: BAR 15: assigned [mem 0x380600000000-0x380bffffffff 64bit pref]
[    0.920101] pci 0000:00:02.0: BAR 14: assigned [mem 0xb2000000-0xb29fffff]
[    0.920105] pci 0000:00:03.0: BAR 14: assigned [mem 0xb2a00000-0xb33fffff]
[    0.920109] pci 0000:00:01.0: PCI bridge to [bus 01]
[    0.920118] pci 0000:00:01.0:   bridge window [mem 0xd0500000-0xd05fffff]
[    0.920135] pci 0000:02:00.0: BAR 15: assigned [mem 0x380000000000-0x3805ffffffff 64bit pref]
[    0.920138] pci 0000:02:00.0: BAR 14: assigned [mem 0xb2000000-0xb28fffff]
[    0.920141] pci 0000:02:00.0: BAR 0: assigned [mem 0xb2900000-0xb2903fff]
[    0.920149] pci 0000:03:00.0: BAR 15: assigned [mem 0x380000000000-0x3805ffffffff 64bit pref]
[    0.920153] pci 0000:03:00.0: BAR 14: assigned [mem 0xb2000000-0xb28fffff]
[    0.920157] pci 0000:04:00.0: BAR 0: assigned [mem 0x380000000000-0x3803ffffffff 64bit pref]
[    0.920173] pci 0000:04:00.0: BAR 7: assigned [mem 0x380400000000-0x3804ffffffff 64bit pref]
[    0.920179] pci 0000:04:00.0: BAR 2: assigned [mem 0x380500000000-0x3805001fffff 64bit pref]
[    0.920195] pci 0000:04:00.0: BAR 9: assigned [mem 0x380500200000-0x3805021fffff 64bit pref]
[    0.920200] pci 0000:04:00.0: BAR 5: assigned [mem 0xb2000000-0xb207ffff]
[    0.920206] pci 0000:04:00.0: BAR 12: assigned [mem 0xb2080000-0xb287ffff]
[    0.920211] pci 0000:03:00.0: PCI bridge to [bus 04]
[    0.920220] pci 0000:03:00.0:   bridge window [mem 0xb2000000-0xb28fffff]
[    0.920228] pci 0000:03:00.0:   bridge window [mem 0x380000000000-0x3805ffffffff 64bit pref]
[    0.920241] pci 0000:02:00.0: PCI bridge to [bus 03-04]
[    0.920250] pci 0000:02:00.0:   bridge window [mem 0xb2000000-0xb28fffff]
[    0.920258] pci 0000:02:00.0:   bridge window [mem 0x380000000000-0x3805ffffffff 64bit pref]
[    0.920271] pci 0000:00:02.0: PCI bridge to [bus 02-04]
[    0.920280] pci 0000:00:02.0:   bridge window [mem 0xb2000000-0xb29fffff]
[    0.920287] pci 0000:00:02.0:   bridge window [mem 0x380000000000-0x3805ffffffff 64bit pref]
[    0.920300] pci 0000:05:00.0: BAR 15: assigned [mem 0x380600000000-0x380bffffffff 64bit pref]
[    0.920304] pci 0000:05:00.0: BAR 14: assigned [mem 0xb2a00000-0xb32fffff]
[    0.920307] pci 0000:05:00.0: BAR 0: assigned [mem 0xb3300000-0xb3303fff]
[    0.920314] pci 0000:06:00.0: BAR 15: assigned [mem 0x380600000000-0x380bffffffff 64bit pref]
[    0.920318] pci 0000:06:00.0: BAR 14: assigned [mem 0xb2a00000-0xb32fffff]
[    0.920322] pci 0000:07:00.0: BAR 0: assigned [mem 0x380800000000-0x380bffffffff 64bit pref]
[    0.920337] pci 0000:07:00.0: BAR 7: assigned [mem 0x380600000000-0x3806ffffffff 64bit pref]
[    0.920342] pci 0000:07:00.0: BAR 2: assigned [mem 0x380700000000-0x3807001fffff 64bit pref]
[    0.920358] pci 0000:07:00.0: BAR 9: assigned [mem 0x380700200000-0x3807021fffff 64bit pref]
[    0.920363] pci 0000:07:00.0: BAR 5: assigned [mem 0xb2a00000-0xb2a7ffff]
[    0.920369] pci 0000:07:00.0: BAR 12: assigned [mem 0xb2a80000-0xb327ffff]
[    0.920374] pci 0000:06:00.0: PCI bridge to [bus 07]
[    0.920383] pci 0000:06:00.0:   bridge window [mem 0xb2a00000-0xb32fffff]
[    0.920391] pci 0000:06:00.0:   bridge window [mem 0x380600000000-0x380bffffffff 64bit pref]
[    0.920404] pci 0000:05:00.0: PCI bridge to [bus 06-07]
[    0.920413] pci 0000:05:00.0:   bridge window [mem 0xb2a00000-0xb32fffff]
[    0.920421] pci 0000:05:00.0:   bridge window [mem 0x380600000000-0x380bffffffff 64bit pref]
[    0.920434] pci 0000:00:03.0: PCI bridge to [bus 05-07]
[    0.920443] pci 0000:00:03.0:   bridge window [mem 0xb2a00000-0xb33fffff]
[    0.920450] pci 0000:00:03.0:   bridge window [mem 0x380600000000-0x380bffffffff 64bit pref]
[    0.920463] pci 0000:00:1c.0: PCI bridge to [bus 08]
[    0.920489] pci 0000:09:00.0: PCI bridge to [bus 0a]
[    0.920493] pci 0000:09:00.0:   bridge window [io  0x6000-0x6fff]
[    0.920505] pci 0000:09:00.0:   bridge window [mem 0xcf000000-0xd00fffff]
[    0.920528] pci 0000:00:1c.3: PCI bridge to [bus 09-0a]
[    0.920531] pci 0000:00:1c.3:   bridge window [io  0x6000-0x6fff]
[    0.920541] pci 0000:00:1c.3:   bridge window [mem 0xcf000000-0xd00fffff]
[    0.920560] pci 0000:00:1c.4: PCI bridge to [bus 0b-43]
[    0.920563] pci 0000:00:1c.4:   bridge window [io  0x1000-0x1fff]
[    0.920573] pci 0000:00:1c.4:   bridge window [mem 0xb8000000-0xce0fffff]
[    0.920581] pci 0000:00:1c.4:   bridge window [mem 0x90000000-0xb1ffffff 64bit pref]
[    0.920595] pci_bus 0000:00: resource 4 [io  0x0000-0x0cf7 window]
[    0.920598] pci_bus 0000:00: resource 5 [io  0x1000-0x7fff window]
[    0.920601] pci_bus 0000:00: resource 6 [mem 0x000a0000-0x000bffff window]
[    0.920604] pci_bus 0000:00: resource 7 [mem 0xfedb0000-0xfedb000f window]
[    0.920607] pci_bus 0000:00: resource 8 [mem 0xfedc0000-0xfedc000f window]
[    0.920610] pci_bus 0000:00: resource 9 [mem 0x90000000-0xd3ffbfff window]
[    0.920612] pci_bus 0000:00: resource 10 [mem 0x380000000000-0x383fffffffff window]
[    0.920616] pci_bus 0000:01: resource 1 [mem 0xd0500000-0xd05fffff]
[    0.920618] pci_bus 0000:02: resource 1 [mem 0xb2000000-0xb29fffff]
[    0.920621] pci_bus 0000:02: resource 2 [mem 0x380000000000-0x3805ffffffff 64bit pref]
[    0.920624] pci_bus 0000:03: resource 1 [mem 0xb2000000-0xb28fffff]
[    0.920627] pci_bus 0000:03: resource 2 [mem 0x380000000000-0x3805ffffffff 64bit pref]
[    0.920630] pci_bus 0000:04: resource 1 [mem 0xb2000000-0xb28fffff]
[    0.920633] pci_bus 0000:04: resource 2 [mem 0x380000000000-0x3805ffffffff 64bit pref]
[    0.920636] pci_bus 0000:05: resource 1 [mem 0xb2a00000-0xb33fffff]
[    0.920639] pci_bus 0000:05: resource 2 [mem 0x380600000000-0x380bffffffff 64bit pref]
[    0.920642] pci_bus 0000:06: resource 1 [mem 0xb2a00000-0xb32fffff]
[    0.920644] pci_bus 0000:06: resource 2 [mem 0x380600000000-0x380bffffffff 64bit pref]
[    0.920648] pci_bus 0000:07: resource 1 [mem 0xb2a00000-0xb32fffff]
[    0.920650] pci_bus 0000:07: resource 2 [mem 0x380600000000-0x380bffffffff 64bit pref]
[    0.920654] pci_bus 0000:09: resource 0 [io  0x6000-0x6fff]
[    0.920656] pci_bus 0000:09: resource 1 [mem 0xcf000000-0xd00fffff]
[    0.920659] pci_bus 0000:0a: resource 0 [io  0x6000-0x6fff]
[    0.920661] pci_bus 0000:0a: resource 1 [mem 0xcf000000-0xd00fffff]
[    0.920664] pci_bus 0000:0b: resource 0 [io  0x1000-0x1fff]
[    0.920666] pci_bus 0000:0b: resource 1 [mem 0xb8000000-0xce0fffff]
[    0.920669] pci_bus 0000:0b: resource 2 [mem 0x90000000-0xb1ffffff 64bit pref]
[    0.920851] pci_bus 0000:80: max bus depth: 3 pci_try_num: 4
[    0.920861] pci 0000:80:00.0: BAR 15: assigned [mem 0x384000000000-0x3840000fffff 64bit pref]
[    0.920866] pci 0000:81:00.0: BAR 7: assigned [mem 0x384000000000-0x38400001ffff 64bit pref]
[    0.920940] pci 0000:81:00.0: BAR 10: assigned [mem 0x384000020000-0x38400003ffff 64bit pref]
[    0.921005] pci 0000:81:00.1: BAR 7: assigned [mem 0x384000040000-0x38400005ffff 64bit pref]
[    0.921070] pci 0000:81:00.1: BAR 10: assigned [mem 0x384000060000-0x38400007ffff 64bit pref]
[    0.921135] pci 0000:80:00.0: PCI bridge to [bus 81]
[    0.921138] pci 0000:80:00.0:   bridge window [io  0xf000-0xffff]
[    0.921147] pci 0000:80:00.0:   bridge window [mem 0xfbe00000-0xfbefffff]
[    0.921154] pci 0000:80:00.0:   bridge window [mem 0x384000000000-0x3840000fffff 64bit pref]
[    0.921182] pci 0000:84:00.0: BAR 7: no space for [mem size 0x100000000 64bit pref]
[    0.921185] pci 0000:84:00.0: BAR 7: failed to assign [mem size 0x100000000 64bit pref]
[    0.921190] pci 0000:84:00.0: BAR 9: no space for [mem size 0x02000000 64bit pref]
[    0.921193] pci 0000:84:00.0: BAR 9: failed to assign [mem size 0x02000000 64bit pref]
[    0.921196] pci 0000:84:00.0: BAR 12: no space for [mem size 0x00800000]
[    0.921199] pci 0000:84:00.0: BAR 12: failed to assign [mem size 0x00800000]
[    0.921203] pci 0000:83:00.0: PCI bridge to [bus 84]
[    0.921213] pci 0000:83:00.0:   bridge window [mem 0xfbc00000-0xfbcfffff]
[    0.921221] pci 0000:83:00.0:   bridge window [mem 0x387800000000-0x387c001fffff 64bit pref]
[    0.921234] pci 0000:82:00.0: PCI bridge to [bus 83-84]
[    0.921244] pci 0000:82:00.0:   bridge window [mem 0xfbc00000-0xfbcfffff]
[    0.921252] pci 0000:82:00.0:   bridge window [mem 0x387800000000-0x387c001fffff 64bit pref]
[    0.921265] pci 0000:80:02.0: PCI bridge to [bus 82-84]
[    0.921274] pci 0000:80:02.0:   bridge window [mem 0xfbc00000-0xfbdfffff]
[    0.921281] pci 0000:80:02.0:   bridge window [mem 0x387800000000-0x387c001fffff 64bit pref]
[    0.921295] pci 0000:87:00.0: BAR 7: no space for [mem size 0x100000000 64bit pref]
[    0.921298] pci 0000:87:00.0: BAR 7: failed to assign [mem size 0x100000000 64bit pref]
[    0.921303] pci 0000:87:00.0: BAR 9: no space for [mem size 0x02000000 64bit pref]
[    0.921306] pci 0000:87:00.0: BAR 9: failed to assign [mem size 0x02000000 64bit pref]
[    0.921309] pci 0000:87:00.0: BAR 12: no space for [mem size 0x00800000]
[    0.921312] pci 0000:87:00.0: BAR 12: failed to assign [mem size 0x00800000]
[    0.921315] pci 0000:86:00.0: PCI bridge to [bus 87]
[    0.921325] pci 0000:86:00.0:   bridge window [mem 0xfba00000-0xfbafffff]
[    0.921332] pci 0000:86:00.0:   bridge window [mem 0x387000000000-0x3874001fffff 64bit pref]
[    0.921346] pci 0000:85:00.0: PCI bridge to [bus 86-87]
[    0.921355] pci 0000:85:00.0:   bridge window [mem 0xfba00000-0xfbafffff]
[    0.921363] pci 0000:85:00.0:   bridge window [mem 0x387000000000-0x3874001fffff 64bit pref]
[    0.921376] pci 0000:80:03.0: PCI bridge to [bus 85-87]
[    0.921386] pci 0000:80:03.0:   bridge window [mem 0xfba00000-0xfbbfffff]
[    0.921393] pci 0000:80:03.0:   bridge window [mem 0x387000000000-0x3874001fffff 64bit pref]
[    0.921406] pci_bus 0000:80: No. 2 try to assign unassigned res
[    0.921409] release child resource [mem 0xfba00000-0xfba7ffff]
[    0.921410] release child resource [mem 0xfba80000-0xfba9ffff pref]
[    0.921411] pci 0000:86:00.0: resource 14 [mem 0xfba00000-0xfbafffff] released
[    0.921414] pci 0000:86:00.0: PCI bridge to [bus 87]
[    0.921421] release child resource [mem 0x387000000000-0x3873ffffffff 64bit pref]
[    0.921422] release child resource [mem 0x387400000000-0x3874001fffff 64bit pref]
[    0.921424] pci 0000:86:00.0: resource 15 [mem 0x387000000000-0x3874001fffff 64bit pref] released
[    0.921427] pci 0000:86:00.0: PCI bridge to [bus 87]
[    0.921442] release child resource [mem 0xfbc00000-0xfbc7ffff]
[    0.921443] release child resource [mem 0xfbc80000-0xfbc9ffff pref]
[    0.921444] pci 0000:83:00.0: resource 14 [mem 0xfbc00000-0xfbcfffff] released
[    0.921447] pci 0000:83:00.0: PCI bridge to [bus 84]
[    0.921454] release child resource [mem 0x387800000000-0x387bffffffff 64bit pref]
[    0.921455] release child resource [mem 0x387c00000000-0x387c001fffff 64bit pref]
[    0.921456] pci 0000:83:00.0: resource 15 [mem 0x387800000000-0x387c001fffff 64bit pref] released
[    0.921459] pci 0000:83:00.0: PCI bridge to [bus 84]
[    0.921478] pci 0000:80:00.0: PCI bridge to [bus 81]
[    0.921481] pci 0000:80:00.0:   bridge window [io  0xf000-0xffff]
[    0.921490] pci 0000:80:00.0:   bridge window [mem 0xfbe00000-0xfbefffff]
[    0.921498] pci 0000:80:00.0:   bridge window [mem 0x384000000000-0x3840000fffff 64bit pref]
[    0.921512] pci 0000:83:00.0: BAR 15: no space for [mem size 0x600000000 64bit pref]
[    0.921516] pci 0000:83:00.0: BAR 15: failed to assign [mem size 0x600000000 64bit pref]
[    0.921519] pci 0000:83:00.0: BAR 14: no space for [mem size 0x00900000]
[    0.921522] pci 0000:83:00.0: BAR 14: failed to assign [mem size 0x00900000]
[    0.921526] pci 0000:84:00.0: BAR 0: no space for [mem size 0x400000000 64bit pref]
[    0.921529] pci 0000:84:00.0: BAR 0: failed to assign [mem size 0x400000000 64bit pref]
[    0.921532] pci 0000:84:00.0: BAR 7: no space for [mem size 0x100000000 64bit pref]
[    0.921535] pci 0000:84:00.0: BAR 7: failed to assign [mem size 0x100000000 64bit pref]
[    0.921538] pci 0000:84:00.0: BAR 2: no space for [mem size 0x00200000 64bit pref]
[    0.921541] pci 0000:84:00.0: BAR 2: failed to assign [mem size 0x00200000 64bit pref]
[    0.921544] pci 0000:84:00.0: BAR 9: no space for [mem size 0x02000000 64bit pref]
[    0.921547] pci 0000:84:00.0: BAR 9: failed to assign [mem size 0x02000000 64bit pref]
[    0.921550] pci 0000:84:00.0: BAR 5: no space for [mem size 0x00080000]
[    0.921553] pci 0000:84:00.0: BAR 5: failed to assign [mem size 0x00080000]
[    0.921556] pci 0000:84:00.0: BAR 12: no space for [mem size 0x00800000]
[    0.921559] pci 0000:84:00.0: BAR 12: failed to assign [mem size 0x00800000]
[    0.921561] pci 0000:84:00.0: BAR 6: no space for [mem size 0x00020000 pref]
[    0.921564] pci 0000:84:00.0: BAR 6: failed to assign [mem size 0x00020000 pref]
[    0.921567] pci 0000:83:00.0: PCI bridge to [bus 84]
[    0.921592] pci 0000:82:00.0: PCI bridge to [bus 83-84]
[    0.921602] pci 0000:82:00.0:   bridge window [mem 0xfbc00000-0xfbcfffff]
[    0.921610] pci 0000:82:00.0:   bridge window [mem 0x387800000000-0x387c001fffff 64bit pref]
[    0.921623] pci 0000:80:02.0: PCI bridge to [bus 82-84]
[    0.921632] pci 0000:80:02.0:   bridge window [mem 0xfbc00000-0xfbdfffff]
[    0.921639] pci 0000:80:02.0:   bridge window [mem 0x387800000000-0x387c001fffff 64bit pref]
[    0.921653] pci 0000:86:00.0: BAR 15: no space for [mem size 0x600000000 64bit pref]
[    0.921657] pci 0000:86:00.0: BAR 15: failed to assign [mem size 0x600000000 64bit pref]
[    0.921660] pci 0000:86:00.0: BAR 14: no space for [mem size 0x00900000]
[    0.921663] pci 0000:86:00.0: BAR 14: failed to assign [mem size 0x00900000]
[    0.921666] pci 0000:87:00.0: BAR 0: no space for [mem size 0x400000000 64bit pref]
[    0.921669] pci 0000:87:00.0: BAR 0: failed to assign [mem size 0x400000000 64bit pref]
[    0.921673] pci 0000:87:00.0: BAR 7: no space for [mem size 0x100000000 64bit pref]
[    0.921676] pci 0000:87:00.0: BAR 7: failed to assign [mem size 0x100000000 64bit pref]
[    0.921679] pci 0000:87:00.0: BAR 2: no space for [mem size 0x00200000 64bit pref]
[    0.921682] pci 0000:87:00.0: BAR 2: failed to assign [mem size 0x00200000 64bit pref]
[    0.921685] pci 0000:87:00.0: BAR 9: no space for [mem size 0x02000000 64bit pref]
