[    0.000000] microcode: microcode updated early to revision 0x49, date = 2021-08-11
[    0.000000] Linux version 5.15.0-185-generic (buildd@lcy02-amd64-012) (gcc (Ubuntu 11.4.0-1ubuntu1~22.04.3) 11.4.0, GNU ld (GNU Binutils for Ubuntu) 2.38) #195-Ubuntu SMP Fri Jun 19 17:11:50 UTC 2026 (Ubuntu 5.15.0-185.195-generic 5.15.200)
[    0.000000] Command line: BOOT_IMAGE=/boot/vmlinuz-5.15.0-185-generic root=UUID=d0d1212d-a3fc-4520-908f-75427e05b93b ro
[    0.000000] KERNEL supported cpus:
[    0.000000]   Intel GenuineIntel
[    0.000000]   AMD AuthenticAMD
[    0.000000]   Hygon HygonGenuine
[    0.000000]   Centaur CentaurHauls
[    0.000000]   zhaoxin   Shanghai  
[    0.000000] BIOS-provided physical RAM map:
[    0.000000] BIOS-e820: [mem 0x0000000000000000-0x000000000009ffff] usable
[    0.000000] BIOS-e820: [mem 0x0000000000100000-0x00000000784aefff] usable
[    0.000000] BIOS-e820: [mem 0x00000000784af000-0x0000000079274fff] reserved
[    0.000000] BIOS-e820: [mem 0x0000000079275000-0x0000000079427fff] usable
[    0.000000] BIOS-e820: [mem 0x0000000079428000-0x0000000079ce2fff] ACPI NVS
[    0.000000] BIOS-e820: [mem 0x0000000079ce3000-0x000000007bcf6fff] reserved
[    0.000000] BIOS-e820: [mem 0x000000007bcf7000-0x000000007bcf7fff] usable
[    0.000000] BIOS-e820: [mem 0x000000007bcf8000-0x000000007bd7dfff] reserved
[    0.000000] BIOS-e820: [mem 0x000000007bd7e000-0x000000007bffffff] usable
[    0.000000] BIOS-e820: [mem 0x000000007c000000-0x000000008fffffff] reserved
[    0.000000] BIOS-e820: [mem 0x00000000fed1c000-0x00000000fed44fff] reserved
[    0.000000] BIOS-e820: [mem 0x00000000ff000000-0x00000000ffffffff] reserved
[    0.000000] BIOS-e820: [mem 0x0000000100000000-0x000000047fffffff] usable
[    0.000000] NX (Execute Disable) protection: active
[    0.000000] e820: update [mem 0x6ad85018-0x6ad94e57] usable ==> usable
[    0.000000] e820: update [mem 0x6ad85018-0x6ad94e57] usable ==> usable
[    0.000000] e820: update [mem 0x6ad75018-0x6ad84e57] usable ==> usable
[    0.000000] e820: update [mem 0x6ad75018-0x6ad84e57] usable ==> usable
[    0.000000] e820: update [mem 0x6ad6c018-0x6ad74057] usable ==> usable
[    0.000000] e820: update [mem 0x6ad6c018-0x6ad74057] usable ==> usable
[    0.000000] e820: update [mem 0x6ad5a018-0x6ad6b057] usable ==> usable
[    0.000000] e820: update [mem 0x6ad5a018-0x6ad6b057] usable ==> usable
[    0.000000] e820: update [mem 0x6ad48018-0x6ad59057] usable ==> usable
[    0.000000] e820: update [mem 0x6ad48018-0x6ad59057] usable ==> usable
[    0.000000] e820: update [mem 0x6ad38018-0x6ad47e57] usable ==> usable
[    0.000000] e820: update [mem 0x6ad38018-0x6ad47e57] usable ==> usable
[    0.000000] e820: update [mem 0x6ad28018-0x6ad37e57] usable ==> usable
[    0.000000] e820: update [mem 0x6ad28018-0x6ad37e57] usable ==> usable
[    0.000000] extended physical RAM map:
[    0.000000] reserve setup_data: [mem 0x0000000000000000-0x000000000009ffff] usable
[    0.000000] reserve setup_data: [mem 0x0000000000100000-0x000000006ad28017] usable
[    0.000000] reserve setup_data: [mem 0x000000006ad28018-0x000000006ad37e57] usable
[    0.000000] reserve setup_data: [mem 0x000000006ad37e58-0x000000006ad38017] usable
[    0.000000] reserve setup_data: [mem 0x000000006ad38018-0x000000006ad47e57] usable
[    0.000000] reserve setup_data: [mem 0x000000006ad47e58-0x000000006ad48017] usable
[    0.000000] reserve setup_data: [mem 0x000000006ad48018-0x000000006ad59057] usable
[    0.000000] reserve setup_data: [mem 0x000000006ad59058-0x000000006ad5a017] usable
[    0.000000] reserve setup_data: [mem 0x000000006ad5a018-0x000000006ad6b057] usable
[    0.000000] reserve setup_data: [mem 0x000000006ad6b058-0x000000006ad6c017] usable
[    0.000000] reserve setup_data: [mem 0x000000006ad6c018-0x000000006ad74057] usable
[    0.000000] reserve setup_data: [mem 0x000000006ad74058-0x000000006ad75017] usable
[    0.000000] reserve setup_data: [mem 0x000000006ad75018-0x000000006ad84e57] usable
[    0.000000] reserve setup_data: [mem 0x000000006ad84e58-0x000000006ad85017] usable
[    0.000000] reserve setup_data: [mem 0x000000006ad85018-0x000000006ad94e57] usable
[    0.000000] reserve setup_data: [mem 0x000000006ad94e58-0x00000000784aefff] usable
[    0.000000] reserve setup_data: [mem 0x00000000784af000-0x0000000079274fff] reserved
[    0.000000] reserve setup_data: [mem 0x0000000079275000-0x0000000079427fff] usable
[    0.000000] reserve setup_data: [mem 0x0000000079428000-0x0000000079ce2fff] ACPI NVS
[    0.000000] reserve setup_data: [mem 0x0000000079ce3000-0x000000007bcf6fff] reserved
[    0.000000] reserve setup_data: [mem 0x000000007bcf7000-0x000000007bcf7fff] usable
[    0.000000] reserve setup_data: [mem 0x000000007bcf8000-0x000000007bd7dfff] reserved
[    0.000000] reserve setup_data: [mem 0x000000007bd7e000-0x000000007bffffff] usable
[    0.000000] reserve setup_data: [mem 0x000000007c000000-0x000000008fffffff] reserved
[    0.000000] reserve setup_data: [mem 0x00000000fed1c000-0x00000000fed44fff] reserved
[    0.000000] reserve setup_data: [mem 0x00000000ff000000-0x00000000ffffffff] reserved
[    0.000000] reserve setup_data: [mem 0x0000000100000000-0x000000047fffffff] usable
[    0.000000] efi: EFI v2.40 by American Megatrends
[    0.000000] efi: ACPI=0x794c0000 ACPI 2.0=0x794c0000 ESRT=0x7ba49c98 SMBIOS=0xf05e0 SMBIOS 3.0=0x7ba45000 MOKvar=0x7ba44000 
[    0.000000] secureboot: Secure boot disabled
[    0.000000] SMBIOS 3.0.0 present.
[    0.000000] DMI: Supermicro SYS-7048GR-TR/X10DRG-Q, BIOS 3.2 11/22/2019
[    0.000000] tsc: Fast TSC calibration using PIT
[    0.000000] tsc: Detected 2399.940 MHz processor
[    0.000480] e820: update [mem 0x00000000-0x00000fff] usable ==> reserved
[    0.000484] e820: remove [mem 0x000a0000-0x000fffff] usable
[    0.000498] last_pfn = 0x480000 max_arch_pfn = 0x400000000
[    0.000740] x86/PAT: Configuration [0-7]: WB  WC  UC- UC  WB  WP  UC- WT  
[    0.002493] last_pfn = 0x7c000 max_arch_pfn = 0x400000000
[    0.011893] found SMP MP-table at [mem 0x000fd040-0x000fd04f]
[    0.011917] esrt: Reserving ESRT space from 0x000000007ba49c98 to 0x000000007ba49cd0.
[    0.011929] Using GB pages for direct mapping
[    0.012317] secureboot: Secure boot disabled
[    0.012318] RAMDISK: [mem 0x6ad96000-0x72505fff]
[    0.012325] ACPI: Early table checksum verification disabled
[    0.012330] ACPI: RSDP 0x00000000794C0000 000024 (v02 SUPERM)
[    0.012335] ACPI: XSDT 0x00000000794C00B0 0000E4 (v01                 01072009 AMI  00010013)
[    0.012343] ACPI: FACP 0x00000000794F35B0 00010C (v05 SUPERM SMCI--MB 01072009 AMI  00010013)
[    0.012350] ACPI: DSDT 0x00000000794C0230 03337B (v02 SUPERM SMCI--MB 01072009 INTL 20091013)
[    0.012355] ACPI: FACS 0x0000000079CE1F80 000040
[    0.012359] ACPI: APIC 0x00000000794F36C0 0001B4 (v03 SUPERM SMCI--MB 01072009 AMI  00010013)
[    0.012363] ACPI: FPDT 0x00000000794F3878 000044 (v01 SUPERM SMCI--MB 01072009 AMI  00010013)
[    0.012368] ACPI: FIDT 0x00000000794F38C0 00009C (v01 SUPERM SMCI--MB 01072009 AMI  00010013)
[    0.012372] ACPI: SPMI 0x00000000794F3960 000041 (v05 SUPERM SMCI--MB 00000000 AMI. 00000000)
[    0.012376] ACPI: MCFG 0x00000000794F39A8 00003C (v01 SUPERM SMCI--MB 01072009 MSFT 00000097)
[    0.012381] ACPI: UEFI 0x00000000794F39E8 000042 (v01 SUPERM SMCI--MB 01072009      00000000)
[    0.012385] ACPI: HPET 0x00000000794F3A30 000038 (v01 SUPERM SMCI--MB 00000001 INTL 20091013)
[    0.012390] ACPI: MSCT 0x00000000794F3A68 000090 (v01 SUPERM SMCI--MB 00000001 INTL 20091013)
[    0.012394] ACPI: NFIT 0x00000000794F3AF8 018028 (v01                 00000000      00000000)
[    0.012399] ACPI: SLIT 0x000000007950BB20 00002D (v01 SUPERM SMCI--MB 00000001 INTL 20091013)
[    0.012403] ACPI: SRAT 0x000000007950BB50 001158 (v03 SUPERM SMCI--MB 00000001 INTL 20091013)
[    0.012408] ACPI: WDDT 0x000000007950CCA8 000040 (v01 SUPERM SMCI--MB 00000000 INTL 20091013)
[    0.012412] ACPI: SSDT 0x000000007950CCE8 0170C7 (v02 SUPERM PmMgt    00000001 INTL 20120913)
[    0.012416] ACPI: NITR 0x0000000079523DB0 000071 (v02 SUPERM SMCI--MB 00000001 INTL 20091013)
[    0.012421] ACPI: BGRT 0x0000000079523E28 000038 (v01 SUPERM SMCI--MB 01072009 AMI  00010013)
[    0.012425] ACPI: SSDT 0x0000000079523E60 00264C (v02 SUPERM SpsNm    00000002 INTL 20120913)
[    0.012430] ACPI: SSDT 0x00000000795264B0 000064 (v02 SUPERM SpsNvs   00000002 INTL 20120913)
[    0.012434] ACPI: PRAD 0x0000000079526518 000102 (v02 SUPERM SMCI--MB 00000002 INTL 20120913)
[    0.012439] ACPI: DMAR 0x0000000079526620 000158 (v01 SUPERM SMCI--MB 00000001 INTL 20091013)
[    0.012443] ACPI: HEST 0x0000000079526778 00027C (v01 SUPERM SMCI--MB 00000001 INTL 00000001)
[    0.012447] ACPI: BERT 0x00000000795269F8 000030 (v01 SUPERM SMCI--MB 00000001 INTL 00000001)
[    0.012452] ACPI: ERST 0x0000000079526A28 000230 (v01 SUPERM SMCI--MB 00000001 INTL 00000001)
[    0.012456] ACPI: EINJ 0x0000000079526C58 000130 (v01 SUPERM SMCI--MB 00000001 INTL 00000001)
[    0.012460] ACPI: Reserving FACP table memory at [mem 0x794f35b0-0x794f36bb]
[    0.012462] ACPI: Reserving DSDT table memory at [mem 0x794c0230-0x794f35aa]
[    0.012464] ACPI: Reserving FACS table memory at [mem 0x79ce1f80-0x79ce1fbf]
[    0.012466] ACPI: Reserving APIC table memory at [mem 0x794f36c0-0x794f3873]
[    0.012467] ACPI: Reserving FPDT table memory at [mem 0x794f3878-0x794f38bb]
[    0.012469] ACPI: Reserving FIDT table memory at [mem 0x794f38c0-0x794f395b]
[    0.012470] ACPI: Reserving SPMI table memory at [mem 0x794f3960-0x794f39a0]
[    0.012472] ACPI: Reserving MCFG table memory at [mem 0x794f39a8-0x794f39e3]
[    0.012473] ACPI: Reserving UEFI table memory at [mem 0x794f39e8-0x794f3a29]
[    0.012475] ACPI: Reserving HPET table memory at [mem 0x794f3a30-0x794f3a67]
[    0.012477] ACPI: Reserving MSCT table memory at [mem 0x794f3a68-0x794f3af7]
[    0.012478] ACPI: Reserving NFIT table memory at [mem 0x794f3af8-0x7950bb1f]
[    0.012480] ACPI: Reserving SLIT table memory at [mem 0x7950bb20-0x7950bb4c]
[    0.012481] ACPI: Reserving SRAT table memory at [mem 0x7950bb50-0x7950cca7]
[    0.012483] ACPI: Reserving WDDT table memory at [mem 0x7950cca8-0x7950cce7]
[    0.012485] ACPI: Reserving SSDT table memory at [mem 0x7950cce8-0x79523dae]
[    0.012486] ACPI: Reserving NITR table memory at [mem 0x79523db0-0x79523e20]
[    0.012488] ACPI: Reserving BGRT table memory at [mem 0x79523e28-0x79523e5f]
[    0.012489] ACPI: Reserving SSDT table memory at [mem 0x79523e60-0x795264ab]
[    0.012491] ACPI: Reserving SSDT table memory at [mem 0x795264b0-0x79526513]
[    0.012492] ACPI: Reserving PRAD table memory at [mem 0x79526518-0x79526619]
[    0.012494] ACPI: Reserving DMAR table memory at [mem 0x79526620-0x79526777]
[    0.012496] ACPI: Reserving HEST table memory at [mem 0x79526778-0x795269f3]
[    0.012497] ACPI: Reserving BERT table memory at [mem 0x795269f8-0x79526a27]
[    0.012499] ACPI: Reserving ERST table memory at [mem 0x79526a28-0x79526c57]
[    0.012500] ACPI: Reserving EINJ table memory at [mem 0x79526c58-0x79526d87]
[    0.012558] SRAT: PXM 0 -> APIC 0x00 -> Node 0
[    0.012561] SRAT: PXM 0 -> APIC 0x02 -> Node 0
[    0.012562] SRAT: PXM 0 -> APIC 0x04 -> Node 0
[    0.012563] SRAT: PXM 0 -> APIC 0x06 -> Node 0
[    0.012564] SRAT: PXM 0 -> APIC 0x08 -> Node 0
[    0.012565] SRAT: PXM 0 -> APIC 0x0a -> Node 0
[    0.012567] SRAT: PXM 1 -> APIC 0x10 -> Node 1
[    0.012568] SRAT: PXM 1 -> APIC 0x12 -> Node 1
[    0.012569] SRAT: PXM 1 -> APIC 0x14 -> Node 1
[    0.012571] SRAT: PXM 1 -> APIC 0x16 -> Node 1
[    0.012572] SRAT: PXM 1 -> APIC 0x18 -> Node 1
[    0.012573] SRAT: PXM 1 -> APIC 0x1a -> Node 1
[    0.012575] SRAT: PXM 0 -> APIC 0x01 -> Node 0
[    0.012576] SRAT: PXM 0 -> APIC 0x03 -> Node 0
[    0.012577] SRAT: PXM 0 -> APIC 0x05 -> Node 0
[    0.012579] SRAT: PXM 0 -> APIC 0x07 -> Node 0
[    0.012580] SRAT: PXM 0 -> APIC 0x09 -> Node 0
[    0.012581] SRAT: PXM 0 -> APIC 0x0b -> Node 0
[    0.012583] SRAT: PXM 1 -> APIC 0x11 -> Node 1
[    0.012584] SRAT: PXM 1 -> APIC 0x13 -> Node 1
[    0.012585] SRAT: PXM 1 -> APIC 0x15 -> Node 1
[    0.012587] SRAT: PXM 1 -> APIC 0x17 -> Node 1
[    0.012588] SRAT: PXM 1 -> APIC 0x19 -> Node 1
[    0.012589] SRAT: PXM 1 -> APIC 0x1b -> Node 1
[    0.012598] ACPI: SRAT: Node 0 PXM 0 [mem 0x00000000-0x7fffffff]
[    0.012601] ACPI: SRAT: Node 0 PXM 0 [mem 0x100000000-0x47fffffff]
[    0.012608] NUMA: Initialized distance table, cnt=2
[    0.012610] NUMA: Node 0 [mem 0x00000000-0x7fffffff] + [mem 0x100000000-0x47fffffff] -> [mem 0x00000000-0x47fffffff]
[    0.012623] NODE_DATA(0) allocated [mem 0x47ffd5000-0x47fffefff]
[    0.013102] Zone ranges:
[    0.013104]   DMA      [mem 0x0000000000001000-0x0000000000ffffff]
[    0.013107]   DMA32    [mem 0x0000000001000000-0x00000000ffffffff]
[    0.013109]   Normal   [mem 0x0000000100000000-0x000000047fffffff]
[    0.013112]   Device   empty
[    0.013114] Movable zone start for each node
[    0.013118] Early memory node ranges
[    0.013119]   node   0: [mem 0x0000000000001000-0x000000000009ffff]
[    0.013121]   node   0: [mem 0x0000000000100000-0x00000000784aefff]
[    0.013123]   node   0: [mem 0x0000000079275000-0x0000000079427fff]
[    0.013125]   node   0: [mem 0x000000007bcf7000-0x000000007bcf7fff]
[    0.013127]   node   0: [mem 0x000000007bd7e000-0x000000007bffffff]
[    0.013128]   node   0: [mem 0x0000000100000000-0x000000047fffffff]
[    0.013132] Initmem setup node 0 [mem 0x0000000000001000-0x000000047fffffff]
[    0.013142] On node 0, zone DMA: 1 pages in unavailable ranges
[    0.013225] On node 0, zone DMA: 96 pages in unavailable ranges
[    0.019573] On node 0, zone DMA32: 3526 pages in unavailable ranges
[    0.019772] On node 0, zone DMA32: 10447 pages in unavailable ranges
[    0.019785] On node 0, zone DMA32: 134 pages in unavailable ranges
[    0.067403] On node 0, zone Normal: 16384 pages in unavailable ranges
[    0.067620] ACPI: PM-Timer IO Port: 0x408
[    0.067635] ACPI: LAPIC_NMI (acpi_id[0x00] high edge lint[0x1])
[    0.067637] ACPI: LAPIC_NMI (acpi_id[0x02] high edge lint[0x1])
[    0.067638] ACPI: LAPIC_NMI (acpi_id[0x04] high edge lint[0x1])
[    0.067640] ACPI: LAPIC_NMI (acpi_id[0x06] high edge lint[0x1])
[    0.067641] ACPI: LAPIC_NMI (acpi_id[0x08] high edge lint[0x1])
[    0.067642] ACPI: LAPIC_NMI (acpi_id[0x0a] high edge lint[0x1])
[    0.067644] ACPI: LAPIC_NMI (acpi_id[0x10] high edge lint[0x1])
[    0.067646] ACPI: LAPIC_NMI (acpi_id[0x12] high edge lint[0x1])
[    0.067647] ACPI: LAPIC_NMI (acpi_id[0x14] high edge lint[0x1])
[    0.067649] ACPI: LAPIC_NMI (acpi_id[0x16] high edge lint[0x1])
[    0.067650] ACPI: LAPIC_NMI (acpi_id[0x18] high edge lint[0x1])
[    0.067652] ACPI: LAPIC_NMI (acpi_id[0x1a] high edge lint[0x1])
[    0.067653] ACPI: LAPIC_NMI (acpi_id[0x01] high edge lint[0x1])
[    0.067655] ACPI: LAPIC_NMI (acpi_id[0x03] high edge lint[0x1])
[    0.067656] ACPI: LAPIC_NMI (acpi_id[0x05] high edge lint[0x1])
[    0.067658] ACPI: LAPIC_NMI (acpi_id[0x07] high edge lint[0x1])
[    0.067659] ACPI: LAPIC_NMI (acpi_id[0x09] high edge lint[0x1])
[    0.067661] ACPI: LAPIC_NMI (acpi_id[0x0b] high edge lint[0x1])
[    0.067662] ACPI: LAPIC_NMI (acpi_id[0x11] high edge lint[0x1])
[    0.067663] ACPI: LAPIC_NMI (acpi_id[0x13] high edge lint[0x1])
[    0.067665] ACPI: LAPIC_NMI (acpi_id[0x15] high edge lint[0x1])
[    0.067666] ACPI: LAPIC_NMI (acpi_id[0x17] high edge lint[0x1])
[    0.067667] ACPI: LAPIC_NMI (acpi_id[0x19] high edge lint[0x1])
[    0.067669] ACPI: LAPIC_NMI (acpi_id[0x1b] high edge lint[0x1])
[    0.067679] IOAPIC[0]: apic_id 1, version 32, address 0xfec00000, GSI 0-23
[    0.067685] IOAPIC[1]: apic_id 2, version 32, address 0xfec01000, GSI 24-47
[    0.067691] IOAPIC[2]: apic_id 3, version 32, address 0xfec40000, GSI 48-71
[    0.067693] ACPI: INT_SRC_OVR (bus 0 bus_irq 0 global_irq 2 dfl dfl)
[    0.067696] ACPI: INT_SRC_OVR (bus 0 bus_irq 9 global_irq 9 high level)
[    0.067701] ACPI: Using ACPI (MADT) for SMP configuration information
[    0.067703] ACPI: HPET id: 0x8086a701 base: 0xfed00000
[    0.067713] e820: update [mem 0x75c50000-0x75daffff] usable ==> reserved
[    0.067734] TSC deadline timer available
[    0.067736] smpboot: Allowing 24 CPUs, 0 hotplug CPUs
[    0.067740] NODE_DATA(1) allocated [mem 0x47ffa2000-0x47ffcbfff]
[    0.067742]     NODE_DATA(1) on node 0
[    0.067772] Initmem setup node 1 [mem 0x0000000000000000-0x0000000000000000]
[    0.067793] PM: hibernation: Registered nosave memory: [mem 0x00000000-0x00000fff]
[    0.067796] PM: hibernation: Registered nosave memory: [mem 0x000a0000-0x000fffff]
[    0.067799] PM: hibernation: Registered nosave memory: [mem 0x75c50000-0x75daffff]
[    0.067801] PM: hibernation: Registered nosave memory: [mem 0x784af000-0x79274fff]
[    0.067804] PM: hibernation: Registered nosave memory: [mem 0x79428000-0x7bcf6fff]
[    0.067807] PM: hibernation: Registered nosave memory: [mem 0x7bcf8000-0x7bd7dfff]
[    0.067809] PM: hibernation: Registered nosave memory: [mem 0x7c000000-0xffffffff]
[    0.067812] [mem 0x90000000-0xfed1bfff] available for PCI devices
[    0.067813] Booting paravirtualized kernel on bare hardware
[    0.067817] clocksource: refined-jiffies: mask: 0xffffffff max_cycles: 0xffffffff, max_idle_ns: 7645519600211568 ns
[    0.067826] setup_percpu: NR_CPUS:8192 nr_cpumask_bits:24 nr_cpu_ids:24 nr_node_ids:2
[    0.069570] percpu: Embedded 62 pages/cpu s217088 r8192 d28672 u262144
[    0.069580] pcpu-alloc: s217088 r8192 d28672 u262144 alloc=1*2097152
[    0.069583] pcpu-alloc: [0] 00 01 02 03 04 05 12 13 [0] 14 15 16 17 -- -- -- -- 
[    0.069597] pcpu-alloc: [1] 06 07 08 09 10 11 18 19 [1] 20 21 22 23 -- -- -- -- 
[    0.069646] Built 2 zonelists, mobility grouping on.  Total pages: 4098497
[    0.069649] Policy zone: Normal
[    0.069651] Kernel command line: BOOT_IMAGE=/boot/vmlinuz-5.15.0-185-generic root=UUID=d0d1212d-a3fc-4520-908f-75427e05b93b ro
[    0.072459] Dentry cache hash table entries: 2097152 (order: 12, 16777216 bytes, linear)
[    0.073901] Inode-cache hash table entries: 1048576 (order: 11, 8388608 bytes, linear)
[    0.074307] mem auto-init: stack:off, heap alloc:on, heap free:off
[    0.152315] Memory: 16021824K/16654864K available (16393K kernel code, 4401K rwdata, 11000K rodata, 3292K init, 18768K bss, 632780K reserved, 0K cma-reserved)
[    0.152765] SLUB: HWalign=64, Order=0-3, MinObjects=0, CPUs=24, Nodes=2
[    0.152789] Kernel/User page tables isolation: enabled
[    0.152843] ftrace: allocating 50903 entries in 199 pages
[    0.181567] ftrace: allocated 199 pages with 5 groups
[    0.181860] rcu: Hierarchical RCU implementation.
[    0.181863] rcu: 	RCU restricting CPUs from NR_CPUS=8192 to nr_cpu_ids=24.
[    0.181865] 	Rude variant of Tasks RCU enabled.
[    0.181866] 	Tracing variant of Tasks RCU enabled.
[    0.181867] rcu: RCU calculated value of scheduler-enlistment delay is 25 jiffies.
[    0.181869] rcu: Adjusting geometry for rcu_fanout_leaf=16, nr_cpu_ids=24
[    0.187441] NR_IRQS: 524544, nr_irqs: 1432, preallocated irqs: 16
[    0.187679] random: crng init done
[    0.187744] Console: colour dummy device 80x25
[    0.188124] printk: console [tty0] enabled
[    0.188166] mempolicy: Enabling automatic NUMA balancing. Configure with numa_balancing= or the kernel.numa_balancing sysctl
[    0.188175] ACPI: Core revision 20210730
[    0.188499] clocksource: hpet: mask: 0xffffffff max_cycles: 0xffffffff, max_idle_ns: 133484882848 ns
[    0.188514] APIC: Switch to symmetric I/O mode setup
[    0.188518] DMAR: Host address width 46
[    0.188520] DMAR: DRHD base: 0x000000fbffc000 flags: 0x0
[    0.188528] DMAR: dmar0: reg_base_addr fbffc000 ver 1:0 cap d2078c106f0466 ecap f020de
[    0.188532] DMAR: DRHD base: 0x000000d3ffc000 flags: 0x1
[    0.188538] DMAR: dmar1: reg_base_addr d3ffc000 ver 1:0 cap d2078c106f0466 ecap f020de
[    0.188542] DMAR: RMRR base: 0x0000007ba58000 end: 0x0000007ba67fff
[    0.188545] DMAR: ATSR flags: 0x0
[    0.188548] DMAR: RHSA base: 0x000000d3ffc000 proximity domain: 0x0
[    0.188551] DMAR: RHSA base: 0x000000fbffc000 proximity domain: 0x1
[    0.188554] DMAR-IR: IOAPIC id 3 under DRHD base  0xfbffc000 IOMMU 0
[    0.188557] DMAR-IR: IOAPIC id 1 under DRHD base  0xd3ffc000 IOMMU 1
[    0.188560] DMAR-IR: IOAPIC id 2 under DRHD base  0xd3ffc000 IOMMU 1
[    0.188562] DMAR-IR: HPET id 0 under DRHD base 0xd3ffc000
[    0.188565] DMAR-IR: x2apic is disabled because BIOS sets x2apic opt out bit.
[    0.188566] DMAR-IR: Use 'intremap=no_x2apic_optout' to override the BIOS setting.
[    0.189336] DMAR-IR: Enabled IRQ remapping in xapic mode
[    0.189340] x2apic: IRQ remapping doesn't support X2APIC mode
[    0.189345] Switched APIC routing to physical flat.
[    0.189988] ..TIMER: vector=0x30 apic1=0 pin1=2 apic2=-1 pin2=-1
[    0.208518] clocksource: tsc-early: mask: 0xffffffffffffffff max_cycles: 0x2297ff13fe0, max_idle_ns: 440795318291 ns
[    0.208526] Calibrating delay loop (skipped), value calculated using timer frequency.. 4799.88 BogoMIPS (lpj=9599760)
[    0.208552] CPU0: Thermal monitoring enabled (TM1)
[    0.208627] process: using mwait in idle threads
[    0.208632] Last level iTLB entries: 4KB 1024, 2MB 1024, 4MB 1024
[    0.208635] Last level dTLB entries: 4KB 1024, 2MB 1024, 4MB 1024, 1GB 4
[    0.208639] Spectre V1 : Mitigation: usercopy/swapgs barriers and __user pointer sanitization
[    0.208644] Spectre V2 : Mitigation: Retpolines
[    0.208646] Spectre V2 : Spectre v2 / SpectreRSB: Filling RSB on context switch and VMEXIT
[    0.208649] Spectre V2 : Enabling Restricted Speculation for firmware calls
[    0.208652] Spectre V2 : mitigation: Enabling conditional Indirect Branch Prediction Barrier
[    0.208656] Spectre V2 : User space: Mitigation: STIBP via seccomp and prctl
[    0.208659] Speculative Store Bypass: Mitigation: Speculative Store Bypass disabled via prctl and seccomp
[    0.208666] MDS: Mitigation: Clear CPU buffers
[    0.208668] MMIO Stale Data: Mitigation: Clear CPU buffers
[    0.208671] VMSCAPE: Mitigation: IBPB before exit to userspace
[    0.208679] x86/fpu: Supporting XSAVE feature 0x001: 'x87 floating point registers'
[    0.208682] x86/fpu: Supporting XSAVE feature 0x002: 'SSE registers'
[    0.208685] x86/fpu: Supporting XSAVE feature 0x004: 'AVX registers'
[    0.208688] x86/fpu: xstate_offset[2]:  576, xstate_sizes[2]:  256
[    0.208691] x86/fpu: Enabled xstate features 0x7, context size is 832 bytes, using 'standard' format.
[    0.231662] Freeing SMP alternatives memory: 44K
[    0.231668] pid_max: default: 32768 minimum: 301
[    0.234314] LSM: Security Framework initializing
[    0.234331] landlock: Up and running.
[    0.234333] Yama: becoming mindful.
[    0.234363] AppArmor: AppArmor initialized
[    0.234468] Mount-cache hash table entries: 32768 (order: 6, 262144 bytes, linear)
[    0.234528] Mountpoint-cache hash table entries: 32768 (order: 6, 262144 bytes, linear)
[    0.235174] smpboot: Estimated ratio of average max frequency by base frequency (times 1024): 1194
[    0.235186] smpboot: CPU0: Intel(R) Xeon(R) CPU E5-2620 v3 @ 2.40GHz (family: 0x6, model: 0x3f, stepping: 0x2)
[    0.235403] Performance Events: PEBS fmt2+, Haswell events, 16-deep LBR, full-width counters, Intel PMU driver.
[    0.235439] ... version:                3
[    0.235441] ... bit width:              48
[    0.235443] ... generic registers:      4
[    0.235444] ... value mask:             0000ffffffffffff
[    0.235447] ... max period:             00007fffffffffff
[    0.235449] ... fixed-purpose events:   3
[    0.235451] ... event mask:             000000070000000f
[    0.235568] signal: max sigframe size: 1776
[    0.235592] rcu: Hierarchical SRCU implementation.
[    0.236523] NMI watchdog: Enabled. Permanently consumes one hw-PMU counter.
[    0.236523] smp: Bringing up secondary CPUs ...
[    0.236523] x86: Booting SMP configuration:
[    0.236523] .... node  #0, CPUs:        #1  #2  #3  #4  #5
[    0.257058] .... node  #1, CPUs:    #6
[    0.004851] smpboot: CPU 6 Converting physical 0 to logical die 1
[    0.344669]   #7  #8  #9 #10 #11
[    0.363941] .... node  #0, CPUs:   #12
[    0.365236] MDS CPU bug present and SMT on, data leak possible. See https://www.kernel.org/doc/html/latest/admin-guide/hw-vuln/mds.html for more details.
[    0.365236] MMIO Stale Data CPU bug present and SMT on, data leak possible. See https://www.kernel.org/doc/html/latest/admin-guide/hw-vuln/processor_mmio_stale_data.html for more details.
[    0.365236] VMSCAPE: SMT on, STIBP is required for full protection. See https://www.kernel.org/doc/html/latest/admin-guide/hw-vuln/vmscape.html for more details.
[    0.365236]  #13 #14 #15 #16 #17
[    0.369443] .... node  #1, CPUs:   #18 #19 #20 #21 #22 #23
[    0.377521] smp: Brought up 2 nodes, 24 CPUs
[    0.377521] smpboot: Max logical packages: 2
[    0.377521] smpboot: Total of 24 processors activated (115217.85 BogoMIPS)
[    0.381969] devtmpfs: initialized
[    0.381969] x86/mm: Memory block size: 128MB
[    0.381990] ACPI: PM: Registering ACPI NVS region [mem 0x79428000-0x79ce2fff] (9154560 bytes)
[    0.381990] clocksource: jiffies: mask: 0xffffffff max_cycles: 0xffffffff, max_idle_ns: 7645041785100000 ns
[    0.381990] futex hash table entries: 8192 (order: 7, 524288 bytes, linear)
[    0.381990] pinctrl core: initialized pinctrl subsystem
[    0.381990] PM: RTC time: 17:24:46, date: 2026-06-29
[    0.381990] NET: Registered PF_NETLINK/PF_ROUTE protocol family
[    0.384972] DMA: preallocated 2048 KiB GFP_KERNEL pool for atomic allocations
[    0.385415] DMA: preallocated 2048 KiB GFP_KERNEL|GFP_DMA pool for atomic allocations
[    0.385854] DMA: preallocated 2048 KiB GFP_KERNEL|GFP_DMA32 pool for atomic allocations
[    0.385866] audit: initializing netlink subsys (disabled)
[    0.385875] audit: type=2000 audit(1782753886.196:1): state=initialized audit_enabled=0 res=1
[    0.385875] thermal_sys: Registered thermal governor 'fair_share'
[    0.385875] thermal_sys: Registered thermal governor 'bang_bang'
[    0.385875] thermal_sys: Registered thermal governor 'step_wise'
[    0.385875] thermal_sys: Registered thermal governor 'user_space'
[    0.385875] thermal_sys: Registered thermal governor 'power_allocator'
[    0.385875] cpuidle: using governor ladder
[    0.385875] cpuidle: using governor menu
[    0.385875] ACPI: bus type PCI registered
[    0.385875] acpiphp: ACPI Hot Plug PCI Controller Driver version: 0.5
[    0.385875] PCI: MMCONFIG for domain 0000 [bus 00-ff] at [mem 0x80000000-0x8fffffff] (base 0x80000000)
[    0.385875] PCI: MMCONFIG at [mem 0x80000000-0x8fffffff] reserved in E820
[    0.385875] PCI: Using configuration type 1 for base access
[    0.385875] core: PMU erratum BJ122, BV98, HSD29 worked around, HT is on
[    0.389387] kprobes: kprobe jump-optimization is enabled. All kprobes are optimized if possible.
[    0.389397] HugeTLB registered 1.00 GiB page size, pre-allocated 0 pages
[    0.389397] HugeTLB registered 2.00 MiB page size, pre-allocated 0 pages
[    0.389397] fbcon: Taking over console
[    0.389397] ACPI: Added _OSI(Module Device)
[    0.389397] ACPI: Added _OSI(Processor Device)
[    0.389397] ACPI: Added _OSI(Processor Aggregator Device)
[    0.389397] ACPI: Added _OSI(Linux-Dell-Video)
[    0.389397] ACPI: Added _OSI(Linux-Lenovo-NV-HDMI-Audio)
[    0.389397] ACPI: Added _OSI(Linux-HPI-Hybrid-Graphics)
[    0.458725] ACPI: 4 ACPI AML tables successfully acquired and loaded
[    0.463685] ACPI: [Firmware Bug]: BIOS _OSI(Linux) query ignored
[    0.472708] ACPI: Dynamic OEM Table Load:
[    0.514690] ACPI: Interpreter enabled
[    0.514711] ACPI: PM: (supports S0 S3 S4 S5)
[    0.514713] ACPI: Using IOAPIC for interrupt routing
[    0.514743] HEST: Enabling Firmware First mode for corrected errors.
[    0.515012] HEST: Table parsing has been initialized.
[    0.515258] GHES: APEI firmware first mode is enabled by APEI bit and WHEA _OSC.
[    0.515265] PCI: Using host bridge windows from ACPI; if necessary, use "pci=nocrs" and report a bug
[    0.515268] PCI: Using E820 reservations for host bridge windows
[    0.516332] ACPI: Enabled 6 GPEs in block 00 to 3F
[    0.567471] ACPI: PCI Root Bridge [UNC1] (domain 0000 [bus ff])
[    0.567482] acpi PNP0A03:02: _OSC: OS supports [ExtendedConfig ASPM ClockPM Segments MSI EDR HPX-Type3]
[    0.570358] acpi PNP0A03:02: _OSC: platform does not support [SHPCHotplug AER LTR DPC]
[    0.571820] acpi PNP0A03:02: _OSC: OS now controls [PCIeHotplug PME PCIeCapability]
[    0.571870] PCI host bridge to bus 0000:ff
[    0.571873] pci_bus 0000:ff: Unknown NUMA node; performance will be reduced
[    0.571877] pci_bus 0000:ff: root bus resource [bus ff]
[    0.571893] pci 0000:ff:08.0: [8086:2f80] type 00 class 0x088000
[    0.571996] pci 0000:ff:08.2: [8086:2f32] type 00 class 0x110100
[    0.572082] pci 0000:ff:08.3: [8086:2f83] type 00 class 0x088000
[    0.572171] pci 0000:ff:09.0: [8086:2f90] type 00 class 0x088000
[    0.572254] pci 0000:ff:09.2: [8086:2f33] type 00 class 0x110100
[    0.572342] pci 0000:ff:09.3: [8086:2f93] type 00 class 0x088000
[    0.572429] pci 0000:ff:0b.0: [8086:2f81] type 00 class 0x088000
[    0.572516] pci 0000:ff:0b.1: [8086:2f36] type 00 class 0x110100
[    0.576599] pci 0000:ff:0b.2: [8086:2f37] type 00 class 0x110100
[    0.576682] pci 0000:ff:0c.0: [8086:2fe0] type 00 class 0x088000
[    0.576761] pci 0000:ff:0c.1: [8086:2fe1] type 00 class 0x088000
[    0.576844] pci 0000:ff:0c.2: [8086:2fe2] type 00 class 0x088000
[    0.576923] pci 0000:ff:0c.3: [8086:2fe3] type 00 class 0x088000
[    0.577002] pci 0000:ff:0c.4: [8086:2fe4] type 00 class 0x088000
[    0.577082] pci 0000:ff:0c.5: [8086:2fe5] type 00 class 0x088000
[    0.577172] pci 0000:ff:0f.0: [8086:2ff8] type 00 class 0x088000
[    0.577251] pci 0000:ff:0f.1: [8086:2ff9] type 00 class 0x088000
[    0.577332] pci 0000:ff:0f.4: [8086:2ffc] type 00 class 0x088000
[    0.577412] pci 0000:ff:0f.5: [8086:2ffd] type 00 class 0x088000
[    0.577491] pci 0000:ff:0f.6: [8086:2ffe] type 00 class 0x088000
[    0.577572] pci 0000:ff:10.0: [8086:2f1d] type 00 class 0x088000
[    0.577651] pci 0000:ff:10.1: [8086:2f34] type 00 class 0x110100
[    0.577732] pci 0000:ff:10.5: [8086:2f1e] type 00 class 0x088000
[    0.577819] pci 0000:ff:10.6: [8086:2f7d] type 00 class 0x110100
[    0.577897] pci 0000:ff:10.7: [8086:2f1f] type 00 class 0x088000
[    0.577976] pci 0000:ff:12.0: [8086:2fa0] type 00 class 0x088000
[    0.578058] pci 0000:ff:12.1: [8086:2f30] type 00 class 0x110100
[    0.578146] pci 0000:ff:13.0: [8086:2fa8] type 00 class 0x088000
[    0.578231] pci 0000:ff:13.1: [8086:2f71] type 00 class 0x088000
[    0.578317] pci 0000:ff:13.2: [8086:2faa] type 00 class 0x088000
[    0.578403] pci 0000:ff:13.3: [8086:2fab] type 00 class 0x088000
[    0.578496] pci 0000:ff:13.4: [8086:2fac] type 00 class 0x088000
[    0.578589] pci 0000:ff:13.5: [8086:2fad] type 00 class 0x088000
[    0.578674] pci 0000:ff:13.6: [8086:2fae] type 00 class 0x088000
[    0.578756] pci 0000:ff:13.7: [8086:2faf] type 00 class 0x088000
[    0.578838] pci 0000:ff:14.0: [8086:2fb0] type 00 class 0x088000
[    0.578924] pci 0000:ff:14.1: [8086:2fb1] type 00 class 0x088000
[    0.579011] pci 0000:ff:14.2: [8086:2fb2] type 00 class 0x088000
[    0.579098] pci 0000:ff:14.3: [8086:2fb3] type 00 class 0x088000
[    0.579190] pci 0000:ff:14.4: [8086:2fbc] type 00 class 0x088000
[    0.579272] pci 0000:ff:14.5: [8086:2fbd] type 00 class 0x088000
[    0.579356] pci 0000:ff:14.6: [8086:2fbe] type 00 class 0x088000
[    0.579438] pci 0000:ff:14.7: [8086:2fbf] type 00 class 0x088000
[    0.579524] pci 0000:ff:15.0: [8086:2fb4] type 00 class 0x088000
[    0.579610] pci 0000:ff:15.1: [8086:2fb5] type 00 class 0x088000
[    0.579695] pci 0000:ff:15.2: [8086:2fb6] type 00 class 0x088000
[    0.579783] pci 0000:ff:15.3: [8086:2fb7] type 00 class 0x088000
[    0.579879] pci 0000:ff:16.0: [8086:2f68] type 00 class 0x088000
[    0.579966] pci 0000:ff:16.6: [8086:2f6e] type 00 class 0x088000
[    0.580048] pci 0000:ff:16.7: [8086:2f6f] type 00 class 0x088000
[    0.580132] pci 0000:ff:17.0: [8086:2fd0] type 00 class 0x088000
[    0.580217] pci 0000:ff:17.4: [8086:2fb8] type 00 class 0x088000
[    0.580299] pci 0000:ff:17.5: [8086:2fb9] type 00 class 0x088000
[    0.580382] pci 0000:ff:17.6: [8086:2fba] type 00 class 0x088000
[    0.580464] pci 0000:ff:17.7: [8086:2fbb] type 00 class 0x088000
[    0.580464] pci 0000:ff:1e.0: [8086:2f98] type 00 class 0x088000
[    0.580464] pci 0000:ff:1e.1: [8086:2f99] type 00 class 0x088000
[    0.580464] pci 0000:ff:1e.2: [8086:2f9a] type 00 class 0x088000
[    0.580464] pci 0000:ff:1e.3: [8086:2fc0] type 00 class 0x088000
[    0.580464] pci 0000:ff:1e.4: [8086:2f9c] type 00 class 0x088000
[    0.580464] pci 0000:ff:1f.0: [8086:2f88] type 00 class 0x088000
[    0.580464] pci 0000:ff:1f.2: [8086:2f8a] type 00 class 0x088000
[    0.580464] ACPI: PCI Root Bridge [UNC0] (domain 0000 [bus 7f])
[    0.580464] acpi PNP0A03:03: _OSC: OS supports [ExtendedConfig ASPM ClockPM Segments MSI EDR HPX-Type3]
[    0.580464] acpi PNP0A03:03: _OSC: platform does not support [SHPCHotplug AER LTR DPC]
[    0.580464] acpi PNP0A03:03: _OSC: OS now controls [PCIeHotplug PME PCIeCapability]
[    0.580464] PCI host bridge to bus 0000:7f
[    0.580464] pci_bus 0000:7f: Unknown NUMA node; performance will be reduced
[    0.580464] pci_bus 0000:7f: root bus resource [bus 7f]
[    0.580464] pci 0000:7f:08.0: [8086:2f80] type 00 class 0x088000
[    0.580464] pci 0000:7f:08.2: [8086:2f32] type 00 class 0x110100
[    0.580464] pci 0000:7f:08.3: [8086:2f83] type 00 class 0x088000
[    0.580464] pci 0000:7f:09.0: [8086:2f90] type 00 class 0x088000
[    0.580464] pci 0000:7f:09.2: [8086:2f33] type 00 class 0x110100
[    0.580464] pci 0000:7f:09.3: [8086:2f93] type 00 class 0x088000
[    0.580464] pci 0000:7f:0b.0: [8086:2f81] type 00 class 0x088000
[    0.580464] pci 0000:7f:0b.1: [8086:2f36] type 00 class 0x110100
[    0.580464] pci 0000:7f:0b.2: [8086:2f37] type 00 class 0x110100
[    0.580464] pci 0000:7f:0c.0: [8086:2fe0] type 00 class 0x088000
[    0.580464] pci 0000:7f:0c.1: [8086:2fe1] type 00 class 0x088000
[    0.580479] pci 0000:7f:0c.2: [8086:2fe2] type 00 class 0x088000
[    0.580559] pci 0000:7f:0c.3: [8086:2fe3] type 00 class 0x088000
[    0.580636] pci 0000:7f:0c.4: [8086:2fe4] type 00 class 0x088000
[    0.580717] pci 0000:7f:0c.5: [8086:2fe5] type 00 class 0x088000
[    0.580795] pci 0000:7f:0f.0: [8086:2ff8] type 00 class 0x088000
[    0.580871] pci 0000:7f:0f.1: [8086:2ff9] type 00 class 0x088000
[    0.580955] pci 0000:7f:0f.4: [8086:2ffc] type 00 class 0x088000
[    0.581032] pci 0000:7f:0f.5: [8086:2ffd] type 00 class 0x088000
[    0.581108] pci 0000:7f:0f.6: [8086:2ffe] type 00 class 0x088000
[    0.581185] pci 0000:7f:10.0: [8086:2f1d] type 00 class 0x088000
[    0.581261] pci 0000:7f:10.1: [8086:2f34] type 00 class 0x110100
[    0.581340] pci 0000:7f:10.5: [8086:2f1e] type 00 class 0x088000
[    0.581415] pci 0000:7f:10.6: [8086:2f7d] type 00 class 0x110100
[    0.581490] pci 0000:7f:10.7: [8086:2f1f] type 00 class 0x088000
[    0.581573] pci 0000:7f:12.0: [8086:2fa0] type 00 class 0x088000
[    0.581652] pci 0000:7f:12.1: [8086:2f30] type 00 class 0x110100
[    0.581735] pci 0000:7f:13.0: [8086:2fa8] type 00 class 0x088000
[    0.581817] pci 0000:7f:13.1: [8086:2f71] type 00 class 0x088000
[    0.581899] pci 0000:7f:13.2: [8086:2faa] type 00 class 0x088000
[    0.581980] pci 0000:7f:13.3: [8086:2fab] type 00 class 0x088000
[    0.582063] pci 0000:7f:13.4: [8086:2fac] type 00 class 0x088000
[    0.582144] pci 0000:7f:13.5: [8086:2fad] type 00 class 0x088000
[    0.582232] pci 0000:7f:13.6: [8086:2fae] type 00 class 0x088000
[    0.582311] pci 0000:7f:13.7: [8086:2faf] type 00 class 0x088000
[    0.582390] pci 0000:7f:14.0: [8086:2fb0] type 00 class 0x088000
[    0.582473] pci 0000:7f:14.1: [8086:2fb1] type 00 class 0x088000
[    0.582555] pci 0000:7f:14.2: [8086:2fb2] type 00 class 0x088000
[    0.582637] pci 0000:7f:14.3: [8086:2fb3] type 00 class 0x088000
[    0.582718] pci 0000:7f:14.4: [8086:2fbc] type 00 class 0x088000
[    0.582797] pci 0000:7f:14.5: [8086:2fbd] type 00 class 0x088000
[    0.582884] pci 0000:7f:14.6: [8086:2fbe] type 00 class 0x088000
[    0.582965] pci 0000:7f:14.7: [8086:2fbf] type 00 class 0x088000
[    0.583045] pci 0000:7f:15.0: [8086:2fb4] type 00 class 0x088000
[    0.583129] pci 0000:7f:15.1: [8086:2fb5] type 00 class 0x088000
[    0.583213] pci 0000:7f:15.2: [8086:2fb6] type 00 class 0x088000
[    0.583295] pci 0000:7f:15.3: [8086:2fb7] type 00 class 0x088000
[    0.583380] pci 0000:7f:16.0: [8086:2f68] type 00 class 0x088000
[    0.583462] pci 0000:7f:16.6: [8086:2f6e] type 00 class 0x088000
[    0.583548] pci 0000:7f:16.7: [8086:2f6f] type 00 class 0x088000
[    0.583629] pci 0000:7f:17.0: [8086:2fd0] type 00 class 0x088000
[    0.583710] pci 0000:7f:17.4: [8086:2fb8] type 00 class 0x088000
[    0.583789] pci 0000:7f:17.5: [8086:2fb9] type 00 class 0x088000
[    0.583868] pci 0000:7f:17.6: [8086:2fba] type 00 class 0x088000
[    0.583948] pci 0000:7f:17.7: [8086:2fbb] type 00 class 0x088000
[    0.584032] pci 0000:7f:1e.0: [8086:2f98] type 00 class 0x088000
[    0.584110] pci 0000:7f:1e.1: [8086:2f99] type 00 class 0x088000
[    0.584194] pci 0000:7f:1e.2: [8086:2f9a] type 00 class 0x088000
[    0.584272] pci 0000:7f:1e.3: [8086:2fc0] type 00 class 0x088000
[    0.584320] pci 0000:7f:1e.4: [8086:2f9c] type 00 class 0x088000
[    0.584400] pci 0000:7f:1f.0: [8086:2f88] type 00 class 0x088000
[    0.584478] pci 0000:7f:1f.2: [8086:2f8a] type 00 class 0x088000
[    0.598107] ACPI: PCI Root Bridge [PCI0] (domain 0000 [bus 00-7e])
[    0.598116] acpi PNP0A08:00: _OSC: OS supports [ExtendedConfig ASPM ClockPM Segments MSI EDR HPX-Type3]
[    0.598748] acpi PNP0A08:00: _OSC: platform does not support [SHPCHotplug AER LTR DPC]
[    0.599721] acpi PNP0A08:00: _OSC: OS now controls [PCIeHotplug PME PCIeCapability]
[    0.600162] PCI host bridge to bus 0000:00
[    0.600166] pci_bus 0000:00: root bus resource [io  0x0000-0x0cf7 window]
[    0.600170] pci_bus 0000:00: root bus resource [io  0x1000-0x7fff window]
[    0.600173] pci_bus 0000:00: root bus resource [mem 0x000a0000-0x000bffff window]
[    0.600177] pci_bus 0000:00: root bus resource [mem 0xfedb0000-0xfedb000f window]
[    0.600180] pci_bus 0000:00: root bus resource [mem 0xfedc0000-0xfedc000f window]
[    0.600183] pci_bus 0000:00: root bus resource [mem 0x90000000-0xd3ffbfff window]
[    0.600186] pci_bus 0000:00: root bus resource [mem 0x380000000000-0x383fffffffff window]
[    0.600190] pci_bus 0000:00: root bus resource [bus 00-7e]
[    0.600351] pci 0000:00:00.0: [8086:2f00] type 00 class 0x060000
[    0.600660] pci 0000:00:01.0: [8086:2f02] type 01 class 0x060400
[    0.600740] pci 0000:00:01.0: PME# supported from D0 D3hot D3cold
[    0.601144] pci 0000:00:02.0: [8086:2f04] type 01 class 0x060400
[    0.601223] pci 0000:00:02.0: PME# supported from D0 D3hot D3cold
[    0.601626] pci 0000:00:03.0: [8086:2f08] type 01 class 0x060400
[    0.601704] pci 0000:00:03.0: PME# supported from D0 D3hot D3cold
[    0.602088] pci 0000:00:04.0: [8086:2f20] type 00 class 0x088000
[    0.602144] pci 0000:00:04.0: reg 0x10: [mem 0x383ffff20000-0x383ffff23fff 64bit]
[    0.602382] pci 0000:00:04.1: [8086:2f21] type 00 class 0x088000
[    0.602437] pci 0000:00:04.1: reg 0x10: [mem 0x383ffff1c000-0x383ffff1ffff 64bit]
[    0.602670] pci 0000:00:04.2: [8086:2f22] type 00 class 0x088000
[    0.602725] pci 0000:00:04.2: reg 0x10: [mem 0x383ffff18000-0x383ffff1bfff 64bit]
[    0.602955] pci 0000:00:04.3: [8086:2f23] type 00 class 0x088000
[    0.603010] pci 0000:00:04.3: reg 0x10: [mem 0x383ffff14000-0x383ffff17fff 64bit]
[    0.603241] pci 0000:00:04.4: [8086:2f24] type 00 class 0x088000
[    0.603295] pci 0000:00:04.4: reg 0x10: [mem 0x383ffff10000-0x383ffff13fff 64bit]
[    0.603527] pci 0000:00:04.5: [8086:2f25] type 00 class 0x088000
[    0.603582] pci 0000:00:04.5: reg 0x10: [mem 0x383ffff0c000-0x383ffff0ffff 64bit]
[    0.603813] pci 0000:00:04.6: [8086:2f26] type 00 class 0x088000
[    0.603867] pci 0000:00:04.6: reg 0x10: [mem 0x383ffff08000-0x383ffff0bfff 64bit]
[    0.604106] pci 0000:00:04.7: [8086:2f27] type 00 class 0x088000
[    0.604161] pci 0000:00:04.7: reg 0x10: [mem 0x383ffff04000-0x383ffff07fff 64bit]
[    0.604321] pci 0000:00:05.0: [8086:2f28] type 00 class 0x088000
[    0.604648] pci 0000:00:05.1: [8086:2f29] type 00 class 0x088000
[    0.604862] pci 0000:00:05.2: [8086:2f2a] type 00 class 0x088000
[    0.605114] pci 0000:00:05.4: [8086:2f2c] type 00 class 0x080020
[    0.605168] pci 0000:00:05.4: reg 0x10: [mem 0xd0617000-0xd0617fff]
[    0.605456] pci 0000:00:11.0: [8086:8d7c] type 00 class 0xff0000
[    0.605799] pci 0000:00:11.4: [8086:8d62] type 00 class 0x010601
[    0.605872] pci 0000:00:11.4: reg 0x10: [io  0x7110-0x7117]
[    0.605877] pci 0000:00:11.4: reg 0x14: [io  0x7100-0x7103]
[    0.605880] pci 0000:00:11.4: reg 0x18: [io  0x70f0-0x70f7]
[    0.605884] pci 0000:00:11.4: reg 0x1c: [io  0x70e0-0x70e3]
[    0.605887] pci 0000:00:11.4: reg 0x20: [io  0x7020-0x703f]
[    0.605891] pci 0000:00:11.4: reg 0x24: [mem 0xd0616000-0xd06167ff]
[    0.605928] pci 0000:00:11.4: PME# supported from D3hot
[    0.606153] pci 0000:00:14.0: [8086:8d31] type 00 class 0x0c0330
[    0.606223] pci 0000:00:14.0: reg 0x10: [mem 0xd0600000-0xd060ffff 64bit]
[    0.606253] pci 0000:00:14.0: PME# supported from D3hot D3cold
[    0.606480] pci 0000:00:16.0: [8086:8d3a] type 00 class 0x078000
[    0.606551] pci 0000:00:16.0: reg 0x10: [mem 0xd0615000-0xd061500f 64bit]
[    0.606585] pci 0000:00:16.0: PME# supported from D0 D3hot D3cold
[    0.606805] pci 0000:00:16.1: [8086:8d3b] type 00 class 0x078000
[    0.606875] pci 0000:00:16.1: reg 0x10: [mem 0xd0614000-0xd061400f 64bit]
[    0.606910] pci 0000:00:16.1: PME# supported from D0 D3hot D3cold
[    0.607139] pci 0000:00:1a.0: [8086:8d2d] type 00 class 0x0c0320
[    0.607216] pci 0000:00:1a.0: reg 0x10: [mem 0xd0612000-0xd06123ff]
[    0.607261] pci 0000:00:1a.0: PME# supported from D0 D3hot D3cold
[    0.607487] pci 0000:00:1b.0: [8086:8d20] type 00 class 0x040300
[    0.607552] pci 0000:00:1b.0: reg 0x10: [mem 0x383ffff00000-0x383ffff03fff 64bit]
[    0.607601] pci 0000:00:1b.0: PME# supported from D0 D3hot D3cold
[    0.607828] pci 0000:00:1c.0: [8086:8d10] type 01 class 0x060400
[    0.607928] pci 0000:00:1c.0: PME# supported from D0 D3hot D3cold
[    0.608175] pci 0000:00:1c.3: [8086:8d16] type 01 class 0x060400
[    0.608278] pci 0000:00:1c.3: PME# supported from D0 D3hot D3cold
[    0.608517] pci 0000:00:1c.4: [8086:8d18] type 01 class 0x060400
[    0.608631] pci 0000:00:1c.4: PME# supported from D0 D3hot D3cold
[    0.609022] pci 0000:00:1d.0: [8086:8d26] type 00 class 0x0c0320
[    0.609100] pci 0000:00:1d.0: reg 0x10: [mem 0xd0611000-0xd06113ff]
[    0.609147] pci 0000:00:1d.0: PME# supported from D0 D3hot D3cold
[    0.609393] pci 0000:00:1f.0: [8086:8d44] type 00 class 0x060100
[    0.609724] pci 0000:00:1f.2: [8086:8d02] type 00 class 0x010601
[    0.609791] pci 0000:00:1f.2: reg 0x10: [io  0x7070-0x7077]
[    0.609795] pci 0000:00:1f.2: reg 0x14: [io  0x7060-0x7063]
[    0.609798] pci 0000:00:1f.2: reg 0x18: [io  0x7050-0x7057]
[    0.609802] pci 0000:00:1f.2: reg 0x1c: [io  0x7040-0x7043]
[    0.609805] pci 0000:00:1f.2: reg 0x20: [io  0x7000-0x701f]
[    0.609808] pci 0000:00:1f.2: reg 0x24: [mem 0xd0610000-0xd06107ff]
[    0.609840] pci 0000:00:1f.2: PME# supported from D3hot
[    0.610053] pci 0000:00:1f.3: [8086:8d22] type 00 class 0x0c0500
[    0.610117] pci 0000:00:1f.3: reg 0x10: [mem 0x383ffff25000-0x383ffff250ff 64bit]
[    0.610123] pci 0000:00:1f.3: reg 0x20: [io  0x0580-0x059f]
[    0.610402] acpiphp: Slot [10] registered
[    0.610490] pci 0000:01:00.0: [c0a9:5403] type 00 class 0x010802
[    0.610563] pci 0000:01:00.0: reg 0x10: [mem 0xd0500000-0xd0503fff 64bit]
[    0.610759] pci 0000:00:01.0: PCI bridge to [bus 01]
[    0.610765] pci 0000:00:01.0:   bridge window [mem 0xd0500000-0xd05fffff]
[    0.611026] pci 0000:02:00.0: [1022:1470] type 01 class 0x060400
[    0.611066] pci 0000:02:00.0: reg 0x10: [mem 0xd0400000-0xd0403fff]
[    0.611085] pci 0000:02:00.0: enabling Extended Tags
[    0.611155] pci 0000:02:00.0: PME# supported from D0 D3hot D3cold
[    0.611272] pci 0000:00:02.0: PCI bridge to [bus 02-04]
[    0.611277] pci 0000:00:02.0:   bridge window [mem 0xd0300000-0xd04fffff]
[    0.611282] pci 0000:00:02.0:   bridge window [mem 0x383800000000-0x383c001fffff 64bit pref]
[    0.611328] pci 0000:03:00.0: [1022:1471] type 01 class 0x060400
[    0.611383] pci 0000:03:00.0: enabling Extended Tags
[    0.611448] pci 0000:03:00.0: PME# supported from D0 D3hot D3cold
[    0.611531] pci 0000:02:00.0: PCI bridge to [bus 03-04]
[    0.611539] pci 0000:02:00.0:   bridge window [mem 0xd0300000-0xd03fffff]
[    0.611544] pci 0000:02:00.0:   bridge window [mem 0x383800000000-0x383c001fffff 64bit pref]
[    0.611596] pci 0000:04:00.0: [1002:6860] type 00 class 0x030000
[    0.611655] pci 0000:04:00.0: reg 0x10: [mem 0x383800000000-0x383bffffffff 64bit pref]
[    0.611660] pci 0000:04:00.0: reg 0x18: [mem 0x383c00000000-0x383c001fffff 64bit pref]
[    0.611665] pci 0000:04:00.0: reg 0x24: [mem 0xd0300000-0xd037ffff]
[    0.611668] pci 0000:04:00.0: reg 0x30: [mem 0xd0380000-0xd039ffff pref]
[    0.611675] pci 0000:04:00.0: enabling Extended Tags
[    0.611751] pci 0000:04:00.0: PME# supported from D1 D2 D3hot D3cold
[    0.611789] pci 0000:04:00.0: reg 0x354: [mem 0x00000000-0x0fffffff 64bit pref]
[    0.611793] pci 0000:04:00.0: VF(n) BAR0 space: [mem 0x00000000-0xffffffff 64bit pref] (contains BAR0 for 16 VFs)
[    0.611799] pci 0000:04:00.0: reg 0x35c: [mem 0x00000000-0x001fffff 64bit pref]
[    0.611802] pci 0000:04:00.0: VF(n) BAR2 space: [mem 0x00000000-0x01ffffff 64bit pref] (contains BAR2 for 16 VFs)
[    0.611807] pci 0000:04:00.0: reg 0x368: [mem 0x00000000-0x0007ffff]
[    0.611810] pci 0000:04:00.0: VF(n) BAR5 space: [mem 0x00000000-0x007fffff] (contains BAR5 for 16 VFs)
[    0.611925] pci 0000:03:00.0: PCI bridge to [bus 04]
[    0.611932] pci 0000:03:00.0:   bridge window [mem 0xd0300000-0xd03fffff]
[    0.611938] pci 0000:03:00.0:   bridge window [mem 0x383800000000-0x383c001fffff 64bit pref]
[    0.612221] pci 0000:05:00.0: [1022:1470] type 01 class 0x060400
[    0.612261] pci 0000:05:00.0: reg 0x10: [mem 0xd0200000-0xd0203fff]
[    0.612281] pci 0000:05:00.0: enabling Extended Tags
[    0.612350] pci 0000:05:00.0: PME# supported from D0 D3hot D3cold
[    0.612471] pci 0000:00:03.0: PCI bridge to [bus 05-07]
[    0.612477] pci 0000:00:03.0:   bridge window [mem 0xd0100000-0xd02fffff]
[    0.612482] pci 0000:00:03.0:   bridge window [mem 0x383000000000-0x3834001fffff 64bit pref]
[    0.612530] pci 0000:06:00.0: [1022:1471] type 01 class 0x060400
[    0.612588] pci 0000:06:00.0: enabling Extended Tags
[    0.612654] pci 0000:06:00.0: PME# supported from D0 D3hot D3cold
[    0.612740] pci 0000:05:00.0: PCI bridge to [bus 06-07]
[    0.612748] pci 0000:05:00.0:   bridge window [mem 0xd0100000-0xd01fffff]
[    0.612753] pci 0000:05:00.0:   bridge window [mem 0x383000000000-0x3834001fffff 64bit pref]
[    0.612801] pci 0000:07:00.0: [1002:6860] type 00 class 0x030000
[    0.612860] pci 0000:07:00.0: reg 0x10: [mem 0x383000000000-0x3833ffffffff 64bit pref]
[    0.612865] pci 0000:07:00.0: reg 0x18: [mem 0x383400000000-0x3834001fffff 64bit pref]
[    0.612870] pci 0000:07:00.0: reg 0x24: [mem 0xd0100000-0xd017ffff]
[    0.612873] pci 0000:07:00.0: reg 0x30: [mem 0xd0180000-0xd019ffff pref]
[    0.612881] pci 0000:07:00.0: enabling Extended Tags
[    0.612956] pci 0000:07:00.0: PME# supported from D1 D2 D3hot D3cold
[    0.612994] pci 0000:07:00.0: reg 0x354: [mem 0x00000000-0x0fffffff 64bit pref]
[    0.612998] pci 0000:07:00.0: VF(n) BAR0 space: [mem 0x00000000-0xffffffff 64bit pref] (contains BAR0 for 16 VFs)
[    0.613003] pci 0000:07:00.0: reg 0x35c: [mem 0x00000000-0x001fffff 64bit pref]
[    0.613007] pci 0000:07:00.0: VF(n) BAR2 space: [mem 0x00000000-0x01ffffff 64bit pref] (contains BAR2 for 16 VFs)
[    0.613012] pci 0000:07:00.0: reg 0x368: [mem 0x00000000-0x0007ffff]
[    0.613015] pci 0000:07:00.0: VF(n) BAR5 space: [mem 0x00000000-0x007fffff] (contains BAR5 for 16 VFs)
[    0.613127] pci 0000:06:00.0: PCI bridge to [bus 07]
[    0.613134] pci 0000:06:00.0:   bridge window [mem 0xd0100000-0xd01fffff]
[    0.613139] pci 0000:06:00.0:   bridge window [mem 0x383000000000-0x3834001fffff 64bit pref]
[    0.613209] pci 0000:00:1c.0: PCI bridge to [bus 08]
[    0.613311] pci 0000:09:00.0: [1a03:1150] type 01 class 0x060400
[    0.613402] pci 0000:09:00.0: enabling Extended Tags
[    0.613488] pci 0000:09:00.0: supports D1 D2
[    0.613491] pci 0000:09:00.0: PME# supported from D0 D1 D2 D3hot D3cold
[    0.613608] pci 0000:09:00.0: disabling ASPM on pre-1.1 PCIe device.  You can enable it with 'pcie_aspm=force'
[    0.613623] pci 0000:00:1c.3: PCI bridge to [bus 09-0a]
[    0.613628] pci 0000:00:1c.3:   bridge window [io  0x6000-0x6fff]
[    0.613632] pci 0000:00:1c.3:   bridge window [mem 0xcf000000-0xd00fffff]
[    0.613687] pci_bus 0000:0a: extended config space not accessible
[    0.613727] pci 0000:0a:00.0: [1a03:2000] type 00 class 0x030000
[    0.613831] pci 0000:0a:00.0: reg 0x10: [mem 0xcf000000-0xcfffffff]
[    0.613836] pci 0000:0a:00.0: reg 0x14: [mem 0xd0000000-0xd001ffff]
[    0.613840] pci 0000:0a:00.0: reg 0x18: [io  0x6000-0x607f]
[    0.613862] pci 0000:0a:00.0: BAR 0: assigned to efifb
[    0.613874] pci 0000:0a:00.0: Video device with shadowed ROM at [mem 0x000c0000-0x000dffff]
[    0.613922] pci 0000:0a:00.0: supports D1 D2
[    0.613924] pci 0000:0a:00.0: PME# supported from D0 D1 D2 D3hot D3cold
[    0.614060] pci 0000:09:00.0: PCI bridge to [bus 0a]
[    0.614069] pci 0000:09:00.0:   bridge window [io  0x6000-0x6fff]
[    0.614075] pci 0000:09:00.0:   bridge window [mem 0xcf000000-0xd00fffff]
[    0.614173] pci 0000:00:1c.4: PCI bridge to [bus 0b-43]
[    0.614180] pci 0000:00:1c.4:   bridge window [mem 0xb8000000-0xce0fffff]
[    0.614187] pci 0000:00:1c.4:   bridge window [mem 0x90000000-0xb1ffffff 64bit pref]
[    0.614243] pci_bus 0000:00: on NUMA node 0
[    0.615283] ACPI: PCI Root Bridge [PCI1] (domain 0000 [bus 80-fe])
[    0.615291] acpi PNP0A08:01: _OSC: OS supports [ExtendedConfig ASPM ClockPM Segments MSI EDR HPX-Type3]
[    0.615914] acpi PNP0A08:01: _OSC: platform does not support [SHPCHotplug AER LTR DPC]
[    0.616523] acpi PNP0A08:01: _OSC: OS now controls [PCIeHotplug PME PCIeCapability]
[    0.616523] PCI host bridge to bus 0000:80
[    0.616523] pci_bus 0000:80: root bus resource [io  0x8000-0xffff window]
[    0.616523] pci_bus 0000:80: root bus resource [mem 0xd4000000-0xfbffbfff window]
[    0.616523] pci_bus 0000:80: root bus resource [mem 0x384000000000-0x387fffffffff window]
[    0.616523] pci_bus 0000:80: root bus resource [bus 80-fe]
[    0.616523] pci 0000:80:00.0: [8086:2f01] type 01 class 0x060400
[    0.616523] pci 0000:80:00.0: PME# supported from D0 D3hot D3cold
[    0.616523] pci 0000:80:02.0: [8086:2f04] type 01 class 0x060400
[    0.616523] pci 0000:80:02.0: PME# supported from D0 D3hot D3cold
[    0.616523] pci 0000:80:03.0: [8086:2f08] type 01 class 0x060400
[    0.616523] pci 0000:80:03.0: PME# supported from D0 D3hot D3cold
[    0.616523] pci 0000:80:04.0: [8086:2f20] type 00 class 0x088000
[    0.616523] pci 0000:80:04.0: reg 0x10: [mem 0x387ffff1c000-0x387ffff1ffff 64bit]
[    0.616523] pci 0000:80:04.1: [8086:2f21] type 00 class 0x088000
[    0.616523] pci 0000:80:04.1: reg 0x10: [mem 0x387ffff18000-0x387ffff1bfff 64bit]
[    0.616523] pci 0000:80:04.2: [8086:2f22] type 00 class 0x088000
[    0.616523] pci 0000:80:04.2: reg 0x10: [mem 0x387ffff14000-0x387ffff17fff 64bit]
[    0.616523] pci 0000:80:04.3: [8086:2f23] type 00 class 0x088000
[    0.616523] pci 0000:80:04.3: reg 0x10: [mem 0x387ffff10000-0x387ffff13fff 64bit]
[    0.616523] pci 0000:80:04.4: [8086:2f24] type 00 class 0x088000
[    0.616523] pci 0000:80:04.4: reg 0x10: [mem 0x387ffff0c000-0x387ffff0ffff 64bit]
[    0.616523] pci 0000:80:04.5: [8086:2f25] type 00 class 0x088000
[    0.616523] pci 0000:80:04.5: reg 0x10: [mem 0x387ffff08000-0x387ffff0bfff 64bit]
[    0.616523] pci 0000:80:04.6: [8086:2f26] type 00 class 0x088000
[    0.616523] pci 0000:80:04.6: reg 0x10: [mem 0x387ffff04000-0x387ffff07fff 64bit]
[    0.616523] pci 0000:80:04.7: [8086:2f27] type 00 class 0x088000
[    0.616523] pci 0000:80:04.7: reg 0x10: [mem 0x387ffff00000-0x387ffff03fff 64bit]
[    0.616523] pci 0000:80:05.0: [8086:2f28] type 00 class 0x088000
[    0.616523] pci 0000:80:05.1: [8086:2f29] type 00 class 0x088000
[    0.616523] pci 0000:80:05.2: [8086:2f2a] type 00 class 0x088000
[    0.620551] pci 0000:80:05.4: [8086:2f2c] type 00 class 0x080020
[    0.620608] pci 0000:80:05.4: reg 0x10: [mem 0xfbf00000-0xfbf00fff]
[    0.621617] pci 0000:81:00.0: [8086:1521] type 00 class 0x020000
[    0.622436] pci 0000:81:00.0: reg 0x10: [mem 0xfbe20000-0xfbe3ffff]
[    0.622480] pci 0000:81:00.0: reg 0x18: [io  0xf020-0xf03f]
[    0.622503] pci 0000:81:00.0: reg 0x1c: [mem 0xfbe44000-0xfbe47fff]
[    0.628842] pci 0000:81:00.0: PME# supported from D0 D3hot D3cold
[    0.629836] pci 0000:81:00.0: reg 0x184: [mem 0x00000000-0x00003fff 64bit pref]
[    0.629840] pci 0000:81:00.0: VF(n) BAR0 space: [mem 0x00000000-0x0001ffff 64bit pref] (contains BAR0 for 8 VFs)
[    0.629905] pci 0000:81:00.0: reg 0x190: [mem 0x00000000-0x00003fff 64bit pref]
[    0.629908] pci 0000:81:00.0: VF(n) BAR3 space: [mem 0x00000000-0x0001ffff 64bit pref] (contains BAR3 for 8 VFs)
[    0.632304] pci 0000:81:00.1: [8086:1521] type 00 class 0x020000
[    0.633112] pci 0000:81:00.1: reg 0x10: [mem 0xfbe00000-0xfbe1ffff]
[    0.633156] pci 0000:81:00.1: reg 0x18: [io  0xf000-0xf01f]
[    0.633178] pci 0000:81:00.1: reg 0x1c: [mem 0xfbe40000-0xfbe43fff]
[    0.634817] pci 0000:81:00.1: PME# supported from D0 D3hot D3cold
[    0.635733] pci 0000:81:00.1: reg 0x184: [mem 0x00000000-0x00003fff 64bit pref]
[    0.635737] pci 0000:81:00.1: VF(n) BAR0 space: [mem 0x00000000-0x0001ffff 64bit pref] (contains BAR0 for 8 VFs)
[    0.635802] pci 0000:81:00.1: reg 0x190: [mem 0x00000000-0x00003fff 64bit pref]
[    0.635805] pci 0000:81:00.1: VF(n) BAR3 space: [mem 0x00000000-0x0001ffff 64bit pref] (contains BAR3 for 8 VFs)
[    0.637644] pci 0000:80:00.0: ASPM: current common clock configuration is inconsistent, reconfiguring
[    0.648659] pci 0000:80:00.0: PCI bridge to [bus 81]
[    0.648664] pci 0000:80:00.0:   bridge window [io  0xf000-0xffff]
[    0.648668] pci 0000:80:00.0:   bridge window [mem 0xfbe00000-0xfbefffff]
[    0.648947] pci 0000:82:00.0: [1022:1470] type 01 class 0x060400
[    0.648988] pci 0000:82:00.0: reg 0x10: [mem 0xfbd00000-0xfbd03fff]
[    0.649009] pci 0000:82:00.0: enabling Extended Tags
[    0.649083] pci 0000:82:00.0: PME# supported from D0 D3hot D3cold
[    0.649207] pci 0000:80:02.0: PCI bridge to [bus 82-84]
[    0.649213] pci 0000:80:02.0:   bridge window [mem 0xfbc00000-0xfbdfffff]
[    0.649218] pci 0000:80:02.0:   bridge window [mem 0x387800000000-0x387c001fffff 64bit pref]
[    0.649270] pci 0000:83:00.0: [1022:1471] type 01 class 0x060400
[    0.649328] pci 0000:83:00.0: enabling Extended Tags
[    0.649397] pci 0000:83:00.0: PME# supported from D0 D3hot D3cold
[    0.649488] pci 0000:82:00.0: PCI bridge to [bus 83-84]
[    0.649496] pci 0000:82:00.0:   bridge window [mem 0xfbc00000-0xfbcfffff]
[    0.649501] pci 0000:82:00.0:   bridge window [mem 0x387800000000-0x387c001fffff 64bit pref]
[    0.649555] pci 0000:84:00.0: [1002:6860] type 00 class 0x030000
[    0.649616] pci 0000:84:00.0: reg 0x10: [mem 0x387800000000-0x387bffffffff 64bit pref]
[    0.649621] pci 0000:84:00.0: reg 0x18: [mem 0x387c00000000-0x387c001fffff 64bit pref]
[    0.649626] pci 0000:84:00.0: reg 0x24: [mem 0xfbc00000-0xfbc7ffff]
[    0.649630] pci 0000:84:00.0: reg 0x30: [mem 0xfbc80000-0xfbc9ffff pref]
[    0.649637] pci 0000:84:00.0: enabling Extended Tags
[    0.649719] pci 0000:84:00.0: PME# supported from D1 D2 D3hot D3cold
[    0.649761] pci 0000:84:00.0: reg 0x354: [mem 0x00000000-0x0fffffff 64bit pref]
[    0.649765] pci 0000:84:00.0: VF(n) BAR0 space: [mem 0x00000000-0xffffffff 64bit pref] (contains BAR0 for 16 VFs)
[    0.649770] pci 0000:84:00.0: reg 0x35c: [mem 0x00000000-0x001fffff 64bit pref]
[    0.649774] pci 0000:84:00.0: VF(n) BAR2 space: [mem 0x00000000-0x01ffffff 64bit pref] (contains BAR2 for 16 VFs)
[    0.649779] pci 0000:84:00.0: reg 0x368: [mem 0x00000000-0x0007ffff]
[    0.649782] pci 0000:84:00.0: VF(n) BAR5 space: [mem 0x00000000-0x007fffff] (contains BAR5 for 16 VFs)
[    0.649910] pci 0000:83:00.0: PCI bridge to [bus 84]
[    0.649917] pci 0000:83:00.0:   bridge window [mem 0xfbc00000-0xfbcfffff]
[    0.649923] pci 0000:83:00.0:   bridge window [mem 0x387800000000-0x387c001fffff 64bit pref]
[    0.650214] pci 0000:85:00.0: [1022:1470] type 01 class 0x060400
[    0.650255] pci 0000:85:00.0: reg 0x10: [mem 0xfbb00000-0xfbb03fff]
[    0.650276] pci 0000:85:00.0: enabling Extended Tags
[    0.650350] pci 0000:85:00.0: PME# supported from D0 D3hot D3cold
[    0.650471] pci 0000:80:03.0: PCI bridge to [bus 85-87]
[    0.650476] pci 0000:80:03.0:   bridge window [mem 0xfba00000-0xfbbfffff]
[    0.650481] pci 0000:80:03.0:   bridge window [mem 0x387000000000-0x3874001fffff 64bit pref]
[    0.650532] pci 0000:86:00.0: [1022:1471] type 01 class 0x060400
[    0.650589] pci 0000:86:00.0: enabling Extended Tags
[    0.650658] pci 0000:86:00.0: PME# supported from D0 D3hot D3cold
[    0.650749] pci 0000:85:00.0: PCI bridge to [bus 86-87]
[    0.650757] pci 0000:85:00.0:   bridge window [mem 0xfba00000-0xfbafffff]
[    0.650763] pci 0000:85:00.0:   bridge window [mem 0x387000000000-0x3874001fffff 64bit pref]
[    0.650814] pci 0000:87:00.0: [1002:6860] type 00 class 0x030000
[    0.650875] pci 0000:87:00.0: reg 0x10: [mem 0x387000000000-0x3873ffffffff 64bit pref]
[    0.650880] pci 0000:87:00.0: reg 0x18: [mem 0x387400000000-0x3874001fffff 64bit pref]
[    0.650885] pci 0000:87:00.0: reg 0x24: [mem 0xfba00000-0xfba7ffff]
[    0.650889] pci 0000:87:00.0: reg 0x30: [mem 0xfba80000-0xfba9ffff pref]
[    0.650896] pci 0000:87:00.0: enabling Extended Tags
[    0.650978] pci 0000:87:00.0: PME# supported from D1 D2 D3hot D3cold
[    0.651020] pci 0000:87:00.0: reg 0x354: [mem 0x00000000-0x0fffffff 64bit pref]
[    0.651024] pci 0000:87:00.0: VF(n) BAR0 space: [mem 0x00000000-0xffffffff 64bit pref] (contains BAR0 for 16 VFs)
[    0.651029] pci 0000:87:00.0: reg 0x35c: [mem 0x00000000-0x001fffff 64bit pref]
[    0.651032] pci 0000:87:00.0: VF(n) BAR2 space: [mem 0x00000000-0x01ffffff 64bit pref] (contains BAR2 for 16 VFs)
[    0.651037] pci 0000:87:00.0: reg 0x368: [mem 0x00000000-0x0007ffff]
[    0.651040] pci 0000:87:00.0: VF(n) BAR5 space: [mem 0x00000000-0x007fffff] (contains BAR5 for 16 VFs)
[    0.651161] pci 0000:86:00.0: PCI bridge to [bus 87]
[    0.651168] pci 0000:86:00.0:   bridge window [mem 0xfba00000-0xfbafffff]
[    0.651174] pci 0000:86:00.0:   bridge window [mem 0x387000000000-0x3874001fffff 64bit pref]
[    0.651224] pci_bus 0000:80: on NUMA node 1
[    0.651697] ACPI: PCI: Interrupt link LNKA configured for IRQ 11
[    0.651771] ACPI: PCI: Interrupt link LNKB configured for IRQ 10
[    0.651842] ACPI: PCI: Interrupt link LNKC configured for IRQ 5
[    0.651913] ACPI: PCI: Interrupt link LNKD configured for IRQ 11
[    0.651985] ACPI: PCI: Interrupt link LNKE configured for IRQ 0
[    0.651987] ACPI: PCI: Interrupt link LNKE disabled
[    0.652057] ACPI: PCI: Interrupt link LNKF configured for IRQ 0
[    0.652060] ACPI: PCI: Interrupt link LNKF disabled
[    0.652130] ACPI: PCI: Interrupt link LNKG configured for IRQ 7
[    0.652200] ACPI: PCI: Interrupt link LNKH configured for IRQ 0
[    0.652203] ACPI: PCI: Interrupt link LNKH disabled
[    0.656543] iommu: Default domain type: Translated 
[    0.656543] iommu: DMA domain TLB invalidation policy: lazy mode 
[    0.656757] SCSI subsystem initialized
[    0.656774] libata version 3.00 loaded.
[    0.656774] pci 0000:04:00.0: vgaarb: VGA device added: decodes=io+mem,owns=none,locks=none
[    0.656774] pci 0000:07:00.0: vgaarb: VGA device added: decodes=io+mem,owns=none,locks=none
[    0.656774] pci 0000:0a:00.0: vgaarb: setting as boot VGA device
[    0.656774] pci 0000:0a:00.0: vgaarb: VGA device added: decodes=io+mem,owns=io+mem,locks=none
[    0.656774] pci 0000:84:00.0: vgaarb: VGA device added: decodes=io+mem,owns=none,locks=none
[    0.656774] pci 0000:87:00.0: vgaarb: VGA device added: decodes=io+mem,owns=none,locks=none
[    0.656774] pci 0000:04:00.0: vgaarb: bridge control possible
[    0.656774] pci 0000:07:00.0: vgaarb: bridge control possible
[    0.656774] pci 0000:0a:00.0: vgaarb: bridge control possible
[    0.656774] pci 0000:84:00.0: vgaarb: bridge control possible
[    0.656774] pci 0000:87:00.0: vgaarb: bridge control possible
[    0.656774] vgaarb: loaded
[    0.656774] ACPI: bus type USB registered
[    0.656774] usbcore: registered new interface driver usbfs
[    0.656774] usbcore: registered new interface driver hub
[    0.656774] usbcore: registered new device driver usb
[    0.656774] pps_core: LinuxPPS API ver. 1 registered
[    0.656774] pps_core: Software ver. 5.3.6 - Copyright 2005-2007 Rodolfo Giometti <giometti@linux.it>
[    0.656774] PTP clock support registered
[    0.656774] EDAC MC: Ver: 3.0.0
[    0.656875] Registered efivars operations
[    0.656875] NetLabel: Initializing
[    0.656875] NetLabel:  domain hash size = 128
[    0.656875] NetLabel:  protocols = UNLABELED CIPSOv4 CALIPSO
[    0.656875] NetLabel:  unlabeled traffic allowed by default
[    0.656875] PCI: Using ACPI for IRQ routing
[    0.658218] PCI: pci_cache_line_size set to 64 bytes
[    0.658513] e820: reserve RAM buffer [mem 0x6ad28018-0x6bffffff]
[    0.658517] e820: reserve RAM buffer [mem 0x6ad38018-0x6bffffff]
[    0.658519] e820: reserve RAM buffer [mem 0x6ad48018-0x6bffffff]
[    0.658520] e820: reserve RAM buffer [mem 0x6ad5a018-0x6bffffff]
[    0.658522] e820: reserve RAM buffer [mem 0x6ad6c018-0x6bffffff]
[    0.658523] e820: reserve RAM buffer [mem 0x6ad75018-0x6bffffff]
[    0.658524] e820: reserve RAM buffer [mem 0x6ad85018-0x6bffffff]
[    0.658526] e820: reserve RAM buffer [mem 0x75c50000-0x77ffffff]
[    0.658527] e820: reserve RAM buffer [mem 0x784af000-0x7bffffff]
[    0.658529] e820: reserve RAM buffer [mem 0x79428000-0x7bffffff]
[    0.658530] e820: reserve RAM buffer [mem 0x7bcf8000-0x7bffffff]
[    0.661310] hpet0: at MMIO 0xfed00000, IRQs 2, 8, 0, 0, 0, 0, 0, 0
[    0.661324] hpet0: 8 comparators, 64-bit 14.318180 MHz counter
[    0.664532] clocksource: Switched to clocksource tsc-early
[    0.678054] VFS: Disk quotas dquot_6.6.0
[    0.678089] VFS: Dquot-cache hash table entries: 512 (order 0, 4096 bytes)
[    0.678314] AppArmor: AppArmor Filesystem Enabled
[    0.678380] pnp: PnP ACPI init
[    0.679392] pnp 00:01: disabling [mem 0xfed1c000-0xfed3ffff] because it overlaps 0000:04:00.0 BAR 7 [mem 0x00000000-0xffffffff 64bit pref]
[    0.679404] pnp 00:01: disabling [mem 0xfed45000-0xfed8bfff] because it overlaps 0000:04:00.0 BAR 7 [mem 0x00000000-0xffffffff 64bit pref]
[    0.679413] pnp 00:01: disabling [mem 0xff000000-0xffffffff] because it overlaps 0000:04:00.0 BAR 7 [mem 0x00000000-0xffffffff 64bit pref]
[    0.679420] pnp 00:01: disabling [mem 0xfee00000-0xfeefffff] because it overlaps 0000:04:00.0 BAR 7 [mem 0x00000000-0xffffffff 64bit pref]
[    0.679428] pnp 00:01: disabling [mem 0xfed12000-0xfed1200f] because it overlaps 0000:04:00.0 BAR 7 [mem 0x00000000-0xffffffff 64bit pref]
[    0.679435] pnp 00:01: disabling [mem 0xfed12010-0xfed1201f] because it overlaps 0000:04:00.0 BAR 7 [mem 0x00000000-0xffffffff 64bit pref]
[    0.679443] pnp 00:01: disabling [mem 0xfed1b000-0xfed1bfff] because it overlaps 0000:04:00.0 BAR 7 [mem 0x00000000-0xffffffff 64bit pref]
[    0.679456] pnp 00:01: disabling [mem 0xfed1c000-0xfed3ffff disabled] because it overlaps 0000:07:00.0 BAR 7 [mem 0x00000000-0xffffffff 64bit pref]
[    0.679464] pnp 00:01: disabling [mem 0xfed45000-0xfed8bfff disabled] because it overlaps 0000:07:00.0 BAR 7 [mem 0x00000000-0xffffffff 64bit pref]
[    0.679472] pnp 00:01: disabling [mem 0xff000000-0xffffffff disabled] because it overlaps 0000:07:00.0 BAR 7 [mem 0x00000000-0xffffffff 64bit pref]
[    0.679480] pnp 00:01: disabling [mem 0xfee00000-0xfeefffff disabled] because it overlaps 0000:07:00.0 BAR 7 [mem 0x00000000-0xffffffff 64bit pref]
[    0.679488] pnp 00:01: disabling [mem 0xfed12000-0xfed1200f disabled] because it overlaps 0000:07:00.0 BAR 7 [mem 0x00000000-0xffffffff 64bit pref]
[    0.679496] pnp 00:01: disabling [mem 0xfed12010-0xfed1201f disabled] because it overlaps 0000:07:00.0 BAR 7 [mem 0x00000000-0xffffffff 64bit pref]
[    0.679504] pnp 00:01: disabling [mem 0xfed1b000-0xfed1bfff disabled] because it overlaps 0000:07:00.0 BAR 7 [mem 0x00000000-0xffffffff 64bit pref]
[    0.679537] pnp 00:01: disabling [mem 0xfed1c000-0xfed3ffff disabled] because it overlaps 0000:84:00.0 BAR 7 [mem 0x00000000-0xffffffff 64bit pref]
[    0.679545] pnp 00:01: disabling [mem 0xfed45000-0xfed8bfff disabled] because it overlaps 0000:84:00.0 BAR 7 [mem 0x00000000-0xffffffff 64bit pref]
[    0.679553] pnp 00:01: disabling [mem 0xff000000-0xffffffff disabled] because it overlaps 0000:84:00.0 BAR 7 [mem 0x00000000-0xffffffff 64bit pref]
[    0.679561] pnp 00:01: disabling [mem 0xfee00000-0xfeefffff disabled] because it overlaps 0000:84:00.0 BAR 7 [mem 0x00000000-0xffffffff 64bit pref]
[    0.679569] pnp 00:01: disabling [mem 0xfed12000-0xfed1200f disabled] because it overlaps 0000:84:00.0 BAR 7 [mem 0x00000000-0xffffffff 64bit pref]
[    0.679577] pnp 00:01: disabling [mem 0xfed12010-0xfed1201f disabled] because it overlaps 0000:84:00.0 BAR 7 [mem 0x00000000-0xffffffff 64bit pref]
[    0.679585] pnp 00:01: disabling [mem 0xfed1b000-0xfed1bfff disabled] because it overlaps 0000:84:00.0 BAR 7 [mem 0x00000000-0xffffffff 64bit pref]
[    0.679598] pnp 00:01: disabling [mem 0xfed1c000-0xfed3ffff disabled] because it overlaps 0000:87:00.0 BAR 7 [mem 0x00000000-0xffffffff 64bit pref]
[    0.679606] pnp 00:01: disabling [mem 0xfed45000-0xfed8bfff disabled] because it overlaps 0000:87:00.0 BAR 7 [mem 0x00000000-0xffffffff 64bit pref]
[    0.679614] pnp 00:01: disabling [mem 0xff000000-0xffffffff disabled] because it overlaps 0000:87:00.0 BAR 7 [mem 0x00000000-0xffffffff 64bit pref]
[    0.679622] pnp 00:01: disabling [mem 0xfee00000-0xfeefffff disabled] because it overlaps 0000:87:00.0 BAR 7 [mem 0x00000000-0xffffffff 64bit pref]
[    0.679630] pnp 00:01: disabling [mem 0xfed12000-0xfed1200f disabled] because it overlaps 0000:87:00.0 BAR 7 [mem 0x00000000-0xffffffff 64bit pref]
[    0.679638] pnp 00:01: disabling [mem 0xfed12010-0xfed1201f disabled] because it overlaps 0000:87:00.0 BAR 7 [mem 0x00000000-0xffffffff 64bit pref]
[    0.679646] pnp 00:01: disabling [mem 0xfed1b000-0xfed1bfff disabled] because it overlaps 0000:87:00.0 BAR 7 [mem 0x00000000-0xffffffff 64bit pref]
[    0.679749] system 00:01: [io  0x0500-0x057f] has been reserved
[    0.679756] system 00:01: [io  0x0400-0x047f] has been reserved
[    0.679761] system 00:01: [io  0x0580-0x059f] has been reserved
[    0.679766] system 00:01: [io  0x0600-0x061f] has been reserved
[    0.679772] system 00:01: [io  0x0880-0x0883] has been reserved
[    0.679777] system 00:01: [io  0x0800-0x081f] has been reserved
[    0.680305] system 00:02: [io  0x0a00-0x0a0f] has been reserved
[    0.680313] system 00:02: [io  0x0a10-0x0a1f] has been reserved
[    0.680318] system 00:02: [io  0x0a20-0x0a2f] has been reserved
[    0.680323] system 00:02: [io  0x0a30-0x0a3f] has been reserved
[    0.680328] system 00:02: [io  0x0a40-0x0a4f] has been reserved
[    0.680737] pnp 00:03: [dma 0 disabled]
[    0.681181] pnp 00:04: [dma 0 disabled]
[    0.682780] pnp: PnP ACPI: found 5 devices
[    0.689235] clocksource: acpi_pm: mask: 0xffffff max_cycles: 0xffffff, max_idle_ns: 2085701024 ns
[    0.689310] NET: Registered PF_INET protocol family
[    0.689781] IP idents hash table entries: 262144 (order: 9, 2097152 bytes, linear)
[    0.692400] tcp_listen_portaddr_hash hash table entries: 8192 (order: 5, 131072 bytes, linear)
[    0.692469] Table-perturb hash table entries: 65536 (order: 6, 262144 bytes, linear)
[    0.692693] TCP established hash table entries: 131072 (order: 8, 1048576 bytes, linear)
[    0.693046] TCP bind hash table entries: 65536 (order: 8, 1048576 bytes, linear)
[    0.693126] TCP: Hash tables configured (established 131072 bind 65536)
[    0.693350] MPTCP token hash table entries: 16384 (order: 7, 393216 bytes, linear)
[    0.693477] UDP hash table entries: 8192 (order: 6, 262144 bytes, linear)
[    0.693562] UDP-Lite hash table entries: 8192 (order: 6, 262144 bytes, linear)
[    0.693664] NET: Registered PF_UNIX/PF_LOCAL protocol family
[    0.693672] NET: Registered PF_XDP protocol family
[    0.693707] pci_bus 0000:00: max bus depth: 3 pci_try_num: 4
[    0.693722] pci 0000:00:1c.4: BAR 13: assigned [io  0x1000-0x1fff]
[    0.693727] pci 0000:00:01.0: PCI bridge to [bus 01]
[    0.693737] pci 0000:00:01.0:   bridge window [mem 0xd0500000-0xd05fffff]
[    0.693758] pci 0000:04:00.0: BAR 7: no space for [mem size 0x100000000 64bit pref]
[    0.693761] pci 0000:04:00.0: BAR 7: failed to assign [mem size 0x100000000 64bit pref]
[    0.693766] pci 0000:04:00.0: BAR 9: no space for [mem size 0x02000000 64bit pref]
[    0.693769] pci 0000:04:00.0: BAR 9: failed to assign [mem size 0x02000000 64bit pref]
[    0.693773] pci 0000:04:00.0: BAR 12: no space for [mem size 0x00800000]
[    0.693776] pci 0000:04:00.0: BAR 12: failed to assign [mem size 0x00800000]
[    0.693780] pci 0000:03:00.0: PCI bridge to [bus 04]
[    0.693790] pci 0000:03:00.0:   bridge window [mem 0xd0300000-0xd03fffff]
[    0.693798] pci 0000:03:00.0:   bridge window [mem 0x383800000000-0x383c001fffff 64bit pref]
[    0.693811] pci 0000:02:00.0: PCI bridge to [bus 03-04]
[    0.693821] pci 0000:02:00.0:   bridge window [mem 0xd0300000-0xd03fffff]
[    0.693829] pci 0000:02:00.0:   bridge window [mem 0x383800000000-0x383c001fffff 64bit pref]
[    0.693842] pci 0000:00:02.0: PCI bridge to [bus 02-04]
[    0.693851] pci 0000:00:02.0:   bridge window [mem 0xd0300000-0xd04fffff]
[    0.693858] pci 0000:00:02.0:   bridge window [mem 0x383800000000-0x383c001fffff 64bit pref]
[    0.693872] pci 0000:07:00.0: BAR 7: no space for [mem size 0x100000000 64bit pref]
[    0.693876] pci 0000:07:00.0: BAR 7: failed to assign [mem size 0x100000000 64bit pref]
[    0.693880] pci 0000:07:00.0: BAR 9: no space for [mem size 0x02000000 64bit pref]
[    0.693883] pci 0000:07:00.0: BAR 9: failed to assign [mem size 0x02000000 64bit pref]
[    0.693886] pci 0000:07:00.0: BAR 12: no space for [mem size 0x00800000]
[    0.693889] pci 0000:07:00.0: BAR 12: failed to assign [mem size 0x00800000]
[    0.693892] pci 0000:06:00.0: PCI bridge to [bus 07]
[    0.693902] pci 0000:06:00.0:   bridge window [mem 0xd0100000-0xd01fffff]
[    0.693910] pci 0000:06:00.0:   bridge window [mem 0x383000000000-0x3834001fffff 64bit pref]
[    0.693923] pci 0000:05:00.0: PCI bridge to [bus 06-07]
[    0.693933] pci 0000:05:00.0:   bridge window [mem 0xd0100000-0xd01fffff]
[    0.693940] pci 0000:05:00.0:   bridge window [mem 0x383000000000-0x3834001fffff 64bit pref]
[    0.693953] pci 0000:00:03.0: PCI bridge to [bus 05-07]
[    0.693962] pci 0000:00:03.0:   bridge window [mem 0xd0100000-0xd02fffff]
[    0.693969] pci 0000:00:03.0:   bridge window [mem 0x383000000000-0x3834001fffff 64bit pref]
[    0.693982] pci 0000:00:1c.0: PCI bridge to [bus 08]
[    0.694009] pci 0000:09:00.0: PCI bridge to [bus 0a]
[    0.694013] pci 0000:09:00.0:   bridge window [io  0x6000-0x6fff]
[    0.694026] pci 0000:09:00.0:   bridge window [mem 0xcf000000-0xd00fffff]
[    0.694049] pci 0000:00:1c.3: PCI bridge to [bus 09-0a]
[    0.694052] pci 0000:00:1c.3:   bridge window [io  0x6000-0x6fff]
[    0.694062] pci 0000:00:1c.3:   bridge window [mem 0xcf000000-0xd00fffff]
[    0.694081] pci 0000:00:1c.4: PCI bridge to [bus 0b-43]
[    0.694084] pci 0000:00:1c.4:   bridge window [io  0x1000-0x1fff]
[    0.694094] pci 0000:00:1c.4:   bridge window [mem 0xb8000000-0xce0fffff]
[    0.694102] pci 0000:00:1c.4:   bridge window [mem 0x90000000-0xb1ffffff 64bit pref]
[    0.694116] pci_bus 0000:00: No. 2 try to assign unassigned res
[    0.694119] release child resource [mem 0xd0100000-0xd017ffff]
[    0.694120] release child resource [mem 0xd0180000-0xd019ffff pref]
[    0.694122] pci 0000:06:00.0: resource 14 [mem 0xd0100000-0xd01fffff] released
[    0.694125] pci 0000:06:00.0: PCI bridge to [bus 07]
[    0.694132] release child resource [mem 0x383000000000-0x3833ffffffff 64bit pref]
[    0.694133] release child resource [mem 0x383400000000-0x3834001fffff 64bit pref]
[    0.694135] pci 0000:06:00.0: resource 15 [mem 0x383000000000-0x3834001fffff 64bit pref] released
[    0.694138] pci 0000:06:00.0: PCI bridge to [bus 07]
[    0.694152] release child resource [mem 0xd0300000-0xd037ffff]
[    0.694153] release child resource [mem 0xd0380000-0xd039ffff pref]
[    0.694155] pci 0000:03:00.0: resource 14 [mem 0xd0300000-0xd03fffff] released
[    0.694158] pci 0000:03:00.0: PCI bridge to [bus 04]
[    0.694165] release child resource [mem 0x383800000000-0x383bffffffff 64bit pref]
[    0.694166] release child resource [mem 0x383c00000000-0x383c001fffff 64bit pref]
[    0.694167] pci 0000:03:00.0: resource 15 [mem 0x383800000000-0x383c001fffff 64bit pref] released
[    0.694170] pci 0000:03:00.0: PCI bridge to [bus 04]
[    0.694191] pci 0000:00:01.0: PCI bridge to [bus 01]
[    0.694200] pci 0000:00:01.0:   bridge window [mem 0xd0500000-0xd05fffff]
[    0.694219] pci 0000:03:00.0: BAR 15: no space for [mem size 0x600000000 64bit pref]
[    0.694223] pci 0000:03:00.0: BAR 15: failed to assign [mem size 0x600000000 64bit pref]
[    0.694226] pci 0000:03:00.0: BAR 14: no space for [mem size 0x00900000]
[    0.694229] pci 0000:03:00.0: BAR 14: failed to assign [mem size 0x00900000]
[    0.694233] pci 0000:04:00.0: BAR 0: no space for [mem size 0x400000000 64bit pref]
[    0.694236] pci 0000:04:00.0: BAR 0: failed to assign [mem size 0x400000000 64bit pref]
[    0.694239] pci 0000:04:00.0: BAR 7: no space for [mem size 0x100000000 64bit pref]
[    0.694243] pci 0000:04:00.0: BAR 7: failed to assign [mem size 0x100000000 64bit pref]
[    0.694246] pci 0000:04:00.0: BAR 2: no space for [mem size 0x00200000 64bit pref]
[    0.694249] pci 0000:04:00.0: BAR 2: failed to assign [mem size 0x00200000 64bit pref]
[    0.694252] pci 0000:04:00.0: BAR 9: no space for [mem size 0x02000000 64bit pref]
[    0.694255] pci 0000:04:00.0: BAR 9: failed to assign [mem size 0x02000000 64bit pref]
[    0.694258] pci 0000:04:00.0: BAR 5: no space for [mem size 0x00080000]
[    0.694261] pci 0000:04:00.0: BAR 5: failed to assign [mem size 0x00080000]
[    0.694264] pci 0000:04:00.0: BAR 12: no space for [mem size 0x00800000]
[    0.694266] pci 0000:04:00.0: BAR 12: failed to assign [mem size 0x00800000]
[    0.694269] pci 0000:04:00.0: BAR 6: no space for [mem size 0x00020000 pref]
[    0.694272] pci 0000:04:00.0: BAR 6: failed to assign [mem size 0x00020000 pref]
[    0.694275] pci 0000:03:00.0: PCI bridge to [bus 04]
[    0.694300] pci 0000:02:00.0: PCI bridge to [bus 03-04]
[    0.694309] pci 0000:02:00.0:   bridge window [mem 0xd0300000-0xd03fffff]
[    0.694317] pci 0000:02:00.0:   bridge window [mem 0x383800000000-0x383c001fffff 64bit pref]
[    0.694330] pci 0000:00:02.0: PCI bridge to [bus 02-04]
[    0.694339] pci 0000:00:02.0:   bridge window [mem 0xd0300000-0xd04fffff]
[    0.694346] pci 0000:00:02.0:   bridge window [mem 0x383800000000-0x383c001fffff 64bit pref]
[    0.694361] pci 0000:06:00.0: BAR 15: no space for [mem size 0x600000000 64bit pref]
[    0.694364] pci 0000:06:00.0: BAR 15: failed to assign [mem size 0x600000000 64bit pref]
[    0.694368] pci 0000:06:00.0: BAR 14: no space for [mem size 0x00900000]
[    0.694370] pci 0000:06:00.0: BAR 14: failed to assign [mem size 0x00900000]
[    0.694374] pci 0000:07:00.0: BAR 0: no space for [mem size 0x400000000 64bit pref]
[    0.694377] pci 0000:07:00.0: BAR 0: failed to assign [mem size 0x400000000 64bit pref]
[    0.694380] pci 0000:07:00.0: BAR 7: no space for [mem size 0x100000000 64bit pref]
[    0.694383] pci 0000:07:00.0: BAR 7: failed to assign [mem size 0x100000000 64bit pref]
[    0.694387] pci 0000:07:00.0: BAR 2: no space for [mem size 0x00200000 64bit pref]
[    0.694390] pci 0000:07:00.0: BAR 2: failed to assign [mem size 0x00200000 64bit pref]
[    0.694393] pci 0000:07:00.0: BAR 9: no space for [mem size 0x02000000 64bit pref]
[    0.694396] pci 0000:07:00.0: BAR 9: failed to assign [mem size 0x02000000 64bit pref]
[    0.694399] pci 0000:07:00.0: BAR 5: no space for [mem size 0x00080000]
[    0.694402] pci 0000:07:00.0: BAR 5: failed to assign [mem size 0x00080000]
[    0.694406] pci 0000:07:00.0: BAR 12: no space for [mem size 0x00800000]
[    0.694408] pci 0000:07:00.0: BAR 12: failed to assign [mem size 0x00800000]
[    0.694411] pci 0000:07:00.0: BAR 6: no space for [mem size 0x00020000 pref]
[    0.694414] pci 0000:07:00.0: BAR 6: failed to assign [mem size 0x00020000 pref]
[    0.694417] pci 0000:06:00.0: PCI bridge to [bus 07]
[    0.694442] pci 0000:05:00.0: PCI bridge to [bus 06-07]
[    0.694451] pci 0000:05:00.0:   bridge window [mem 0xd0100000-0xd01fffff]
[    0.694459] pci 0000:05:00.0:   bridge window [mem 0x383000000000-0x3834001fffff 64bit pref]
[    0.694472] pci 0000:00:03.0: PCI bridge to [bus 05-07]
[    0.694481] pci 0000:00:03.0:   bridge window [mem 0xd0100000-0xd02fffff]
[    0.694488] pci 0000:00:03.0:   bridge window [mem 0x383000000000-0x3834001fffff 64bit pref]
[    0.694501] pci 0000:00:1c.0: PCI bridge to [bus 08]
[    0.694528] pci 0000:09:00.0: PCI bridge to [bus 0a]
[    0.694531] pci 0000:09:00.0:   bridge window [io  0x6000-0x6fff]
[    0.694544] pci 0000:09:00.0:   bridge window [mem 0xcf000000-0xd00fffff]
[    0.694567] pci 0000:00:1c.3: PCI bridge to [bus 09-0a]
[    0.694570] pci 0000:00:1c.3:   bridge window [io  0x6000-0x6fff]
[    0.694580] pci 0000:00:1c.3:   bridge window [mem 0xcf000000-0xd00fffff]
[    0.694598] pci 0000:00:1c.4: PCI bridge to [bus 0b-43]
[    0.694601] pci 0000:00:1c.4:   bridge window [io  0x1000-0x1fff]
[    0.694612] pci 0000:00:1c.4:   bridge window [mem 0xb8000000-0xce0fffff]
[    0.694620] pci 0000:00:1c.4:   bridge window [mem 0x90000000-0xb1ffffff 64bit pref]
[    0.694634] pci_bus 0000:00: No. 3 try to assign unassigned res
[    0.694637] pci 0000:05:00.0: resource 14 [mem 0xd0100000-0xd01fffff] released
[    0.694640] pci 0000:05:00.0: PCI bridge to [bus 06-07]
[    0.694647] pci 0000:05:00.0: resource 15 [mem 0x383000000000-0x3834001fffff 64bit pref] released
[    0.694651] pci 0000:05:00.0: PCI bridge to [bus 06-07]
[    0.694665] pci 0000:02:00.0: resource 14 [mem 0xd0300000-0xd03fffff] released
[    0.694668] pci 0000:02:00.0: PCI bridge to [bus 03-04]
[    0.694676] pci 0000:02:00.0: resource 15 [mem 0x383800000000-0x383c001fffff 64bit pref] released
[    0.694679] pci 0000:02:00.0: PCI bridge to [bus 03-04]
[    0.694701] pci 0000:00:01.0: PCI bridge to [bus 01]
[    0.694710] pci 0000:00:01.0:   bridge window [mem 0xd0500000-0xd05fffff]
[    0.694729] pci 0000:02:00.0: BAR 15: no space for [mem size 0x600000000 64bit pref]
[    0.694732] pci 0000:02:00.0: BAR 15: failed to assign [mem size 0x600000000 64bit pref]
[    0.694736] pci 0000:02:00.0: BAR 14: no space for [mem size 0x00900000]
[    0.694738] pci 0000:02:00.0: BAR 14: failed to assign [mem size 0x00900000]
[    0.694742] pci 0000:03:00.0: BAR 15: no space for [mem size 0x600000000 64bit pref]
[    0.694745] pci 0000:03:00.0: BAR 15: failed to assign [mem size 0x600000000 64bit pref]
[    0.694748] pci 0000:03:00.0: BAR 14: no space for [mem size 0x00900000]
[    0.694751] pci 0000:03:00.0: BAR 14: failed to assign [mem size 0x00900000]
[    0.694754] pci 0000:04:00.0: BAR 0: no space for [mem size 0x400000000 64bit pref]
[    0.694757] pci 0000:04:00.0: BAR 0: failed to assign [mem size 0x400000000 64bit pref]
[    0.694760] pci 0000:04:00.0: BAR 7: no space for [mem size 0x100000000 64bit pref]
[    0.694763] pci 0000:04:00.0: BAR 7: failed to assign [mem size 0x100000000 64bit pref]
[    0.694767] pci 0000:04:00.0: BAR 2: no space for [mem size 0x00200000 64bit pref]
[    0.694770] pci 0000:04:00.0: BAR 2: failed to assign [mem size 0x00200000 64bit pref]
[    0.694773] pci 0000:04:00.0: BAR 9: no space for [mem size 0x02000000 64bit pref]
[    0.694776] pci 0000:04:00.0: BAR 9: failed to assign [mem size 0x02000000 64bit pref]
[    0.694779] pci 0000:04:00.0: BAR 5: no space for [mem size 0x00080000]
[    0.694782] pci 0000:04:00.0: BAR 5: failed to assign [mem size 0x00080000]
[    0.694784] pci 0000:04:00.0: BAR 12: no space for [mem size 0x00800000]
[    0.694787] pci 0000:04:00.0: BAR 12: failed to assign [mem size 0x00800000]
[    0.694790] pci 0000:03:00.0: PCI bridge to [bus 04]
[    0.694814] pci 0000:02:00.0: PCI bridge to [bus 03-04]
[    0.694839] pci 0000:00:02.0: PCI bridge to [bus 02-04]
[    0.694848] pci 0000:00:02.0:   bridge window [mem 0xd0300000-0xd04fffff]
[    0.694855] pci 0000:00:02.0:   bridge window [mem 0x383800000000-0x383c001fffff 64bit pref]
[    0.694869] pci 0000:05:00.0: BAR 15: no space for [mem size 0x600000000 64bit pref]
[    0.694873] pci 0000:05:00.0: BAR 15: failed to assign [mem size 0x600000000 64bit pref]
[    0.694876] pci 0000:05:00.0: BAR 14: no space for [mem size 0x00900000]
[    0.694879] pci 0000:05:00.0: BAR 14: failed to assign [mem size 0x00900000]
[    0.694882] pci 0000:06:00.0: BAR 15: no space for [mem size 0x600000000 64bit pref]
[    0.694885] pci 0000:06:00.0: BAR 15: failed to assign [mem size 0x600000000 64bit pref]
[    0.694888] pci 0000:06:00.0: BAR 14: no space for [mem size 0x00900000]
[    0.694891] pci 0000:06:00.0: BAR 14: failed to assign [mem size 0x00900000]
[    0.694894] pci 0000:07:00.0: BAR 0: no space for [mem size 0x400000000 64bit pref]
[    0.694897] pci 0000:07:00.0: BAR 0: failed to assign [mem size 0x400000000 64bit pref]
[    0.694901] pci 0000:07:00.0: BAR 7: no space for [mem size 0x100000000 64bit pref]
[    0.694904] pci 0000:07:00.0: BAR 7: failed to assign [mem size 0x100000000 64bit pref]
[    0.694907] pci 0000:07:00.0: BAR 2: no space for [mem size 0x00200000 64bit pref]
[    0.694910] pci 0000:07:00.0: BAR 2: failed to assign [mem size 0x00200000 64bit pref]
[    0.694913] pci 0000:07:00.0: BAR 9: no space for [mem size 0x02000000 64bit pref]
[    0.694916] pci 0000:07:00.0: BAR 9: failed to assign [mem size 0x02000000 64bit pref]
[    0.694919] pci 0000:07:00.0: BAR 5: no space for [mem size 0x00080000]
[    0.694922] pci 0000:07:00.0: BAR 5: failed to assign [mem size 0x00080000]
[    0.694924] pci 0000:07:00.0: BAR 12: no space for [mem size 0x00800000]
[    0.694927] pci 0000:07:00.0: BAR 12: failed to assign [mem size 0x00800000]
[    0.694930] pci 0000:06:00.0: PCI bridge to [bus 07]
[    0.694954] pci 0000:05:00.0: PCI bridge to [bus 06-07]
[    0.694978] pci 0000:00:03.0: PCI bridge to [bus 05-07]
[    0.694987] pci 0000:00:03.0:   bridge window [mem 0xd0100000-0xd02fffff]
[    0.694995] pci 0000:00:03.0:   bridge window [mem 0x383000000000-0x3834001fffff 64bit pref]
[    0.695007] pci 0000:00:1c.0: PCI bridge to [bus 08]
[    0.695034] pci 0000:09:00.0: PCI bridge to [bus 0a]
[    0.695038] pci 0000:09:00.0:   bridge window [io  0x6000-0x6fff]
[    0.695050] pci 0000:09:00.0:   bridge window [mem 0xcf000000-0xd00fffff]
[    0.695073] pci 0000:00:1c.3: PCI bridge to [bus 09-0a]
[    0.695076] pci 0000:00:1c.3:   bridge window [io  0x6000-0x6fff]
[    0.695086] pci 0000:00:1c.3:   bridge window [mem 0xcf000000-0xd00fffff]
[    0.695104] pci 0000:00:1c.4: PCI bridge to [bus 0b-43]
[    0.695108] pci 0000:00:1c.4:   bridge window [io  0x1000-0x1fff]
[    0.695118] pci 0000:00:1c.4:   bridge window [mem 0xb8000000-0xce0fffff]
[    0.695126] pci 0000:00:1c.4:   bridge window [mem 0x90000000-0xb1ffffff 64bit pref]
[    0.695140] pci_bus 0000:00: No. 4 try to assign unassigned res
[    0.695142] release child resource [mem 0xd0200000-0xd0203fff]
[    0.695144] pci 0000:00:03.0: resource 14 [mem 0xd0100000-0xd02fffff] released
[    0.695147] pci 0000:00:03.0: PCI bridge to [bus 05-07]
[    0.695154] pci 0000:00:03.0: resource 15 [mem 0x383000000000-0x3834001fffff 64bit pref] released
[    0.695157] pci 0000:00:03.0: PCI bridge to [bus 05-07]
[    0.695171] release child resource [mem 0xd0400000-0xd0403fff]
[    0.695172] pci 0000:00:02.0: resource 14 [mem 0xd0300000-0xd04fffff] released
[    0.695175] pci 0000:00:02.0: PCI bridge to [bus 02-04]
[    0.695182] pci 0000:00:02.0: resource 15 [mem 0x383800000000-0x383c001fffff 64bit pref] released
[    0.695185] pci 0000:00:02.0: PCI bridge to [bus 02-04]
[    0.695212] pci 0000:00:02.0: BAR 15: assigned [mem 0x380000000000-0x3805ffffffff 64bit pref]
[    0.695219] pci 0000:00:03.0: BAR 15: assigned [mem 0x380600000000-0x380bffffffff 64bit pref]
[    0.695224] pci 0000:00:02.0: BAR 14: assigned [mem 0xb2000000-0xb29fffff]
[    0.695228] pci 0000:00:03.0: BAR 14: assigned [mem 0xb2a00000-0xb33fffff]
[    0.695231] pci 0000:00:01.0: PCI bridge to [bus 01]
[    0.695240] pci 0000:00:01.0:   bridge window [mem 0xd0500000-0xd05fffff]
[    0.695258] pci 0000:02:00.0: BAR 15: assigned [mem 0x380000000000-0x3805ffffffff 64bit pref]
[    0.695261] pci 0000:02:00.0: BAR 14: assigned [mem 0xb2000000-0xb28fffff]
[    0.695265] pci 0000:02:00.0: BAR 0: assigned [mem 0xb2900000-0xb2903fff]
[    0.695272] pci 0000:03:00.0: BAR 15: assigned [mem 0x380000000000-0x3805ffffffff 64bit pref]
[    0.695276] pci 0000:03:00.0: BAR 14: assigned [mem 0xb2000000-0xb28fffff]
[    0.695280] pci 0000:04:00.0: BAR 0: assigned [mem 0x380000000000-0x3803ffffffff 64bit pref]
[    0.695296] pci 0000:04:00.0: BAR 7: assigned [mem 0x380400000000-0x3804ffffffff 64bit pref]
[    0.695302] pci 0000:04:00.0: BAR 2: assigned [mem 0x380500000000-0x3805001fffff 64bit pref]
[    0.695318] pci 0000:04:00.0: BAR 9: assigned [mem 0x380500200000-0x3805021fffff 64bit pref]
[    0.695323] pci 0000:04:00.0: BAR 5: assigned [mem 0xb2000000-0xb207ffff]
[    0.695329] pci 0000:04:00.0: BAR 12: assigned [mem 0xb2080000-0xb287ffff]
[    0.695334] pci 0000:03:00.0: PCI bridge to [bus 04]
[    0.695343] pci 0000:03:00.0:   bridge window [mem 0xb2000000-0xb28fffff]
[    0.695351] pci 0000:03:00.0:   bridge window [mem 0x380000000000-0x3805ffffffff 64bit pref]
[    0.695364] pci 0000:02:00.0: PCI bridge to [bus 03-04]
[    0.695373] pci 0000:02:00.0:   bridge window [mem 0xb2000000-0xb28fffff]
[    0.695381] pci 0000:02:00.0:   bridge window [mem 0x380000000000-0x3805ffffffff 64bit pref]
[    0.695394] pci 0000:00:02.0: PCI bridge to [bus 02-04]
[    0.695403] pci 0000:00:02.0:   bridge window [mem 0xb2000000-0xb29fffff]
[    0.695410] pci 0000:00:02.0:   bridge window [mem 0x380000000000-0x3805ffffffff 64bit pref]
[    0.695423] pci 0000:05:00.0: BAR 15: assigned [mem 0x380600000000-0x380bffffffff 64bit pref]
[    0.695427] pci 0000:05:00.0: BAR 14: assigned [mem 0xb2a00000-0xb32fffff]
[    0.695430] pci 0000:05:00.0: BAR 0: assigned [mem 0xb3300000-0xb3303fff]
[    0.695437] pci 0000:06:00.0: BAR 15: assigned [mem 0x380600000000-0x380bffffffff 64bit pref]
[    0.695440] pci 0000:06:00.0: BAR 14: assigned [mem 0xb2a00000-0xb32fffff]
[    0.695445] pci 0000:07:00.0: BAR 0: assigned [mem 0x380800000000-0x380bffffffff 64bit pref]
[    0.695460] pci 0000:07:00.0: BAR 7: assigned [mem 0x380600000000-0x3806ffffffff 64bit pref]
[    0.695465] pci 0000:07:00.0: BAR 2: assigned [mem 0x380700000000-0x3807001fffff 64bit pref]
[    0.695481] pci 0000:07:00.0: BAR 9: assigned [mem 0x380700200000-0x3807021fffff 64bit pref]
[    0.695486] pci 0000:07:00.0: BAR 5: assigned [mem 0xb2a00000-0xb2a7ffff]
[    0.695492] pci 0000:07:00.0: BAR 12: assigned [mem 0xb2a80000-0xb327ffff]
[    0.695497] pci 0000:06:00.0: PCI bridge to [bus 07]
[    0.695506] pci 0000:06:00.0:   bridge window [mem 0xb2a00000-0xb32fffff]
[    0.695514] pci 0000:06:00.0:   bridge window [mem 0x380600000000-0x380bffffffff 64bit pref]
[    0.695527] pci 0000:05:00.0: PCI bridge to [bus 06-07]
[    0.695536] pci 0000:05:00.0:   bridge window [mem 0xb2a00000-0xb32fffff]
[    0.695544] pci 0000:05:00.0:   bridge window [mem 0x380600000000-0x380bffffffff 64bit pref]
[    0.695557] pci 0000:00:03.0: PCI bridge to [bus 05-07]
[    0.695566] pci 0000:00:03.0:   bridge window [mem 0xb2a00000-0xb33fffff]
[    0.695573] pci 0000:00:03.0:   bridge window [mem 0x380600000000-0x380bffffffff 64bit pref]
[    0.695586] pci 0000:00:1c.0: PCI bridge to [bus 08]
[    0.695612] pci 0000:09:00.0: PCI bridge to [bus 0a]
[    0.695616] pci 0000:09:00.0:   bridge window [io  0x6000-0x6fff]
[    0.695628] pci 0000:09:00.0:   bridge window [mem 0xcf000000-0xd00fffff]
[    0.695651] pci 0000:00:1c.3: PCI bridge to [bus 09-0a]
[    0.695654] pci 0000:00:1c.3:   bridge window [io  0x6000-0x6fff]
[    0.695664] pci 0000:00:1c.3:   bridge window [mem 0xcf000000-0xd00fffff]
[    0.695683] pci 0000:00:1c.4: PCI bridge to [bus 0b-43]
[    0.695686] pci 0000:00:1c.4:   bridge window [io  0x1000-0x1fff]
[    0.695696] pci 0000:00:1c.4:   bridge window [mem 0xb8000000-0xce0fffff]
[    0.695704] pci 0000:00:1c.4:   bridge window [mem 0x90000000-0xb1ffffff 64bit pref]
[    0.695718] pci_bus 0000:00: resource 4 [io  0x0000-0x0cf7 window]
[    0.695721] pci_bus 0000:00: resource 5 [io  0x1000-0x7fff window]
[    0.695724] pci_bus 0000:00: resource 6 [mem 0x000a0000-0x000bffff window]
[    0.695727] pci_bus 0000:00: resource 7 [mem 0xfedb0000-0xfedb000f window]
[    0.695730] pci_bus 0000:00: resource 8 [mem 0xfedc0000-0xfedc000f window]
[    0.695732] pci_bus 0000:00: resource 9 [mem 0x90000000-0xd3ffbfff window]
[    0.695735] pci_bus 0000:00: resource 10 [mem 0x380000000000-0x383fffffffff window]
[    0.695738] pci_bus 0000:01: resource 1 [mem 0xd0500000-0xd05fffff]
[    0.695741] pci_bus 0000:02: resource 1 [mem 0xb2000000-0xb29fffff]
[    0.695744] pci_bus 0000:02: resource 2 [mem 0x380000000000-0x3805ffffffff 64bit pref]
[    0.695747] pci_bus 0000:03: resource 1 [mem 0xb2000000-0xb28fffff]
[    0.695750] pci_bus 0000:03: resource 2 [mem 0x380000000000-0x3805ffffffff 64bit pref]
[    0.695753] pci_bus 0000:04: resource 1 [mem 0xb2000000-0xb28fffff]
[    0.695755] pci_bus 0000:04: resource 2 [mem 0x380000000000-0x3805ffffffff 64bit pref]
[    0.695759] pci_bus 0000:05: resource 1 [mem 0xb2a00000-0xb33fffff]
[    0.695761] pci_bus 0000:05: resource 2 [mem 0x380600000000-0x380bffffffff 64bit pref]
[    0.695765] pci_bus 0000:06: resource 1 [mem 0xb2a00000-0xb32fffff]
[    0.695767] pci_bus 0000:06: resource 2 [mem 0x380600000000-0x380bffffffff 64bit pref]
[    0.695770] pci_bus 0000:07: resource 1 [mem 0xb2a00000-0xb32fffff]
[    0.695773] pci_bus 0000:07: resource 2 [mem 0x380600000000-0x380bffffffff 64bit pref]
[    0.695776] pci_bus 0000:09: resource 0 [io  0x6000-0x6fff]
[    0.695779] pci_bus 0000:09: resource 1 [mem 0xcf000000-0xd00fffff]
[    0.695782] pci_bus 0000:0a: resource 0 [io  0x6000-0x6fff]
[    0.695784] pci_bus 0000:0a: resource 1 [mem 0xcf000000-0xd00fffff]
[    0.695787] pci_bus 0000:0b: resource 0 [io  0x1000-0x1fff]
[    0.695789] pci_bus 0000:0b: resource 1 [mem 0xb8000000-0xce0fffff]
[    0.695792] pci_bus 0000:0b: resource 2 [mem 0x90000000-0xb1ffffff 64bit pref]
[    0.695957] pci_bus 0000:80: max bus depth: 3 pci_try_num: 4
[    0.695966] pci 0000:80:00.0: BAR 15: assigned [mem 0x384000000000-0x3840000fffff 64bit pref]
[    0.695971] pci 0000:81:00.0: BAR 7: assigned [mem 0x384000000000-0x38400001ffff 64bit pref]
[    0.696036] pci 0000:81:00.0: BAR 10: assigned [mem 0x384000020000-0x38400003ffff 64bit pref]
[    0.696100] pci 0000:81:00.1: BAR 7: assigned [mem 0x384000040000-0x38400005ffff 64bit pref]
[    0.696164] pci 0000:81:00.1: BAR 10: assigned [mem 0x384000060000-0x38400007ffff 64bit pref]
[    0.696229] pci 0000:80:00.0: PCI bridge to [bus 81]
[    0.696232] pci 0000:80:00.0:   bridge window [io  0xf000-0xffff]
[    0.696241] pci 0000:80:00.0:   bridge window [mem 0xfbe00000-0xfbefffff]
[    0.696248] pci 0000:80:00.0:   bridge window [mem 0x384000000000-0x3840000fffff 64bit pref]
[    0.696263] pci 0000:84:00.0: BAR 7: no space for [mem size 0x100000000 64bit pref]
[    0.696266] pci 0000:84:00.0: BAR 7: failed to assign [mem size 0x100000000 64bit pref]
[    0.696270] pci 0000:84:00.0: BAR 9: no space for [mem size 0x02000000 64bit pref]
[    0.696273] pci 0000:84:00.0: BAR 9: failed to assign [mem size 0x02000000 64bit pref]
[    0.696277] pci 0000:84:00.0: BAR 12: no space for [mem size 0x00800000]
[    0.696280] pci 0000:84:00.0: BAR 12: failed to assign [mem size 0x00800000]
[    0.696283] pci 0000:83:00.0: PCI bridge to [bus 84]
[    0.696292] pci 0000:83:00.0:   bridge window [mem 0xfbc00000-0xfbcfffff]
[    0.696300] pci 0000:83:00.0:   bridge window [mem 0x387800000000-0x387c001fffff 64bit pref]
[    0.696313] pci 0000:82:00.0: PCI bridge to [bus 83-84]
[    0.696323] pci 0000:82:00.0:   bridge window [mem 0xfbc00000-0xfbcfffff]
[    0.696331] pci 0000:82:00.0:   bridge window [mem 0x387800000000-0x387c001fffff 64bit pref]
[    0.696344] pci 0000:80:02.0: PCI bridge to [bus 82-84]
[    0.696353] pci 0000:80:02.0:   bridge window [mem 0xfbc00000-0xfbdfffff]
[    0.696361] pci 0000:80:02.0:   bridge window [mem 0x387800000000-0x387c001fffff 64bit pref]
[    0.696374] pci 0000:87:00.0: BAR 7: no space for [mem size 0x100000000 64bit pref]
[    0.696378] pci 0000:87:00.0: BAR 7: failed to assign [mem size 0x100000000 64bit pref]
[    0.696382] pci 0000:87:00.0: BAR 9: no space for [mem size 0x02000000 64bit pref]
[    0.696385] pci 0000:87:00.0: BAR 9: failed to assign [mem size 0x02000000 64bit pref]
[    0.696388] pci 0000:87:00.0: BAR 12: no space for [mem size 0x00800000]
[    0.696391] pci 0000:87:00.0: BAR 12: failed to assign [mem size 0x00800000]
[    0.696394] pci 0000:86:00.0: PCI bridge to [bus 87]
[    0.696404] pci 0000:86:00.0:   bridge window [mem 0xfba00000-0xfbafffff]
[    0.696411] pci 0000:86:00.0:   bridge window [mem 0x387000000000-0x3874001fffff 64bit pref]
[    0.696424] pci 0000:85:00.0: PCI bridge to [bus 86-87]
[    0.696434] pci 0000:85:00.0:   bridge window [mem 0xfba00000-0xfbafffff]
[    0.696442] pci 0000:85:00.0:   bridge window [mem 0x387000000000-0x3874001fffff 64bit pref]
[    0.696455] pci 0000:80:03.0: PCI bridge to [bus 85-87]
[    0.696464] pci 0000:80:03.0:   bridge window [mem 0xfba00000-0xfbbfffff]
[    0.696471] pci 0000:80:03.0:   bridge window [mem 0x387000000000-0x3874001fffff 64bit pref]
[    0.696484] pci_bus 0000:80: No. 2 try to assign unassigned res
[    0.696486] release child resource [mem 0xfba00000-0xfba7ffff]
[    0.696488] release child resource [mem 0xfba80000-0xfba9ffff pref]
[    0.696489] pci 0000:86:00.0: resource 14 [mem 0xfba00000-0xfbafffff] released
[    0.696492] pci 0000:86:00.0: PCI bridge to [bus 87]
[    0.696499] release child resource [mem 0x387000000000-0x3873ffffffff 64bit pref]
[    0.696500] release child resource [mem 0x387400000000-0x3874001fffff 64bit pref]
[    0.696502] pci 0000:86:00.0: resource 15 [mem 0x387000000000-0x3874001fffff 64bit pref] released
[    0.696505] pci 0000:86:00.0: PCI bridge to [bus 87]
[    0.696519] release child resource [mem 0xfbc00000-0xfbc7ffff]
[    0.696520] release child resource [mem 0xfbc80000-0xfbc9ffff pref]
[    0.696522] pci 0000:83:00.0: resource 14 [mem 0xfbc00000-0xfbcfffff] released
[    0.696525] pci 0000:83:00.0: PCI bridge to [bus 84]
[    0.696532] release child resource [mem 0x387800000000-0x387bffffffff 64bit pref]
[    0.696533] release child resource [mem 0x387c00000000-0x387c001fffff 64bit pref]
[    0.696534] pci 0000:83:00.0: resource 15 [mem 0x387800000000-0x387c001fffff 64bit pref] released
[    0.696537] pci 0000:83:00.0: PCI bridge to [bus 84]
[    0.696556] pci 0000:80:00.0: PCI bridge to [bus 81]
[    0.696559] pci 0000:80:00.0:   bridge window [io  0xf000-0xffff]
[    0.696568] pci 0000:80:00.0:   bridge window [mem 0xfbe00000-0xfbefffff]
[    0.696575] pci 0000:80:00.0:   bridge window [mem 0x384000000000-0x3840000fffff 64bit pref]
[    0.696590] pci 0000:83:00.0: BAR 15: no space for [mem size 0x600000000 64bit pref]
[    0.696593] pci 0000:83:00.0: BAR 15: failed to assign [mem size 0x600000000 64bit pref]
[    0.696597] pci 0000:83:00.0: BAR 14: no space for [mem size 0x00900000]
[    0.696599] pci 0000:83:00.0: BAR 14: failed to assign [mem size 0x00900000]
[    0.696603] pci 0000:84:00.0: BAR 0: no space for [mem size 0x400000000 64bit pref]
[    0.696606] pci 0000:84:00.0: BAR 0: failed to assign [mem size 0x400000000 64bit pref]
[    0.696610] pci 0000:84:00.0: BAR 7: no space for [mem size 0x100000000 64bit pref]
[    0.696613] pci 0000:84:00.0: BAR 7: failed to assign [mem size 0x100000000 64bit pref]
[    0.696616] pci 0000:84:00.0: BAR 2: no space for [mem size 0x00200000 64bit pref]
[    0.696619] pci 0000:84:00.0: BAR 2: failed to assign [mem size 0x00200000 64bit pref]
[    0.696622] pci 0000:84:00.0: BAR 9: no space for [mem size 0x02000000 64bit pref]
[    0.696625] pci 0000:84:00.0: BAR 9: failed to assign [mem size 0x02000000 64bit pref]
[    0.696628] pci 0000:84:00.0: BAR 5: no space for [mem size 0x00080000]
[    0.696631] pci 0000:84:00.0: BAR 5: failed to assign [mem size 0x00080000]
[    0.696634] pci 0000:84:00.0: BAR 12: no space for [mem size 0x00800000]
[    0.696636] pci 0000:84:00.0: BAR 12: failed to assign [mem size 0x00800000]
[    0.696639] pci 0000:84:00.0: BAR 6: no space for [mem size 0x00020000 pref]
[    0.696642] pci 0000:84:00.0: BAR 6: failed to assign [mem size 0x00020000 pref]
[    0.696645] pci 0000:83:00.0: PCI bridge to [bus 84]
[    0.696670] pci 0000:82:00.0: PCI bridge to [bus 83-84]
[    0.696680] pci 0000:82:00.0:   bridge window [mem 0xfbc00000-0xfbcfffff]
[    0.696687] pci 0000:82:00.0:   bridge window [mem 0x387800000000-0x387c001fffff 64bit pref]
[    0.696700] pci 0000:80:02.0: PCI bridge to [bus 82-84]
[    0.696710] pci 0000:80:02.0:   bridge window [mem 0xfbc00000-0xfbdfffff]
[    0.696717] pci 0000:80:02.0:   bridge window [mem 0x387800000000-0x387c001fffff 64bit pref]
[    0.696731] pci 0000:86:00.0: BAR 15: no space for [mem size 0x600000000 64bit pref]
[    0.696734] pci 0000:86:00.0: BAR 15: failed to assign [mem size 0x600000000 64bit pref]
[    0.696738] pci 0000:86:00.0: BAR 14: no space for [mem size 0x00900000]
[    0.696740] pci 0000:86:00.0: BAR 14: failed to assign [mem size 0x00900000]
[    0.696744] pci 0000:87:00.0: BAR 0: no space for [mem size 0x400000000 64bit pref]
[    0.696747] pci 0000:87:00.0: BAR 0: failed to assign [mem size 0x400000000 64bit pref]
[    0.696750] pci 0000:87:00.0: BAR 7: no space for [mem size 0x100000000 64bit pref]
[    0.696753] pci 0000:87:00.0: BAR 7: failed to assign [mem size 0x100000000 64bit pref]
[    0.696756] pci 0000:87:00.0: BAR 2: no space for [mem size 0x00200000 64bit pref]
[    0.696759] pci 0000:87:00.0: BAR 2: failed to assign [mem size 0x00200000 64bit pref]
[    0.696763] pci 0000:87:00.0: BAR 9: no space for [mem size 0x02000000 64bit pref]
[    0.696766] pci 0000:87:00.0: BAR 9: failed to assign [mem size 0x02000000 64bit pref]
