[    0.000000] microcode: microcode updated early to revision 0x49, date = 2021-08-11
[    0.000000] Linux version 5.15.0-185-generic (buildd@lcy02-amd64-012) (gcc (Ubuntu 11.4.0-1ubuntu1~22.04.3) 11.4.0, GNU ld (GNU Binutils for Ubuntu) 2.38) #195-Ubuntu SMP Fri Jun 19 17:11:50 UTC 2026 (Ubuntu 5.15.0-185.195-generic 5.15.200)
[    0.000000] Command line: BOOT_IMAGE=/boot/vmlinuz-5.15.0-185-generic root=UUID=d0d1212d-a3fc-4520-908f-75427e05b93b ro
[    0.000000] KERNEL supported cpus:
[    0.000000]   Intel GenuineIntel
[    0.000000]   AMD AuthenticAMD
[    0.000000]   Hygon HygonGenuine
[    0.000000]   Centaur CentaurHauls
[    0.000000]   zhaoxin   Shanghai  
[    0.000000] BIOS-provided physical RAM map:
[    0.000000] BIOS-e820: [mem 0x0000000000000000-0x000000000009ffff] usable
[    0.000000] BIOS-e820: [mem 0x0000000000100000-0x00000000784aefff] usable
[    0.000000] BIOS-e820: [mem 0x00000000784af000-0x0000000079274fff] reserved
[    0.000000] BIOS-e820: [mem 0x0000000079275000-0x0000000079427fff] usable
[    0.000000] BIOS-e820: [mem 0x0000000079428000-0x0000000079ce2fff] ACPI NVS
[    0.000000] BIOS-e820: [mem 0x0000000079ce3000-0x000000007bcf6fff] reserved
[    0.000000] BIOS-e820: [mem 0x000000007bcf7000-0x000000007bcf7fff] usable
[    0.000000] BIOS-e820: [mem 0x000000007bcf8000-0x000000007bd7dfff] reserved
[    0.000000] BIOS-e820: [mem 0x000000007bd7e000-0x000000007bffffff] usable
[    0.000000] BIOS-e820: [mem 0x000000007c000000-0x000000008fffffff] reserved
[    0.000000] BIOS-e820: [mem 0x00000000fed1c000-0x00000000fed44fff] reserved
[    0.000000] BIOS-e820: [mem 0x00000000ff000000-0x00000000ffffffff] reserved
[    0.000000] BIOS-e820: [mem 0x0000000100000000-0x000000087fffffff] usable
[    0.000000] NX (Execute Disable) protection: active
[    0.000000] e820: update [mem 0x6ad84018-0x6ad93e57] usable ==> usable
[    0.000000] e820: update [mem 0x6ad84018-0x6ad93e57] usable ==> usable
[    0.000000] e820: update [mem 0x6ad74018-0x6ad83e57] usable ==> usable
[    0.000000] e820: update [mem 0x6ad74018-0x6ad83e57] usable ==> usable
[    0.000000] e820: update [mem 0x6ad6b018-0x6ad73057] usable ==> usable
[    0.000000] e820: update [mem 0x6ad6b018-0x6ad73057] usable ==> usable
[    0.000000] e820: update [mem 0x6ad59018-0x6ad6a057] usable ==> usable
[    0.000000] e820: update [mem 0x6ad59018-0x6ad6a057] usable ==> usable
[    0.000000] e820: update [mem 0x6ad47018-0x6ad58057] usable ==> usable
[    0.000000] e820: update [mem 0x6ad47018-0x6ad58057] usable ==> usable
[    0.000000] e820: update [mem 0x6ad37018-0x6ad46e57] usable ==> usable
[    0.000000] e820: update [mem 0x6ad37018-0x6ad46e57] usable ==> usable
[    0.000000] e820: update [mem 0x6ad27018-0x6ad36e57] usable ==> usable
[    0.000000] e820: update [mem 0x6ad27018-0x6ad36e57] usable ==> usable
[    0.000000] extended physical RAM map:
[    0.000000] reserve setup_data: [mem 0x0000000000000000-0x000000000009ffff] usable
[    0.000000] reserve setup_data: [mem 0x0000000000100000-0x000000006ad27017] usable
[    0.000000] reserve setup_data: [mem 0x000000006ad27018-0x000000006ad36e57] usable
[    0.000000] reserve setup_data: [mem 0x000000006ad36e58-0x000000006ad37017] usable
[    0.000000] reserve setup_data: [mem 0x000000006ad37018-0x000000006ad46e57] usable
[    0.000000] reserve setup_data: [mem 0x000000006ad46e58-0x000000006ad47017] usable
[    0.000000] reserve setup_data: [mem 0x000000006ad47018-0x000000006ad58057] usable
[    0.000000] reserve setup_data: [mem 0x000000006ad58058-0x000000006ad59017] usable
[    0.000000] reserve setup_data: [mem 0x000000006ad59018-0x000000006ad6a057] usable
[    0.000000] reserve setup_data: [mem 0x000000006ad6a058-0x000000006ad6b017] usable
[    0.000000] reserve setup_data: [mem 0x000000006ad6b018-0x000000006ad73057] usable
[    0.000000] reserve setup_data: [mem 0x000000006ad73058-0x000000006ad74017] usable
[    0.000000] reserve setup_data: [mem 0x000000006ad74018-0x000000006ad83e57] usable
[    0.000000] reserve setup_data: [mem 0x000000006ad83e58-0x000000006ad84017] usable
[    0.000000] reserve setup_data: [mem 0x000000006ad84018-0x000000006ad93e57] usable
[    0.000000] reserve setup_data: [mem 0x000000006ad93e58-0x00000000784aefff] usable
[    0.000000] reserve setup_data: [mem 0x00000000784af000-0x0000000079274fff] reserved
[    0.000000] reserve setup_data: [mem 0x0000000079275000-0x0000000079427fff] usable
[    0.000000] reserve setup_data: [mem 0x0000000079428000-0x0000000079ce2fff] ACPI NVS
[    0.000000] reserve setup_data: [mem 0x0000000079ce3000-0x000000007bcf6fff] reserved
[    0.000000] reserve setup_data: [mem 0x000000007bcf7000-0x000000007bcf7fff] usable
[    0.000000] reserve setup_data: [mem 0x000000007bcf8000-0x000000007bd7dfff] reserved
[    0.000000] reserve setup_data: [mem 0x000000007bd7e000-0x000000007bffffff] usable
[    0.000000] reserve setup_data: [mem 0x000000007c000000-0x000000008fffffff] reserved
[    0.000000] reserve setup_data: [mem 0x00000000fed1c000-0x00000000fed44fff] reserved
[    0.000000] reserve setup_data: [mem 0x00000000ff000000-0x00000000ffffffff] reserved
[    0.000000] reserve setup_data: [mem 0x0000000100000000-0x000000087fffffff] usable
[    0.000000] efi: EFI v2.40 by American Megatrends
[    0.000000] efi: ACPI=0x794c0000 ACPI 2.0=0x794c0000 ESRT=0x7ba49c98 SMBIOS=0xf05e0 SMBIOS 3.0=0x7ba45000 MOKvar=0x7ba44000 
[    0.000000] secureboot: Secure boot disabled
[    0.000000] SMBIOS 3.0.0 present.
[    0.000000] DMI: Supermicro SYS-7048GR-TR/X10DRG-Q, BIOS 3.2 11/22/2019
[    0.000000] tsc: Fast TSC calibration using PIT
[    0.000000] tsc: Detected 2399.862 MHz processor
[    0.000525] e820: update [mem 0x00000000-0x00000fff] usable ==> reserved
[    0.000529] e820: remove [mem 0x000a0000-0x000fffff] usable
[    0.000543] last_pfn = 0x880000 max_arch_pfn = 0x400000000
[    0.000784] x86/PAT: Configuration [0-7]: WB  WC  UC- UC  WB  WP  UC- WT  
[    0.002532] last_pfn = 0x7c000 max_arch_pfn = 0x400000000
[    0.011932] found SMP MP-table at [mem 0x000fd040-0x000fd04f]
[    0.011957] esrt: Reserving ESRT space from 0x000000007ba49c98 to 0x000000007ba49cd0.
[    0.011968] Using GB pages for direct mapping
[    0.012743] secureboot: Secure boot disabled
[    0.012744] RAMDISK: [mem 0x6ad95000-0x72505fff]
[    0.012752] ACPI: Early table checksum verification disabled
[    0.012757] ACPI: RSDP 0x00000000794C0000 000024 (v02 SUPERM)
[    0.012762] ACPI: XSDT 0x00000000794C00B0 0000E4 (v01                 01072009 AMI  00010013)
[    0.012769] ACPI: FACP 0x00000000794F35B0 00010C (v05 SUPERM SMCI--MB 01072009 AMI  00010013)
[    0.012777] ACPI: DSDT 0x00000000794C0230 03337B (v02 SUPERM SMCI--MB 01072009 INTL 20091013)
[    0.012782] ACPI: FACS 0x0000000079CE1F80 000040
[    0.012786] ACPI: APIC 0x00000000794F36C0 0001B4 (v03 SUPERM SMCI--MB 01072009 AMI  00010013)
[    0.012790] ACPI: FPDT 0x00000000794F3878 000044 (v01 SUPERM SMCI--MB 01072009 AMI  00010013)
[    0.012794] ACPI: FIDT 0x00000000794F38C0 00009C (v01 SUPERM SMCI--MB 01072009 AMI  00010013)
[    0.012798] ACPI: SPMI 0x00000000794F3960 000041 (v05 SUPERM SMCI--MB 00000000 AMI. 00000000)
[    0.012803] ACPI: MCFG 0x00000000794F39A8 00003C (v01 SUPERM SMCI--MB 01072009 MSFT 00000097)
[    0.012807] ACPI: UEFI 0x00000000794F39E8 000042 (v01 SUPERM SMCI--MB 01072009      00000000)
[    0.012811] ACPI: HPET 0x00000000794F3A30 000038 (v01 SUPERM SMCI--MB 00000001 INTL 20091013)
[    0.012815] ACPI: MSCT 0x00000000794F3A68 000090 (v01 SUPERM SMCI--MB 00000001 INTL 20091013)
[    0.012820] ACPI: NFIT 0x00000000794F3AF8 018028 (v01                 00000000      00000000)
[    0.012824] ACPI: SLIT 0x000000007950BB20 000030 (v01 SUPERM SMCI--MB 00000001 INTL 20091013)
[    0.012828] ACPI: SRAT 0x000000007950BB50 001158 (v03 SUPERM SMCI--MB 00000001 INTL 20091013)
[    0.012832] ACPI: WDDT 0x000000007950CCA8 000040 (v01 SUPERM SMCI--MB 00000000 INTL 20091013)
[    0.012837] ACPI: SSDT 0x000000007950CCE8 0170C7 (v02 SUPERM PmMgt    00000001 INTL 20120913)
[    0.012841] ACPI: NITR 0x0000000079523DB0 000071 (v02 SUPERM SMCI--MB 00000001 INTL 20091013)
[    0.012845] ACPI: BGRT 0x0000000079523E28 000038 (v01 SUPERM SMCI--MB 01072009 AMI  00010013)
[    0.012850] ACPI: SSDT 0x0000000079523E60 00264C (v02 SUPERM SpsNm    00000002 INTL 20120913)
[    0.012854] ACPI: SSDT 0x00000000795264B0 000064 (v02 SUPERM SpsNvs   00000002 INTL 20120913)
[    0.012858] ACPI: PRAD 0x0000000079526518 000102 (v02 SUPERM SMCI--MB 00000002 INTL 20120913)
[    0.012863] ACPI: DMAR 0x0000000079526620 000158 (v01 SUPERM SMCI--MB 00000001 INTL 20091013)
[    0.012867] ACPI: HEST 0x0000000079526778 00027C (v01 SUPERM SMCI--MB 00000001 INTL 00000001)
[    0.012872] ACPI: BERT 0x00000000795269F8 000030 (v01 SUPERM SMCI--MB 00000001 INTL 00000001)
[    0.012876] ACPI: ERST 0x0000000079526A28 000230 (v01 SUPERM SMCI--MB 00000001 INTL 00000001)
[    0.012880] ACPI: EINJ 0x0000000079526C58 000130 (v01 SUPERM SMCI--MB 00000001 INTL 00000001)
[    0.012884] ACPI: Reserving FACP table memory at [mem 0x794f35b0-0x794f36bb]
[    0.012886] ACPI: Reserving DSDT table memory at [mem 0x794c0230-0x794f35aa]
[    0.012888] ACPI: Reserving FACS table memory at [mem 0x79ce1f80-0x79ce1fbf]
[    0.012890] ACPI: Reserving APIC table memory at [mem 0x794f36c0-0x794f3873]
[    0.012891] ACPI: Reserving FPDT table memory at [mem 0x794f3878-0x794f38bb]
[    0.012893] ACPI: Reserving FIDT table memory at [mem 0x794f38c0-0x794f395b]
[    0.012894] ACPI: Reserving SPMI table memory at [mem 0x794f3960-0x794f39a0]
[    0.012896] ACPI: Reserving MCFG table memory at [mem 0x794f39a8-0x794f39e3]
[    0.012897] ACPI: Reserving UEFI table memory at [mem 0x794f39e8-0x794f3a29]
[    0.012899] ACPI: Reserving HPET table memory at [mem 0x794f3a30-0x794f3a67]
[    0.012901] ACPI: Reserving MSCT table memory at [mem 0x794f3a68-0x794f3af7]
[    0.012902] ACPI: Reserving NFIT table memory at [mem 0x794f3af8-0x7950bb1f]
[    0.012904] ACPI: Reserving SLIT table memory at [mem 0x7950bb20-0x7950bb4f]
[    0.012905] ACPI: Reserving SRAT table memory at [mem 0x7950bb50-0x7950cca7]
[    0.012907] ACPI: Reserving WDDT table memory at [mem 0x7950cca8-0x7950cce7]
[    0.012908] ACPI: Reserving SSDT table memory at [mem 0x7950cce8-0x79523dae]
[    0.012910] ACPI: Reserving NITR table memory at [mem 0x79523db0-0x79523e20]
[    0.012912] ACPI: Reserving BGRT table memory at [mem 0x79523e28-0x79523e5f]
[    0.012913] ACPI: Reserving SSDT table memory at [mem 0x79523e60-0x795264ab]
[    0.012915] ACPI: Reserving SSDT table memory at [mem 0x795264b0-0x79526513]
[    0.012916] ACPI: Reserving PRAD table memory at [mem 0x79526518-0x79526619]
[    0.012918] ACPI: Reserving DMAR table memory at [mem 0x79526620-0x79526777]
[    0.012919] ACPI: Reserving HEST table memory at [mem 0x79526778-0x795269f3]
[    0.012921] ACPI: Reserving BERT table memory at [mem 0x795269f8-0x79526a27]
[    0.012923] ACPI: Reserving ERST table memory at [mem 0x79526a28-0x79526c57]
[    0.012924] ACPI: Reserving EINJ table memory at [mem 0x79526c58-0x79526d87]
[    0.012982] SRAT: PXM 0 -> APIC 0x00 -> Node 0
[    0.012984] SRAT: PXM 0 -> APIC 0x02 -> Node 0
[    0.012985] SRAT: PXM 0 -> APIC 0x04 -> Node 0
[    0.012987] SRAT: PXM 0 -> APIC 0x06 -> Node 0
[    0.012988] SRAT: PXM 0 -> APIC 0x08 -> Node 0
[    0.012989] SRAT: PXM 0 -> APIC 0x0a -> Node 0
[    0.012990] SRAT: PXM 1 -> APIC 0x10 -> Node 1
[    0.012992] SRAT: PXM 1 -> APIC 0x12 -> Node 1
[    0.012993] SRAT: PXM 1 -> APIC 0x14 -> Node 1
[    0.012994] SRAT: PXM 1 -> APIC 0x16 -> Node 1
[    0.012996] SRAT: PXM 1 -> APIC 0x18 -> Node 1
[    0.012997] SRAT: PXM 1 -> APIC 0x1a -> Node 1
[    0.012998] SRAT: PXM 0 -> APIC 0x01 -> Node 0
[    0.012999] SRAT: PXM 0 -> APIC 0x03 -> Node 0
[    0.013000] SRAT: PXM 0 -> APIC 0x05 -> Node 0
[    0.013002] SRAT: PXM 0 -> APIC 0x07 -> Node 0
[    0.013003] SRAT: PXM 0 -> APIC 0x09 -> Node 0
[    0.013004] SRAT: PXM 0 -> APIC 0x0b -> Node 0
[    0.013005] SRAT: PXM 1 -> APIC 0x11 -> Node 1
[    0.013006] SRAT: PXM 1 -> APIC 0x13 -> Node 1
[    0.013008] SRAT: PXM 1 -> APIC 0x15 -> Node 1
[    0.013009] SRAT: PXM 1 -> APIC 0x17 -> Node 1
[    0.013010] SRAT: PXM 1 -> APIC 0x19 -> Node 1
[    0.013011] SRAT: PXM 1 -> APIC 0x1b -> Node 1
[    0.013020] ACPI: SRAT: Node 0 PXM 0 [mem 0x00000000-0x7fffffff]
[    0.013023] ACPI: SRAT: Node 0 PXM 0 [mem 0x100000000-0x47fffffff]
[    0.013025] ACPI: SRAT: Node 1 PXM 1 [mem 0x480000000-0x87fffffff]
[    0.013032] NUMA: Initialized distance table, cnt=2
[    0.013035] NUMA: Node 0 [mem 0x00000000-0x7fffffff] + [mem 0x100000000-0x47fffffff] -> [mem 0x00000000-0x47fffffff]
[    0.013049] NODE_DATA(0) allocated [mem 0x47ffd6000-0x47fffffff]
[    0.013080] NODE_DATA(1) allocated [mem 0x87ffd5000-0x87fffefff]
[    0.013436] Zone ranges:
[    0.013438]   DMA      [mem 0x0000000000001000-0x0000000000ffffff]
[    0.013441]   DMA32    [mem 0x0000000001000000-0x00000000ffffffff]
[    0.013444]   Normal   [mem 0x0000000100000000-0x000000087fffffff]
[    0.013446]   Device   empty
[    0.013448] Movable zone start for each node
[    0.013452] Early memory node ranges
[    0.013453]   node   0: [mem 0x0000000000001000-0x000000000009ffff]
[    0.013455]   node   0: [mem 0x0000000000100000-0x00000000784aefff]
[    0.013457]   node   0: [mem 0x0000000079275000-0x0000000079427fff]
[    0.013459]   node   0: [mem 0x000000007bcf7000-0x000000007bcf7fff]
[    0.013460]   node   0: [mem 0x000000007bd7e000-0x000000007bffffff]
[    0.013462]   node   0: [mem 0x0000000100000000-0x000000047fffffff]
[    0.013465]   node   1: [mem 0x0000000480000000-0x000000087fffffff]
[    0.013469] Initmem setup node 0 [mem 0x0000000000001000-0x000000047fffffff]
[    0.013474] Initmem setup node 1 [mem 0x0000000480000000-0x000000087fffffff]
[    0.013481] On node 0, zone DMA: 1 pages in unavailable ranges
[    0.013565] On node 0, zone DMA: 96 pages in unavailable ranges
[    0.019930] On node 0, zone DMA32: 3526 pages in unavailable ranges
[    0.020129] On node 0, zone DMA32: 10447 pages in unavailable ranges
[    0.020143] On node 0, zone DMA32: 134 pages in unavailable ranges
[    0.067883] On node 0, zone Normal: 16384 pages in unavailable ranges
[    0.168029] ACPI: PM-Timer IO Port: 0x408
[    0.168046] ACPI: LAPIC_NMI (acpi_id[0x00] high edge lint[0x1])
[    0.168049] ACPI: LAPIC_NMI (acpi_id[0x02] high edge lint[0x1])
[    0.168050] ACPI: LAPIC_NMI (acpi_id[0x04] high edge lint[0x1])
[    0.168052] ACPI: LAPIC_NMI (acpi_id[0x06] high edge lint[0x1])
[    0.168053] ACPI: LAPIC_NMI (acpi_id[0x08] high edge lint[0x1])
[    0.168054] ACPI: LAPIC_NMI (acpi_id[0x0a] high edge lint[0x1])
[    0.168056] ACPI: LAPIC_NMI (acpi_id[0x10] high edge lint[0x1])
[    0.168057] ACPI: LAPIC_NMI (acpi_id[0x12] high edge lint[0x1])
[    0.168059] ACPI: LAPIC_NMI (acpi_id[0x14] high edge lint[0x1])
[    0.168060] ACPI: LAPIC_NMI (acpi_id[0x16] high edge lint[0x1])
[    0.168062] ACPI: LAPIC_NMI (acpi_id[0x18] high edge lint[0x1])
[    0.168063] ACPI: LAPIC_NMI (acpi_id[0x1a] high edge lint[0x1])
[    0.168065] ACPI: LAPIC_NMI (acpi_id[0x01] high edge lint[0x1])
[    0.168066] ACPI: LAPIC_NMI (acpi_id[0x03] high edge lint[0x1])
[    0.168067] ACPI: LAPIC_NMI (acpi_id[0x05] high edge lint[0x1])
[    0.168069] ACPI: LAPIC_NMI (acpi_id[0x07] high edge lint[0x1])
[    0.168070] ACPI: LAPIC_NMI (acpi_id[0x09] high edge lint[0x1])
[    0.168072] ACPI: LAPIC_NMI (acpi_id[0x0b] high edge lint[0x1])
[    0.168073] ACPI: LAPIC_NMI (acpi_id[0x11] high edge lint[0x1])
[    0.168074] ACPI: LAPIC_NMI (acpi_id[0x13] high edge lint[0x1])
[    0.168075] ACPI: LAPIC_NMI (acpi_id[0x15] high edge lint[0x1])
[    0.168077] ACPI: LAPIC_NMI (acpi_id[0x17] high edge lint[0x1])
[    0.168078] ACPI: LAPIC_NMI (acpi_id[0x19] high edge lint[0x1])
[    0.168080] ACPI: LAPIC_NMI (acpi_id[0x1b] high edge lint[0x1])
[    0.168091] IOAPIC[0]: apic_id 1, version 32, address 0xfec00000, GSI 0-23
[    0.168096] IOAPIC[1]: apic_id 2, version 32, address 0xfec01000, GSI 24-47
[    0.168102] IOAPIC[2]: apic_id 3, version 32, address 0xfec40000, GSI 48-71
[    0.168105] ACPI: INT_SRC_OVR (bus 0 bus_irq 0 global_irq 2 dfl dfl)
[    0.168107] ACPI: INT_SRC_OVR (bus 0 bus_irq 9 global_irq 9 high level)
[    0.168112] ACPI: Using ACPI (MADT) for SMP configuration information
[    0.168114] ACPI: HPET id: 0x8086a701 base: 0xfed00000
[    0.168125] e820: update [mem 0x75c50000-0x75daffff] usable ==> reserved
[    0.168146] TSC deadline timer available
[    0.168148] smpboot: Allowing 24 CPUs, 0 hotplug CPUs
[    0.168171] PM: hibernation: Registered nosave memory: [mem 0x00000000-0x00000fff]
[    0.168174] PM: hibernation: Registered nosave memory: [mem 0x000a0000-0x000fffff]
[    0.168177] PM: hibernation: Registered nosave memory: [mem 0x75c50000-0x75daffff]
[    0.168180] PM: hibernation: Registered nosave memory: [mem 0x784af000-0x79274fff]
[    0.168182] PM: hibernation: Registered nosave memory: [mem 0x79428000-0x7bcf6fff]
[    0.168185] PM: hibernation: Registered nosave memory: [mem 0x7bcf8000-0x7bd7dfff]
[    0.168187] PM: hibernation: Registered nosave memory: [mem 0x7c000000-0xffffffff]
[    0.168190] [mem 0x90000000-0xfed1bfff] available for PCI devices
[    0.168192] Booting paravirtualized kernel on bare hardware
[    0.168195] clocksource: refined-jiffies: mask: 0xffffffff max_cycles: 0xffffffff, max_idle_ns: 7645519600211568 ns
[    0.168204] setup_percpu: NR_CPUS:8192 nr_cpumask_bits:24 nr_cpu_ids:24 nr_node_ids:2
[    0.170223] percpu: Embedded 62 pages/cpu s217088 r8192 d28672 u262144
[    0.170233] pcpu-alloc: s217088 r8192 d28672 u262144 alloc=1*2097152
[    0.170236] pcpu-alloc: [0] 00 01 02 03 04 05 12 13 [0] 14 15 16 17 -- -- -- -- 
[    0.170249] pcpu-alloc: [1] 06 07 08 09 10 11 18 19 [1] 20 21 22 23 -- -- -- -- 
[    0.170297] Built 2 zonelists, mobility grouping on.  Total pages: 8227265
[    0.170300] Policy zone: Normal
[    0.170302] Kernel command line: BOOT_IMAGE=/boot/vmlinuz-5.15.0-185-generic root=UUID=d0d1212d-a3fc-4520-908f-75427e05b93b ro
[    0.170762] mem auto-init: stack:off, heap alloc:on, heap free:off
[    0.345801] Memory: 32561436K/33432080K available (16393K kernel code, 4401K rwdata, 11000K rodata, 3292K init, 18768K bss, 870384K reserved, 0K cma-reserved)
[    0.346288] SLUB: HWalign=64, Order=0-3, MinObjects=0, CPUs=24, Nodes=2
[    0.346313] Kernel/User page tables isolation: enabled
[    0.346365] ftrace: allocating 50903 entries in 199 pages
[    0.375057] ftrace: allocated 199 pages with 5 groups
[    0.375377] rcu: Hierarchical RCU implementation.
[    0.375379] rcu: 	RCU restricting CPUs from NR_CPUS=8192 to nr_cpu_ids=24.
[    0.375381] 	Rude variant of Tasks RCU enabled.
[    0.375382] 	Tracing variant of Tasks RCU enabled.
[    0.375384] rcu: RCU calculated value of scheduler-enlistment delay is 25 jiffies.
[    0.375385] rcu: Adjusting geometry for rcu_fanout_leaf=16, nr_cpu_ids=24
[    0.380960] NR_IRQS: 524544, nr_irqs: 1432, preallocated irqs: 16
[    0.381204] random: crng init done
[    0.381275] Console: colour dummy device 80x25
[    0.381653] printk: console [tty0] enabled
[    0.381701] mempolicy: Enabling automatic NUMA balancing. Configure with numa_balancing= or the kernel.numa_balancing sysctl
[    0.381710] ACPI: Core revision 20210730
[    0.382043] clocksource: hpet: mask: 0xffffffff max_cycles: 0xffffffff, max_idle_ns: 133484882848 ns
[    0.382059] APIC: Switch to symmetric I/O mode setup
[    0.382063] DMAR: Host address width 46
[    0.382065] DMAR: DRHD base: 0x000000fbffc000 flags: 0x0
[    0.382073] DMAR: dmar0: reg_base_addr fbffc000 ver 1:0 cap d2078c106f0466 ecap f020de
[    0.382078] DMAR: DRHD base: 0x000000d3ffc000 flags: 0x1
[    0.382083] DMAR: dmar1: reg_base_addr d3ffc000 ver 1:0 cap d2078c106f0466 ecap f020de
[    0.382087] DMAR: RMRR base: 0x0000007ba58000 end: 0x0000007ba67fff
[    0.382091] DMAR: ATSR flags: 0x0
[    0.382094] DMAR: RHSA base: 0x000000d3ffc000 proximity domain: 0x0
[    0.382097] DMAR: RHSA base: 0x000000fbffc000 proximity domain: 0x1
[    0.382100] DMAR-IR: IOAPIC id 3 under DRHD base  0xfbffc000 IOMMU 0
[    0.382104] DMAR-IR: IOAPIC id 1 under DRHD base  0xd3ffc000 IOMMU 1
[    0.382107] DMAR-IR: IOAPIC id 2 under DRHD base  0xd3ffc000 IOMMU 1
[    0.382109] DMAR-IR: HPET id 0 under DRHD base 0xd3ffc000
[    0.382112] DMAR-IR: x2apic is disabled because BIOS sets x2apic opt out bit.
[    0.382113] DMAR-IR: Use 'intremap=no_x2apic_optout' to override the BIOS setting.
[    0.383002] DMAR-IR: Enabled IRQ remapping in xapic mode
[    0.383005] x2apic: IRQ remapping doesn't support X2APIC mode
[    0.383011] Switched APIC routing to physical flat.
[    0.383664] ..TIMER: vector=0x30 apic1=0 pin1=2 apic2=-1 pin2=-1
[    0.402064] clocksource: tsc-early: mask: 0xffffffffffffffff max_cycles: 0x2297b5295ed, max_idle_ns: 440795328499 ns
[    0.402072] Calibrating delay loop (skipped), value calculated using timer frequency.. 4799.72 BogoMIPS (lpj=9599448)
[    0.402099] CPU0: Thermal monitoring enabled (TM1)
[    0.402173] process: using mwait in idle threads
[    0.402178] Last level iTLB entries: 4KB 1024, 2MB 1024, 4MB 1024
[    0.402181] Last level dTLB entries: 4KB 1024, 2MB 1024, 4MB 1024, 1GB 4
[    0.402186] Spectre V1 : Mitigation: usercopy/swapgs barriers and __user pointer sanitization
[    0.402190] Spectre V2 : Mitigation: Retpolines
[    0.402193] Spectre V2 : Spectre v2 / SpectreRSB: Filling RSB on context switch and VMEXIT
[    0.402196] Spectre V2 : Enabling Restricted Speculation for firmware calls
[    0.402199] Spectre V2 : mitigation: Enabling conditional Indirect Branch Prediction Barrier
[    0.402202] Spectre V2 : User space: Mitigation: STIBP via seccomp and prctl
[    0.402205] Speculative Store Bypass: Mitigation: Speculative Store Bypass disabled via prctl and seccomp
[    0.402212] MDS: Mitigation: Clear CPU buffers
[    0.402214] MMIO Stale Data: Mitigation: Clear CPU buffers
[    0.402217] VMSCAPE: Mitigation: IBPB before exit to userspace
[    0.402226] x86/fpu: Supporting XSAVE feature 0x001: 'x87 floating point registers'
[    0.402229] x86/fpu: Supporting XSAVE feature 0x002: 'SSE registers'
[    0.402232] x86/fpu: Supporting XSAVE feature 0x004: 'AVX registers'
[    0.402235] x86/fpu: xstate_offset[2]:  576, xstate_sizes[2]:  256
[    0.402238] x86/fpu: Enabled xstate features 0x7, context size is 832 bytes, using 'standard' format.
[    0.425235] Freeing SMP alternatives memory: 44K
[    0.425240] pid_max: default: 32768 minimum: 301
[    0.427837] LSM: Security Framework initializing
[    0.427854] landlock: Up and running.
[    0.427856] Yama: becoming mindful.
[    0.427894] AppArmor: AppArmor initialized
[    0.436460] Dentry cache hash table entries: 4194304 (order: 13, 33554432 bytes, vmalloc)
[    0.440785] Inode-cache hash table entries: 2097152 (order: 12, 16777216 bytes, vmalloc)
[    0.440957] Mount-cache hash table entries: 65536 (order: 7, 524288 bytes, vmalloc)
[    0.441095] Mountpoint-cache hash table entries: 65536 (order: 7, 524288 bytes, vmalloc)
[    0.441852] smpboot: Estimated ratio of average max frequency by base frequency (times 1024): 1194
[    0.441866] smpboot: CPU0: Intel(R) Xeon(R) CPU E5-2620 v3 @ 2.40GHz (family: 0x6, model: 0x3f, stepping: 0x2)
[    0.442069] Performance Events: PEBS fmt2+, Haswell events, 16-deep LBR, full-width counters, Intel PMU driver.
[    0.442069] ... version:                3
[    0.442069] ... bit width:              48
[    0.442069] ... generic registers:      4
[    0.442069] ... value mask:             0000ffffffffffff
[    0.442069] ... max period:             00007fffffffffff
[    0.442069] ... fixed-purpose events:   3
[    0.442069] ... event mask:             000000070000000f
[    0.442069] signal: max sigframe size: 1776
[    0.442069] rcu: Hierarchical SRCU implementation.
[    0.442069] NMI watchdog: Enabled. Permanently consumes one hw-PMU counter.
[    0.442069] smp: Bringing up secondary CPUs ...
[    0.442069] x86: Booting SMP configuration:
[    0.442069] .... node  #0, CPUs:        #1  #2  #3  #4  #5
[    0.462369] .... node  #1, CPUs:    #6
[    0.004873] smpboot: CPU 6 Converting physical 0 to logical die 1
[    0.550206]   #7  #8  #9 #10 #11
[    0.569165] .... node  #0, CPUs:   #12
[    0.570240] MDS CPU bug present and SMT on, data leak possible. See https://www.kernel.org/doc/html/latest/admin-guide/hw-vuln/mds.html for more details.
[    0.570240] MMIO Stale Data CPU bug present and SMT on, data leak possible. See https://www.kernel.org/doc/html/latest/admin-guide/hw-vuln/processor_mmio_stale_data.html for more details.
[    0.570240] VMSCAPE: SMT on, STIBP is required for full protection. See https://www.kernel.org/doc/html/latest/admin-guide/hw-vuln/vmscape.html for more details.
[    0.570303]  #13 #14 #15 #16 #17
[    0.575006] .... node  #1, CPUs:   #18 #19 #20 #21 #22 #23
[    0.582966] smp: Brought up 2 nodes, 24 CPUs
[    0.582966] smpboot: Max logical packages: 2
[    0.582966] smpboot: Total of 24 processors activated (115215.11 BogoMIPS)
[    0.589126] devtmpfs: initialized
[    0.589126] x86/mm: Memory block size: 128MB
[    0.591993] ACPI: PM: Registering ACPI NVS region [mem 0x79428000-0x79ce2fff] (9154560 bytes)
[    0.591993] clocksource: jiffies: mask: 0xffffffff max_cycles: 0xffffffff, max_idle_ns: 7645041785100000 ns
[    0.591993] futex hash table entries: 8192 (order: 7, 524288 bytes, vmalloc)
[    0.591993] pinctrl core: initialized pinctrl subsystem
[    0.591993] PM: RTC time: 15:14:38, date: 2026-07-17
[    0.591993] NET: Registered PF_NETLINK/PF_ROUTE protocol family
[    0.591993] DMA: preallocated 4096 KiB GFP_KERNEL pool for atomic allocations
[    0.594846] DMA: preallocated 4096 KiB GFP_KERNEL|GFP_DMA pool for atomic allocations
[    0.595754] DMA: preallocated 4096 KiB GFP_KERNEL|GFP_DMA32 pool for atomic allocations
[    0.595774] audit: initializing netlink subsys (disabled)
[    0.595787] audit: type=2000 audit(1784301277.212:1): state=initialized audit_enabled=0 res=1
[    0.595787] thermal_sys: Registered thermal governor 'fair_share'
[    0.595787] thermal_sys: Registered thermal governor 'bang_bang'
[    0.595787] thermal_sys: Registered thermal governor 'step_wise'
[    0.595787] thermal_sys: Registered thermal governor 'user_space'
[    0.595787] thermal_sys: Registered thermal governor 'power_allocator'
[    0.595787] cpuidle: using governor ladder
[    0.595787] cpuidle: using governor menu
[    0.595787] ACPI: bus type PCI registered
[    0.595787] acpiphp: ACPI Hot Plug PCI Controller Driver version: 0.5
[    0.595787] PCI: MMCONFIG for domain 0000 [bus 00-ff] at [mem 0x80000000-0x8fffffff] (base 0x80000000)
[    0.595787] PCI: MMCONFIG at [mem 0x80000000-0x8fffffff] reserved in E820
[    0.595787] PCI: Using configuration type 1 for base access
[    0.595787] core: PMU erratum BJ122, BV98, HSD29 worked around, HT is on
[    0.599585] kprobes: kprobe jump-optimization is enabled. All kprobes are optimized if possible.
[    0.599594] HugeTLB registered 1.00 GiB page size, pre-allocated 0 pages
[    0.599594] HugeTLB registered 2.00 MiB page size, pre-allocated 0 pages
[    0.599594] fbcon: Taking over console
[    0.599594] ACPI: Added _OSI(Module Device)
[    0.599594] ACPI: Added _OSI(Processor Device)
[    0.599594] ACPI: Added _OSI(Processor Aggregator Device)
[    0.599594] ACPI: Added _OSI(Linux-Dell-Video)
[    0.599594] ACPI: Added _OSI(Linux-Lenovo-NV-HDMI-Audio)
[    0.599594] ACPI: Added _OSI(Linux-HPI-Hybrid-Graphics)
[    0.668612] ACPI: 4 ACPI AML tables successfully acquired and loaded
[    0.673576] ACPI: [Firmware Bug]: BIOS _OSI(Linux) query ignored
[    0.682254] ACPI: Dynamic OEM Table Load:
[    0.724240] ACPI: Interpreter enabled
[    0.724261] ACPI: PM: (supports S0 S3 S4 S5)
[    0.724263] ACPI: Using IOAPIC for interrupt routing
[    0.724293] HEST: Enabling Firmware First mode for corrected errors.
[    0.724592] HEST: Table parsing has been initialized.
[    0.724863] GHES: APEI firmware first mode is enabled by APEI bit and WHEA _OSC.
[    0.724869] PCI: Using host bridge windows from ACPI; if necessary, use "pci=nocrs" and report a bug
[    0.724872] PCI: Using E820 reservations for host bridge windows
[    0.725935] ACPI: Enabled 6 GPEs in block 00 to 3F
[    0.784030] ACPI: PCI Root Bridge [UNC1] (domain 0000 [bus ff])
[    0.784040] acpi PNP0A03:02: _OSC: OS supports [ExtendedConfig ASPM ClockPM Segments MSI EDR HPX-Type3]
[    0.786873] acpi PNP0A03:02: _OSC: platform does not support [SHPCHotplug AER LTR DPC]
[    0.788334] acpi PNP0A03:02: _OSC: OS now controls [PCIeHotplug PME PCIeCapability]
[    0.788388] PCI host bridge to bus 0000:ff
[    0.788391] pci_bus 0000:ff: Unknown NUMA node; performance will be reduced
[    0.788395] pci_bus 0000:ff: root bus resource [bus ff]
[    0.788411] pci 0000:ff:08.0: [8086:2f80] type 00 class 0x088000
[    0.788514] pci 0000:ff:08.2: [8086:2f32] type 00 class 0x110100
[    0.788601] pci 0000:ff:08.3: [8086:2f83] type 00 class 0x088000
[    0.788690] pci 0000:ff:09.0: [8086:2f90] type 00 class 0x088000
[    0.788773] pci 0000:ff:09.2: [8086:2f33] type 00 class 0x110100
[    0.788858] pci 0000:ff:09.3: [8086:2f93] type 00 class 0x088000
[    0.788946] pci 0000:ff:0b.0: [8086:2f81] type 00 class 0x088000
[    0.789032] pci 0000:ff:0b.1: [8086:2f36] type 00 class 0x110100
[    0.789112] pci 0000:ff:0b.2: [8086:2f37] type 00 class 0x110100
[    0.789203] pci 0000:ff:0c.0: [8086:2fe0] type 00 class 0x088000
[    0.789282] pci 0000:ff:0c.1: [8086:2fe1] type 00 class 0x088000
[    0.789360] pci 0000:ff:0c.2: [8086:2fe2] type 00 class 0x088000
[    0.789439] pci 0000:ff:0c.3: [8086:2fe3] type 00 class 0x088000
[    0.789519] pci 0000:ff:0c.4: [8086:2fe4] type 00 class 0x088000
[    0.789600] pci 0000:ff:0c.5: [8086:2fe5] type 00 class 0x088000
[    0.789682] pci 0000:ff:0f.0: [8086:2ff8] type 00 class 0x088000
[    0.789760] pci 0000:ff:0f.1: [8086:2ff9] type 00 class 0x088000
[    0.789849] pci 0000:ff:0f.4: [8086:2ffc] type 00 class 0x088000
[    0.789929] pci 0000:ff:0f.5: [8086:2ffd] type 00 class 0x088000
[    0.790009] pci 0000:ff:0f.6: [8086:2ffe] type 00 class 0x088000
[    0.790093] pci 0000:ff:10.0: [8086:2f1d] type 00 class 0x088000
[    0.790175] pci 0000:ff:10.1: [8086:2f34] type 00 class 0x110100
[    0.790256] pci 0000:ff:10.5: [8086:2f1e] type 00 class 0x088000
[    0.790337] pci 0000:ff:10.6: [8086:2f7d] type 00 class 0x110100
[    0.790415] pci 0000:ff:10.7: [8086:2f1f] type 00 class 0x088000
[    0.790502] pci 0000:ff:12.0: [8086:2fa0] type 00 class 0x088000
[    0.790584] pci 0000:ff:12.1: [8086:2f30] type 00 class 0x110100
[    0.790672] pci 0000:ff:13.0: [8086:2fa8] type 00 class 0x088000
[    0.790759] pci 0000:ff:13.1: [8086:2f71] type 00 class 0x088000
[    0.790844] pci 0000:ff:13.2: [8086:2faa] type 00 class 0x088000
[    0.790930] pci 0000:ff:13.3: [8086:2fab] type 00 class 0x088000
[    0.791016] pci 0000:ff:13.4: [8086:2fac] type 00 class 0x088000
[    0.791106] pci 0000:ff:13.5: [8086:2fad] type 00 class 0x088000
[    0.791199] pci 0000:ff:13.6: [8086:2fae] type 00 class 0x088000
[    0.791281] pci 0000:ff:13.7: [8086:2faf] type 00 class 0x088000
[    0.791363] pci 0000:ff:14.0: [8086:2fb0] type 00 class 0x088000
[    0.791449] pci 0000:ff:14.1: [8086:2fb1] type 00 class 0x088000
[    0.791536] pci 0000:ff:14.2: [8086:2fb2] type 00 class 0x088000
[    0.791622] pci 0000:ff:14.3: [8086:2fb3] type 00 class 0x088000
[    0.791707] pci 0000:ff:14.4: [8086:2fbc] type 00 class 0x088000
[    0.791789] pci 0000:ff:14.5: [8086:2fbd] type 00 class 0x088000
[    0.791880] pci 0000:ff:14.6: [8086:2fbe] type 00 class 0x088000
[    0.791963] pci 0000:ff:14.7: [8086:2fbf] type 00 class 0x088000
[    0.792046] pci 0000:ff:15.0: [8086:2fb4] type 00 class 0x088000
[    0.792132] pci 0000:ff:15.1: [8086:2fb5] type 00 class 0x088000
[    0.792218] pci 0000:ff:15.2: [8086:2fb6] type 00 class 0x088000
[    0.792306] pci 0000:ff:15.3: [8086:2fb7] type 00 class 0x088000
[    0.792395] pci 0000:ff:16.0: [8086:2f68] type 00 class 0x088000
[    0.792481] pci 0000:ff:16.6: [8086:2f6e] type 00 class 0x088000
[    0.792572] pci 0000:ff:16.7: [8086:2f6f] type 00 class 0x088000
[    0.792655] pci 0000:ff:17.0: [8086:2fd0] type 00 class 0x088000
[    0.792748] pci 0000:ff:17.4: [8086:2fb8] type 00 class 0x088000
[    0.792831] pci 0000:ff:17.5: [8086:2fb9] type 00 class 0x088000
[    0.792913] pci 0000:ff:17.6: [8086:2fba] type 00 class 0x088000
[    0.792996] pci 0000:ff:17.7: [8086:2fbb] type 00 class 0x088000
[    0.793086] pci 0000:ff:1e.0: [8086:2f98] type 00 class 0x088000
[    0.793166] pci 0000:ff:1e.1: [8086:2f99] type 00 class 0x088000
[    0.793255] pci 0000:ff:1e.2: [8086:2f9a] type 00 class 0x088000
[    0.793337] pci 0000:ff:1e.3: [8086:2fc0] type 00 class 0x088000
[    0.793379] pci 0000:ff:1e.4: [8086:2f9c] type 00 class 0x088000
[    0.793465] pci 0000:ff:1f.0: [8086:2f88] type 00 class 0x088000
[    0.793547] pci 0000:ff:1f.2: [8086:2f8a] type 00 class 0x088000
[    0.793717] ACPI: PCI Root Bridge [UNC0] (domain 0000 [bus 7f])
[    0.793723] acpi PNP0A03:03: _OSC: OS supports [ExtendedConfig ASPM ClockPM Segments MSI EDR HPX-Type3]
[    0.794592] acpi PNP0A03:03: _OSC: platform does not support [SHPCHotplug AER LTR DPC]
[    0.796069] acpi PNP0A03:03: _OSC: OS now controls [PCIeHotplug PME PCIeCapability]
[    0.796117] PCI host bridge to bus 0000:7f
[    0.796119] pci_bus 0000:7f: Unknown NUMA node; performance will be reduced
[    0.796122] pci_bus 0000:7f: root bus resource [bus 7f]
[    0.796135] pci 0000:7f:08.0: [8086:2f80] type 00 class 0x088000
[    0.796222] pci 0000:7f:08.2: [8086:2f32] type 00 class 0x110100
[    0.796303] pci 0000:7f:08.3: [8086:2f83] type 00 class 0x088000
[    0.796394] pci 0000:7f:09.0: [8086:2f90] type 00 class 0x088000
[    0.796474] pci 0000:7f:09.2: [8086:2f33] type 00 class 0x110100
[    0.796553] pci 0000:7f:09.3: [8086:2f93] type 00 class 0x088000
[    0.796636] pci 0000:7f:0b.0: [8086:2f81] type 00 class 0x088000
[    0.796712] pci 0000:7f:0b.1: [8086:2f36] type 00 class 0x110100
[    0.796788] pci 0000:7f:0b.2: [8086:2f37] type 00 class 0x110100
[    0.796867] pci 0000:7f:0c.0: [8086:2fe0] type 00 class 0x088000
[    0.796943] pci 0000:7f:0c.1: [8086:2fe1] type 00 class 0x088000
[    0.797026] pci 0000:7f:0c.2: [8086:2fe2] type 00 class 0x088000
[    0.797102] pci 0000:7f:0c.3: [8086:2fe3] type 00 class 0x088000
[    0.797178] pci 0000:7f:0c.4: [8086:2fe4] type 00 class 0x088000
[    0.797254] pci 0000:7f:0c.5: [8086:2fe5] type 00 class 0x088000
[    0.797332] pci 0000:7f:0f.0: [8086:2ff8] type 00 class 0x088000
[    0.797407] pci 0000:7f:0f.1: [8086:2ff9] type 00 class 0x088000
[    0.797487] pci 0000:7f:0f.4: [8086:2ffc] type 00 class 0x088000
[    0.797564] pci 0000:7f:0f.5: [8086:2ffd] type 00 class 0x088000
[    0.797648] pci 0000:7f:0f.6: [8086:2ffe] type 00 class 0x088000
[    0.797725] pci 0000:7f:10.0: [8086:2f1d] type 00 class 0x088000
[    0.797801] pci 0000:7f:10.1: [8086:2f34] type 00 class 0x110100
[    0.797879] pci 0000:7f:10.5: [8086:2f1e] type 00 class 0x088000
[    0.797956] pci 0000:7f:10.6: [8086:2f7d] type 00 class 0x110100
[    0.798031] pci 0000:7f:10.7: [8086:2f1f] type 00 class 0x088000
[    0.798109] pci 0000:7f:12.0: [8086:2fa0] type 00 class 0x088000
[    0.798189] pci 0000:7f:12.1: [8086:2f30] type 00 class 0x110100
[    0.798280] pci 0000:7f:13.0: [8086:2fa8] type 00 class 0x088000
[    0.798362] pci 0000:7f:13.1: [8086:2f71] type 00 class 0x088000
[    0.798443] pci 0000:7f:13.2: [8086:2faa] type 00 class 0x088000
[    0.798525] pci 0000:7f:13.3: [8086:2fab] type 00 class 0x088000
[    0.798609] pci 0000:7f:13.4: [8086:2fac] type 00 class 0x088000
[    0.798691] pci 0000:7f:13.5: [8086:2fad] type 00 class 0x088000
[    0.798772] pci 0000:7f:13.6: [8086:2fae] type 00 class 0x088000
[    0.798857] pci 0000:7f:13.7: [8086:2faf] type 00 class 0x088000
[    0.798944] pci 0000:7f:14.0: [8086:2fb0] type 00 class 0x088000
[    0.799028] pci 0000:7f:14.1: [8086:2fb1] type 00 class 0x088000
[    0.799109] pci 0000:7f:14.2: [8086:2fb2] type 00 class 0x088000
[    0.799191] pci 0000:7f:14.3: [8086:2fb3] type 00 class 0x088000
[    0.799272] pci 0000:7f:14.4: [8086:2fbc] type 00 class 0x088000
[    0.799351] pci 0000:7f:14.5: [8086:2fbd] type 00 class 0x088000
[    0.799431] pci 0000:7f:14.6: [8086:2fbe] type 00 class 0x088000
[    0.799510] pci 0000:7f:14.7: [8086:2fbf] type 00 class 0x088000
[    0.799597] pci 0000:7f:15.0: [8086:2fb4] type 00 class 0x088000
[    0.799679] pci 0000:7f:15.1: [8086:2fb5] type 00 class 0x088000
[    0.799763] pci 0000:7f:15.2: [8086:2fb6] type 00 class 0x088000
[    0.799844] pci 0000:7f:15.3: [8086:2fb7] type 00 class 0x088000
[    0.799930] pci 0000:7f:16.0: [8086:2f68] type 00 class 0x088000
[    0.800011] pci 0000:7f:16.6: [8086:2f6e] type 00 class 0x088000
[    0.800090] pci 0000:7f:16.7: [8086:2f6f] type 00 class 0x088000
[    0.800171] pci 0000:7f:17.0: [8086:2fd0] type 00 class 0x088000
[    0.800258] pci 0000:7f:17.4: [8086:2fb8] type 00 class 0x088000
[    0.800337] pci 0000:7f:17.5: [8086:2fb9] type 00 class 0x088000
[    0.800417] pci 0000:7f:17.6: [8086:2fba] type 00 class 0x088000
[    0.800496] pci 0000:7f:17.7: [8086:2fbb] type 00 class 0x088000
[    0.800581] pci 0000:7f:1e.0: [8086:2f98] type 00 class 0x088000
[    0.800659] pci 0000:7f:1e.1: [8086:2f99] type 00 class 0x088000
[    0.800736] pci 0000:7f:1e.2: [8086:2f9a] type 00 class 0x088000
[    0.800814] pci 0000:7f:1e.3: [8086:2fc0] type 00 class 0x088000
[    0.800864] pci 0000:7f:1e.4: [8086:2f9c] type 00 class 0x088000
[    0.800944] pci 0000:7f:1f.0: [8086:2f88] type 00 class 0x088000
[    0.801022] pci 0000:7f:1f.2: [8086:2f8a] type 00 class 0x088000
[    0.814706] ACPI: PCI Root Bridge [PCI0] (domain 0000 [bus 00-7e])
[    0.814715] acpi PNP0A08:00: _OSC: OS supports [ExtendedConfig ASPM ClockPM Segments MSI EDR HPX-Type3]
[    0.815347] acpi PNP0A08:00: _OSC: platform does not support [SHPCHotplug AER LTR DPC]
[    0.816319] acpi PNP0A08:00: _OSC: OS now controls [PCIeHotplug PME PCIeCapability]
[    0.816752] PCI host bridge to bus 0000:00
[    0.816756] pci_bus 0000:00: root bus resource [io  0x0000-0x0cf7 window]
[    0.816760] pci_bus 0000:00: root bus resource [io  0x1000-0x7fff window]
[    0.816763] pci_bus 0000:00: root bus resource [mem 0x000a0000-0x000bffff window]
[    0.816767] pci_bus 0000:00: root bus resource [mem 0xfedb0000-0xfedb000f window]
[    0.816770] pci_bus 0000:00: root bus resource [mem 0xfedc0000-0xfedc000f window]
[    0.816773] pci_bus 0000:00: root bus resource [mem 0x90000000-0xd3ffbfff window]
[    0.816776] pci_bus 0000:00: root bus resource [mem 0x30000000000-0x37fffffffff window]
[    0.816780] pci_bus 0000:00: root bus resource [bus 00-7e]
[    0.816941] pci 0000:00:00.0: [8086:2f00] type 00 class 0x060000
[    0.817258] pci 0000:00:01.0: [8086:2f02] type 01 class 0x060400
[    0.817337] pci 0000:00:01.0: PME# supported from D0 D3hot D3cold
[    0.817740] pci 0000:00:02.0: [8086:2f04] type 01 class 0x060400
[    0.817819] pci 0000:00:02.0: PME# supported from D0 D3hot D3cold
[    0.818214] pci 0000:00:03.0: [8086:2f08] type 01 class 0x060400
[    0.818293] pci 0000:00:03.0: PME# supported from D0 D3hot D3cold
[    0.818681] pci 0000:00:04.0: [8086:2f20] type 00 class 0x088000
[    0.818737] pci 0000:00:04.0: reg 0x10: [mem 0x37ffff20000-0x37ffff23fff 64bit]
[    0.818986] pci 0000:00:04.1: [8086:2f21] type 00 class 0x088000
[    0.819041] pci 0000:00:04.1: reg 0x10: [mem 0x37ffff1c000-0x37ffff1ffff 64bit]
[    0.819275] pci 0000:00:04.2: [8086:2f22] type 00 class 0x088000
[    0.819329] pci 0000:00:04.2: reg 0x10: [mem 0x37ffff18000-0x37ffff1bfff 64bit]
[    0.819567] pci 0000:00:04.3: [8086:2f23] type 00 class 0x088000
[    0.819622] pci 0000:00:04.3: reg 0x10: [mem 0x37ffff14000-0x37ffff17fff 64bit]
[    0.819855] pci 0000:00:04.4: [8086:2f24] type 00 class 0x088000
[    0.819909] pci 0000:00:04.4: reg 0x10: [mem 0x37ffff10000-0x37ffff13fff 64bit]
[    0.820142] pci 0000:00:04.5: [8086:2f25] type 00 class 0x088000
[    0.820196] pci 0000:00:04.5: reg 0x10: [mem 0x37ffff0c000-0x37ffff0ffff 64bit]
[    0.820429] pci 0000:00:04.6: [8086:2f26] type 00 class 0x088000
[    0.820483] pci 0000:00:04.6: reg 0x10: [mem 0x37ffff08000-0x37ffff0bfff 64bit]
[    0.820714] pci 0000:00:04.7: [8086:2f27] type 00 class 0x088000
[    0.820769] pci 0000:00:04.7: reg 0x10: [mem 0x37ffff04000-0x37ffff07fff 64bit]
[    0.820929] pci 0000:00:05.0: [8086:2f28] type 00 class 0x088000
[    0.821263] pci 0000:00:05.1: [8086:2f29] type 00 class 0x088000
[    0.821475] pci 0000:00:05.2: [8086:2f2a] type 00 class 0x088000
[    0.821724] pci 0000:00:05.4: [8086:2f2c] type 00 class 0x080020
[    0.821778] pci 0000:00:05.4: reg 0x10: [mem 0xd0617000-0xd0617fff]
[    0.822069] pci 0000:00:11.0: [8086:8d7c] type 00 class 0xff0000
[    0.822420] pci 0000:00:11.4: [8086:8d62] type 00 class 0x010601
[    0.822494] pci 0000:00:11.4: reg 0x10: [io  0x7110-0x7117]
[    0.822498] pci 0000:00:11.4: reg 0x14: [io  0x7100-0x7103]
[    0.822501] pci 0000:00:11.4: reg 0x18: [io  0x70f0-0x70f7]
[    0.822505] pci 0000:00:11.4: reg 0x1c: [io  0x70e0-0x70e3]
[    0.822509] pci 0000:00:11.4: reg 0x20: [io  0x7020-0x703f]
[    0.822512] pci 0000:00:11.4: reg 0x24: [mem 0xd0616000-0xd06167ff]
[    0.822549] pci 0000:00:11.4: PME# supported from D3hot
[    0.822775] pci 0000:00:14.0: [8086:8d31] type 00 class 0x0c0330
[    0.822845] pci 0000:00:14.0: reg 0x10: [mem 0xd0600000-0xd060ffff 64bit]
[    0.822874] pci 0000:00:14.0: PME# supported from D3hot D3cold
[    0.823095] pci 0000:00:16.0: [8086:8d3a] type 00 class 0x078000
[    0.823166] pci 0000:00:16.0: reg 0x10: [mem 0xd0615000-0xd061500f 64bit]
[    0.823201] pci 0000:00:16.0: PME# supported from D0 D3hot D3cold
[    0.823418] pci 0000:00:16.1: [8086:8d3b] type 00 class 0x078000
[    0.823488] pci 0000:00:16.1: reg 0x10: [mem 0xd0614000-0xd061400f 64bit]
[    0.823523] pci 0000:00:16.1: PME# supported from D0 D3hot D3cold
[    0.823763] pci 0000:00:1a.0: [8086:8d2d] type 00 class 0x0c0320
[    0.823839] pci 0000:00:1a.0: reg 0x10: [mem 0xd0612000-0xd06123ff]
[    0.823884] pci 0000:00:1a.0: PME# supported from D0 D3hot D3cold
[    0.824111] pci 0000:00:1b.0: [8086:8d20] type 00 class 0x040300
[    0.824175] pci 0000:00:1b.0: reg 0x10: [mem 0x37ffff00000-0x37ffff03fff 64bit]
[    0.824225] pci 0000:00:1b.0: PME# supported from D0 D3hot D3cold
[    0.824452] pci 0000:00:1c.0: [8086:8d10] type 01 class 0x060400
[    0.824552] pci 0000:00:1c.0: PME# supported from D0 D3hot D3cold
[    0.824792] pci 0000:00:1c.3: [8086:8d16] type 01 class 0x060400
[    0.824894] pci 0000:00:1c.3: PME# supported from D0 D3hot D3cold
[    0.825135] pci 0000:00:1c.4: [8086:8d18] type 01 class 0x060400
[    0.825246] pci 0000:00:1c.4: PME# supported from D0 D3hot D3cold
[    0.825640] pci 0000:00:1d.0: [8086:8d26] type 00 class 0x0c0320
[    0.825717] pci 0000:00:1d.0: reg 0x10: [mem 0xd0611000-0xd06113ff]
[    0.825763] pci 0000:00:1d.0: PME# supported from D0 D3hot D3cold
[    0.825995] pci 0000:00:1f.0: [8086:8d44] type 00 class 0x060100
[    0.826340] pci 0000:00:1f.2: [8086:8d02] type 00 class 0x010601
[    0.826407] pci 0000:00:1f.2: reg 0x10: [io  0x7070-0x7077]
[    0.826411] pci 0000:00:1f.2: reg 0x14: [io  0x7060-0x7063]
[    0.826415] pci 0000:00:1f.2: reg 0x18: [io  0x7050-0x7057]
[    0.826418] pci 0000:00:1f.2: reg 0x1c: [io  0x7040-0x7043]
[    0.826421] pci 0000:00:1f.2: reg 0x20: [io  0x7000-0x701f]
[    0.826425] pci 0000:00:1f.2: reg 0x24: [mem 0xd0610000-0xd06107ff]
[    0.826457] pci 0000:00:1f.2: PME# supported from D3hot
[    0.826681] pci 0000:00:1f.3: [8086:8d22] type 00 class 0x0c0500
[    0.826746] pci 0000:00:1f.3: reg 0x10: [mem 0x37ffff25000-0x37ffff250ff 64bit]
[    0.826752] pci 0000:00:1f.3: reg 0x20: [io  0x0580-0x059f]
[    0.827024] acpiphp: Slot [10] registered
[    0.827114] pci 0000:01:00.0: [c0a9:5403] type 00 class 0x010802
[    0.827187] pci 0000:01:00.0: reg 0x10: [mem 0xd0500000-0xd0503fff 64bit]
[    0.827384] pci 0000:00:01.0: PCI bridge to [bus 01]
[    0.827390] pci 0000:00:01.0:   bridge window [mem 0xd0500000-0xd05fffff]
[    0.827659] pci 0000:02:00.0: [1022:1470] type 01 class 0x060400
[    0.827699] pci 0000:02:00.0: reg 0x10: [mem 0xd0400000-0xd0403fff]
[    0.827719] pci 0000:02:00.0: enabling Extended Tags
[    0.827789] pci 0000:02:00.0: PME# supported from D0 D3hot D3cold
[    0.827904] pci 0000:00:02.0: PCI bridge to [bus 02-04]
[    0.827910] pci 0000:00:02.0:   bridge window [mem 0xd0300000-0xd04fffff]
[    0.827915] pci 0000:00:02.0:   bridge window [mem 0x37800000000-0x37c001fffff 64bit pref]
[    0.827961] pci 0000:03:00.0: [1022:1471] type 01 class 0x060400
[    0.828016] pci 0000:03:00.0: enabling Extended Tags
[    0.828080] pci 0000:03:00.0: PME# supported from D0 D3hot D3cold
[    0.828170] pci 0000:02:00.0: PCI bridge to [bus 03-04]
[    0.828177] pci 0000:02:00.0:   bridge window [mem 0xd0300000-0xd03fffff]
[    0.828183] pci 0000:02:00.0:   bridge window [mem 0x37800000000-0x37c001fffff 64bit pref]
[    0.828232] pci 0000:04:00.0: [1002:6860] type 00 class 0x030000
[    0.828291] pci 0000:04:00.0: reg 0x10: [mem 0x37800000000-0x37bffffffff 64bit pref]
[    0.828296] pci 0000:04:00.0: reg 0x18: [mem 0x37c00000000-0x37c001fffff 64bit pref]
[    0.828301] pci 0000:04:00.0: reg 0x24: [mem 0xd0300000-0xd037ffff]
[    0.828305] pci 0000:04:00.0: reg 0x30: [mem 0xd0380000-0xd039ffff pref]
[    0.828312] pci 0000:04:00.0: enabling Extended Tags
[    0.828387] pci 0000:04:00.0: PME# supported from D1 D2 D3hot D3cold
[    0.828426] pci 0000:04:00.0: reg 0x354: [mem 0x00000000-0x0fffffff 64bit pref]
[    0.828429] pci 0000:04:00.0: VF(n) BAR0 space: [mem 0x00000000-0xffffffff 64bit pref] (contains BAR0 for 16 VFs)
[    0.828435] pci 0000:04:00.0: reg 0x35c: [mem 0x00000000-0x001fffff 64bit pref]
[    0.828438] pci 0000:04:00.0: VF(n) BAR2 space: [mem 0x00000000-0x01ffffff 64bit pref] (contains BAR2 for 16 VFs)
[    0.828443] pci 0000:04:00.0: reg 0x368: [mem 0x00000000-0x0007ffff]
[    0.828446] pci 0000:04:00.0: VF(n) BAR5 space: [mem 0x00000000-0x007fffff] (contains BAR5 for 16 VFs)
[    0.828558] pci 0000:03:00.0: PCI bridge to [bus 04]
[    0.828565] pci 0000:03:00.0:   bridge window [mem 0xd0300000-0xd03fffff]
[    0.828571] pci 0000:03:00.0:   bridge window [mem 0x37800000000-0x37c001fffff 64bit pref]
[    0.828852] pci 0000:05:00.0: [1022:1470] type 01 class 0x060400
[    0.828892] pci 0000:05:00.0: reg 0x10: [mem 0xd0200000-0xd0203fff]
[    0.828911] pci 0000:05:00.0: enabling Extended Tags
[    0.828983] pci 0000:05:00.0: PME# supported from D0 D3hot D3cold
[    0.829098] pci 0000:00:03.0: PCI bridge to [bus 05-07]
[    0.829103] pci 0000:00:03.0:   bridge window [mem 0xd0100000-0xd02fffff]
[    0.829108] pci 0000:00:03.0:   bridge window [mem 0x37000000000-0x374001fffff 64bit pref]
[    0.829155] pci 0000:06:00.0: [1022:1471] type 01 class 0x060400
[    0.829210] pci 0000:06:00.0: enabling Extended Tags
[    0.829275] pci 0000:06:00.0: PME# supported from D0 D3hot D3cold
[    0.829358] pci 0000:05:00.0: PCI bridge to [bus 06-07]
[    0.829365] pci 0000:05:00.0:   bridge window [mem 0xd0100000-0xd01fffff]
[    0.829371] pci 0000:05:00.0:   bridge window [mem 0x37000000000-0x374001fffff 64bit pref]
[    0.829419] pci 0000:07:00.0: [1002:6860] type 00 class 0x030000
[    0.829478] pci 0000:07:00.0: reg 0x10: [mem 0x37000000000-0x373ffffffff 64bit pref]
[    0.829482] pci 0000:07:00.0: reg 0x18: [mem 0x37400000000-0x374001fffff 64bit pref]
[    0.829487] pci 0000:07:00.0: reg 0x24: [mem 0xd0100000-0xd017ffff]
[    0.829491] pci 0000:07:00.0: reg 0x30: [mem 0xd0180000-0xd019ffff pref]
[    0.829498] pci 0000:07:00.0: enabling Extended Tags
[    0.829573] pci 0000:07:00.0: PME# supported from D1 D2 D3hot D3cold
[    0.829612] pci 0000:07:00.0: reg 0x354: [mem 0x00000000-0x0fffffff 64bit pref]
[    0.829615] pci 0000:07:00.0: VF(n) BAR0 space: [mem 0x00000000-0xffffffff 64bit pref] (contains BAR0 for 16 VFs)
[    0.829621] pci 0000:07:00.0: reg 0x35c: [mem 0x00000000-0x001fffff 64bit pref]
[    0.829624] pci 0000:07:00.0: VF(n) BAR2 space: [mem 0x00000000-0x01ffffff 64bit pref] (contains BAR2 for 16 VFs)
[    0.829629] pci 0000:07:00.0: reg 0x368: [mem 0x00000000-0x0007ffff]
[    0.829632] pci 0000:07:00.0: VF(n) BAR5 space: [mem 0x00000000-0x007fffff] (contains BAR5 for 16 VFs)
[    0.829752] pci 0000:06:00.0: PCI bridge to [bus 07]
[    0.829759] pci 0000:06:00.0:   bridge window [mem 0xd0100000-0xd01fffff]
[    0.829765] pci 0000:06:00.0:   bridge window [mem 0x37000000000-0x374001fffff 64bit pref]
[    0.829837] pci 0000:00:1c.0: PCI bridge to [bus 08]
[    0.829931] pci 0000:09:00.0: [1a03:1150] type 01 class 0x060400
[    0.830022] pci 0000:09:00.0: enabling Extended Tags
[    0.830106] pci 0000:09:00.0: supports D1 D2
[    0.830109] pci 0000:09:00.0: PME# supported from D0 D1 D2 D3hot D3cold
[    0.830210] pci 0000:09:00.0: disabling ASPM on pre-1.1 PCIe device.  You can enable it with 'pcie_aspm=force'
[    0.830225] pci 0000:00:1c.3: PCI bridge to [bus 09-0a]
[    0.830230] pci 0000:00:1c.3:   bridge window [io  0x6000-0x6fff]
[    0.830235] pci 0000:00:1c.3:   bridge window [mem 0xcf000000-0xd00fffff]
[    0.830289] pci_bus 0000:0a: extended config space not accessible
[    0.830332] pci 0000:0a:00.0: [1a03:2000] type 00 class 0x030000
[    0.830436] pci 0000:0a:00.0: reg 0x10: [mem 0xcf000000-0xcfffffff]
[    0.830441] pci 0000:0a:00.0: reg 0x14: [mem 0xd0000000-0xd001ffff]
[    0.830445] pci 0000:0a:00.0: reg 0x18: [io  0x6000-0x607f]
[    0.830467] pci 0000:0a:00.0: BAR 0: assigned to efifb
[    0.830480] pci 0000:0a:00.0: Video device with shadowed ROM at [mem 0x000c0000-0x000dffff]
[    0.830528] pci 0000:0a:00.0: supports D1 D2
[    0.830531] pci 0000:0a:00.0: PME# supported from D0 D1 D2 D3hot D3cold
[    0.830665] pci 0000:09:00.0: PCI bridge to [bus 0a]
[    0.830674] pci 0000:09:00.0:   bridge window [io  0x6000-0x6fff]
[    0.830680] pci 0000:09:00.0:   bridge window [mem 0xcf000000-0xd00fffff]
[    0.830778] pci 0000:00:1c.4: PCI bridge to [bus 0b-43]
[    0.830785] pci 0000:00:1c.4:   bridge window [mem 0xb8000000-0xce0fffff]
[    0.830792] pci 0000:00:1c.4:   bridge window [mem 0x90000000-0xb1ffffff 64bit pref]
[    0.830848] pci_bus 0000:00: on NUMA node 0
[    0.831902] ACPI: PCI Root Bridge [PCI1] (domain 0000 [bus 80-fe])
[    0.831910] acpi PNP0A08:01: _OSC: OS supports [ExtendedConfig ASPM ClockPM Segments MSI EDR HPX-Type3]
[    0.832534] acpi PNP0A08:01: _OSC: platform does not support [SHPCHotplug AER LTR DPC]
[    0.833491] acpi PNP0A08:01: _OSC: OS now controls [PCIeHotplug PME PCIeCapability]
[    0.833735] PCI host bridge to bus 0000:80
[    0.833739] pci_bus 0000:80: root bus resource [io  0x8000-0xffff window]
[    0.833743] pci_bus 0000:80: root bus resource [mem 0xd4000000-0xfbffbfff window]
[    0.833746] pci_bus 0000:80: root bus resource [mem 0x38000000000-0x3ffffffffff window]
[    0.833750] pci_bus 0000:80: root bus resource [bus 80-fe]
[    0.833832] pci 0000:80:00.0: [8086:2f01] type 01 class 0x060400
[    0.833916] pci 0000:80:00.0: PME# supported from D0 D3hot D3cold
[    0.834102] pci 0000:80:02.0: [8086:2f04] type 01 class 0x060400
[    0.834187] pci 0000:80:02.0: PME# supported from D0 D3hot D3cold
[    0.834513] pci 0000:80:03.0: [8086:2f08] type 01 class 0x060400
[    0.834597] pci 0000:80:03.0: PME# supported from D0 D3hot D3cold
[    0.834906] pci 0000:80:04.0: [8086:2f20] type 00 class 0x088000
[    0.834964] pci 0000:80:04.0: reg 0x10: [mem 0x3fffff1c000-0x3fffff1ffff 64bit]
[    0.835134] pci 0000:80:04.1: [8086:2f21] type 00 class 0x088000
[    0.835191] pci 0000:80:04.1: reg 0x10: [mem 0x3fffff18000-0x3fffff1bfff 64bit]
[    0.835347] pci 0000:80:04.2: [8086:2f22] type 00 class 0x088000
[    0.835404] pci 0000:80:04.2: reg 0x10: [mem 0x3fffff14000-0x3fffff17fff 64bit]
[    0.835569] pci 0000:80:04.3: [8086:2f23] type 00 class 0x088000
[    0.835626] pci 0000:80:04.3: reg 0x10: [mem 0x3fffff10000-0x3fffff13fff 64bit]
[    0.835781] pci 0000:80:04.4: [8086:2f24] type 00 class 0x088000
[    0.835838] pci 0000:80:04.4: reg 0x10: [mem 0x3fffff0c000-0x3fffff0ffff 64bit]
[    0.835993] pci 0000:80:04.5: [8086:2f25] type 00 class 0x088000
[    0.836050] pci 0000:80:04.5: reg 0x10: [mem 0x3fffff08000-0x3fffff0bfff 64bit]
[    0.836204] pci 0000:80:04.6: [8086:2f26] type 00 class 0x088000
[    0.836261] pci 0000:80:04.6: reg 0x10: [mem 0x3fffff04000-0x3fffff07fff 64bit]
[    0.836415] pci 0000:80:04.7: [8086:2f27] type 00 class 0x088000
[    0.836472] pci 0000:80:04.7: reg 0x10: [mem 0x3fffff00000-0x3fffff03fff 64bit]
[    0.836595] pci 0000:80:05.0: [8086:2f28] type 00 class 0x088000
[    0.836805] pci 0000:80:05.1: [8086:2f29] type 00 class 0x088000
[    0.836987] pci 0000:80:05.2: [8086:2f2a] type 00 class 0x088000
[    0.837168] pci 0000:80:05.4: [8086:2f2c] type 00 class 0x080020
[    0.837223] pci 0000:80:05.4: reg 0x10: [mem 0xfbf00000-0xfbf00fff]
[    0.838217] pci 0000:81:00.0: [8086:1521] type 00 class 0x020000
[    0.839036] pci 0000:81:00.0: reg 0x10: [mem 0xfbe20000-0xfbe3ffff]
[    0.839080] pci 0000:81:00.0: reg 0x18: [io  0xf020-0xf03f]
[    0.839103] pci 0000:81:00.0: reg 0x1c: [mem 0xfbe44000-0xfbe47fff]
[    0.840826] pci 0000:81:00.0: PME# supported from D0 D3hot D3cold
[    0.841808] pci 0000:81:00.0: reg 0x184: [mem 0x00000000-0x00003fff 64bit pref]
[    0.841811] pci 0000:81:00.0: VF(n) BAR0 space: [mem 0x00000000-0x0001ffff 64bit pref] (contains BAR0 for 8 VFs)
[    0.841877] pci 0000:81:00.0: reg 0x190: [mem 0x00000000-0x00003fff 64bit pref]
[    0.841880] pci 0000:81:00.0: VF(n) BAR3 space: [mem 0x00000000-0x0001ffff 64bit pref] (contains BAR3 for 8 VFs)
[    0.844258] pci 0000:81:00.1: [8086:1521] type 00 class 0x020000
[    0.845078] pci 0000:81:00.1: reg 0x10: [mem 0xfbe00000-0xfbe1ffff]
[    0.845121] pci 0000:81:00.1: reg 0x18: [io  0xf000-0xf01f]
[    0.845144] pci 0000:81:00.1: reg 0x1c: [mem 0xfbe40000-0xfbe43fff]
[    0.846778] pci 0000:81:00.1: PME# supported from D0 D3hot D3cold
[    0.847696] pci 0000:81:00.1: reg 0x184: [mem 0x00000000-0x00003fff 64bit pref]
[    0.847699] pci 0000:81:00.1: VF(n) BAR0 space: [mem 0x00000000-0x0001ffff 64bit pref] (contains BAR0 for 8 VFs)
[    0.847764] pci 0000:81:00.1: reg 0x190: [mem 0x00000000-0x00003fff 64bit pref]
[    0.847768] pci 0000:81:00.1: VF(n) BAR3 space: [mem 0x00000000-0x0001ffff 64bit pref] (contains BAR3 for 8 VFs)
[    0.849615] pci 0000:80:00.0: ASPM: current common clock configuration is inconsistent, reconfiguring
[    0.858215] pci 0000:80:00.0: PCI bridge to [bus 81]
[    0.858224] pci 0000:80:00.0:   bridge window [io  0xf000-0xffff]
[    0.858231] pci 0000:80:00.0:   bridge window [mem 0xfbe00000-0xfbefffff]
[    0.858560] pci 0000:82:00.0: [1022:1470] type 01 class 0x060400
[    0.858602] pci 0000:82:00.0: reg 0x10: [mem 0xfbd00000-0xfbd03fff]
[    0.858622] pci 0000:82:00.0: enabling Extended Tags
[    0.858697] pci 0000:82:00.0: PME# supported from D0 D3hot D3cold
[    0.858819] pci 0000:80:02.0: PCI bridge to [bus 82-84]
[    0.858825] pci 0000:80:02.0:   bridge window [mem 0xfbc00000-0xfbdfffff]
[    0.858830] pci 0000:80:02.0:   bridge window [mem 0x3f800000000-0x3fc001fffff 64bit pref]
[    0.858881] pci 0000:83:00.0: [1022:1471] type 01 class 0x060400
[    0.858938] pci 0000:83:00.0: enabling Extended Tags
[    0.859007] pci 0000:83:00.0: PME# supported from D0 D3hot D3cold
[    0.859095] pci 0000:82:00.0: PCI bridge to [bus 83-84]
[    0.859103] pci 0000:82:00.0:   bridge window [mem 0xfbc00000-0xfbcfffff]
[    0.859109] pci 0000:82:00.0:   bridge window [mem 0x3f800000000-0x3fc001fffff 64bit pref]
[    0.859161] pci 0000:84:00.0: [1002:6860] type 00 class 0x030000
[    0.859222] pci 0000:84:00.0: reg 0x10: [mem 0x3f800000000-0x3fbffffffff 64bit pref]
[    0.859228] pci 0000:84:00.0: reg 0x18: [mem 0x3fc00000000-0x3fc001fffff 64bit pref]
[    0.859232] pci 0000:84:00.0: reg 0x24: [mem 0xfbc00000-0xfbc7ffff]
[    0.859236] pci 0000:84:00.0: reg 0x30: [mem 0xfbc80000-0xfbc9ffff pref]
[    0.859244] pci 0000:84:00.0: enabling Extended Tags
[    0.859325] pci 0000:84:00.0: PME# supported from D1 D2 D3hot D3cold
[    0.859367] pci 0000:84:00.0: reg 0x354: [mem 0x00000000-0x0fffffff 64bit pref]
[    0.859371] pci 0000:84:00.0: VF(n) BAR0 space: [mem 0x00000000-0xffffffff 64bit pref] (contains BAR0 for 16 VFs)
[    0.859376] pci 0000:84:00.0: reg 0x35c: [mem 0x00000000-0x001fffff 64bit pref]
[    0.859379] pci 0000:84:00.0: VF(n) BAR2 space: [mem 0x00000000-0x01ffffff 64bit pref] (contains BAR2 for 16 VFs)
[    0.859384] pci 0000:84:00.0: reg 0x368: [mem 0x00000000-0x0007ffff]
[    0.859387] pci 0000:84:00.0: VF(n) BAR5 space: [mem 0x00000000-0x007fffff] (contains BAR5 for 16 VFs)
[    0.859512] pci 0000:83:00.0: PCI bridge to [bus 84]
[    0.859520] pci 0000:83:00.0:   bridge window [mem 0xfbc00000-0xfbcfffff]
[    0.859526] pci 0000:83:00.0:   bridge window [mem 0x3f800000000-0x3fc001fffff 64bit pref]
[    0.859813] pci 0000:85:00.0: [1022:1470] type 01 class 0x060400
[    0.859854] pci 0000:85:00.0: reg 0x10: [mem 0xfbb00000-0xfbb03fff]
[    0.859875] pci 0000:85:00.0: enabling Extended Tags
[    0.859949] pci 0000:85:00.0: PME# supported from D0 D3hot D3cold
[    0.860070] pci 0000:80:03.0: PCI bridge to [bus 85-87]
[    0.860076] pci 0000:80:03.0:   bridge window [mem 0xfba00000-0xfbbfffff]
[    0.860081] pci 0000:80:03.0:   bridge window [mem 0x3f000000000-0x3f4001fffff 64bit pref]
[    0.860131] pci 0000:86:00.0: [1022:1471] type 01 class 0x060400
[    0.860189] pci 0000:86:00.0: enabling Extended Tags
[    0.860257] pci 0000:86:00.0: PME# supported from D0 D3hot D3cold
[    0.860351] pci 0000:85:00.0: PCI bridge to [bus 86-87]
[    0.860359] pci 0000:85:00.0:   bridge window [mem 0xfba00000-0xfbafffff]
[    0.860365] pci 0000:85:00.0:   bridge window [mem 0x3f000000000-0x3f4001fffff 64bit pref]
[    0.860418] pci 0000:87:00.0: [1002:6860] type 00 class 0x030000
[    0.860479] pci 0000:87:00.0: reg 0x10: [mem 0x3f000000000-0x3f3ffffffff 64bit pref]
[    0.860484] pci 0000:87:00.0: reg 0x18: [mem 0x3f400000000-0x3f4001fffff 64bit pref]
[    0.860489] pci 0000:87:00.0: reg 0x24: [mem 0xfba00000-0xfba7ffff]
[    0.860492] pci 0000:87:00.0: reg 0x30: [mem 0xfba80000-0xfba9ffff pref]
[    0.860500] pci 0000:87:00.0: enabling Extended Tags
[    0.860581] pci 0000:87:00.0: PME# supported from D1 D2 D3hot D3cold
[    0.860623] pci 0000:87:00.0: reg 0x354: [mem 0x00000000-0x0fffffff 64bit pref]
[    0.860626] pci 0000:87:00.0: VF(n) BAR0 space: [mem 0x00000000-0xffffffff 64bit pref] (contains BAR0 for 16 VFs)
[    0.860632] pci 0000:87:00.0: reg 0x35c: [mem 0x00000000-0x001fffff 64bit pref]
[    0.860635] pci 0000:87:00.0: VF(n) BAR2 space: [mem 0x00000000-0x01ffffff 64bit pref] (contains BAR2 for 16 VFs)
[    0.860640] pci 0000:87:00.0: reg 0x368: [mem 0x00000000-0x0007ffff]
[    0.860643] pci 0000:87:00.0: VF(n) BAR5 space: [mem 0x00000000-0x007fffff] (contains BAR5 for 16 VFs)
[    0.860764] pci 0000:86:00.0: PCI bridge to [bus 87]
[    0.860771] pci 0000:86:00.0:   bridge window [mem 0xfba00000-0xfbafffff]
[    0.860777] pci 0000:86:00.0:   bridge window [mem 0x3f000000000-0x3f4001fffff 64bit pref]
[    0.860826] pci_bus 0000:80: on NUMA node 1
[    0.861308] ACPI: PCI: Interrupt link LNKA configured for IRQ 11
[    0.861383] ACPI: PCI: Interrupt link LNKB configured for IRQ 10
[    0.861456] ACPI: PCI: Interrupt link LNKC configured for IRQ 5
[    0.861528] ACPI: PCI: Interrupt link LNKD configured for IRQ 11
[    0.861599] ACPI: PCI: Interrupt link LNKE configured for IRQ 0
[    0.861602] ACPI: PCI: Interrupt link LNKE disabled
[    0.861672] ACPI: PCI: Interrupt link LNKF configured for IRQ 0
[    0.861675] ACPI: PCI: Interrupt link LNKF disabled
[    0.861745] ACPI: PCI: Interrupt link LNKG configured for IRQ 7
[    0.861817] ACPI: PCI: Interrupt link LNKH configured for IRQ 0
[    0.861819] ACPI: PCI: Interrupt link LNKH disabled
[    0.862180] iommu: Default domain type: Translated 
[    0.862180] iommu: DMA domain TLB invalidation policy: lazy mode 
[    0.862284] SCSI subsystem initialized
[    0.862301] libata version 3.00 loaded.
[    0.862301] pci 0000:04:00.0: vgaarb: VGA device added: decodes=io+mem,owns=none,locks=none
[    0.862301] pci 0000:07:00.0: vgaarb: VGA device added: decodes=io+mem,owns=none,locks=none
[    0.862301] pci 0000:0a:00.0: vgaarb: setting as boot VGA device
[    0.862301] pci 0000:0a:00.0: vgaarb: VGA device added: decodes=io+mem,owns=io+mem,locks=none
[    0.862301] pci 0000:84:00.0: vgaarb: VGA device added: decodes=io+mem,owns=none,locks=none
[    0.862301] pci 0000:87:00.0: vgaarb: VGA device added: decodes=io+mem,owns=none,locks=none
[    0.862301] pci 0000:04:00.0: vgaarb: bridge control possible
[    0.862301] pci 0000:07:00.0: vgaarb: bridge control possible
[    0.862301] pci 0000:0a:00.0: vgaarb: bridge control possible
[    0.862301] pci 0000:84:00.0: vgaarb: bridge control possible
[    0.862301] pci 0000:87:00.0: vgaarb: bridge control possible
[    0.862301] vgaarb: loaded
[    0.862301] ACPI: bus type USB registered
[    0.862301] usbcore: registered new interface driver usbfs
[    0.862301] usbcore: registered new interface driver hub
[    0.862301] usbcore: registered new device driver usb
[    0.862301] pps_core: LinuxPPS API ver. 1 registered
[    0.862301] pps_core: Software ver. 5.3.6 - Copyright 2005-2007 Rodolfo Giometti <giometti@linux.it>
[    0.862301] PTP clock support registered
[    0.862301] EDAC MC: Ver: 3.0.0
[    0.862416] Registered efivars operations
[    0.862416] NetLabel: Initializing
[    0.862416] NetLabel:  domain hash size = 128
[    0.862416] NetLabel:  protocols = UNLABELED CIPSOv4 CALIPSO
[    0.862416] NetLabel:  unlabeled traffic allowed by default
[    0.862416] PCI: Using ACPI for IRQ routing
[    0.867816] PCI: pci_cache_line_size set to 64 bytes
[    0.868110] e820: reserve RAM buffer [mem 0x6ad27018-0x6bffffff]
[    0.868114] e820: reserve RAM buffer [mem 0x6ad37018-0x6bffffff]
[    0.868115] e820: reserve RAM buffer [mem 0x6ad47018-0x6bffffff]
[    0.868117] e820: reserve RAM buffer [mem 0x6ad59018-0x6bffffff]
[    0.868119] e820: reserve RAM buffer [mem 0x6ad6b018-0x6bffffff]
[    0.868120] e820: reserve RAM buffer [mem 0x6ad74018-0x6bffffff]
[    0.868121] e820: reserve RAM buffer [mem 0x6ad84018-0x6bffffff]
[    0.868122] e820: reserve RAM buffer [mem 0x75c50000-0x77ffffff]
[    0.868124] e820: reserve RAM buffer [mem 0x784af000-0x7bffffff]
[    0.868125] e820: reserve RAM buffer [mem 0x79428000-0x7bffffff]
[    0.868127] e820: reserve RAM buffer [mem 0x7bcf8000-0x7bffffff]
[    0.870849] hpet0: at MMIO 0xfed00000, IRQs 2, 8, 0, 0, 0, 0, 0, 0
[    0.870863] hpet0: 8 comparators, 64-bit 14.318180 MHz counter
[    0.872961] clocksource: Switched to clocksource tsc-early
[    0.884533] VFS: Disk quotas dquot_6.6.0
[    0.884561] VFS: Dquot-cache hash table entries: 512 (order 0, 4096 bytes)
[    0.884740] AppArmor: AppArmor Filesystem Enabled
[    0.884794] pnp: PnP ACPI init
[    0.885504] pnp 00:01: disabling [mem 0xfed1c000-0xfed3ffff] because it overlaps 0000:04:00.0 BAR 7 [mem 0x00000000-0xffffffff 64bit pref]
[    0.885513] pnp 00:01: disabling [mem 0xfed45000-0xfed8bfff] because it overlaps 0000:04:00.0 BAR 7 [mem 0x00000000-0xffffffff 64bit pref]
[    0.885518] pnp 00:01: disabling [mem 0xff000000-0xffffffff] because it overlaps 0000:04:00.0 BAR 7 [mem 0x00000000-0xffffffff 64bit pref]
[    0.885522] pnp 00:01: disabling [mem 0xfee00000-0xfeefffff] because it overlaps 0000:04:00.0 BAR 7 [mem 0x00000000-0xffffffff 64bit pref]
[    0.885527] pnp 00:01: disabling [mem 0xfed12000-0xfed1200f] because it overlaps 0000:04:00.0 BAR 7 [mem 0x00000000-0xffffffff 64bit pref]
[    0.885531] pnp 00:01: disabling [mem 0xfed12010-0xfed1201f] because it overlaps 0000:04:00.0 BAR 7 [mem 0x00000000-0xffffffff 64bit pref]
[    0.885535] pnp 00:01: disabling [mem 0xfed1b000-0xfed1bfff] because it overlaps 0000:04:00.0 BAR 7 [mem 0x00000000-0xffffffff 64bit pref]
[    0.885543] pnp 00:01: disabling [mem 0xfed1c000-0xfed3ffff disabled] because it overlaps 0000:07:00.0 BAR 7 [mem 0x00000000-0xffffffff 64bit pref]
[    0.885547] pnp 00:01: disabling [mem 0xfed45000-0xfed8bfff disabled] because it overlaps 0000:07:00.0 BAR 7 [mem 0x00000000-0xffffffff 64bit pref]
[    0.885552] pnp 00:01: disabling [mem 0xff000000-0xffffffff disabled] because it overlaps 0000:07:00.0 BAR 7 [mem 0x00000000-0xffffffff 64bit pref]
[    0.885556] pnp 00:01: disabling [mem 0xfee00000-0xfeefffff disabled] because it overlaps 0000:07:00.0 BAR 7 [mem 0x00000000-0xffffffff 64bit pref]
[    0.885560] pnp 00:01: disabling [mem 0xfed12000-0xfed1200f disabled] because it overlaps 0000:07:00.0 BAR 7 [mem 0x00000000-0xffffffff 64bit pref]
[    0.885564] pnp 00:01: disabling [mem 0xfed12010-0xfed1201f disabled] because it overlaps 0000:07:00.0 BAR 7 [mem 0x00000000-0xffffffff 64bit pref]
[    0.885568] pnp 00:01: disabling [mem 0xfed1b000-0xfed1bfff disabled] because it overlaps 0000:07:00.0 BAR 7 [mem 0x00000000-0xffffffff 64bit pref]
[    0.885597] pnp 00:01: disabling [mem 0xfed1c000-0xfed3ffff disabled] because it overlaps 0000:84:00.0 BAR 7 [mem 0x00000000-0xffffffff 64bit pref]
[    0.885601] pnp 00:01: disabling [mem 0xfed45000-0xfed8bfff disabled] because it overlaps 0000:84:00.0 BAR 7 [mem 0x00000000-0xffffffff 64bit pref]
[    0.885605] pnp 00:01: disabling [mem 0xff000000-0xffffffff disabled] because it overlaps 0000:84:00.0 BAR 7 [mem 0x00000000-0xffffffff 64bit pref]
[    0.885609] pnp 00:01: disabling [mem 0xfee00000-0xfeefffff disabled] because it overlaps 0000:84:00.0 BAR 7 [mem 0x00000000-0xffffffff 64bit pref]
[    0.885614] pnp 00:01: disabling [mem 0xfed12000-0xfed1200f disabled] because it overlaps 0000:84:00.0 BAR 7 [mem 0x00000000-0xffffffff 64bit pref]
[    0.885618] pnp 00:01: disabling [mem 0xfed12010-0xfed1201f disabled] because it overlaps 0000:84:00.0 BAR 7 [mem 0x00000000-0xffffffff 64bit pref]
[    0.885622] pnp 00:01: disabling [mem 0xfed1b000-0xfed1bfff disabled] because it overlaps 0000:84:00.0 BAR 7 [mem 0x00000000-0xffffffff 64bit pref]
[    0.885631] pnp 00:01: disabling [mem 0xfed1c000-0xfed3ffff disabled] because it overlaps 0000:87:00.0 BAR 7 [mem 0x00000000-0xffffffff 64bit pref]
[    0.885636] pnp 00:01: disabling [mem 0xfed45000-0xfed8bfff disabled] because it overlaps 0000:87:00.0 BAR 7 [mem 0x00000000-0xffffffff 64bit pref]
[    0.885640] pnp 00:01: disabling [mem 0xff000000-0xffffffff disabled] because it overlaps 0000:87:00.0 BAR 7 [mem 0x00000000-0xffffffff 64bit pref]
[    0.885644] pnp 00:01: disabling [mem 0xfee00000-0xfeefffff disabled] because it overlaps 0000:87:00.0 BAR 7 [mem 0x00000000-0xffffffff 64bit pref]
[    0.885648] pnp 00:01: disabling [mem 0xfed12000-0xfed1200f disabled] because it overlaps 0000:87:00.0 BAR 7 [mem 0x00000000-0xffffffff 64bit pref]
[    0.885652] pnp 00:01: disabling [mem 0xfed12010-0xfed1201f disabled] because it overlaps 0000:87:00.0 BAR 7 [mem 0x00000000-0xffffffff 64bit pref]
[    0.885657] pnp 00:01: disabling [mem 0xfed1b000-0xfed1bfff disabled] because it overlaps 0000:87:00.0 BAR 7 [mem 0x00000000-0xffffffff 64bit pref]
[    0.885729] system 00:01: [io  0x0500-0x057f] has been reserved
[    0.885733] system 00:01: [io  0x0400-0x047f] has been reserved
[    0.885736] system 00:01: [io  0x0580-0x059f] has been reserved
[    0.885739] system 00:01: [io  0x0600-0x061f] has been reserved
[    0.885741] system 00:01: [io  0x0880-0x0883] has been reserved
[    0.885744] system 00:01: [io  0x0800-0x081f] has been reserved
[    0.886083] system 00:02: [io  0x0a00-0x0a0f] has been reserved
[    0.886088] system 00:02: [io  0x0a10-0x0a1f] has been reserved
[    0.886091] system 00:02: [io  0x0a20-0x0a2f] has been reserved
[    0.886094] system 00:02: [io  0x0a30-0x0a3f] has been reserved
[    0.886098] system 00:02: [io  0x0a40-0x0a4f] has been reserved
[    0.886361] pnp 00:03: [dma 0 disabled]
[    0.886641] pnp 00:04: [dma 0 disabled]
[    0.887638] pnp: PnP ACPI: found 5 devices
[    0.893642] clocksource: acpi_pm: mask: 0xffffff max_cycles: 0xffffff, max_idle_ns: 2085701024 ns
[    0.893947] NET: Registered PF_INET protocol family
[    0.894501] IP idents hash table entries: 262144 (order: 9, 2097152 bytes, vmalloc)
[    0.896948] tcp_listen_portaddr_hash hash table entries: 16384 (order: 6, 262144 bytes, vmalloc)
[    0.897041] Table-perturb hash table entries: 65536 (order: 6, 262144 bytes, vmalloc)
[    0.897577] TCP established hash table entries: 262144 (order: 9, 2097152 bytes, vmalloc)
[    0.898082] TCP bind hash table entries: 65536 (order: 8, 1048576 bytes, vmalloc)
[    0.898163] TCP: Hash tables configured (established 262144 bind 65536)
[    0.898492] MPTCP token hash table entries: 32768 (order: 8, 786432 bytes, vmalloc)
[    0.898757] UDP hash table entries: 16384 (order: 7, 524288 bytes, vmalloc)
[    0.898949] UDP-Lite hash table entries: 16384 (order: 7, 524288 bytes, vmalloc)
[    0.899086] NET: Registered PF_UNIX/PF_LOCAL protocol family
[    0.899094] NET: Registered PF_XDP protocol family
[    0.899133] pci_bus 0000:00: max bus depth: 3 pci_try_num: 4
[    0.899150] pci 0000:00:1c.4: BAR 13: assigned [io  0x1000-0x1fff]
[    0.899154] pci 0000:00:01.0: PCI bridge to [bus 01]
[    0.899165] pci 0000:00:01.0:   bridge window [mem 0xd0500000-0xd05fffff]
[    0.899185] pci 0000:04:00.0: BAR 7: no space for [mem size 0x100000000 64bit pref]
[    0.899189] pci 0000:04:00.0: BAR 7: failed to assign [mem size 0x100000000 64bit pref]
[    0.899193] pci 0000:04:00.0: BAR 9: no space for [mem size 0x02000000 64bit pref]
[    0.899197] pci 0000:04:00.0: BAR 9: failed to assign [mem size 0x02000000 64bit pref]
[    0.899200] pci 0000:04:00.0: BAR 12: no space for [mem size 0x00800000]
[    0.899203] pci 0000:04:00.0: BAR 12: failed to assign [mem size 0x00800000]
[    0.899206] pci 0000:03:00.0: PCI bridge to [bus 04]
[    0.899216] pci 0000:03:00.0:   bridge window [mem 0xd0300000-0xd03fffff]
[    0.899224] pci 0000:03:00.0:   bridge window [mem 0x37800000000-0x37c001fffff 64bit pref]
[    0.899237] pci 0000:02:00.0: PCI bridge to [bus 03-04]
[    0.899247] pci 0000:02:00.0:   bridge window [mem 0xd0300000-0xd03fffff]
[    0.899255] pci 0000:02:00.0:   bridge window [mem 0x37800000000-0x37c001fffff 64bit pref]
[    0.899268] pci 0000:00:02.0: PCI bridge to [bus 02-04]
[    0.899277] pci 0000:00:02.0:   bridge window [mem 0xd0300000-0xd04fffff]
[    0.899284] pci 0000:00:02.0:   bridge window [mem 0x37800000000-0x37c001fffff 64bit pref]
[    0.899299] pci 0000:07:00.0: BAR 7: no space for [mem size 0x100000000 64bit pref]
[    0.899302] pci 0000:07:00.0: BAR 7: failed to assign [mem size 0x100000000 64bit pref]
[    0.899306] pci 0000:07:00.0: BAR 9: no space for [mem size 0x02000000 64bit pref]
[    0.899309] pci 0000:07:00.0: BAR 9: failed to assign [mem size 0x02000000 64bit pref]
[    0.899313] pci 0000:07:00.0: BAR 12: no space for [mem size 0x00800000]
[    0.899316] pci 0000:07:00.0: BAR 12: failed to assign [mem size 0x00800000]
[    0.899319] pci 0000:06:00.0: PCI bridge to [bus 07]
[    0.899328] pci 0000:06:00.0:   bridge window [mem 0xd0100000-0xd01fffff]
[    0.899336] pci 0000:06:00.0:   bridge window [mem 0x37000000000-0x374001fffff 64bit pref]
[    0.899349] pci 0000:05:00.0: PCI bridge to [bus 06-07]
[    0.899359] pci 0000:05:00.0:   bridge window [mem 0xd0100000-0xd01fffff]
[    0.899366] pci 0000:05:00.0:   bridge window [mem 0x37000000000-0x374001fffff 64bit pref]
[    0.899379] pci 0000:00:03.0: PCI bridge to [bus 05-07]
[    0.899388] pci 0000:00:03.0:   bridge window [mem 0xd0100000-0xd02fffff]
[    0.899395] pci 0000:00:03.0:   bridge window [mem 0x37000000000-0x374001fffff 64bit pref]
[    0.899408] pci 0000:00:1c.0: PCI bridge to [bus 08]
[    0.899435] pci 0000:09:00.0: PCI bridge to [bus 0a]
[    0.899439] pci 0000:09:00.0:   bridge window [io  0x6000-0x6fff]
[    0.899452] pci 0000:09:00.0:   bridge window [mem 0xcf000000-0xd00fffff]
[    0.899475] pci 0000:00:1c.3: PCI bridge to [bus 09-0a]
[    0.899478] pci 0000:00:1c.3:   bridge window [io  0x6000-0x6fff]
[    0.899488] pci 0000:00:1c.3:   bridge window [mem 0xcf000000-0xd00fffff]
[    0.899506] pci 0000:00:1c.4: PCI bridge to [bus 0b-43]
[    0.899510] pci 0000:00:1c.4:   bridge window [io  0x1000-0x1fff]
[    0.899520] pci 0000:00:1c.4:   bridge window [mem 0xb8000000-0xce0fffff]
[    0.899528] pci 0000:00:1c.4:   bridge window [mem 0x90000000-0xb1ffffff 64bit pref]
[    0.899542] pci_bus 0000:00: No. 2 try to assign unassigned res
[    0.899545] release child resource [mem 0xd0100000-0xd017ffff]
[    0.899546] release child resource [mem 0xd0180000-0xd019ffff pref]
[    0.899547] pci 0000:06:00.0: resource 14 [mem 0xd0100000-0xd01fffff] released
[    0.899551] pci 0000:06:00.0: PCI bridge to [bus 07]
[    0.899558] release child resource [mem 0x37000000000-0x373ffffffff 64bit pref]
[    0.899559] release child resource [mem 0x37400000000-0x374001fffff 64bit pref]
[    0.899560] pci 0000:06:00.0: resource 15 [mem 0x37000000000-0x374001fffff 64bit pref] released
[    0.899564] pci 0000:06:00.0: PCI bridge to [bus 07]
[    0.899578] release child resource [mem 0xd0300000-0xd037ffff]
[    0.899579] release child resource [mem 0xd0380000-0xd039ffff pref]
[    0.899580] pci 0000:03:00.0: resource 14 [mem 0xd0300000-0xd03fffff] released
[    0.899583] pci 0000:03:00.0: PCI bridge to [bus 04]
[    0.899590] release child resource [mem 0x37800000000-0x37bffffffff 64bit pref]
[    0.899591] release child resource [mem 0x37c00000000-0x37c001fffff 64bit pref]
[    0.899593] pci 0000:03:00.0: resource 15 [mem 0x37800000000-0x37c001fffff 64bit pref] released
[    0.899596] pci 0000:03:00.0: PCI bridge to [bus 04]
[    0.899617] pci 0000:00:01.0: PCI bridge to [bus 01]
[    0.899626] pci 0000:00:01.0:   bridge window [mem 0xd0500000-0xd05fffff]
[    0.899645] pci 0000:03:00.0: BAR 15: no space for [mem size 0x600000000 64bit pref]
[    0.899648] pci 0000:03:00.0: BAR 15: failed to assign [mem size 0x600000000 64bit pref]
[    0.899652] pci 0000:03:00.0: BAR 14: no space for [mem size 0x00900000]
[    0.899654] pci 0000:03:00.0: BAR 14: failed to assign [mem size 0x00900000]
[    0.899658] pci 0000:04:00.0: BAR 0: no space for [mem size 0x400000000 64bit pref]
[    0.899662] pci 0000:04:00.0: BAR 0: failed to assign [mem size 0x400000000 64bit pref]
[    0.899665] pci 0000:04:00.0: BAR 7: no space for [mem size 0x100000000 64bit pref]
[    0.899668] pci 0000:04:00.0: BAR 7: failed to assign [mem size 0x100000000 64bit pref]
[    0.899671] pci 0000:04:00.0: BAR 2: no space for [mem size 0x00200000 64bit pref]
[    0.899674] pci 0000:04:00.0: BAR 2: failed to assign [mem size 0x00200000 64bit pref]
[    0.899678] pci 0000:04:00.0: BAR 9: no space for [mem size 0x02000000 64bit pref]
[    0.899681] pci 0000:04:00.0: BAR 9: failed to assign [mem size 0x02000000 64bit pref]
[    0.899684] pci 0000:04:00.0: BAR 5: no space for [mem size 0x00080000]
[    0.899687] pci 0000:04:00.0: BAR 5: failed to assign [mem size 0x00080000]
[    0.899689] pci 0000:04:00.0: BAR 12: no space for [mem size 0x00800000]
[    0.899692] pci 0000:04:00.0: BAR 12: failed to assign [mem size 0x00800000]
[    0.899695] pci 0000:04:00.0: BAR 6: no space for [mem size 0x00020000 pref]
[    0.899698] pci 0000:04:00.0: BAR 6: failed to assign [mem size 0x00020000 pref]
[    0.899701] pci 0000:03:00.0: PCI bridge to [bus 04]
[    0.899725] pci 0000:02:00.0: PCI bridge to [bus 03-04]
[    0.899735] pci 0000:02:00.0:   bridge window [mem 0xd0300000-0xd03fffff]
[    0.899742] pci 0000:02:00.0:   bridge window [mem 0x37800000000-0x37c001fffff 64bit pref]
[    0.899755] pci 0000:00:02.0: PCI bridge to [bus 02-04]
[    0.899764] pci 0000:00:02.0:   bridge window [mem 0xd0300000-0xd04fffff]
[    0.899772] pci 0000:00:02.0:   bridge window [mem 0x37800000000-0x37c001fffff 64bit pref]
[    0.899786] pci 0000:06:00.0: BAR 15: no space for [mem size 0x600000000 64bit pref]
[    0.899789] pci 0000:06:00.0: BAR 15: failed to assign [mem size 0x600000000 64bit pref]
[    0.899793] pci 0000:06:00.0: BAR 14: no space for [mem size 0x00900000]
[    0.899795] pci 0000:06:00.0: BAR 14: failed to assign [mem size 0x00900000]
[    0.899799] pci 0000:07:00.0: BAR 0: no space for [mem size 0x400000000 64bit pref]
[    0.899802] pci 0000:07:00.0: BAR 0: failed to assign [mem size 0x400000000 64bit pref]
[    0.899805] pci 0000:07:00.0: BAR 7: no space for [mem size 0x100000000 64bit pref]
[    0.899808] pci 0000:07:00.0: BAR 7: failed to assign [mem size 0x100000000 64bit pref]
[    0.899811] pci 0000:07:00.0: BAR 2: no space for [mem size 0x00200000 64bit pref]
[    0.899814] pci 0000:07:00.0: BAR 2: failed to assign [mem size 0x00200000 64bit pref]
[    0.899818] pci 0000:07:00.0: BAR 9: no space for [mem size 0x02000000 64bit pref]
[    0.899821] pci 0000:07:00.0: BAR 9: failed to assign [mem size 0x02000000 64bit pref]
[    0.899824] pci 0000:07:00.0: BAR 5: no space for [mem size 0x00080000]
[    0.899826] pci 0000:07:00.0: BAR 5: failed to assign [mem size 0x00080000]
[    0.899829] pci 0000:07:00.0: BAR 12: no space for [mem size 0x00800000]
[    0.899832] pci 0000:07:00.0: BAR 12: failed to assign [mem size 0x00800000]
[    0.899834] pci 0000:07:00.0: BAR 6: no space for [mem size 0x00020000 pref]
[    0.899837] pci 0000:07:00.0: BAR 6: failed to assign [mem size 0x00020000 pref]
[    0.899840] pci 0000:06:00.0: PCI bridge to [bus 07]
[    0.899865] pci 0000:05:00.0: PCI bridge to [bus 06-07]
[    0.899874] pci 0000:05:00.0:   bridge window [mem 0xd0100000-0xd01fffff]
[    0.899882] pci 0000:05:00.0:   bridge window [mem 0x37000000000-0x374001fffff 64bit pref]
[    0.899895] pci 0000:00:03.0: PCI bridge to [bus 05-07]
[    0.899904] pci 0000:00:03.0:   bridge window [mem 0xd0100000-0xd02fffff]
[    0.899911] pci 0000:00:03.0:   bridge window [mem 0x37000000000-0x374001fffff 64bit pref]
[    0.899924] pci 0000:00:1c.0: PCI bridge to [bus 08]
[    0.899950] pci 0000:09:00.0: PCI bridge to [bus 0a]
[    0.899954] pci 0000:09:00.0:   bridge window [io  0x6000-0x6fff]
[    0.899966] pci 0000:09:00.0:   bridge window [mem 0xcf000000-0xd00fffff]
[    0.899989] pci 0000:00:1c.3: PCI bridge to [bus 09-0a]
[    0.899992] pci 0000:00:1c.3:   bridge window [io  0x6000-0x6fff]
[    0.900002] pci 0000:00:1c.3:   bridge window [mem 0xcf000000-0xd00fffff]
[    0.900020] pci 0000:00:1c.4: PCI bridge to [bus 0b-43]
[    0.900023] pci 0000:00:1c.4:   bridge window [io  0x1000-0x1fff]
[    0.900034] pci 0000:00:1c.4:   bridge window [mem 0xb8000000-0xce0fffff]
[    0.900042] pci 0000:00:1c.4:   bridge window [mem 0x90000000-0xb1ffffff 64bit pref]
[    0.900056] pci_bus 0000:00: No. 3 try to assign unassigned res
[    0.900058] pci 0000:05:00.0: resource 14 [mem 0xd0100000-0xd01fffff] released
[    0.900062] pci 0000:05:00.0: PCI bridge to [bus 06-07]
[    0.900069] pci 0000:05:00.0: resource 15 [mem 0x37000000000-0x374001fffff 64bit pref] released
[    0.900072] pci 0000:05:00.0: PCI bridge to [bus 06-07]
[    0.900087] pci 0000:02:00.0: resource 14 [mem 0xd0300000-0xd03fffff] released
[    0.900090] pci 0000:02:00.0: PCI bridge to [bus 03-04]
[    0.900097] pci 0000:02:00.0: resource 15 [mem 0x37800000000-0x37c001fffff 64bit pref] released
[    0.900101] pci 0000:02:00.0: PCI bridge to [bus 03-04]
[    0.900121] pci 0000:00:01.0: PCI bridge to [bus 01]
[    0.900130] pci 0000:00:01.0:   bridge window [mem 0xd0500000-0xd05fffff]
[    0.900149] pci 0000:02:00.0: BAR 15: no space for [mem size 0x600000000 64bit pref]
[    0.900152] pci 0000:02:00.0: BAR 15: failed to assign [mem size 0x600000000 64bit pref]
[    0.900156] pci 0000:02:00.0: BAR 14: no space for [mem size 0x00900000]
[    0.900159] pci 0000:02:00.0: BAR 14: failed to assign [mem size 0x00900000]
[    0.900162] pci 0000:03:00.0: BAR 15: no space for [mem size 0x600000000 64bit pref]
[    0.900165] pci 0000:03:00.0: BAR 15: failed to assign [mem size 0x600000000 64bit pref]
[    0.900168] pci 0000:03:00.0: BAR 14: no space for [mem size 0x00900000]
[    0.900171] pci 0000:03:00.0: BAR 14: failed to assign [mem size 0x00900000]
[    0.900174] pci 0000:04:00.0: BAR 0: no space for [mem size 0x400000000 64bit pref]
[    0.900177] pci 0000:04:00.0: BAR 0: failed to assign [mem size 0x400000000 64bit pref]
[    0.900181] pci 0000:04:00.0: BAR 7: no space for [mem size 0x100000000 64bit pref]
[    0.900184] pci 0000:04:00.0: BAR 7: failed to assign [mem size 0x100000000 64bit pref]
[    0.900187] pci 0000:04:00.0: BAR 2: no space for [mem size 0x00200000 64bit pref]
[    0.900190] pci 0000:04:00.0: BAR 2: failed to assign [mem size 0x00200000 64bit pref]
[    0.900193] pci 0000:04:00.0: BAR 9: no space for [mem size 0x02000000 64bit pref]
[    0.900196] pci 0000:04:00.0: BAR 9: failed to assign [mem size 0x02000000 64bit pref]
[    0.900200] pci 0000:04:00.0: BAR 5: no space for [mem size 0x00080000]
[    0.900202] pci 0000:04:00.0: BAR 5: failed to assign [mem size 0x00080000]
[    0.900205] pci 0000:04:00.0: BAR 12: no space for [mem size 0x00800000]
[    0.900208] pci 0000:04:00.0: BAR 12: failed to assign [mem size 0x00800000]
[    0.900211] pci 0000:03:00.0: PCI bridge to [bus 04]
[    0.900235] pci 0000:02:00.0: PCI bridge to [bus 03-04]
[    0.900259] pci 0000:00:02.0: PCI bridge to [bus 02-04]
[    0.900268] pci 0000:00:02.0:   bridge window [mem 0xd0300000-0xd04fffff]
[    0.900275] pci 0000:00:02.0:   bridge window [mem 0x37800000000-0x37c001fffff 64bit pref]
[    0.900290] pci 0000:05:00.0: BAR 15: no space for [mem size 0x600000000 64bit pref]
[    0.900293] pci 0000:05:00.0: BAR 15: failed to assign [mem size 0x600000000 64bit pref]
[    0.900296] pci 0000:05:00.0: BAR 14: no space for [mem size 0x00900000]
[    0.900299] pci 0000:05:00.0: BAR 14: failed to assign [mem size 0x00900000]
[    0.900302] pci 0000:06:00.0: BAR 15: no space for [mem size 0x600000000 64bit pref]
[    0.900305] pci 0000:06:00.0: BAR 15: failed to assign [mem size 0x600000000 64bit pref]
[    0.900308] pci 0000:06:00.0: BAR 14: no space for [mem size 0x00900000]
[    0.900311] pci 0000:06:00.0: BAR 14: failed to assign [mem size 0x00900000]
[    0.900315] pci 0000:07:00.0: BAR 0: no space for [mem size 0x400000000 64bit pref]
[    0.900318] pci 0000:07:00.0: BAR 0: failed to assign [mem size 0x400000000 64bit pref]
[    0.900321] pci 0000:07:00.0: BAR 7: no space for [mem size 0x100000000 64bit pref]
[    0.900324] pci 0000:07:00.0: BAR 7: failed to assign [mem size 0x100000000 64bit pref]
[    0.900327] pci 0000:07:00.0: BAR 2: no space for [mem size 0x00200000 64bit pref]
[    0.900330] pci 0000:07:00.0: BAR 2: failed to assign [mem size 0x00200000 64bit pref]
[    0.900333] pci 0000:07:00.0: BAR 9: no space for [mem size 0x02000000 64bit pref]
[    0.900336] pci 0000:07:00.0: BAR 9: failed to assign [mem size 0x02000000 64bit pref]
[    0.900340] pci 0000:07:00.0: BAR 5: no space for [mem size 0x00080000]
[    0.900342] pci 0000:07:00.0: BAR 5: failed to assign [mem size 0x00080000]
[    0.900345] pci 0000:07:00.0: BAR 12: no space for [mem size 0x00800000]
[    0.900347] pci 0000:07:00.0: BAR 12: failed to assign [mem size 0x00800000]
[    0.900351] pci 0000:06:00.0: PCI bridge to [bus 07]
[    0.900375] pci 0000:05:00.0: PCI bridge to [bus 06-07]
[    0.900399] pci 0000:00:03.0: PCI bridge to [bus 05-07]
[    0.900408] pci 0000:00:03.0:   bridge window [mem 0xd0100000-0xd02fffff]
[    0.900415] pci 0000:00:03.0:   bridge window [mem 0x37000000000-0x374001fffff 64bit pref]
[    0.900428] pci 0000:00:1c.0: PCI bridge to [bus 08]
[    0.900454] pci 0000:09:00.0: PCI bridge to [bus 0a]
[    0.900458] pci 0000:09:00.0:   bridge window [io  0x6000-0x6fff]
[    0.900470] pci 0000:09:00.0:   bridge window [mem 0xcf000000-0xd00fffff]
[    0.900493] pci 0000:00:1c.3: PCI bridge to [bus 09-0a]
[    0.900496] pci 0000:00:1c.3:   bridge window [io  0x6000-0x6fff]
[    0.900506] pci 0000:00:1c.3:   bridge window [mem 0xcf000000-0xd00fffff]
[    0.900524] pci 0000:00:1c.4: PCI bridge to [bus 0b-43]
[    0.900527] pci 0000:00:1c.4:   bridge window [io  0x1000-0x1fff]
[    0.900538] pci 0000:00:1c.4:   bridge window [mem 0xb8000000-0xce0fffff]
[    0.900546] pci 0000:00:1c.4:   bridge window [mem 0x90000000-0xb1ffffff 64bit pref]
[    0.900559] pci_bus 0000:00: No. 4 try to assign unassigned res
[    0.900562] release child resource [mem 0xd0200000-0xd0203fff]
[    0.900563] pci 0000:00:03.0: resource 14 [mem 0xd0100000-0xd02fffff] released
[    0.900566] pci 0000:00:03.0: PCI bridge to [bus 05-07]
[    0.900573] pci 0000:00:03.0: resource 15 [mem 0x37000000000-0x374001fffff 64bit pref] released
[    0.900576] pci 0000:00:03.0: PCI bridge to [bus 05-07]
[    0.900590] release child resource [mem 0xd0400000-0xd0403fff]
[    0.900591] pci 0000:00:02.0: resource 14 [mem 0xd0300000-0xd04fffff] released
[    0.900594] pci 0000:00:02.0: PCI bridge to [bus 02-04]
[    0.900601] pci 0000:00:02.0: resource 15 [mem 0x37800000000-0x37c001fffff 64bit pref] released
[    0.900604] pci 0000:00:02.0: PCI bridge to [bus 02-04]
[    0.900630] pci 0000:00:02.0: BAR 15: assigned [mem 0x30000000000-0x305ffffffff 64bit pref]
[    0.900638] pci 0000:00:03.0: BAR 15: assigned [mem 0x30600000000-0x30bffffffff 64bit pref]
[    0.900642] pci 0000:00:02.0: BAR 14: assigned [mem 0xb2000000-0xb29fffff]
[    0.900647] pci 0000:00:03.0: BAR 14: assigned [mem 0xb2a00000-0xb33fffff]
[    0.900650] pci 0000:00:01.0: PCI bridge to [bus 01]
[    0.900659] pci 0000:00:01.0:   bridge window [mem 0xd0500000-0xd05fffff]
[    0.900676] pci 0000:02:00.0: BAR 15: assigned [mem 0x30000000000-0x305ffffffff 64bit pref]
[    0.900680] pci 0000:02:00.0: BAR 14: assigned [mem 0xb2000000-0xb28fffff]
[    0.900683] pci 0000:02:00.0: BAR 0: assigned [mem 0xb2900000-0xb2903fff]
[    0.900690] pci 0000:03:00.0: BAR 15: assigned [mem 0x30000000000-0x305ffffffff 64bit pref]
[    0.900694] pci 0000:03:00.0: BAR 14: assigned [mem 0xb2000000-0xb28fffff]
[    0.900699] pci 0000:04:00.0: BAR 0: assigned [mem 0x30000000000-0x303ffffffff 64bit pref]
[    0.900714] pci 0000:04:00.0: BAR 7: assigned [mem 0x30400000000-0x304ffffffff 64bit pref]
[    0.900720] pci 0000:04:00.0: BAR 2: assigned [mem 0x30500000000-0x305001fffff 64bit pref]
[    0.900736] pci 0000:04:00.0: BAR 9: assigned [mem 0x30500200000-0x305021fffff 64bit pref]
[    0.900741] pci 0000:04:00.0: BAR 5: assigned [mem 0xb2000000-0xb207ffff]
[    0.900747] pci 0000:04:00.0: BAR 12: assigned [mem 0xb2080000-0xb287ffff]
[    0.900752] pci 0000:03:00.0: PCI bridge to [bus 04]
[    0.900761] pci 0000:03:00.0:   bridge window [mem 0xb2000000-0xb28fffff]
[    0.900769] pci 0000:03:00.0:   bridge window [mem 0x30000000000-0x305ffffffff 64bit pref]
[    0.900782] pci 0000:02:00.0: PCI bridge to [bus 03-04]
[    0.900791] pci 0000:02:00.0:   bridge window [mem 0xb2000000-0xb28fffff]
[    0.900799] pci 0000:02:00.0:   bridge window [mem 0x30000000000-0x305ffffffff 64bit pref]
[    0.900812] pci 0000:00:02.0: PCI bridge to [bus 02-04]
[    0.900821] pci 0000:00:02.0:   bridge window [mem 0xb2000000-0xb29fffff]
[    0.900828] pci 0000:00:02.0:   bridge window [mem 0x30000000000-0x305ffffffff 64bit pref]
[    0.900840] pci 0000:05:00.0: BAR 15: assigned [mem 0x30600000000-0x30bffffffff 64bit pref]
[    0.900844] pci 0000:05:00.0: BAR 14: assigned [mem 0xb2a00000-0xb32fffff]
[    0.900847] pci 0000:05:00.0: BAR 0: assigned [mem 0xb3300000-0xb3303fff]
[    0.900854] pci 0000:06:00.0: BAR 15: assigned [mem 0x30600000000-0x30bffffffff 64bit pref]
[    0.900858] pci 0000:06:00.0: BAR 14: assigned [mem 0xb2a00000-0xb32fffff]
[    0.900862] pci 0000:07:00.0: BAR 0: assigned [mem 0x30800000000-0x30bffffffff 64bit pref]
[    0.900883] pci 0000:07:00.0: BAR 7: assigned [mem 0x30600000000-0x306ffffffff 64bit pref]
[    0.900888] pci 0000:07:00.0: BAR 2: assigned [mem 0x30700000000-0x307001fffff 64bit pref]
[    0.900904] pci 0000:07:00.0: BAR 9: assigned [mem 0x30700200000-0x307021fffff 64bit pref]
[    0.900909] pci 0000:07:00.0: BAR 5: assigned [mem 0xb2a00000-0xb2a7ffff]
[    0.900915] pci 0000:07:00.0: BAR 12: assigned [mem 0xb2a80000-0xb327ffff]
[    0.900919] pci 0000:06:00.0: PCI bridge to [bus 07]
[    0.900929] pci 0000:06:00.0:   bridge window [mem 0xb2a00000-0xb32fffff]
[    0.900937] pci 0000:06:00.0:   bridge window [mem 0x30600000000-0x30bffffffff 64bit pref]
[    0.900949] pci 0000:05:00.0: PCI bridge to [bus 06-07]
[    0.900959] pci 0000:05:00.0:   bridge window [mem 0xb2a00000-0xb32fffff]
[    0.900966] pci 0000:05:00.0:   bridge window [mem 0x30600000000-0x30bffffffff 64bit pref]
[    0.900979] pci 0000:00:03.0: PCI bridge to [bus 05-07]
[    0.900988] pci 0000:00:03.0:   bridge window [mem 0xb2a00000-0xb33fffff]
[    0.900995] pci 0000:00:03.0:   bridge window [mem 0x30600000000-0x30bffffffff 64bit pref]
[    0.901008] pci 0000:00:1c.0: PCI bridge to [bus 08]
[    0.901034] pci 0000:09:00.0: PCI bridge to [bus 0a]
[    0.901038] pci 0000:09:00.0:   bridge window [io  0x6000-0x6fff]
[    0.901051] pci 0000:09:00.0:   bridge window [mem 0xcf000000-0xd00fffff]
[    0.901074] pci 0000:00:1c.3: PCI bridge to [bus 09-0a]
[    0.901077] pci 0000:00:1c.3:   bridge window [io  0x6000-0x6fff]
[    0.901087] pci 0000:00:1c.3:   bridge window [mem 0xcf000000-0xd00fffff]
[    0.901105] pci 0000:00:1c.4: PCI bridge to [bus 0b-43]
[    0.901108] pci 0000:00:1c.4:   bridge window [io  0x1000-0x1fff]
[    0.901119] pci 0000:00:1c.4:   bridge window [mem 0xb8000000-0xce0fffff]
[    0.901127] pci 0000:00:1c.4:   bridge window [mem 0x90000000-0xb1ffffff 64bit pref]
[    0.901141] pci_bus 0000:00: resource 4 [io  0x0000-0x0cf7 window]
[    0.901144] pci_bus 0000:00: resource 5 [io  0x1000-0x7fff window]
[    0.901147] pci_bus 0000:00: resource 6 [mem 0x000a0000-0x000bffff window]
[    0.901150] pci_bus 0000:00: resource 7 [mem 0xfedb0000-0xfedb000f window]
[    0.901152] pci_bus 0000:00: resource 8 [mem 0xfedc0000-0xfedc000f window]
[    0.901155] pci_bus 0000:00: resource 9 [mem 0x90000000-0xd3ffbfff window]
[    0.901158] pci_bus 0000:00: resource 10 [mem 0x30000000000-0x37fffffffff window]
[    0.901161] pci_bus 0000:01: resource 1 [mem 0xd0500000-0xd05fffff]
[    0.901164] pci_bus 0000:02: resource 1 [mem 0xb2000000-0xb29fffff]
[    0.901167] pci_bus 0000:02: resource 2 [mem 0x30000000000-0x305ffffffff 64bit pref]
[    0.901170] pci_bus 0000:03: resource 1 [mem 0xb2000000-0xb28fffff]
[    0.901173] pci_bus 0000:03: resource 2 [mem 0x30000000000-0x305ffffffff 64bit pref]
[    0.901176] pci_bus 0000:04: resource 1 [mem 0xb2000000-0xb28fffff]
[    0.901179] pci_bus 0000:04: resource 2 [mem 0x30000000000-0x305ffffffff 64bit pref]
[    0.901182] pci_bus 0000:05: resource 1 [mem 0xb2a00000-0xb33fffff]
[    0.901184] pci_bus 0000:05: resource 2 [mem 0x30600000000-0x30bffffffff 64bit pref]
[    0.901188] pci_bus 0000:06: resource 1 [mem 0xb2a00000-0xb32fffff]
[    0.901190] pci_bus 0000:06: resource 2 [mem 0x30600000000-0x30bffffffff 64bit pref]
[    0.901193] pci_bus 0000:07: resource 1 [mem 0xb2a00000-0xb32fffff]
[    0.901196] pci_bus 0000:07: resource 2 [mem 0x30600000000-0x30bffffffff 64bit pref]
[    0.901199] pci_bus 0000:09: resource 0 [io  0x6000-0x6fff]
[    0.901202] pci_bus 0000:09: resource 1 [mem 0xcf000000-0xd00fffff]
[    0.901205] pci_bus 0000:0a: resource 0 [io  0x6000-0x6fff]
[    0.901207] pci_bus 0000:0a: resource 1 [mem 0xcf000000-0xd00fffff]
[    0.901210] pci_bus 0000:0b: resource 0 [io  0x1000-0x1fff]
[    0.901212] pci_bus 0000:0b: resource 1 [mem 0xb8000000-0xce0fffff]
[    0.901215] pci_bus 0000:0b: resource 2 [mem 0x90000000-0xb1ffffff 64bit pref]
[    0.901398] pci_bus 0000:80: max bus depth: 3 pci_try_num: 4
[    0.901409] pci 0000:80:00.0: BAR 15: assigned [mem 0x38000000000-0x380000fffff 64bit pref]
[    0.901414] pci 0000:81:00.0: BAR 7: assigned [mem 0x38000000000-0x3800001ffff 64bit pref]
[    0.901478] pci 0000:81:00.0: BAR 10: assigned [mem 0x38000020000-0x3800003ffff 64bit pref]
[    0.901543] pci 0000:81:00.1: BAR 7: assigned [mem 0x38000040000-0x3800005ffff 64bit pref]
[    0.901608] pci 0000:81:00.1: BAR 10: assigned [mem 0x38000060000-0x3800007ffff 64bit pref]
[    0.901672] pci 0000:80:00.0: PCI bridge to [bus 81]
[    0.901675] pci 0000:80:00.0:   bridge window [io  0xf000-0xffff]
[    0.901685] pci 0000:80:00.0:   bridge window [mem 0xfbe00000-0xfbefffff]
[    0.901692] pci 0000:80:00.0:   bridge window [mem 0x38000000000-0x380000fffff 64bit pref]
[    0.901706] pci 0000:84:00.0: BAR 7: no space for [mem size 0x100000000 64bit pref]
[    0.901710] pci 0000:84:00.0: BAR 7: failed to assign [mem size 0x100000000 64bit pref]
[    0.901714] pci 0000:84:00.0: BAR 9: no space for [mem size 0x02000000 64bit pref]
[    0.901717] pci 0000:84:00.0: BAR 9: failed to assign [mem size 0x02000000 64bit pref]
[    0.901720] pci 0000:84:00.0: BAR 12: no space for [mem size 0x00800000]
[    0.901723] pci 0000:84:00.0: BAR 12: failed to assign [mem size 0x00800000]
[    0.901726] pci 0000:83:00.0: PCI bridge to [bus 84]
[    0.901736] pci 0000:83:00.0:   bridge window [mem 0xfbc00000-0xfbcfffff]
[    0.901744] pci 0000:83:00.0:   bridge window [mem 0x3f800000000-0x3fc001fffff 64bit pref]
[    0.901757] pci 0000:82:00.0: PCI bridge to [bus 83-84]
[    0.901767] pci 0000:82:00.0:   bridge window [mem 0xfbc00000-0xfbcfffff]
[    0.901774] pci 0000:82:00.0:   bridge window [mem 0x3f800000000-0x3fc001fffff 64bit pref]
[    0.901788] pci 0000:80:02.0: PCI bridge to [bus 82-84]
[    0.901797] pci 0000:80:02.0:   bridge window [mem 0xfbc00000-0xfbdfffff]
[    0.901804] pci 0000:80:02.0:   bridge window [mem 0x3f800000000-0x3fc001fffff 64bit pref]
[    0.901818] pci 0000:87:00.0: BAR 7: no space for [mem size 0x100000000 64bit pref]
[    0.901821] pci 0000:87:00.0: BAR 7: failed to assign [mem size 0x100000000 64bit pref]
[    0.901825] pci 0000:87:00.0: BAR 9: no space for [mem size 0x02000000 64bit pref]
[    0.901828] pci 0000:87:00.0: BAR 9: failed to assign [mem size 0x02000000 64bit pref]
[    0.901831] pci 0000:87:00.0: BAR 12: no space for [mem size 0x00800000]
[    0.901834] pci 0000:87:00.0: BAR 12: failed to assign [mem size 0x00800000]
[    0.901837] pci 0000:86:00.0: PCI bridge to [bus 87]
[    0.901847] pci 0000:86:00.0:   bridge window [mem 0xfba00000-0xfbafffff]
[    0.901854] pci 0000:86:00.0:   bridge window [mem 0x3f000000000-0x3f4001fffff 64bit pref]
[    0.901867] pci 0000:85:00.0: PCI bridge to [bus 86-87]
[    0.901877] pci 0000:85:00.0:   bridge window [mem 0xfba00000-0xfbafffff]
[    0.901885] pci 0000:85:00.0:   bridge window [mem 0x3f000000000-0x3f4001fffff 64bit pref]
[    0.901898] pci 0000:80:03.0: PCI bridge to [bus 85-87]
[    0.901907] pci 0000:80:03.0:   bridge window [mem 0xfba00000-0xfbbfffff]
[    0.901914] pci 0000:80:03.0:   bridge window [mem 0x3f000000000-0x3f4001fffff 64bit pref]
[    0.901927] pci_bus 0000:80: No. 2 try to assign unassigned res
[    0.901929] release child resource [mem 0xfba00000-0xfba7ffff]
[    0.901930] release child resource [mem 0xfba80000-0xfba9ffff pref]
[    0.901932] pci 0000:86:00.0: resource 14 [mem 0xfba00000-0xfbafffff] released
[    0.901935] pci 0000:86:00.0: PCI bridge to [bus 87]
[    0.901942] release child resource [mem 0x3f000000000-0x3f3ffffffff 64bit pref]
[    0.901943] release child resource [mem 0x3f400000000-0x3f4001fffff 64bit pref]
[    0.901944] pci 0000:86:00.0: resource 15 [mem 0x3f000000000-0x3f4001fffff 64bit pref] released
[    0.901948] pci 0000:86:00.0: PCI bridge to [bus 87]
[    0.901962] release child resource [mem 0xfbc00000-0xfbc7ffff]
[    0.901963] release child resource [mem 0xfbc80000-0xfbc9ffff pref]
[    0.901964] pci 0000:83:00.0: resource 14 [mem 0xfbc00000-0xfbcfffff] released
[    0.901967] pci 0000:83:00.0: PCI bridge to [bus 84]
[    0.901975] release child resource [mem 0x3f800000000-0x3fbffffffff 64bit pref]
[    0.901976] release child resource [mem 0x3fc00000000-0x3fc001fffff 64bit pref]
[    0.901977] pci 0000:83:00.0: resource 15 [mem 0x3f800000000-0x3fc001fffff 64bit pref] released
[    0.901980] pci 0000:83:00.0: PCI bridge to [bus 84]
[    0.901999] pci 0000:80:00.0: PCI bridge to [bus 81]
[    0.902002] pci 0000:80:00.0:   bridge window [io  0xf000-0xffff]
[    0.902011] pci 0000:80:00.0:   bridge window [mem 0xfbe00000-0xfbefffff]
[    0.902018] pci 0000:80:00.0:   bridge window [mem 0x38000000000-0x380000fffff 64bit pref]
[    0.902033] pci 0000:83:00.0: BAR 15: no space for [mem size 0x600000000 64bit pref]
[    0.902036] pci 0000:83:00.0: BAR 15: failed to assign [mem size 0x600000000 64bit pref]
[    0.902040] pci 0000:83:00.0: BAR 14: no space for [mem size 0x00900000]
[    0.902043] pci 0000:83:00.0: BAR 14: failed to assign [mem size 0x00900000]
[    0.902046] pci 0000:84:00.0: BAR 0: no space for [mem size 0x400000000 64bit pref]
[    0.902049] pci 0000:84:00.0: BAR 0: failed to assign [mem size 0x400000000 64bit pref]
[    0.902053] pci 0000:84:00.0: BAR 7: no space for [mem size 0x100000000 64bit pref]
[    0.902056] pci 0000:84:00.0: BAR 7: failed to assign [mem size 0x100000000 64bit pref]
[    0.902059] pci 0000:84:00.0: BAR 2: no space for [mem size 0x00200000 64bit pref]
[    0.902062] pci 0000:84:00.0: BAR 2: failed to assign [mem size 0x00200000 64bit pref]
[    0.902065] pci 0000:84:00.0: BAR 9: no space for [mem size 0x02000000 64bit pref]
[    0.902068] pci 0000:84:00.0: BAR 9: failed to assign [mem size 0x02000000 64bit pref]
[    0.902071] pci 0000:84:00.0: BAR 5: no space for [mem size 0x00080000]
[    0.902074] pci 0000:84:00.0: BAR 5: failed to assign [mem size 0x00080000]
[    0.902077] pci 0000:84:00.0: BAR 12: no space for [mem size 0x00800000]
[    0.902079] pci 0000:84:00.0: BAR 12: failed to assign [mem size 0x00800000]
[    0.902082] pci 0000:84:00.0: BAR 6: no space for [mem size 0x00020000 pref]
[    0.902085] pci 0000:84:00.0: BAR 6: failed to assign [mem size 0x00020000 pref]
[    0.902088] pci 0000:83:00.0: PCI bridge to [bus 84]
[    0.902113] pci 0000:82:00.0: PCI bridge to [bus 83-84]
[    0.902123] pci 0000:82:00.0:   bridge window [mem 0xfbc00000-0xfbcfffff]
[    0.902130] pci 0000:82:00.0:   bridge window [mem 0x3f800000000-0x3fc001fffff 64bit pref]
[    0.902143] pci 0000:80:02.0: PCI bridge to [bus 82-84]
[    0.902153] pci 0000:80:02.0:   bridge window [mem 0xfbc00000-0xfbdfffff]
[    0.902160] pci 0000:80:02.0:   bridge window [mem 0x3f800000000-0x3fc001fffff 64bit pref]
[    0.902174] pci 0000:86:00.0: BAR 15: no space for [mem size 0x600000000 64bit pref]
[    0.902177] pci 0000:86:00.0: BAR 15: failed to assign [mem size 0x600000000 64bit pref]
[    0.902181] pci 0000:86:00.0: BAR 14: no space for [mem size 0x00900000]
[    0.902183] pci 0000:86:00.0: BAR 14: failed to assign [mem size 0x00900000]
[    0.902187] pci 0000:87:00.0: BAR 0: no space for [mem size 0x400000000 64bit pref]
[    0.902190] pci 0000:87:00.0: BAR 0: failed to assign [mem size 0x400000000 64bit pref]
[    0.902193] pci 0000:87:00.0: BAR 7: no space for [mem size 0x100000000 64bit pref]
[    0.902196] pci 0000:87:00.0: BAR 7: failed to assign [mem size 0x100000000 64bit pref]
[    0.902199] pci 0000:87:00.0: BAR 2: no space for [mem size 0x00200000 64bit pref]
[    0.902202] pci 0000:87:00.0: BAR 2: failed to assign [mem size 0x00200000 64bit pref]
[    0.902206] pci 0000:87:00.0: BAR 9: no space for [mem size 0x02000000 64bit pref]
[    0.902209] pci 0000:87:00.0: BAR 9: failed to assign [mem size 0x02000000 64bit pref]
[    0.902212] pci 0000:87:00.0: BAR 5: no space for [mem size 0x00080000]
