[    0.000000] microcode: microcode updated early to revision 0x49, date = 2021-08-11
[    0.000000] Linux version 5.15.0-181-generic (buildd@lcy02-amd64-005) (gcc (Ubuntu 11.4.0-1ubuntu1~22.04.3) 11.4.0, GNU ld (GNU Binutils for Ubuntu) 2.38) #191-Ubuntu SMP Fri May 22 19:09:02 UTC 2026 (Ubuntu 5.15.0-181.191-generic 5.15.199)
[    0.000000] Command line: BOOT_IMAGE=/boot/vmlinuz-5.15.0-181-generic root=UUID=d0d1212d-a3fc-4520-908f-75427e05b93b ro
[    0.000000] KERNEL supported cpus:
[    0.000000]   Intel GenuineIntel
[    0.000000]   AMD AuthenticAMD
[    0.000000]   Hygon HygonGenuine
[    0.000000]   Centaur CentaurHauls
[    0.000000]   zhaoxin   Shanghai  
[    0.000000] BIOS-provided physical RAM map:
[    0.000000] BIOS-e820: [mem 0x0000000000000000-0x000000000009ffff] usable
[    0.000000] BIOS-e820: [mem 0x0000000000100000-0x00000000784aefff] usable
[    0.000000] BIOS-e820: [mem 0x00000000784af000-0x0000000079274fff] reserved
[    0.000000] BIOS-e820: [mem 0x0000000079275000-0x0000000079427fff] usable
[    0.000000] BIOS-e820: [mem 0x0000000079428000-0x0000000079ce2fff] ACPI NVS
[    0.000000] BIOS-e820: [mem 0x0000000079ce3000-0x000000007bcf6fff] reserved
[    0.000000] BIOS-e820: [mem 0x000000007bcf7000-0x000000007bcf7fff] usable
[    0.000000] BIOS-e820: [mem 0x000000007bcf8000-0x000000007bd7dfff] reserved
[    0.000000] BIOS-e820: [mem 0x000000007bd7e000-0x000000007bffffff] usable
[    0.000000] BIOS-e820: [mem 0x000000007c000000-0x000000008fffffff] reserved
[    0.000000] BIOS-e820: [mem 0x00000000fed1c000-0x00000000fed44fff] reserved
[    0.000000] BIOS-e820: [mem 0x00000000ff000000-0x00000000ffffffff] reserved
[    0.000000] BIOS-e820: [mem 0x0000000100000000-0x000000087fffffff] usable
[    0.000000] NX (Execute Disable) protection: active
[    0.000000] e820: update [mem 0x6ad86018-0x6ad95e57] usable ==> usable
[    0.000000] e820: update [mem 0x6ad86018-0x6ad95e57] usable ==> usable
[    0.000000] e820: update [mem 0x6ad76018-0x6ad85e57] usable ==> usable
[    0.000000] e820: update [mem 0x6ad76018-0x6ad85e57] usable ==> usable
[    0.000000] e820: update [mem 0x6ad6d018-0x6ad75057] usable ==> usable
[    0.000000] e820: update [mem 0x6ad6d018-0x6ad75057] usable ==> usable
[    0.000000] e820: update [mem 0x6ad5b018-0x6ad6c057] usable ==> usable
[    0.000000] e820: update [mem 0x6ad5b018-0x6ad6c057] usable ==> usable
[    0.000000] e820: update [mem 0x6ad49018-0x6ad5a057] usable ==> usable
[    0.000000] e820: update [mem 0x6ad49018-0x6ad5a057] usable ==> usable
[    0.000000] e820: update [mem 0x6ad39018-0x6ad48e57] usable ==> usable
[    0.000000] e820: update [mem 0x6ad39018-0x6ad48e57] usable ==> usable
[    0.000000] e820: update [mem 0x6ad29018-0x6ad38e57] usable ==> usable
[    0.000000] e820: update [mem 0x6ad29018-0x6ad38e57] usable ==> usable
[    0.000000] extended physical RAM map:
[    0.000000] reserve setup_data: [mem 0x0000000000000000-0x000000000009ffff] usable
[    0.000000] reserve setup_data: [mem 0x0000000000100000-0x000000006ad29017] usable
[    0.000000] reserve setup_data: [mem 0x000000006ad29018-0x000000006ad38e57] usable
[    0.000000] reserve setup_data: [mem 0x000000006ad38e58-0x000000006ad39017] usable
[    0.000000] reserve setup_data: [mem 0x000000006ad39018-0x000000006ad48e57] usable
[    0.000000] reserve setup_data: [mem 0x000000006ad48e58-0x000000006ad49017] usable
[    0.000000] reserve setup_data: [mem 0x000000006ad49018-0x000000006ad5a057] usable
[    0.000000] reserve setup_data: [mem 0x000000006ad5a058-0x000000006ad5b017] usable
[    0.000000] reserve setup_data: [mem 0x000000006ad5b018-0x000000006ad6c057] usable
[    0.000000] reserve setup_data: [mem 0x000000006ad6c058-0x000000006ad6d017] usable
[    0.000000] reserve setup_data: [mem 0x000000006ad6d018-0x000000006ad75057] usable
[    0.000000] reserve setup_data: [mem 0x000000006ad75058-0x000000006ad76017] usable
[    0.000000] reserve setup_data: [mem 0x000000006ad76018-0x000000006ad85e57] usable
[    0.000000] reserve setup_data: [mem 0x000000006ad85e58-0x000000006ad86017] usable
[    0.000000] reserve setup_data: [mem 0x000000006ad86018-0x000000006ad95e57] usable
[    0.000000] reserve setup_data: [mem 0x000000006ad95e58-0x00000000784aefff] usable
[    0.000000] reserve setup_data: [mem 0x00000000784af000-0x0000000079274fff] reserved
[    0.000000] reserve setup_data: [mem 0x0000000079275000-0x0000000079427fff] usable
[    0.000000] reserve setup_data: [mem 0x0000000079428000-0x0000000079ce2fff] ACPI NVS
[    0.000000] reserve setup_data: [mem 0x0000000079ce3000-0x000000007bcf6fff] reserved
[    0.000000] reserve setup_data: [mem 0x000000007bcf7000-0x000000007bcf7fff] usable
[    0.000000] reserve setup_data: [mem 0x000000007bcf8000-0x000000007bd7dfff] reserved
[    0.000000] reserve setup_data: [mem 0x000000007bd7e000-0x000000007bffffff] usable
[    0.000000] reserve setup_data: [mem 0x000000007c000000-0x000000008fffffff] reserved
[    0.000000] reserve setup_data: [mem 0x00000000fed1c000-0x00000000fed44fff] reserved
[    0.000000] reserve setup_data: [mem 0x00000000ff000000-0x00000000ffffffff] reserved
[    0.000000] reserve setup_data: [mem 0x0000000100000000-0x000000087fffffff] usable
[    0.000000] efi: EFI v2.40 by American Megatrends
[    0.000000] efi: ACPI=0x794c0000 ACPI 2.0=0x794c0000 ESRT=0x7ba49c98 SMBIOS=0xf05e0 SMBIOS 3.0=0x7ba45000 MOKvar=0x7ba44000 
[    0.000000] secureboot: Secure boot disabled
[    0.000000] SMBIOS 3.0.0 present.
[    0.000000] DMI: Supermicro SYS-7048GR-TR/X10DRG-Q, BIOS 3.2 11/22/2019
[    0.000000] tsc: Fast TSC calibration using PIT
[    0.000000] tsc: Detected 2400.008 MHz processor
[    0.000482] e820: update [mem 0x00000000-0x00000fff] usable ==> reserved
[    0.000486] e820: remove [mem 0x000a0000-0x000fffff] usable
[    0.000500] last_pfn = 0x880000 max_arch_pfn = 0x400000000
[    0.000781] x86/PAT: Configuration [0-7]: WB  WC  UC- UC  WB  WP  UC- WT  
[    0.002790] last_pfn = 0x7c000 max_arch_pfn = 0x400000000
[    0.012224] found SMP MP-table at [mem 0x000fd040-0x000fd04f]
[    0.012250] esrt: Reserving ESRT space from 0x000000007ba49c98 to 0x000000007ba49cd0.
[    0.012264] Using GB pages for direct mapping
[    0.012691] secureboot: Secure boot disabled
[    0.012693] RAMDISK: [mem 0x6ad97000-0x72505fff]
[    0.012700] ACPI: Early table checksum verification disabled
[    0.012707] ACPI: RSDP 0x00000000794C0000 000024 (v02 SUPERM)
[    0.012712] ACPI: XSDT 0x00000000794C00B0 0000E4 (v01                 01072009 AMI  00010013)
[    0.012721] ACPI: FACP 0x00000000794F35B0 00010C (v05 SUPERM SMCI--MB 01072009 AMI  00010013)
[    0.012729] ACPI: DSDT 0x00000000794C0230 03337B (v02 SUPERM SMCI--MB 01072009 INTL 20091013)
[    0.012734] ACPI: FACS 0x0000000079CE1F80 000040
[    0.012738] ACPI: APIC 0x00000000794F36C0 0001B4 (v03 SUPERM SMCI--MB 01072009 AMI  00010013)
[    0.012742] ACPI: FPDT 0x00000000794F3878 000044 (v01 SUPERM SMCI--MB 01072009 AMI  00010013)
[    0.012747] ACPI: FIDT 0x00000000794F38C0 00009C (v01 SUPERM SMCI--MB 01072009 AMI  00010013)
[    0.012752] ACPI: SPMI 0x00000000794F3960 000041 (v05 SUPERM SMCI--MB 00000000 AMI. 00000000)
[    0.012756] ACPI: MCFG 0x00000000794F39A8 00003C (v01 SUPERM SMCI--MB 01072009 MSFT 00000097)
[    0.012761] ACPI: UEFI 0x00000000794F39E8 000042 (v01 SUPERM SMCI--MB 01072009      00000000)
[    0.012765] ACPI: HPET 0x00000000794F3A30 000038 (v01 SUPERM SMCI--MB 00000001 INTL 20091013)
[    0.012770] ACPI: MSCT 0x00000000794F3A68 000090 (v01 SUPERM SMCI--MB 00000001 INTL 20091013)
[    0.012774] ACPI: NFIT 0x00000000794F3AF8 018028 (v01                 00000000      00000000)
[    0.012778] ACPI: SLIT 0x000000007950BB20 000030 (v01 SUPERM SMCI--MB 00000001 INTL 20091013)
[    0.012783] ACPI: SRAT 0x000000007950BB50 001158 (v03 SUPERM SMCI--MB 00000001 INTL 20091013)
[    0.012787] ACPI: WDDT 0x000000007950CCA8 000040 (v01 SUPERM SMCI--MB 00000000 INTL 20091013)
[    0.012791] ACPI: SSDT 0x000000007950CCE8 0170C7 (v02 SUPERM PmMgt    00000001 INTL 20120913)
[    0.012796] ACPI: NITR 0x0000000079523DB0 000071 (v02 SUPERM SMCI--MB 00000001 INTL 20091013)
[    0.012800] ACPI: BGRT 0x0000000079523E28 000038 (v01 SUPERM SMCI--MB 01072009 AMI  00010013)
[    0.012805] ACPI: SSDT 0x0000000079523E60 00264C (v02 SUPERM SpsNm    00000002 INTL 20120913)
[    0.012809] ACPI: SSDT 0x00000000795264B0 000064 (v02 SUPERM SpsNvs   00000002 INTL 20120913)
[    0.012813] ACPI: PRAD 0x0000000079526518 000102 (v02 SUPERM SMCI--MB 00000002 INTL 20120913)
[    0.012818] ACPI: DMAR 0x0000000079526620 000158 (v01 SUPERM SMCI--MB 00000001 INTL 20091013)
[    0.012822] ACPI: HEST 0x0000000079526778 00027C (v01 SUPERM SMCI--MB 00000001 INTL 00000001)
[    0.012827] ACPI: BERT 0x00000000795269F8 000030 (v01 SUPERM SMCI--MB 00000001 INTL 00000001)
[    0.012831] ACPI: ERST 0x0000000079526A28 000230 (v01 SUPERM SMCI--MB 00000001 INTL 00000001)
[    0.012836] ACPI: EINJ 0x0000000079526C58 000130 (v01 SUPERM SMCI--MB 00000001 INTL 00000001)
[    0.012840] ACPI: Reserving FACP table memory at [mem 0x794f35b0-0x794f36bb]
[    0.012842] ACPI: Reserving DSDT table memory at [mem 0x794c0230-0x794f35aa]
[    0.012844] ACPI: Reserving FACS table memory at [mem 0x79ce1f80-0x79ce1fbf]
[    0.012845] ACPI: Reserving APIC table memory at [mem 0x794f36c0-0x794f3873]
[    0.012847] ACPI: Reserving FPDT table memory at [mem 0x794f3878-0x794f38bb]
[    0.012848] ACPI: Reserving FIDT table memory at [mem 0x794f38c0-0x794f395b]
[    0.012850] ACPI: Reserving SPMI table memory at [mem 0x794f3960-0x794f39a0]
[    0.012851] ACPI: Reserving MCFG table memory at [mem 0x794f39a8-0x794f39e3]
[    0.012853] ACPI: Reserving UEFI table memory at [mem 0x794f39e8-0x794f3a29]
[    0.012855] ACPI: Reserving HPET table memory at [mem 0x794f3a30-0x794f3a67]
[    0.012856] ACPI: Reserving MSCT table memory at [mem 0x794f3a68-0x794f3af7]
[    0.012858] ACPI: Reserving NFIT table memory at [mem 0x794f3af8-0x7950bb1f]
[    0.012859] ACPI: Reserving SLIT table memory at [mem 0x7950bb20-0x7950bb4f]
[    0.012861] ACPI: Reserving SRAT table memory at [mem 0x7950bb50-0x7950cca7]
[    0.012862] ACPI: Reserving WDDT table memory at [mem 0x7950cca8-0x7950cce7]
[    0.012864] ACPI: Reserving SSDT table memory at [mem 0x7950cce8-0x79523dae]
[    0.012865] ACPI: Reserving NITR table memory at [mem 0x79523db0-0x79523e20]
[    0.012867] ACPI: Reserving BGRT table memory at [mem 0x79523e28-0x79523e5f]
[    0.012869] ACPI: Reserving SSDT table memory at [mem 0x79523e60-0x795264ab]
[    0.012870] ACPI: Reserving SSDT table memory at [mem 0x795264b0-0x79526513]
[    0.012872] ACPI: Reserving PRAD table memory at [mem 0x79526518-0x79526619]
[    0.012873] ACPI: Reserving DMAR table memory at [mem 0x79526620-0x79526777]
[    0.012875] ACPI: Reserving HEST table memory at [mem 0x79526778-0x795269f3]
[    0.012877] ACPI: Reserving BERT table memory at [mem 0x795269f8-0x79526a27]
[    0.012878] ACPI: Reserving ERST table memory at [mem 0x79526a28-0x79526c57]
[    0.012880] ACPI: Reserving EINJ table memory at [mem 0x79526c58-0x79526d87]
[    0.012944] SRAT: PXM 0 -> APIC 0x00 -> Node 0
[    0.012946] SRAT: PXM 0 -> APIC 0x02 -> Node 0
[    0.012947] SRAT: PXM 0 -> APIC 0x04 -> Node 0
[    0.012949] SRAT: PXM 0 -> APIC 0x06 -> Node 0
[    0.012950] SRAT: PXM 0 -> APIC 0x08 -> Node 0
[    0.012951] SRAT: PXM 0 -> APIC 0x0a -> Node 0
[    0.012953] SRAT: PXM 1 -> APIC 0x10 -> Node 1
[    0.012954] SRAT: PXM 1 -> APIC 0x12 -> Node 1
[    0.012955] SRAT: PXM 1 -> APIC 0x14 -> Node 1
[    0.012957] SRAT: PXM 1 -> APIC 0x16 -> Node 1
[    0.012958] SRAT: PXM 1 -> APIC 0x18 -> Node 1
[    0.012959] SRAT: PXM 1 -> APIC 0x1a -> Node 1
[    0.012961] SRAT: PXM 0 -> APIC 0x01 -> Node 0
[    0.012962] SRAT: PXM 0 -> APIC 0x03 -> Node 0
[    0.012963] SRAT: PXM 0 -> APIC 0x05 -> Node 0
[    0.012964] SRAT: PXM 0 -> APIC 0x07 -> Node 0
[    0.012965] SRAT: PXM 0 -> APIC 0x09 -> Node 0
[    0.012967] SRAT: PXM 0 -> APIC 0x0b -> Node 0
[    0.012968] SRAT: PXM 1 -> APIC 0x11 -> Node 1
[    0.012969] SRAT: PXM 1 -> APIC 0x13 -> Node 1
[    0.012970] SRAT: PXM 1 -> APIC 0x15 -> Node 1
[    0.012972] SRAT: PXM 1 -> APIC 0x17 -> Node 1
[    0.012973] SRAT: PXM 1 -> APIC 0x19 -> Node 1
[    0.012974] SRAT: PXM 1 -> APIC 0x1b -> Node 1
[    0.012984] ACPI: SRAT: Node 0 PXM 0 [mem 0x00000000-0x7fffffff]
[    0.012987] ACPI: SRAT: Node 0 PXM 0 [mem 0x100000000-0x47fffffff]
[    0.012989] ACPI: SRAT: Node 1 PXM 1 [mem 0x480000000-0x87fffffff]
[    0.012996] NUMA: Initialized distance table, cnt=2
[    0.012999] NUMA: Node 0 [mem 0x00000000-0x7fffffff] + [mem 0x100000000-0x47fffffff] -> [mem 0x00000000-0x47fffffff]
[    0.013013] NODE_DATA(0) allocated [mem 0x47ffd6000-0x47fffffff]
[    0.013044] NODE_DATA(1) allocated [mem 0x87ffd5000-0x87fffefff]
[    0.013411] Zone ranges:
[    0.013413]   DMA      [mem 0x0000000000001000-0x0000000000ffffff]
[    0.013416]   DMA32    [mem 0x0000000001000000-0x00000000ffffffff]
[    0.013419]   Normal   [mem 0x0000000100000000-0x000000087fffffff]
[    0.013422]   Device   empty
[    0.013424] Movable zone start for each node
[    0.013428] Early memory node ranges
[    0.013429]   node   0: [mem 0x0000000000001000-0x000000000009ffff]
[    0.013431]   node   0: [mem 0x0000000000100000-0x00000000784aefff]
[    0.013433]   node   0: [mem 0x0000000079275000-0x0000000079427fff]
[    0.013435]   node   0: [mem 0x000000007bcf7000-0x000000007bcf7fff]
[    0.013437]   node   0: [mem 0x000000007bd7e000-0x000000007bffffff]
[    0.013438]   node   0: [mem 0x0000000100000000-0x000000047fffffff]
[    0.013442]   node   1: [mem 0x0000000480000000-0x000000087fffffff]
[    0.013447] Initmem setup node 0 [mem 0x0000000000001000-0x000000047fffffff]
[    0.013452] Initmem setup node 1 [mem 0x0000000480000000-0x000000087fffffff]
[    0.013461] On node 0, zone DMA: 1 pages in unavailable ranges
[    0.013533] On node 0, zone DMA: 96 pages in unavailable ranges
[    0.019862] On node 0, zone DMA32: 3526 pages in unavailable ranges
[    0.020054] On node 0, zone DMA32: 10447 pages in unavailable ranges
[    0.020069] On node 0, zone DMA32: 134 pages in unavailable ranges
[    0.067672] On node 0, zone Normal: 16384 pages in unavailable ranges
[    0.167759] ACPI: PM-Timer IO Port: 0x408
[    0.167784] ACPI: LAPIC_NMI (acpi_id[0x00] high edge lint[0x1])
[    0.167787] ACPI: LAPIC_NMI (acpi_id[0x02] high edge lint[0x1])
[    0.167789] ACPI: LAPIC_NMI (acpi_id[0x04] high edge lint[0x1])
[    0.167790] ACPI: LAPIC_NMI (acpi_id[0x06] high edge lint[0x1])
[    0.167792] ACPI: LAPIC_NMI (acpi_id[0x08] high edge lint[0x1])
[    0.167793] ACPI: LAPIC_NMI (acpi_id[0x0a] high edge lint[0x1])
[    0.167795] ACPI: LAPIC_NMI (acpi_id[0x10] high edge lint[0x1])
[    0.167797] ACPI: LAPIC_NMI (acpi_id[0x12] high edge lint[0x1])
[    0.167798] ACPI: LAPIC_NMI (acpi_id[0x14] high edge lint[0x1])
[    0.167800] ACPI: LAPIC_NMI (acpi_id[0x16] high edge lint[0x1])
[    0.167801] ACPI: LAPIC_NMI (acpi_id[0x18] high edge lint[0x1])
[    0.167803] ACPI: LAPIC_NMI (acpi_id[0x1a] high edge lint[0x1])
[    0.167805] ACPI: LAPIC_NMI (acpi_id[0x01] high edge lint[0x1])
[    0.167806] ACPI: LAPIC_NMI (acpi_id[0x03] high edge lint[0x1])
[    0.167808] ACPI: LAPIC_NMI (acpi_id[0x05] high edge lint[0x1])
[    0.167809] ACPI: LAPIC_NMI (acpi_id[0x07] high edge lint[0x1])
[    0.167810] ACPI: LAPIC_NMI (acpi_id[0x09] high edge lint[0x1])
[    0.167812] ACPI: LAPIC_NMI (acpi_id[0x0b] high edge lint[0x1])
[    0.167813] ACPI: LAPIC_NMI (acpi_id[0x11] high edge lint[0x1])
[    0.167814] ACPI: LAPIC_NMI (acpi_id[0x13] high edge lint[0x1])
[    0.167816] ACPI: LAPIC_NMI (acpi_id[0x15] high edge lint[0x1])
[    0.167817] ACPI: LAPIC_NMI (acpi_id[0x17] high edge lint[0x1])
[    0.167819] ACPI: LAPIC_NMI (acpi_id[0x19] high edge lint[0x1])
[    0.167820] ACPI: LAPIC_NMI (acpi_id[0x1b] high edge lint[0x1])
[    0.167833] IOAPIC[0]: apic_id 1, version 32, address 0xfec00000, GSI 0-23
[    0.167839] IOAPIC[1]: apic_id 2, version 32, address 0xfec01000, GSI 24-47
[    0.167844] IOAPIC[2]: apic_id 3, version 32, address 0xfec40000, GSI 48-71
[    0.167848] ACPI: INT_SRC_OVR (bus 0 bus_irq 0 global_irq 2 dfl dfl)
[    0.167851] ACPI: INT_SRC_OVR (bus 0 bus_irq 9 global_irq 9 high level)
[    0.167856] ACPI: Using ACPI (MADT) for SMP configuration information
[    0.167859] ACPI: HPET id: 0x8086a701 base: 0xfed00000
[    0.167872] e820: update [mem 0x75c50000-0x75daffff] usable ==> reserved
[    0.167897] TSC deadline timer available
[    0.167900] smpboot: Allowing 24 CPUs, 0 hotplug CPUs
[    0.167927] PM: hibernation: Registered nosave memory: [mem 0x00000000-0x00000fff]
[    0.167931] PM: hibernation: Registered nosave memory: [mem 0x000a0000-0x000fffff]
[    0.167934] PM: hibernation: Registered nosave memory: [mem 0x75c50000-0x75daffff]
[    0.167937] PM: hibernation: Registered nosave memory: [mem 0x784af000-0x79274fff]
[    0.167939] PM: hibernation: Registered nosave memory: [mem 0x79428000-0x7bcf6fff]
[    0.167942] PM: hibernation: Registered nosave memory: [mem 0x7bcf8000-0x7bd7dfff]
[    0.167945] PM: hibernation: Registered nosave memory: [mem 0x7c000000-0xffffffff]
[    0.167948] [mem 0x90000000-0xfed1bfff] available for PCI devices
[    0.167950] Booting paravirtualized kernel on bare hardware
[    0.167954] clocksource: refined-jiffies: mask: 0xffffffff max_cycles: 0xffffffff, max_idle_ns: 7645519600211568 ns
[    0.167966] setup_percpu: NR_CPUS:8192 nr_cpumask_bits:24 nr_cpu_ids:24 nr_node_ids:2
[    0.170034] percpu: Embedded 62 pages/cpu s217088 r8192 d28672 u262144
[    0.170044] pcpu-alloc: s217088 r8192 d28672 u262144 alloc=1*2097152
[    0.170047] pcpu-alloc: [0] 00 01 02 03 04 05 12 13 [0] 14 15 16 17 -- -- -- -- 
[    0.170061] pcpu-alloc: [1] 06 07 08 09 10 11 18 19 [1] 20 21 22 23 -- -- -- -- 
[    0.170117] Built 2 zonelists, mobility grouping on.  Total pages: 8227265
[    0.170120] Policy zone: Normal
[    0.170123] Kernel command line: BOOT_IMAGE=/boot/vmlinuz-5.15.0-181-generic root=UUID=d0d1212d-a3fc-4520-908f-75427e05b93b ro
[    0.170588] mem auto-init: stack:off, heap alloc:on, heap free:off
[    0.345506] Memory: 32561468K/33432080K available (16393K kernel code, 4401K rwdata, 11000K rodata, 3292K init, 18768K bss, 870352K reserved, 0K cma-reserved)
[    0.346013] SLUB: HWalign=64, Order=0-3, MinObjects=0, CPUs=24, Nodes=2
[    0.346040] Kernel/User page tables isolation: enabled
[    0.346099] ftrace: allocating 50902 entries in 199 pages
[    0.377440] ftrace: allocated 199 pages with 5 groups
[    0.377777] rcu: Hierarchical RCU implementation.
[    0.377780] rcu: 	RCU restricting CPUs from NR_CPUS=8192 to nr_cpu_ids=24.
[    0.377782] 	Rude variant of Tasks RCU enabled.
[    0.377783] 	Tracing variant of Tasks RCU enabled.
[    0.377785] rcu: RCU calculated value of scheduler-enlistment delay is 25 jiffies.
[    0.377786] rcu: Adjusting geometry for rcu_fanout_leaf=16, nr_cpu_ids=24
[    0.383471] NR_IRQS: 524544, nr_irqs: 1432, preallocated irqs: 16
[    0.383723] random: crng init done
[    0.383798] Console: colour dummy device 80x25
[    0.384183] printk: console [tty0] enabled
[    0.384237] mempolicy: Enabling automatic NUMA balancing. Configure with numa_balancing= or the kernel.numa_balancing sysctl
[    0.384248] ACPI: Core revision 20210730
[    0.384582] clocksource: hpet: mask: 0xffffffff max_cycles: 0xffffffff, max_idle_ns: 133484882848 ns
[    0.384600] APIC: Switch to symmetric I/O mode setup
[    0.384604] DMAR: Host address width 46
[    0.384607] DMAR: DRHD base: 0x000000fbffc000 flags: 0x0
[    0.384615] DMAR: dmar0: reg_base_addr fbffc000 ver 1:0 cap d2078c106f0466 ecap f020de
[    0.384620] DMAR: DRHD base: 0x000000d3ffc000 flags: 0x1
[    0.384625] DMAR: dmar1: reg_base_addr d3ffc000 ver 1:0 cap d2078c106f0466 ecap f020de
[    0.384630] DMAR: RMRR base: 0x0000007ba58000 end: 0x0000007ba67fff
[    0.384634] DMAR: ATSR flags: 0x0
[    0.384636] DMAR: RHSA base: 0x000000d3ffc000 proximity domain: 0x0
[    0.384640] DMAR: RHSA base: 0x000000fbffc000 proximity domain: 0x1
[    0.384645] DMAR-IR: IOAPIC id 3 under DRHD base  0xfbffc000 IOMMU 0
[    0.384648] DMAR-IR: IOAPIC id 1 under DRHD base  0xd3ffc000 IOMMU 1
[    0.384651] DMAR-IR: IOAPIC id 2 under DRHD base  0xd3ffc000 IOMMU 1
[    0.384654] DMAR-IR: HPET id 0 under DRHD base 0xd3ffc000
[    0.384657] DMAR-IR: x2apic is disabled because BIOS sets x2apic opt out bit.
[    0.384658] DMAR-IR: Use 'intremap=no_x2apic_optout' to override the BIOS setting.
[    0.385545] DMAR-IR: Enabled IRQ remapping in xapic mode
[    0.385549] x2apic: IRQ remapping doesn't support X2APIC mode
[    0.385555] Switched APIC routing to physical flat.
[    0.386213] ..TIMER: vector=0x30 apic1=0 pin1=2 apic2=-1 pin2=-1
[    0.404602] clocksource: tsc-early: mask: 0xffffffffffffffff max_cycles: 0x22983f10a64, max_idle_ns: 440795218721 ns
[    0.404611] Calibrating delay loop (skipped), value calculated using timer frequency.. 4800.01 BogoMIPS (lpj=9600032)
[    0.404643] CPU0: Thermal monitoring enabled (TM1)
[    0.404720] process: using mwait in idle threads
[    0.404725] Last level iTLB entries: 4KB 1024, 2MB 1024, 4MB 1024
[    0.404728] Last level dTLB entries: 4KB 1024, 2MB 1024, 4MB 1024, 1GB 4
[    0.404734] Spectre V1 : Mitigation: usercopy/swapgs barriers and __user pointer sanitization
[    0.404739] Spectre V2 : Mitigation: Retpolines
[    0.404742] Spectre V2 : Spectre v2 / SpectreRSB: Filling RSB on context switch and VMEXIT
[    0.404745] Spectre V2 : Enabling Restricted Speculation for firmware calls
[    0.404748] Spectre V2 : mitigation: Enabling conditional Indirect Branch Prediction Barrier
[    0.404752] Spectre V2 : User space: Mitigation: STIBP via seccomp and prctl
[    0.404755] Speculative Store Bypass: Mitigation: Speculative Store Bypass disabled via prctl and seccomp
[    0.404762] MDS: Mitigation: Clear CPU buffers
[    0.404765] MMIO Stale Data: Mitigation: Clear CPU buffers
[    0.404768] VMSCAPE: Mitigation: IBPB before exit to userspace
[    0.404778] x86/fpu: Supporting XSAVE feature 0x001: 'x87 floating point registers'
[    0.404782] x86/fpu: Supporting XSAVE feature 0x002: 'SSE registers'
[    0.404784] x86/fpu: Supporting XSAVE feature 0x004: 'AVX registers'
[    0.404788] x86/fpu: xstate_offset[2]:  576, xstate_sizes[2]:  256
[    0.404791] x86/fpu: Enabled xstate features 0x7, context size is 832 bytes, using 'standard' format.
[    0.430078] Freeing SMP alternatives memory: 44K
[    0.430085] pid_max: default: 32768 minimum: 301
[    0.432657] LSM: Security Framework initializing
[    0.432675] landlock: Up and running.
[    0.432677] Yama: becoming mindful.
[    0.432716] AppArmor: AppArmor initialized
[    0.441466] Dentry cache hash table entries: 4194304 (order: 13, 33554432 bytes, vmalloc)
[    0.445804] Inode-cache hash table entries: 2097152 (order: 12, 16777216 bytes, vmalloc)
[    0.445979] Mount-cache hash table entries: 65536 (order: 7, 524288 bytes, vmalloc)
[    0.446119] Mountpoint-cache hash table entries: 65536 (order: 7, 524288 bytes, vmalloc)
[    0.446922] smpboot: Estimated ratio of average max frequency by base frequency (times 1024): 1194
[    0.446940] smpboot: CPU0: Intel(R) Xeon(R) CPU E5-2620 v3 @ 2.40GHz (family: 0x6, model: 0x3f, stepping: 0x2)
[    0.447184] Performance Events: PEBS fmt2+, Haswell events, 16-deep LBR, full-width counters, Intel PMU driver.
[    0.447227] ... version:                3
[    0.447230] ... bit width:              48
[    0.447232] ... generic registers:      4
[    0.447233] ... value mask:             0000ffffffffffff
[    0.447236] ... max period:             00007fffffffffff
[    0.447238] ... fixed-purpose events:   3
[    0.447240] ... event mask:             000000070000000f
[    0.447373] signal: max sigframe size: 1776
[    0.447399] rcu: Hierarchical SRCU implementation.
[    0.448609] NMI watchdog: Enabled. Permanently consumes one hw-PMU counter.
[    0.448609] smp: Bringing up secondary CPUs ...
[    0.448609] x86: Booting SMP configuration:
[    0.448609] .... node  #0, CPUs:        #1  #2  #3  #4  #5
[    0.469106] .... node  #1, CPUs:    #6
[    0.004894] smpboot: CPU 6 Converting physical 0 to logical die 1
[    0.556752]   #7  #8  #9 #10 #11
[    0.576249] .... node  #0, CPUs:   #12
[    0.577498] MDS CPU bug present and SMT on, data leak possible. See https://www.kernel.org/doc/html/latest/admin-guide/hw-vuln/mds.html for more details.
[    0.577498] MMIO Stale Data CPU bug present and SMT on, data leak possible. See https://www.kernel.org/doc/html/latest/admin-guide/hw-vuln/processor_mmio_stale_data.html for more details.
[    0.577498] VMSCAPE: SMT on, STIBP is required for full protection. See https://www.kernel.org/doc/html/latest/admin-guide/hw-vuln/vmscape.html for more details.
[    0.577498]  #13 #14 #15 #16 #17
[    0.581571] .... node  #1, CPUs:   #18 #19 #20 #21 #22 #23
[    0.589589] smp: Brought up 2 nodes, 24 CPUs
[    0.589589] smpboot: Max logical packages: 2
[    0.589589] smpboot: Total of 24 processors activated (115222.17 BogoMIPS)
[    0.595667] devtmpfs: initialized
[    0.595667] x86/mm: Memory block size: 128MB
[    0.598579] ACPI: PM: Registering ACPI NVS region [mem 0x79428000-0x79ce2fff] (9154560 bytes)
[    0.598579] clocksource: jiffies: mask: 0xffffffff max_cycles: 0xffffffff, max_idle_ns: 7645041785100000 ns
[    0.598579] futex hash table entries: 8192 (order: 7, 524288 bytes, vmalloc)
[    0.598579] pinctrl core: initialized pinctrl subsystem
[    0.598579] PM: RTC time: 05:50:15, date: 2026-06-25
[    0.598579] NET: Registered PF_NETLINK/PF_ROUTE protocol family
[    0.598579] DMA: preallocated 4096 KiB GFP_KERNEL pool for atomic allocations
[    0.601417] DMA: preallocated 4096 KiB GFP_KERNEL|GFP_DMA pool for atomic allocations
[    0.602322] DMA: preallocated 4096 KiB GFP_KERNEL|GFP_DMA32 pool for atomic allocations
[    0.602345] audit: initializing netlink subsys (disabled)
[    0.602360] audit: type=2000 audit(1782366615.216:1): state=initialized audit_enabled=0 res=1
[    0.602360] thermal_sys: Registered thermal governor 'fair_share'
[    0.602360] thermal_sys: Registered thermal governor 'bang_bang'
[    0.602360] thermal_sys: Registered thermal governor 'step_wise'
[    0.602360] thermal_sys: Registered thermal governor 'user_space'
[    0.602360] thermal_sys: Registered thermal governor 'power_allocator'
[    0.602360] cpuidle: using governor ladder
[    0.602360] cpuidle: using governor menu
[    0.602360] ACPI: bus type PCI registered
[    0.602360] acpiphp: ACPI Hot Plug PCI Controller Driver version: 0.5
[    0.602360] PCI: MMCONFIG for domain 0000 [bus 00-ff] at [mem 0x80000000-0x8fffffff] (base 0x80000000)
[    0.602360] PCI: MMCONFIG at [mem 0x80000000-0x8fffffff] reserved in E820
[    0.602360] PCI: Using configuration type 1 for base access
[    0.602360] core: PMU erratum BJ122, BV98, HSD29 worked around, HT is on
[    0.606257] kprobes: kprobe jump-optimization is enabled. All kprobes are optimized if possible.
[    0.606267] HugeTLB registered 1.00 GiB page size, pre-allocated 0 pages
[    0.606267] HugeTLB registered 2.00 MiB page size, pre-allocated 0 pages
[    0.606267] fbcon: Taking over console
[    0.606267] ACPI: Added _OSI(Module Device)
[    0.606267] ACPI: Added _OSI(Processor Device)
[    0.606267] ACPI: Added _OSI(Processor Aggregator Device)
[    0.606267] ACPI: Added _OSI(Linux-Dell-Video)
[    0.606267] ACPI: Added _OSI(Linux-Lenovo-NV-HDMI-Audio)
[    0.606267] ACPI: Added _OSI(Linux-HPI-Hybrid-Graphics)
[    0.674895] ACPI: 4 ACPI AML tables successfully acquired and loaded
[    0.679941] ACPI: [Firmware Bug]: BIOS _OSI(Linux) query ignored
[    0.688794] ACPI: Dynamic OEM Table Load:
[    0.731022] ACPI: Interpreter enabled
[    0.731044] ACPI: PM: (supports S0 S3 S4 S5)
[    0.731047] ACPI: Using IOAPIC for interrupt routing
[    0.731078] HEST: Enabling Firmware First mode for corrected errors.
[    0.731372] HEST: Table parsing has been initialized.
[    0.731638] GHES: APEI firmware first mode is enabled by APEI bit and WHEA _OSC.
[    0.731645] PCI: Using host bridge windows from ACPI; if necessary, use "pci=nocrs" and report a bug
[    0.731648] PCI: Using E820 reservations for host bridge windows
[    0.732721] ACPI: Enabled 6 GPEs in block 00 to 3F
[    0.787982] ACPI: PCI Root Bridge [UNC1] (domain 0000 [bus ff])
[    0.787993] acpi PNP0A03:02: _OSC: OS supports [ExtendedConfig ASPM ClockPM Segments MSI EDR HPX-Type3]
[    0.790860] acpi PNP0A03:02: _OSC: platform does not support [SHPCHotplug AER LTR DPC]
[    0.792308] acpi PNP0A03:02: _OSC: OS now controls [PCIeHotplug PME PCIeCapability]
[    0.792360] PCI host bridge to bus 0000:ff
[    0.792363] pci_bus 0000:ff: Unknown NUMA node; performance will be reduced
[    0.792367] pci_bus 0000:ff: root bus resource [bus ff]
[    0.792384] pci 0000:ff:08.0: [8086:2f80] type 00 class 0x088000
[    0.792493] pci 0000:ff:08.2: [8086:2f32] type 00 class 0x110100
[    0.792581] pci 0000:ff:08.3: [8086:2f83] type 00 class 0x088000
[    0.792673] pci 0000:ff:09.0: [8086:2f90] type 00 class 0x088000
[    0.792758] pci 0000:ff:09.2: [8086:2f33] type 00 class 0x110100
[    0.792842] pci 0000:ff:09.3: [8086:2f93] type 00 class 0x088000
[    0.792930] pci 0000:ff:0b.0: [8086:2f81] type 00 class 0x088000
[    0.793010] pci 0000:ff:0b.1: [8086:2f36] type 00 class 0x110100
[    0.793090] pci 0000:ff:0b.2: [8086:2f37] type 00 class 0x110100
[    0.793182] pci 0000:ff:0c.0: [8086:2fe0] type 00 class 0x088000
[    0.793261] pci 0000:ff:0c.1: [8086:2fe1] type 00 class 0x088000
[    0.793341] pci 0000:ff:0c.2: [8086:2fe2] type 00 class 0x088000
[    0.793420] pci 0000:ff:0c.3: [8086:2fe3] type 00 class 0x088000
[    0.793502] pci 0000:ff:0c.4: [8086:2fe4] type 00 class 0x088000
[    0.793582] pci 0000:ff:0c.5: [8086:2fe5] type 00 class 0x088000
[    0.793664] pci 0000:ff:0f.0: [8086:2ff8] type 00 class 0x088000
[    0.793743] pci 0000:ff:0f.1: [8086:2ff9] type 00 class 0x088000
[    0.793832] pci 0000:ff:0f.4: [8086:2ffc] type 00 class 0x088000
[    0.793913] pci 0000:ff:0f.5: [8086:2ffd] type 00 class 0x088000
[    0.793993] pci 0000:ff:0f.6: [8086:2ffe] type 00 class 0x088000
[    0.794073] pci 0000:ff:10.0: [8086:2f1d] type 00 class 0x088000
[    0.794153] pci 0000:ff:10.1: [8086:2f34] type 00 class 0x110100
[    0.794235] pci 0000:ff:10.5: [8086:2f1e] type 00 class 0x088000
[    0.794318] pci 0000:ff:10.6: [8086:2f7d] type 00 class 0x110100
[    0.794397] pci 0000:ff:10.7: [8086:2f1f] type 00 class 0x088000
[    0.794484] pci 0000:ff:12.0: [8086:2fa0] type 00 class 0x088000
[    0.794566] pci 0000:ff:12.1: [8086:2f30] type 00 class 0x110100
[    0.794658] pci 0000:ff:13.0: [8086:2fa8] type 00 class 0x088000
[    0.794744] pci 0000:ff:13.1: [8086:2f71] type 00 class 0x088000
[    0.794829] pci 0000:ff:13.2: [8086:2faa] type 00 class 0x088000
[    0.794915] pci 0000:ff:13.3: [8086:2fab] type 00 class 0x088000
[    0.795001] pci 0000:ff:13.4: [8086:2fac] type 00 class 0x088000
[    0.795088] pci 0000:ff:13.5: [8086:2fad] type 00 class 0x088000
[    0.795181] pci 0000:ff:13.6: [8086:2fae] type 00 class 0x088000
[    0.795263] pci 0000:ff:13.7: [8086:2faf] type 00 class 0x088000
[    0.795352] pci 0000:ff:14.0: [8086:2fb0] type 00 class 0x088000
[    0.795440] pci 0000:ff:14.1: [8086:2fb1] type 00 class 0x088000
[    0.795525] pci 0000:ff:14.2: [8086:2fb2] type 00 class 0x088000
[    0.795612] pci 0000:ff:14.3: [8086:2fb3] type 00 class 0x088000
[    0.795697] pci 0000:ff:14.4: [8086:2fbc] type 00 class 0x088000
[    0.795780] pci 0000:ff:14.5: [8086:2fbd] type 00 class 0x088000
[    0.795872] pci 0000:ff:14.6: [8086:2fbe] type 00 class 0x088000
[    0.795954] pci 0000:ff:14.7: [8086:2fbf] type 00 class 0x088000
[    0.796037] pci 0000:ff:15.0: [8086:2fb4] type 00 class 0x088000
[    0.796124] pci 0000:ff:15.1: [8086:2fb5] type 00 class 0x088000
[    0.796210] pci 0000:ff:15.2: [8086:2fb6] type 00 class 0x088000
[    0.796298] pci 0000:ff:15.3: [8086:2fb7] type 00 class 0x088000
[    0.796387] pci 0000:ff:16.0: [8086:2f68] type 00 class 0x088000
[    0.796474] pci 0000:ff:16.6: [8086:2f6e] type 00 class 0x088000
[    0.796564] pci 0000:ff:16.7: [8086:2f6f] type 00 class 0x088000
[    0.796650] pci 0000:ff:17.0: [8086:2fd0] type 00 class 0x088000
[    0.796736] pci 0000:ff:17.4: [8086:2fb8] type 00 class 0x088000
[    0.796819] pci 0000:ff:17.5: [8086:2fb9] type 00 class 0x088000
[    0.796902] pci 0000:ff:17.6: [8086:2fba] type 00 class 0x088000
[    0.796985] pci 0000:ff:17.7: [8086:2fbb] type 00 class 0x088000
[    0.797074] pci 0000:ff:1e.0: [8086:2f98] type 00 class 0x088000
[    0.797155] pci 0000:ff:1e.1: [8086:2f99] type 00 class 0x088000
[    0.797244] pci 0000:ff:1e.2: [8086:2f9a] type 00 class 0x088000
[    0.797326] pci 0000:ff:1e.3: [8086:2fc0] type 00 class 0x088000
[    0.797373] pci 0000:ff:1e.4: [8086:2f9c] type 00 class 0x088000
[    0.797457] pci 0000:ff:1f.0: [8086:2f88] type 00 class 0x088000
[    0.797538] pci 0000:ff:1f.2: [8086:2f8a] type 00 class 0x088000
[    0.797708] ACPI: PCI Root Bridge [UNC0] (domain 0000 [bus 7f])
[    0.797715] acpi PNP0A03:03: _OSC: OS supports [ExtendedConfig ASPM ClockPM Segments MSI EDR HPX-Type3]
[    0.798572] acpi PNP0A03:03: _OSC: platform does not support [SHPCHotplug AER LTR DPC]
[    0.800034] acpi PNP0A03:03: _OSC: OS now controls [PCIeHotplug PME PCIeCapability]
[    0.800079] PCI host bridge to bus 0000:7f
[    0.800081] pci_bus 0000:7f: Unknown NUMA node; performance will be reduced
[    0.800084] pci_bus 0000:7f: root bus resource [bus 7f]
[    0.800096] pci 0000:7f:08.0: [8086:2f80] type 00 class 0x088000
[    0.800182] pci 0000:7f:08.2: [8086:2f32] type 00 class 0x110100
[    0.800263] pci 0000:7f:08.3: [8086:2f83] type 00 class 0x088000
[    0.800354] pci 0000:7f:09.0: [8086:2f90] type 00 class 0x088000
[    0.800436] pci 0000:7f:09.2: [8086:2f33] type 00 class 0x110100
[    0.800515] pci 0000:7f:09.3: [8086:2f93] type 00 class 0x088000
[    0.800598] pci 0000:7f:0b.0: [8086:2f81] type 00 class 0x088000
[    0.800678] pci 0000:7f:0b.1: [8086:2f36] type 00 class 0x110100
[    0.800758] pci 0000:7f:0b.2: [8086:2f37] type 00 class 0x110100
[    0.800837] pci 0000:7f:0c.0: [8086:2fe0] type 00 class 0x088000
[    0.800912] pci 0000:7f:0c.1: [8086:2fe1] type 00 class 0x088000
[    0.800995] pci 0000:7f:0c.2: [8086:2fe2] type 00 class 0x088000
[    0.801071] pci 0000:7f:0c.3: [8086:2fe3] type 00 class 0x088000
[    0.801148] pci 0000:7f:0c.4: [8086:2fe4] type 00 class 0x088000
[    0.801224] pci 0000:7f:0c.5: [8086:2fe5] type 00 class 0x088000
[    0.801302] pci 0000:7f:0f.0: [8086:2ff8] type 00 class 0x088000
[    0.801377] pci 0000:7f:0f.1: [8086:2ff9] type 00 class 0x088000
[    0.801461] pci 0000:7f:0f.4: [8086:2ffc] type 00 class 0x088000
[    0.801538] pci 0000:7f:0f.5: [8086:2ffd] type 00 class 0x088000
[    0.801622] pci 0000:7f:0f.6: [8086:2ffe] type 00 class 0x088000
[    0.801699] pci 0000:7f:10.0: [8086:2f1d] type 00 class 0x088000
[    0.801775] pci 0000:7f:10.1: [8086:2f34] type 00 class 0x110100
[    0.801855] pci 0000:7f:10.5: [8086:2f1e] type 00 class 0x088000
[    0.801930] pci 0000:7f:10.6: [8086:2f7d] type 00 class 0x110100
[    0.802006] pci 0000:7f:10.7: [8086:2f1f] type 00 class 0x088000
[    0.802082] pci 0000:7f:12.0: [8086:2fa0] type 00 class 0x088000
[    0.802163] pci 0000:7f:12.1: [8086:2f30] type 00 class 0x110100
[    0.802253] pci 0000:7f:13.0: [8086:2fa8] type 00 class 0x088000
[    0.802335] pci 0000:7f:13.1: [8086:2f71] type 00 class 0x088000
[    0.802417] pci 0000:7f:13.2: [8086:2faa] type 00 class 0x088000
[    0.802499] pci 0000:7f:13.3: [8086:2fab] type 00 class 0x088000
[    0.802583] pci 0000:7f:13.4: [8086:2fac] type 00 class 0x088000
[    0.802664] pci 0000:7f:13.5: [8086:2fad] type 00 class 0x088000
[    0.802745] pci 0000:7f:13.6: [8086:2fae] type 00 class 0x088000
[    0.802824] pci 0000:7f:13.7: [8086:2faf] type 00 class 0x088000
[    0.802915] pci 0000:7f:14.0: [8086:2fb0] type 00 class 0x088000
[    0.803001] pci 0000:7f:14.1: [8086:2fb1] type 00 class 0x088000
[    0.803083] pci 0000:7f:14.2: [8086:2fb2] type 00 class 0x088000
[    0.803165] pci 0000:7f:14.3: [8086:2fb3] type 00 class 0x088000
[    0.803247] pci 0000:7f:14.4: [8086:2fbc] type 00 class 0x088000
[    0.803327] pci 0000:7f:14.5: [8086:2fbd] type 00 class 0x088000
[    0.803406] pci 0000:7f:14.6: [8086:2fbe] type 00 class 0x088000
[    0.803485] pci 0000:7f:14.7: [8086:2fbf] type 00 class 0x088000
[    0.803572] pci 0000:7f:15.0: [8086:2fb4] type 00 class 0x088000
[    0.803655] pci 0000:7f:15.1: [8086:2fb5] type 00 class 0x088000
[    0.803738] pci 0000:7f:15.2: [8086:2fb6] type 00 class 0x088000
[    0.803821] pci 0000:7f:15.3: [8086:2fb7] type 00 class 0x088000
[    0.803906] pci 0000:7f:16.0: [8086:2f68] type 00 class 0x088000
[    0.803988] pci 0000:7f:16.6: [8086:2f6e] type 00 class 0x088000
[    0.804068] pci 0000:7f:16.7: [8086:2f6f] type 00 class 0x088000
[    0.804148] pci 0000:7f:17.0: [8086:2fd0] type 00 class 0x088000
[    0.804237] pci 0000:7f:17.4: [8086:2fb8] type 00 class 0x088000
[    0.804316] pci 0000:7f:17.5: [8086:2fb9] type 00 class 0x088000
[    0.804396] pci 0000:7f:17.6: [8086:2fba] type 00 class 0x088000
[    0.804476] pci 0000:7f:17.7: [8086:2fbb] type 00 class 0x088000
[    0.804560] pci 0000:7f:1e.0: [8086:2f98] type 00 class 0x088000
[    0.804641] pci 0000:7f:1e.1: [8086:2f99] type 00 class 0x088000
[    0.804720] pci 0000:7f:1e.2: [8086:2f9a] type 00 class 0x088000
[    0.804800] pci 0000:7f:1e.3: [8086:2fc0] type 00 class 0x088000
[    0.804851] pci 0000:7f:1e.4: [8086:2f9c] type 00 class 0x088000
[    0.804931] pci 0000:7f:1f.0: [8086:2f88] type 00 class 0x088000
[    0.805009] pci 0000:7f:1f.2: [8086:2f8a] type 00 class 0x088000
[    0.818699] ACPI: PCI Root Bridge [PCI0] (domain 0000 [bus 00-7e])
[    0.818707] acpi PNP0A08:00: _OSC: OS supports [ExtendedConfig ASPM ClockPM Segments MSI EDR HPX-Type3]
[    0.819339] acpi PNP0A08:00: _OSC: platform does not support [SHPCHotplug AER LTR DPC]
[    0.820313] acpi PNP0A08:00: _OSC: OS now controls [PCIeHotplug PME PCIeCapability]
[    0.820752] PCI host bridge to bus 0000:00
[    0.820757] pci_bus 0000:00: root bus resource [io  0x0000-0x0cf7 window]
[    0.820761] pci_bus 0000:00: root bus resource [io  0x1000-0x7fff window]
[    0.820764] pci_bus 0000:00: root bus resource [mem 0x000a0000-0x000bffff window]
[    0.820768] pci_bus 0000:00: root bus resource [mem 0xfedb0000-0xfedb000f window]
[    0.820771] pci_bus 0000:00: root bus resource [mem 0xfedc0000-0xfedc000f window]
[    0.820774] pci_bus 0000:00: root bus resource [mem 0x90000000-0xd3ffbfff window]
[    0.820778] pci_bus 0000:00: root bus resource [mem 0x380000000000-0x383fffffffff window]
[    0.820781] pci_bus 0000:00: root bus resource [bus 00-7e]
[    0.820942] pci 0000:00:00.0: [8086:2f00] type 00 class 0x060000
[    0.821253] pci 0000:00:01.0: [8086:2f02] type 01 class 0x060400
[    0.821331] pci 0000:00:01.0: PME# supported from D0 D3hot D3cold
[    0.821737] pci 0000:00:02.0: [8086:2f04] type 01 class 0x060400
[    0.821817] pci 0000:00:02.0: PME# supported from D0 D3hot D3cold
[    0.822209] pci 0000:00:03.0: [8086:2f08] type 01 class 0x060400
[    0.822288] pci 0000:00:03.0: PME# supported from D0 D3hot D3cold
[    0.822673] pci 0000:00:04.0: [8086:2f20] type 00 class 0x088000
[    0.822729] pci 0000:00:04.0: reg 0x10: [mem 0x383ffff20000-0x383ffff23fff 64bit]
[    0.822975] pci 0000:00:04.1: [8086:2f21] type 00 class 0x088000
[    0.823030] pci 0000:00:04.1: reg 0x10: [mem 0x383ffff1c000-0x383ffff1ffff 64bit]
[    0.823264] pci 0000:00:04.2: [8086:2f22] type 00 class 0x088000
[    0.823319] pci 0000:00:04.2: reg 0x10: [mem 0x383ffff18000-0x383ffff1bfff 64bit]
[    0.823551] pci 0000:00:04.3: [8086:2f23] type 00 class 0x088000
[    0.823606] pci 0000:00:04.3: reg 0x10: [mem 0x383ffff14000-0x383ffff17fff 64bit]
[    0.823837] pci 0000:00:04.4: [8086:2f24] type 00 class 0x088000
[    0.823892] pci 0000:00:04.4: reg 0x10: [mem 0x383ffff10000-0x383ffff13fff 64bit]
[    0.824123] pci 0000:00:04.5: [8086:2f25] type 00 class 0x088000
[    0.824178] pci 0000:00:04.5: reg 0x10: [mem 0x383ffff0c000-0x383ffff0ffff 64bit]
[    0.824412] pci 0000:00:04.6: [8086:2f26] type 00 class 0x088000
[    0.824467] pci 0000:00:04.6: reg 0x10: [mem 0x383ffff08000-0x383ffff0bfff 64bit]
[    0.824701] pci 0000:00:04.7: [8086:2f27] type 00 class 0x088000
[    0.824756] pci 0000:00:04.7: reg 0x10: [mem 0x383ffff04000-0x383ffff07fff 64bit]
[    0.824920] pci 0000:00:05.0: [8086:2f28] type 00 class 0x088000
[    0.825253] pci 0000:00:05.1: [8086:2f29] type 00 class 0x088000
[    0.825465] pci 0000:00:05.2: [8086:2f2a] type 00 class 0x088000
[    0.825718] pci 0000:00:05.4: [8086:2f2c] type 00 class 0x080020
[    0.825772] pci 0000:00:05.4: reg 0x10: [mem 0xd0617000-0xd0617fff]
[    0.826060] pci 0000:00:11.0: [8086:8d7c] type 00 class 0xff0000
[    0.826405] pci 0000:00:11.4: [8086:8d62] type 00 class 0x010601
[    0.826479] pci 0000:00:11.4: reg 0x10: [io  0x7110-0x7117]
[    0.826483] pci 0000:00:11.4: reg 0x14: [io  0x7100-0x7103]
[    0.826486] pci 0000:00:11.4: reg 0x18: [io  0x70f0-0x70f7]
[    0.826490] pci 0000:00:11.4: reg 0x1c: [io  0x70e0-0x70e3]
[    0.826493] pci 0000:00:11.4: reg 0x20: [io  0x7020-0x703f]
[    0.826497] pci 0000:00:11.4: reg 0x24: [mem 0xd0616000-0xd06167ff]
[    0.826534] pci 0000:00:11.4: PME# supported from D3hot
[    0.826759] pci 0000:00:14.0: [8086:8d31] type 00 class 0x0c0330
[    0.826829] pci 0000:00:14.0: reg 0x10: [mem 0xd0600000-0xd060ffff 64bit]
[    0.826859] pci 0000:00:14.0: PME# supported from D3hot D3cold
[    0.827078] pci 0000:00:16.0: [8086:8d3a] type 00 class 0x078000
[    0.827149] pci 0000:00:16.0: reg 0x10: [mem 0xd0615000-0xd061500f 64bit]
[    0.827184] pci 0000:00:16.0: PME# supported from D0 D3hot D3cold
[    0.827401] pci 0000:00:16.1: [8086:8d3b] type 00 class 0x078000
[    0.827471] pci 0000:00:16.1: reg 0x10: [mem 0xd0614000-0xd061400f 64bit]
[    0.827506] pci 0000:00:16.1: PME# supported from D0 D3hot D3cold
[    0.827748] pci 0000:00:1a.0: [8086:8d2d] type 00 class 0x0c0320
[    0.827824] pci 0000:00:1a.0: reg 0x10: [mem 0xd0612000-0xd06123ff]
[    0.827870] pci 0000:00:1a.0: PME# supported from D0 D3hot D3cold
[    0.828095] pci 0000:00:1b.0: [8086:8d20] type 00 class 0x040300
[    0.828160] pci 0000:00:1b.0: reg 0x10: [mem 0x383ffff00000-0x383ffff03fff 64bit]
[    0.828209] pci 0000:00:1b.0: PME# supported from D0 D3hot D3cold
[    0.828436] pci 0000:00:1c.0: [8086:8d10] type 01 class 0x060400
[    0.828535] pci 0000:00:1c.0: PME# supported from D0 D3hot D3cold
[    0.828779] pci 0000:00:1c.3: [8086:8d16] type 01 class 0x060400
[    0.828882] pci 0000:00:1c.3: PME# supported from D0 D3hot D3cold
[    0.829128] pci 0000:00:1c.4: [8086:8d18] type 01 class 0x060400
[    0.829239] pci 0000:00:1c.4: PME# supported from D0 D3hot D3cold
[    0.829629] pci 0000:00:1d.0: [8086:8d26] type 00 class 0x0c0320
[    0.829707] pci 0000:00:1d.0: reg 0x10: [mem 0xd0611000-0xd06113ff]
[    0.829753] pci 0000:00:1d.0: PME# supported from D0 D3hot D3cold
[    0.829986] pci 0000:00:1f.0: [8086:8d44] type 00 class 0x060100
[    0.830325] pci 0000:00:1f.2: [8086:8d02] type 00 class 0x010601
[    0.830392] pci 0000:00:1f.2: reg 0x10: [io  0x7070-0x7077]
[    0.830396] pci 0000:00:1f.2: reg 0x14: [io  0x7060-0x7063]
[    0.830400] pci 0000:00:1f.2: reg 0x18: [io  0x7050-0x7057]
[    0.830404] pci 0000:00:1f.2: reg 0x1c: [io  0x7040-0x7043]
[    0.830407] pci 0000:00:1f.2: reg 0x20: [io  0x7000-0x701f]
[    0.830411] pci 0000:00:1f.2: reg 0x24: [mem 0xd0610000-0xd06107ff]
[    0.830442] pci 0000:00:1f.2: PME# supported from D3hot
[    0.830663] pci 0000:00:1f.3: [8086:8d22] type 00 class 0x0c0500
[    0.830727] pci 0000:00:1f.3: reg 0x10: [mem 0x383ffff25000-0x383ffff250ff 64bit]
[    0.830733] pci 0000:00:1f.3: reg 0x20: [io  0x0580-0x059f]
[    0.831009] acpiphp: Slot [10] registered
[    0.831099] pci 0000:01:00.0: [c0a9:5403] type 00 class 0x010802
[    0.831173] pci 0000:01:00.0: reg 0x10: [mem 0xd0500000-0xd0503fff 64bit]
[    0.831368] pci 0000:00:01.0: PCI bridge to [bus 01]
[    0.831374] pci 0000:00:01.0:   bridge window [mem 0xd0500000-0xd05fffff]
[    0.831635] pci 0000:02:00.0: [1022:1470] type 01 class 0x060400
[    0.831675] pci 0000:02:00.0: reg 0x10: [mem 0xd0400000-0xd0403fff]
[    0.831695] pci 0000:02:00.0: enabling Extended Tags
[    0.831765] pci 0000:02:00.0: PME# supported from D0 D3hot D3cold
[    0.831880] pci 0000:00:02.0: PCI bridge to [bus 02-04]
[    0.831886] pci 0000:00:02.0:   bridge window [mem 0xd0300000-0xd04fffff]
[    0.831891] pci 0000:00:02.0:   bridge window [mem 0x383800000000-0x383c001fffff 64bit pref]
[    0.831938] pci 0000:03:00.0: [1022:1471] type 01 class 0x060400
[    0.831993] pci 0000:03:00.0: enabling Extended Tags
[    0.832058] pci 0000:03:00.0: PME# supported from D0 D3hot D3cold
[    0.832139] pci 0000:02:00.0: PCI bridge to [bus 03-04]
[    0.832147] pci 0000:02:00.0:   bridge window [mem 0xd0300000-0xd03fffff]
[    0.832153] pci 0000:02:00.0:   bridge window [mem 0x383800000000-0x383c001fffff 64bit pref]
[    0.832202] pci 0000:04:00.0: [1002:6860] type 00 class 0x030000
[    0.832261] pci 0000:04:00.0: reg 0x10: [mem 0x383800000000-0x383bffffffff 64bit pref]
[    0.832266] pci 0000:04:00.0: reg 0x18: [mem 0x383c00000000-0x383c001fffff 64bit pref]
[    0.832271] pci 0000:04:00.0: reg 0x24: [mem 0xd0300000-0xd037ffff]
[    0.832275] pci 0000:04:00.0: reg 0x30: [mem 0xd0380000-0xd039ffff pref]
[    0.832282] pci 0000:04:00.0: enabling Extended Tags
[    0.832358] pci 0000:04:00.0: PME# supported from D1 D2 D3hot D3cold
[    0.832397] pci 0000:04:00.0: reg 0x354: [mem 0x00000000-0x0fffffff 64bit pref]
[    0.832401] pci 0000:04:00.0: VF(n) BAR0 space: [mem 0x00000000-0xffffffff 64bit pref] (contains BAR0 for 16 VFs)
[    0.832406] pci 0000:04:00.0: reg 0x35c: [mem 0x00000000-0x001fffff 64bit pref]
[    0.832410] pci 0000:04:00.0: VF(n) BAR2 space: [mem 0x00000000-0x01ffffff 64bit pref] (contains BAR2 for 16 VFs)
[    0.832416] pci 0000:04:00.0: reg 0x368: [mem 0x00000000-0x0007ffff]
[    0.832418] pci 0000:04:00.0: VF(n) BAR5 space: [mem 0x00000000-0x007fffff] (contains BAR5 for 16 VFs)
[    0.832530] pci 0000:03:00.0: PCI bridge to [bus 04]
[    0.832538] pci 0000:03:00.0:   bridge window [mem 0xd0300000-0xd03fffff]
[    0.832544] pci 0000:03:00.0:   bridge window [mem 0x383800000000-0x383c001fffff 64bit pref]
[    0.832830] pci 0000:05:00.0: [1022:1470] type 01 class 0x060400
[    0.832870] pci 0000:05:00.0: reg 0x10: [mem 0xd0200000-0xd0203fff]
[    0.832889] pci 0000:05:00.0: enabling Extended Tags
[    0.832960] pci 0000:05:00.0: PME# supported from D0 D3hot D3cold
[    0.833075] pci 0000:00:03.0: PCI bridge to [bus 05-07]
[    0.833081] pci 0000:00:03.0:   bridge window [mem 0xd0100000-0xd02fffff]
[    0.833086] pci 0000:00:03.0:   bridge window [mem 0x383000000000-0x3834001fffff 64bit pref]
[    0.833133] pci 0000:06:00.0: [1022:1471] type 01 class 0x060400
[    0.833188] pci 0000:06:00.0: enabling Extended Tags
[    0.833252] pci 0000:06:00.0: PME# supported from D0 D3hot D3cold
[    0.833335] pci 0000:05:00.0: PCI bridge to [bus 06-07]
[    0.833343] pci 0000:05:00.0:   bridge window [mem 0xd0100000-0xd01fffff]
[    0.833348] pci 0000:05:00.0:   bridge window [mem 0x383000000000-0x3834001fffff 64bit pref]
[    0.833396] pci 0000:07:00.0: [1002:6860] type 00 class 0x030000
[    0.833455] pci 0000:07:00.0: reg 0x10: [mem 0x383000000000-0x3833ffffffff 64bit pref]
[    0.833460] pci 0000:07:00.0: reg 0x18: [mem 0x383400000000-0x3834001fffff 64bit pref]
[    0.833465] pci 0000:07:00.0: reg 0x24: [mem 0xd0100000-0xd017ffff]
[    0.833469] pci 0000:07:00.0: reg 0x30: [mem 0xd0180000-0xd019ffff pref]
[    0.833476] pci 0000:07:00.0: enabling Extended Tags
[    0.833551] pci 0000:07:00.0: PME# supported from D1 D2 D3hot D3cold
[    0.833590] pci 0000:07:00.0: reg 0x354: [mem 0x00000000-0x0fffffff 64bit pref]
[    0.833593] pci 0000:07:00.0: VF(n) BAR0 space: [mem 0x00000000-0xffffffff 64bit pref] (contains BAR0 for 16 VFs)
[    0.833599] pci 0000:07:00.0: reg 0x35c: [mem 0x00000000-0x001fffff 64bit pref]
[    0.833602] pci 0000:07:00.0: VF(n) BAR2 space: [mem 0x00000000-0x01ffffff 64bit pref] (contains BAR2 for 16 VFs)
[    0.833607] pci 0000:07:00.0: reg 0x368: [mem 0x00000000-0x0007ffff]
[    0.833610] pci 0000:07:00.0: VF(n) BAR5 space: [mem 0x00000000-0x007fffff] (contains BAR5 for 16 VFs)
[    0.833731] pci 0000:06:00.0: PCI bridge to [bus 07]
[    0.833739] pci 0000:06:00.0:   bridge window [mem 0xd0100000-0xd01fffff]
[    0.833744] pci 0000:06:00.0:   bridge window [mem 0x383000000000-0x3834001fffff 64bit pref]
[    0.833812] pci 0000:00:1c.0: PCI bridge to [bus 08]
[    0.833907] pci 0000:09:00.0: [1a03:1150] type 01 class 0x060400
[    0.833998] pci 0000:09:00.0: enabling Extended Tags
[    0.834085] pci 0000:09:00.0: supports D1 D2
[    0.834087] pci 0000:09:00.0: PME# supported from D0 D1 D2 D3hot D3cold
[    0.834201] pci 0000:09:00.0: disabling ASPM on pre-1.1 PCIe device.  You can enable it with 'pcie_aspm=force'
[    0.834217] pci 0000:00:1c.3: PCI bridge to [bus 09-0a]
[    0.834222] pci 0000:00:1c.3:   bridge window [io  0x6000-0x6fff]
[    0.834226] pci 0000:00:1c.3:   bridge window [mem 0xcf000000-0xd00fffff]
[    0.834281] pci_bus 0000:0a: extended config space not accessible
[    0.834322] pci 0000:0a:00.0: [1a03:2000] type 00 class 0x030000
[    0.834426] pci 0000:0a:00.0: reg 0x10: [mem 0xcf000000-0xcfffffff]
[    0.834431] pci 0000:0a:00.0: reg 0x14: [mem 0xd0000000-0xd001ffff]
[    0.834436] pci 0000:0a:00.0: reg 0x18: [io  0x6000-0x607f]
[    0.834458] pci 0000:0a:00.0: BAR 0: assigned to efifb
[    0.834471] pci 0000:0a:00.0: Video device with shadowed ROM at [mem 0x000c0000-0x000dffff]
[    0.834519] pci 0000:0a:00.0: supports D1 D2
[    0.834521] pci 0000:0a:00.0: PME# supported from D0 D1 D2 D3hot D3cold
[    0.834655] pci 0000:09:00.0: PCI bridge to [bus 0a]
[    0.834664] pci 0000:09:00.0:   bridge window [io  0x6000-0x6fff]
[    0.834671] pci 0000:09:00.0:   bridge window [mem 0xcf000000-0xd00fffff]
[    0.834771] pci 0000:00:1c.4: PCI bridge to [bus 0b-43]
[    0.834778] pci 0000:00:1c.4:   bridge window [mem 0xb8000000-0xce0fffff]
[    0.834785] pci 0000:00:1c.4:   bridge window [mem 0x90000000-0xb1ffffff 64bit pref]
[    0.834841] pci_bus 0000:00: on NUMA node 0
[    0.835895] ACPI: PCI Root Bridge [PCI1] (domain 0000 [bus 80-fe])
[    0.835903] acpi PNP0A08:01: _OSC: OS supports [ExtendedConfig ASPM ClockPM Segments MSI EDR HPX-Type3]
[    0.836528] acpi PNP0A08:01: _OSC: platform does not support [SHPCHotplug AER LTR DPC]
[    0.837497] acpi PNP0A08:01: _OSC: OS now controls [PCIeHotplug PME PCIeCapability]
[    0.837744] PCI host bridge to bus 0000:80
[    0.837748] pci_bus 0000:80: root bus resource [io  0x8000-0xffff window]
[    0.837752] pci_bus 0000:80: root bus resource [mem 0xd4000000-0xfbffbfff window]
[    0.837755] pci_bus 0000:80: root bus resource [mem 0x384000000000-0x387fffffffff window]
[    0.837759] pci_bus 0000:80: root bus resource [bus 80-fe]
[    0.837842] pci 0000:80:00.0: [8086:2f01] type 01 class 0x060400
[    0.837926] pci 0000:80:00.0: PME# supported from D0 D3hot D3cold
[    0.838110] pci 0000:80:02.0: [8086:2f04] type 01 class 0x060400
[    0.838194] pci 0000:80:02.0: PME# supported from D0 D3hot D3cold
[    0.838517] pci 0000:80:03.0: [8086:2f08] type 01 class 0x060400
[    0.838602] pci 0000:80:03.0: PME# supported from D0 D3hot D3cold
[    0.838922] pci 0000:80:04.0: [8086:2f20] type 00 class 0x088000
[    0.838980] pci 0000:80:04.0: reg 0x10: [mem 0x387ffff1c000-0x387ffff1ffff 64bit]
[    0.839142] pci 0000:80:04.1: [8086:2f21] type 00 class 0x088000
[    0.839199] pci 0000:80:04.1: reg 0x10: [mem 0x387ffff18000-0x387ffff1bfff 64bit]
[    0.839362] pci 0000:80:04.2: [8086:2f22] type 00 class 0x088000
[    0.839419] pci 0000:80:04.2: reg 0x10: [mem 0x387ffff14000-0x387ffff17fff 64bit]
[    0.839585] pci 0000:80:04.3: [8086:2f23] type 00 class 0x088000
[    0.839642] pci 0000:80:04.3: reg 0x10: [mem 0x387ffff10000-0x387ffff13fff 64bit]
[    0.839797] pci 0000:80:04.4: [8086:2f24] type 00 class 0x088000
[    0.839854] pci 0000:80:04.4: reg 0x10: [mem 0x387ffff0c000-0x387ffff0ffff 64bit]
[    0.840008] pci 0000:80:04.5: [8086:2f25] type 00 class 0x088000
[    0.840066] pci 0000:80:04.5: reg 0x10: [mem 0x387ffff08000-0x387ffff0bfff 64bit]
[    0.840220] pci 0000:80:04.6: [8086:2f26] type 00 class 0x088000
[    0.840278] pci 0000:80:04.6: reg 0x10: [mem 0x387ffff04000-0x387ffff07fff 64bit]
[    0.840437] pci 0000:80:04.7: [8086:2f27] type 00 class 0x088000
[    0.840495] pci 0000:80:04.7: reg 0x10: [mem 0x387ffff00000-0x387ffff03fff 64bit]
[    0.840621] pci 0000:80:05.0: [8086:2f28] type 00 class 0x088000
[    0.840834] pci 0000:80:05.1: [8086:2f29] type 00 class 0x088000
[    0.841015] pci 0000:80:05.2: [8086:2f2a] type 00 class 0x088000
[    0.841196] pci 0000:80:05.4: [8086:2f2c] type 00 class 0x080020
[    0.841252] pci 0000:80:05.4: reg 0x10: [mem 0xfbf00000-0xfbf00fff]
[    0.842261] pci 0000:81:00.0: [8086:1521] type 00 class 0x020000
[    0.843080] pci 0000:81:00.0: reg 0x10: [mem 0xfbe20000-0xfbe3ffff]
[    0.843125] pci 0000:81:00.0: reg 0x18: [io  0xf020-0xf03f]
[    0.843147] pci 0000:81:00.0: reg 0x1c: [mem 0xfbe44000-0xfbe47fff]
[    0.844860] pci 0000:81:00.0: PME# supported from D0 D3hot D3cold
[    0.845842] pci 0000:81:00.0: reg 0x184: [mem 0x00000000-0x00003fff 64bit pref]
[    0.845846] pci 0000:81:00.0: VF(n) BAR0 space: [mem 0x00000000-0x0001ffff 64bit pref] (contains BAR0 for 8 VFs)
[    0.845912] pci 0000:81:00.0: reg 0x190: [mem 0x00000000-0x00003fff 64bit pref]
[    0.845916] pci 0000:81:00.0: VF(n) BAR3 space: [mem 0x00000000-0x0001ffff 64bit pref] (contains BAR3 for 8 VFs)
[    0.848307] pci 0000:81:00.1: [8086:1521] type 00 class 0x020000
[    0.849114] pci 0000:81:00.1: reg 0x10: [mem 0xfbe00000-0xfbe1ffff]
[    0.849158] pci 0000:81:00.1: reg 0x18: [io  0xf000-0xf01f]
[    0.849180] pci 0000:81:00.1: reg 0x1c: [mem 0xfbe40000-0xfbe43fff]
[    0.850819] pci 0000:81:00.1: PME# supported from D0 D3hot D3cold
[    0.851736] pci 0000:81:00.1: reg 0x184: [mem 0x00000000-0x00003fff 64bit pref]
[    0.851740] pci 0000:81:00.1: VF(n) BAR0 space: [mem 0x00000000-0x0001ffff 64bit pref] (contains BAR0 for 8 VFs)
[    0.851805] pci 0000:81:00.1: reg 0x190: [mem 0x00000000-0x00003fff 64bit pref]
[    0.851808] pci 0000:81:00.1: VF(n) BAR3 space: [mem 0x00000000-0x0001ffff 64bit pref] (contains BAR3 for 8 VFs)
[    0.853647] pci 0000:80:00.0: ASPM: current common clock configuration is inconsistent, reconfiguring
[    0.864756] pci 0000:80:00.0: PCI bridge to [bus 81]
[    0.864765] pci 0000:80:00.0:   bridge window [io  0xf000-0xffff]
[    0.864772] pci 0000:80:00.0:   bridge window [mem 0xfbe00000-0xfbefffff]
[    0.865134] pci 0000:82:00.0: [1022:1470] type 01 class 0x060400
[    0.865175] pci 0000:82:00.0: reg 0x10: [mem 0xfbd00000-0xfbd03fff]
[    0.865195] pci 0000:82:00.0: enabling Extended Tags
[    0.865270] pci 0000:82:00.0: PME# supported from D0 D3hot D3cold
[    0.865394] pci 0000:80:02.0: PCI bridge to [bus 82-84]
[    0.865400] pci 0000:80:02.0:   bridge window [mem 0xfbc00000-0xfbdfffff]
[    0.865405] pci 0000:80:02.0:   bridge window [mem 0x387800000000-0x387c001fffff 64bit pref]
[    0.865456] pci 0000:83:00.0: [1022:1471] type 01 class 0x060400
[    0.865514] pci 0000:83:00.0: enabling Extended Tags
[    0.865583] pci 0000:83:00.0: PME# supported from D0 D3hot D3cold
[    0.865672] pci 0000:82:00.0: PCI bridge to [bus 83-84]
[    0.865680] pci 0000:82:00.0:   bridge window [mem 0xfbc00000-0xfbcfffff]
[    0.865685] pci 0000:82:00.0:   bridge window [mem 0x387800000000-0x387c001fffff 64bit pref]
[    0.865739] pci 0000:84:00.0: [1002:6860] type 00 class 0x030000
[    0.865800] pci 0000:84:00.0: reg 0x10: [mem 0x387800000000-0x387bffffffff 64bit pref]
[    0.865806] pci 0000:84:00.0: reg 0x18: [mem 0x387c00000000-0x387c001fffff 64bit pref]
[    0.865810] pci 0000:84:00.0: reg 0x24: [mem 0xfbc00000-0xfbc7ffff]
[    0.865814] pci 0000:84:00.0: reg 0x30: [mem 0xfbc80000-0xfbc9ffff pref]
[    0.865822] pci 0000:84:00.0: enabling Extended Tags
[    0.865903] pci 0000:84:00.0: PME# supported from D1 D2 D3hot D3cold
[    0.865946] pci 0000:84:00.0: reg 0x354: [mem 0x00000000-0x0fffffff 64bit pref]
[    0.865949] pci 0000:84:00.0: VF(n) BAR0 space: [mem 0x00000000-0xffffffff 64bit pref] (contains BAR0 for 16 VFs)
[    0.865955] pci 0000:84:00.0: reg 0x35c: [mem 0x00000000-0x001fffff 64bit pref]
[    0.865958] pci 0000:84:00.0: VF(n) BAR2 space: [mem 0x00000000-0x01ffffff 64bit pref] (contains BAR2 for 16 VFs)
[    0.865964] pci 0000:84:00.0: reg 0x368: [mem 0x00000000-0x0007ffff]
[    0.865967] pci 0000:84:00.0: VF(n) BAR5 space: [mem 0x00000000-0x007fffff] (contains BAR5 for 16 VFs)
[    0.866087] pci 0000:83:00.0: PCI bridge to [bus 84]
[    0.866095] pci 0000:83:00.0:   bridge window [mem 0xfbc00000-0xfbcfffff]
[    0.866101] pci 0000:83:00.0:   bridge window [mem 0x387800000000-0x387c001fffff 64bit pref]
[    0.866393] pci 0000:85:00.0: [1022:1470] type 01 class 0x060400
[    0.866435] pci 0000:85:00.0: reg 0x10: [mem 0xfbb00000-0xfbb03fff]
[    0.866455] pci 0000:85:00.0: enabling Extended Tags
[    0.866529] pci 0000:85:00.0: PME# supported from D0 D3hot D3cold
[    0.866649] pci 0000:80:03.0: PCI bridge to [bus 85-87]
[    0.866655] pci 0000:80:03.0:   bridge window [mem 0xfba00000-0xfbbfffff]
[    0.866660] pci 0000:80:03.0:   bridge window [mem 0x387000000000-0x3874001fffff 64bit pref]
[    0.866711] pci 0000:86:00.0: [1022:1471] type 01 class 0x060400
[    0.866769] pci 0000:86:00.0: enabling Extended Tags
[    0.866837] pci 0000:86:00.0: PME# supported from D0 D3hot D3cold
[    0.866933] pci 0000:85:00.0: PCI bridge to [bus 86-87]
[    0.866941] pci 0000:85:00.0:   bridge window [mem 0xfba00000-0xfbafffff]
[    0.866947] pci 0000:85:00.0:   bridge window [mem 0x387000000000-0x3874001fffff 64bit pref]
[    0.866999] pci 0000:87:00.0: [1002:6860] type 00 class 0x030000
[    0.867060] pci 0000:87:00.0: reg 0x10: [mem 0x387000000000-0x3873ffffffff 64bit pref]
[    0.867065] pci 0000:87:00.0: reg 0x18: [mem 0x387400000000-0x3874001fffff 64bit pref]
[    0.867070] pci 0000:87:00.0: reg 0x24: [mem 0xfba00000-0xfba7ffff]
[    0.867074] pci 0000:87:00.0: reg 0x30: [mem 0xfba80000-0xfba9ffff pref]
[    0.867082] pci 0000:87:00.0: enabling Extended Tags
[    0.867164] pci 0000:87:00.0: PME# supported from D1 D2 D3hot D3cold
[    0.867206] pci 0000:87:00.0: reg 0x354: [mem 0x00000000-0x0fffffff 64bit pref]
[    0.867210] pci 0000:87:00.0: VF(n) BAR0 space: [mem 0x00000000-0xffffffff 64bit pref] (contains BAR0 for 16 VFs)
[    0.867216] pci 0000:87:00.0: reg 0x35c: [mem 0x00000000-0x001fffff 64bit pref]
[    0.867219] pci 0000:87:00.0: VF(n) BAR2 space: [mem 0x00000000-0x01ffffff 64bit pref] (contains BAR2 for 16 VFs)
[    0.867224] pci 0000:87:00.0: reg 0x368: [mem 0x00000000-0x0007ffff]
[    0.867227] pci 0000:87:00.0: VF(n) BAR5 space: [mem 0x00000000-0x007fffff] (contains BAR5 for 16 VFs)
[    0.867347] pci 0000:86:00.0: PCI bridge to [bus 87]
[    0.867355] pci 0000:86:00.0:   bridge window [mem 0xfba00000-0xfbafffff]
[    0.867361] pci 0000:86:00.0:   bridge window [mem 0x387000000000-0x3874001fffff 64bit pref]
[    0.867410] pci_bus 0000:80: on NUMA node 1
[    0.867889] ACPI: PCI: Interrupt link LNKA configured for IRQ 11
[    0.867966] ACPI: PCI: Interrupt link LNKB configured for IRQ 10
[    0.868039] ACPI: PCI: Interrupt link LNKC configured for IRQ 5
[    0.868111] ACPI: PCI: Interrupt link LNKD configured for IRQ 11
[    0.868183] ACPI: PCI: Interrupt link LNKE configured for IRQ 0
[    0.868185] ACPI: PCI: Interrupt link LNKE disabled
[    0.868256] ACPI: PCI: Interrupt link LNKF configured for IRQ 0
[    0.868258] ACPI: PCI: Interrupt link LNKF disabled
[    0.868330] ACPI: PCI: Interrupt link LNKG configured for IRQ 7
[    0.868402] ACPI: PCI: Interrupt link LNKH configured for IRQ 0
[    0.868405] ACPI: PCI: Interrupt link LNKH disabled
[    0.868788] iommu: Default domain type: Translated 
[    0.868788] iommu: DMA domain TLB invalidation policy: lazy mode 
[    0.868834] SCSI subsystem initialized
[    0.868853] libata version 3.00 loaded.
[    0.868853] pci 0000:04:00.0: vgaarb: VGA device added: decodes=io+mem,owns=none,locks=none
[    0.868853] pci 0000:07:00.0: vgaarb: VGA device added: decodes=io+mem,owns=none,locks=none
[    0.868853] pci 0000:0a:00.0: vgaarb: setting as boot VGA device
[    0.868853] pci 0000:0a:00.0: vgaarb: VGA device added: decodes=io+mem,owns=io+mem,locks=none
[    0.868853] pci 0000:84:00.0: vgaarb: VGA device added: decodes=io+mem,owns=none,locks=none
[    0.868853] pci 0000:87:00.0: vgaarb: VGA device added: decodes=io+mem,owns=none,locks=none
[    0.868853] pci 0000:04:00.0: vgaarb: bridge control possible
[    0.868853] pci 0000:07:00.0: vgaarb: bridge control possible
[    0.868853] pci 0000:0a:00.0: vgaarb: bridge control possible
[    0.868853] pci 0000:84:00.0: vgaarb: bridge control possible
[    0.868853] pci 0000:87:00.0: vgaarb: bridge control possible
[    0.868853] vgaarb: loaded
[    0.868853] ACPI: bus type USB registered
[    0.868853] usbcore: registered new interface driver usbfs
[    0.868853] usbcore: registered new interface driver hub
[    0.868853] usbcore: registered new device driver usb
[    0.868853] pps_core: LinuxPPS API ver. 1 registered
[    0.868853] pps_core: Software ver. 5.3.6 - Copyright 2005-2007 Rodolfo Giometti <giometti@linux.it>
[    0.868853] PTP clock support registered
[    0.868853] EDAC MC: Ver: 3.0.0
[    0.868970] Registered efivars operations
[    0.868970] NetLabel: Initializing
[    0.868970] NetLabel:  domain hash size = 128
[    0.868970] NetLabel:  protocols = UNLABELED CIPSOv4 CALIPSO
[    0.868970] NetLabel:  unlabeled traffic allowed by default
[    0.868970] PCI: Using ACPI for IRQ routing
[    0.874528] PCI: pci_cache_line_size set to 64 bytes
[    0.874825] e820: reserve RAM buffer [mem 0x6ad29018-0x6bffffff]
[    0.874828] e820: reserve RAM buffer [mem 0x6ad39018-0x6bffffff]
[    0.874830] e820: reserve RAM buffer [mem 0x6ad49018-0x6bffffff]
[    0.874832] e820: reserve RAM buffer [mem 0x6ad5b018-0x6bffffff]
[    0.874833] e820: reserve RAM buffer [mem 0x6ad6d018-0x6bffffff]
[    0.874834] e820: reserve RAM buffer [mem 0x6ad76018-0x6bffffff]
[    0.874835] e820: reserve RAM buffer [mem 0x6ad86018-0x6bffffff]
[    0.874836] e820: reserve RAM buffer [mem 0x75c50000-0x77ffffff]
[    0.874837] e820: reserve RAM buffer [mem 0x784af000-0x7bffffff]
[    0.874839] e820: reserve RAM buffer [mem 0x79428000-0x7bffffff]
[    0.874840] e820: reserve RAM buffer [mem 0x7bcf8000-0x7bffffff]
[    0.881174] hpet0: at MMIO 0xfed00000, IRQs 2, 8, 0, 0, 0, 0, 0, 0
[    0.881191] hpet0: 8 comparators, 64-bit 14.318180 MHz counter
[    0.883282] clocksource: Switched to clocksource tsc-early
[    0.895335] VFS: Disk quotas dquot_6.6.0
[    0.895365] VFS: Dquot-cache hash table entries: 512 (order 0, 4096 bytes)
[    0.895544] AppArmor: AppArmor Filesystem Enabled
[    0.895607] pnp: PnP ACPI init
[    0.896335] pnp 00:01: disabling [mem 0xfed1c000-0xfed3ffff] because it overlaps 0000:04:00.0 BAR 7 [mem 0x00000000-0xffffffff 64bit pref]
[    0.896344] pnp 00:01: disabling [mem 0xfed45000-0xfed8bfff] because it overlaps 0000:04:00.0 BAR 7 [mem 0x00000000-0xffffffff 64bit pref]
[    0.896349] pnp 00:01: disabling [mem 0xff000000-0xffffffff] because it overlaps 0000:04:00.0 BAR 7 [mem 0x00000000-0xffffffff 64bit pref]
[    0.896353] pnp 00:01: disabling [mem 0xfee00000-0xfeefffff] because it overlaps 0000:04:00.0 BAR 7 [mem 0x00000000-0xffffffff 64bit pref]
[    0.896357] pnp 00:01: disabling [mem 0xfed12000-0xfed1200f] because it overlaps 0000:04:00.0 BAR 7 [mem 0x00000000-0xffffffff 64bit pref]
[    0.896361] pnp 00:01: disabling [mem 0xfed12010-0xfed1201f] because it overlaps 0000:04:00.0 BAR 7 [mem 0x00000000-0xffffffff 64bit pref]
[    0.896365] pnp 00:01: disabling [mem 0xfed1b000-0xfed1bfff] because it overlaps 0000:04:00.0 BAR 7 [mem 0x00000000-0xffffffff 64bit pref]
[    0.896373] pnp 00:01: disabling [mem 0xfed1c000-0xfed3ffff disabled] because it overlaps 0000:07:00.0 BAR 7 [mem 0x00000000-0xffffffff 64bit pref]
[    0.896378] pnp 00:01: disabling [mem 0xfed45000-0xfed8bfff disabled] because it overlaps 0000:07:00.0 BAR 7 [mem 0x00000000-0xffffffff 64bit pref]
[    0.896382] pnp 00:01: disabling [mem 0xff000000-0xffffffff disabled] because it overlaps 0000:07:00.0 BAR 7 [mem 0x00000000-0xffffffff 64bit pref]
[    0.896386] pnp 00:01: disabling [mem 0xfee00000-0xfeefffff disabled] because it overlaps 0000:07:00.0 BAR 7 [mem 0x00000000-0xffffffff 64bit pref]
[    0.896390] pnp 00:01: disabling [mem 0xfed12000-0xfed1200f disabled] because it overlaps 0000:07:00.0 BAR 7 [mem 0x00000000-0xffffffff 64bit pref]
[    0.896394] pnp 00:01: disabling [mem 0xfed12010-0xfed1201f disabled] because it overlaps 0000:07:00.0 BAR 7 [mem 0x00000000-0xffffffff 64bit pref]
[    0.896398] pnp 00:01: disabling [mem 0xfed1b000-0xfed1bfff disabled] because it overlaps 0000:07:00.0 BAR 7 [mem 0x00000000-0xffffffff 64bit pref]
[    0.896425] pnp 00:01: disabling [mem 0xfed1c000-0xfed3ffff disabled] because it overlaps 0000:84:00.0 BAR 7 [mem 0x00000000-0xffffffff 64bit pref]
[    0.896430] pnp 00:01: disabling [mem 0xfed45000-0xfed8bfff disabled] because it overlaps 0000:84:00.0 BAR 7 [mem 0x00000000-0xffffffff 64bit pref]
[    0.896434] pnp 00:01: disabling [mem 0xff000000-0xffffffff disabled] because it overlaps 0000:84:00.0 BAR 7 [mem 0x00000000-0xffffffff 64bit pref]
[    0.896438] pnp 00:01: disabling [mem 0xfee00000-0xfeefffff disabled] because it overlaps 0000:84:00.0 BAR 7 [mem 0x00000000-0xffffffff 64bit pref]
[    0.896443] pnp 00:01: disabling [mem 0xfed12000-0xfed1200f disabled] because it overlaps 0000:84:00.0 BAR 7 [mem 0x00000000-0xffffffff 64bit pref]
[    0.896447] pnp 00:01: disabling [mem 0xfed12010-0xfed1201f disabled] because it overlaps 0000:84:00.0 BAR 7 [mem 0x00000000-0xffffffff 64bit pref]
[    0.896452] pnp 00:01: disabling [mem 0xfed1b000-0xfed1bfff disabled] because it overlaps 0000:84:00.0 BAR 7 [mem 0x00000000-0xffffffff 64bit pref]
[    0.896461] pnp 00:01: disabling [mem 0xfed1c000-0xfed3ffff disabled] because it overlaps 0000:87:00.0 BAR 7 [mem 0x00000000-0xffffffff 64bit pref]
[    0.896465] pnp 00:01: disabling [mem 0xfed45000-0xfed8bfff disabled] because it overlaps 0000:87:00.0 BAR 7 [mem 0x00000000-0xffffffff 64bit pref]
[    0.896469] pnp 00:01: disabling [mem 0xff000000-0xffffffff disabled] because it overlaps 0000:87:00.0 BAR 7 [mem 0x00000000-0xffffffff 64bit pref]
[    0.896473] pnp 00:01: disabling [mem 0xfee00000-0xfeefffff disabled] because it overlaps 0000:87:00.0 BAR 7 [mem 0x00000000-0xffffffff 64bit pref]
[    0.896477] pnp 00:01: disabling [mem 0xfed12000-0xfed1200f disabled] because it overlaps 0000:87:00.0 BAR 7 [mem 0x00000000-0xffffffff 64bit pref]
[    0.896482] pnp 00:01: disabling [mem 0xfed12010-0xfed1201f disabled] because it overlaps 0000:87:00.0 BAR 7 [mem 0x00000000-0xffffffff 64bit pref]
[    0.896486] pnp 00:01: disabling [mem 0xfed1b000-0xfed1bfff disabled] because it overlaps 0000:87:00.0 BAR 7 [mem 0x00000000-0xffffffff 64bit pref]
[    0.896561] system 00:01: [io  0x0500-0x057f] has been reserved
[    0.896565] system 00:01: [io  0x0400-0x047f] has been reserved
[    0.896568] system 00:01: [io  0x0580-0x059f] has been reserved
[    0.896571] system 00:01: [io  0x0600-0x061f] has been reserved
[    0.896574] system 00:01: [io  0x0880-0x0883] has been reserved
[    0.896576] system 00:01: [io  0x0800-0x081f] has been reserved
[    0.896931] system 00:02: [io  0x0a00-0x0a0f] has been reserved
[    0.896936] system 00:02: [io  0x0a10-0x0a1f] has been reserved
[    0.896939] system 00:02: [io  0x0a20-0x0a2f] has been reserved
[    0.896942] system 00:02: [io  0x0a30-0x0a3f] has been reserved
[    0.896945] system 00:02: [io  0x0a40-0x0a4f] has been reserved
[    0.897209] pnp 00:03: [dma 0 disabled]
[    0.897490] pnp 00:04: [dma 0 disabled]
[    0.898477] pnp: PnP ACPI: found 5 devices
[    0.904623] clocksource: acpi_pm: mask: 0xffffff max_cycles: 0xffffff, max_idle_ns: 2085701024 ns
[    0.904952] NET: Registered PF_INET protocol family
[    0.905520] IP idents hash table entries: 262144 (order: 9, 2097152 bytes, vmalloc)
[    0.908001] tcp_listen_portaddr_hash hash table entries: 16384 (order: 6, 262144 bytes, vmalloc)
[    0.908097] Table-perturb hash table entries: 65536 (order: 6, 262144 bytes, vmalloc)
[    0.908646] TCP established hash table entries: 262144 (order: 9, 2097152 bytes, vmalloc)
[    0.909159] TCP bind hash table entries: 65536 (order: 8, 1048576 bytes, vmalloc)
[    0.909240] TCP: Hash tables configured (established 262144 bind 65536)
[    0.909583] MPTCP token hash table entries: 32768 (order: 8, 786432 bytes, vmalloc)
[    0.909854] UDP hash table entries: 16384 (order: 7, 524288 bytes, vmalloc)
[    0.910052] UDP-Lite hash table entries: 16384 (order: 7, 524288 bytes, vmalloc)
[    0.910191] NET: Registered PF_UNIX/PF_LOCAL protocol family
[    0.910202] NET: Registered PF_XDP protocol family
[    0.910250] pci_bus 0000:00: max bus depth: 3 pci_try_num: 4
[    0.910269] pci 0000:00:1c.4: BAR 13: assigned [io  0x1000-0x1fff]
[    0.910274] pci 0000:00:01.0: PCI bridge to [bus 01]
[    0.910285] pci 0000:00:01.0:   bridge window [mem 0xd0500000-0xd05fffff]
[    0.910306] pci 0000:04:00.0: BAR 7: no space for [mem size 0x100000000 64bit pref]
[    0.910310] pci 0000:04:00.0: BAR 7: failed to assign [mem size 0x100000000 64bit pref]
[    0.910315] pci 0000:04:00.0: BAR 9: no space for [mem size 0x02000000 64bit pref]
[    0.910318] pci 0000:04:00.0: BAR 9: failed to assign [mem size 0x02000000 64bit pref]
[    0.910322] pci 0000:04:00.0: BAR 12: no space for [mem size 0x00800000]
[    0.910325] pci 0000:04:00.0: BAR 12: failed to assign [mem size 0x00800000]
[    0.910329] pci 0000:03:00.0: PCI bridge to [bus 04]
[    0.910339] pci 0000:03:00.0:   bridge window [mem 0xd0300000-0xd03fffff]
[    0.910347] pci 0000:03:00.0:   bridge window [mem 0x383800000000-0x383c001fffff 64bit pref]
[    0.910360] pci 0000:02:00.0: PCI bridge to [bus 03-04]
[    0.910370] pci 0000:02:00.0:   bridge window [mem 0xd0300000-0xd03fffff]
[    0.910377] pci 0000:02:00.0:   bridge window [mem 0x383800000000-0x383c001fffff 64bit pref]
[    0.910391] pci 0000:00:02.0: PCI bridge to [bus 02-04]
[    0.910400] pci 0000:00:02.0:   bridge window [mem 0xd0300000-0xd04fffff]
[    0.910407] pci 0000:00:02.0:   bridge window [mem 0x383800000000-0x383c001fffff 64bit pref]
[    0.910421] pci 0000:07:00.0: BAR 7: no space for [mem size 0x100000000 64bit pref]
[    0.910424] pci 0000:07:00.0: BAR 7: failed to assign [mem size 0x100000000 64bit pref]
[    0.910429] pci 0000:07:00.0: BAR 9: no space for [mem size 0x02000000 64bit pref]
[    0.910432] pci 0000:07:00.0: BAR 9: failed to assign [mem size 0x02000000 64bit pref]
[    0.910435] pci 0000:07:00.0: BAR 12: no space for [mem size 0x00800000]
[    0.910438] pci 0000:07:00.0: BAR 12: failed to assign [mem size 0x00800000]
[    0.910441] pci 0000:06:00.0: PCI bridge to [bus 07]
[    0.910451] pci 0000:06:00.0:   bridge window [mem 0xd0100000-0xd01fffff]
[    0.910458] pci 0000:06:00.0:   bridge window [mem 0x383000000000-0x3834001fffff 64bit pref]
[    0.910472] pci 0000:05:00.0: PCI bridge to [bus 06-07]
[    0.910481] pci 0000:05:00.0:   bridge window [mem 0xd0100000-0xd01fffff]
[    0.910489] pci 0000:05:00.0:   bridge window [mem 0x383000000000-0x3834001fffff 64bit pref]
[    0.910502] pci 0000:00:03.0: PCI bridge to [bus 05-07]
[    0.910511] pci 0000:00:03.0:   bridge window [mem 0xd0100000-0xd02fffff]
[    0.910518] pci 0000:00:03.0:   bridge window [mem 0x383000000000-0x3834001fffff 64bit pref]
[    0.910532] pci 0000:00:1c.0: PCI bridge to [bus 08]
[    0.910559] pci 0000:09:00.0: PCI bridge to [bus 0a]
[    0.910563] pci 0000:09:00.0:   bridge window [io  0x6000-0x6fff]
[    0.910575] pci 0000:09:00.0:   bridge window [mem 0xcf000000-0xd00fffff]
[    0.910598] pci 0000:00:1c.3: PCI bridge to [bus 09-0a]
[    0.910601] pci 0000:00:1c.3:   bridge window [io  0x6000-0x6fff]
[    0.910611] pci 0000:00:1c.3:   bridge window [mem 0xcf000000-0xd00fffff]
[    0.910630] pci 0000:00:1c.4: PCI bridge to [bus 0b-43]
[    0.910633] pci 0000:00:1c.4:   bridge window [io  0x1000-0x1fff]
[    0.910643] pci 0000:00:1c.4:   bridge window [mem 0xb8000000-0xce0fffff]
[    0.910651] pci 0000:00:1c.4:   bridge window [mem 0x90000000-0xb1ffffff 64bit pref]
[    0.910666] pci_bus 0000:00: No. 2 try to assign unassigned res
[    0.910668] release child resource [mem 0xd0100000-0xd017ffff]
[    0.910670] release child resource [mem 0xd0180000-0xd019ffff pref]
[    0.910671] pci 0000:06:00.0: resource 14 [mem 0xd0100000-0xd01fffff] released
[    0.910674] pci 0000:06:00.0: PCI bridge to [bus 07]
[    0.910681] release child resource [mem 0x383000000000-0x3833ffffffff 64bit pref]
[    0.910683] release child resource [mem 0x383400000000-0x3834001fffff 64bit pref]
[    0.910684] pci 0000:06:00.0: resource 15 [mem 0x383000000000-0x3834001fffff 64bit pref] released
[    0.910687] pci 0000:06:00.0: PCI bridge to [bus 07]
[    0.910702] release child resource [mem 0xd0300000-0xd037ffff]
[    0.910703] release child resource [mem 0xd0380000-0xd039ffff pref]
[    0.910704] pci 0000:03:00.0: resource 14 [mem 0xd0300000-0xd03fffff] released
[    0.910707] pci 0000:03:00.0: PCI bridge to [bus 04]
[    0.910714] release child resource [mem 0x383800000000-0x383bffffffff 64bit pref]
[    0.910715] release child resource [mem 0x383c00000000-0x383c001fffff 64bit pref]
[    0.910716] pci 0000:03:00.0: resource 15 [mem 0x383800000000-0x383c001fffff 64bit pref] released
[    0.910720] pci 0000:03:00.0: PCI bridge to [bus 04]
[    0.910741] pci 0000:00:01.0: PCI bridge to [bus 01]
[    0.910750] pci 0000:00:01.0:   bridge window [mem 0xd0500000-0xd05fffff]
[    0.910769] pci 0000:03:00.0: BAR 15: no space for [mem size 0x600000000 64bit pref]
[    0.910772] pci 0000:03:00.0: BAR 15: failed to assign [mem size 0x600000000 64bit pref]
[    0.910776] pci 0000:03:00.0: BAR 14: no space for [mem size 0x00900000]
[    0.910779] pci 0000:03:00.0: BAR 14: failed to assign [mem size 0x00900000]
[    0.910783] pci 0000:04:00.0: BAR 0: no space for [mem size 0x400000000 64bit pref]
[    0.910786] pci 0000:04:00.0: BAR 0: failed to assign [mem size 0x400000000 64bit pref]
[    0.910789] pci 0000:04:00.0: BAR 7: no space for [mem size 0x100000000 64bit pref]
[    0.910792] pci 0000:04:00.0: BAR 7: failed to assign [mem size 0x100000000 64bit pref]
[    0.910795] pci 0000:04:00.0: BAR 2: no space for [mem size 0x00200000 64bit pref]
[    0.910798] pci 0000:04:00.0: BAR 2: failed to assign [mem size 0x00200000 64bit pref]
[    0.910801] pci 0000:04:00.0: BAR 9: no space for [mem size 0x02000000 64bit pref]
[    0.910804] pci 0000:04:00.0: BAR 9: failed to assign [mem size 0x02000000 64bit pref]
[    0.910808] pci 0000:04:00.0: BAR 5: no space for [mem size 0x00080000]
[    0.910810] pci 0000:04:00.0: BAR 5: failed to assign [mem size 0x00080000]
[    0.910813] pci 0000:04:00.0: BAR 12: no space for [mem size 0x00800000]
[    0.910816] pci 0000:04:00.0: BAR 12: failed to assign [mem size 0x00800000]
[    0.910818] pci 0000:04:00.0: BAR 6: no space for [mem size 0x00020000 pref]
[    0.910821] pci 0000:04:00.0: BAR 6: failed to assign [mem size 0x00020000 pref]
[    0.910825] pci 0000:03:00.0: PCI bridge to [bus 04]
[    0.910849] pci 0000:02:00.0: PCI bridge to [bus 03-04]
[    0.910858] pci 0000:02:00.0:   bridge window [mem 0xd0300000-0xd03fffff]
[    0.910866] pci 0000:02:00.0:   bridge window [mem 0x383800000000-0x383c001fffff 64bit pref]
[    0.910879] pci 0000:00:02.0: PCI bridge to [bus 02-04]
[    0.910888] pci 0000:00:02.0:   bridge window [mem 0xd0300000-0xd04fffff]
[    0.910895] pci 0000:00:02.0:   bridge window [mem 0x383800000000-0x383c001fffff 64bit pref]
[    0.910909] pci 0000:06:00.0: BAR 15: no space for [mem size 0x600000000 64bit pref]
[    0.910913] pci 0000:06:00.0: BAR 15: failed to assign [mem size 0x600000000 64bit pref]
[    0.910916] pci 0000:06:00.0: BAR 14: no space for [mem size 0x00900000]
[    0.910919] pci 0000:06:00.0: BAR 14: failed to assign [mem size 0x00900000]
[    0.910922] pci 0000:07:00.0: BAR 0: no space for [mem size 0x400000000 64bit pref]
[    0.910925] pci 0000:07:00.0: BAR 0: failed to assign [mem size 0x400000000 64bit pref]
[    0.910929] pci 0000:07:00.0: BAR 7: no space for [mem size 0x100000000 64bit pref]
[    0.910932] pci 0000:07:00.0: BAR 7: failed to assign [mem size 0x100000000 64bit pref]
[    0.910935] pci 0000:07:00.0: BAR 2: no space for [mem size 0x00200000 64bit pref]
[    0.910938] pci 0000:07:00.0: BAR 2: failed to assign [mem size 0x00200000 64bit pref]
[    0.910941] pci 0000:07:00.0: BAR 9: no space for [mem size 0x02000000 64bit pref]
[    0.910944] pci 0000:07:00.0: BAR 9: failed to assign [mem size 0x02000000 64bit pref]
[    0.910947] pci 0000:07:00.0: BAR 5: no space for [mem size 0x00080000]
[    0.910950] pci 0000:07:00.0: BAR 5: failed to assign [mem size 0x00080000]
[    0.910953] pci 0000:07:00.0: BAR 12: no space for [mem size 0x00800000]
[    0.910955] pci 0000:07:00.0: BAR 12: failed to assign [mem size 0x00800000]
[    0.910958] pci 0000:07:00.0: BAR 6: no space for [mem size 0x00020000 pref]
[    0.910961] pci 0000:07:00.0: BAR 6: failed to assign [mem size 0x00020000 pref]
[    0.910964] pci 0000:06:00.0: PCI bridge to [bus 07]
[    0.910988] pci 0000:05:00.0: PCI bridge to [bus 06-07]
[    0.910998] pci 0000:05:00.0:   bridge window [mem 0xd0100000-0xd01fffff]
[    0.911006] pci 0000:05:00.0:   bridge window [mem 0x383000000000-0x3834001fffff 64bit pref]
[    0.911018] pci 0000:00:03.0: PCI bridge to [bus 05-07]
[    0.911028] pci 0000:00:03.0:   bridge window [mem 0xd0100000-0xd02fffff]
[    0.911035] pci 0000:00:03.0:   bridge window [mem 0x383000000000-0x3834001fffff 64bit pref]
[    0.911048] pci 0000:00:1c.0: PCI bridge to [bus 08]
[    0.911074] pci 0000:09:00.0: PCI bridge to [bus 0a]
[    0.911078] pci 0000:09:00.0:   bridge window [io  0x6000-0x6fff]
[    0.911090] pci 0000:09:00.0:   bridge window [mem 0xcf000000-0xd00fffff]
[    0.911113] pci 0000:00:1c.3: PCI bridge to [bus 09-0a]
[    0.911116] pci 0000:00:1c.3:   bridge window [io  0x6000-0x6fff]
[    0.911126] pci 0000:00:1c.3:   bridge window [mem 0xcf000000-0xd00fffff]
[    0.911144] pci 0000:00:1c.4: PCI bridge to [bus 0b-43]
[    0.911148] pci 0000:00:1c.4:   bridge window [io  0x1000-0x1fff]
[    0.911158] pci 0000:00:1c.4:   bridge window [mem 0xb8000000-0xce0fffff]
[    0.911166] pci 0000:00:1c.4:   bridge window [mem 0x90000000-0xb1ffffff 64bit pref]
[    0.911180] pci_bus 0000:00: No. 3 try to assign unassigned res
[    0.911183] pci 0000:05:00.0: resource 14 [mem 0xd0100000-0xd01fffff] released
[    0.911186] pci 0000:05:00.0: PCI bridge to [bus 06-07]
[    0.911193] pci 0000:05:00.0: resource 15 [mem 0x383000000000-0x3834001fffff 64bit pref] released
[    0.911197] pci 0000:05:00.0: PCI bridge to [bus 06-07]
[    0.911212] pci 0000:02:00.0: resource 14 [mem 0xd0300000-0xd03fffff] released
[    0.911215] pci 0000:02:00.0: PCI bridge to [bus 03-04]
[    0.911222] pci 0000:02:00.0: resource 15 [mem 0x383800000000-0x383c001fffff 64bit pref] released
[    0.911225] pci 0000:02:00.0: PCI bridge to [bus 03-04]
[    0.911246] pci 0000:00:01.0: PCI bridge to [bus 01]
[    0.911255] pci 0000:00:01.0:   bridge window [mem 0xd0500000-0xd05fffff]
[    0.911274] pci 0000:02:00.0: BAR 15: no space for [mem size 0x600000000 64bit pref]
[    0.911277] pci 0000:02:00.0: BAR 15: failed to assign [mem size 0x600000000 64bit pref]
[    0.911281] pci 0000:02:00.0: BAR 14: no space for [mem size 0x00900000]
[    0.911284] pci 0000:02:00.0: BAR 14: failed to assign [mem size 0x00900000]
[    0.911287] pci 0000:03:00.0: BAR 15: no space for [mem size 0x600000000 64bit pref]
[    0.911290] pci 0000:03:00.0: BAR 15: failed to assign [mem size 0x600000000 64bit pref]
[    0.911293] pci 0000:03:00.0: BAR 14: no space for [mem size 0x00900000]
[    0.911296] pci 0000:03:00.0: BAR 14: failed to assign [mem size 0x00900000]
[    0.911299] pci 0000:04:00.0: BAR 0: no space for [mem size 0x400000000 64bit pref]
[    0.911302] pci 0000:04:00.0: BAR 0: failed to assign [mem size 0x400000000 64bit pref]
[    0.911305] pci 0000:04:00.0: BAR 7: no space for [mem size 0x100000000 64bit pref]
[    0.911309] pci 0000:04:00.0: BAR 7: failed to assign [mem size 0x100000000 64bit pref]
[    0.911312] pci 0000:04:00.0: BAR 2: no space for [mem size 0x00200000 64bit pref]
[    0.911315] pci 0000:04:00.0: BAR 2: failed to assign [mem size 0x00200000 64bit pref]
[    0.911318] pci 0000:04:00.0: BAR 9: no space for [mem size 0x02000000 64bit pref]
[    0.911321] pci 0000:04:00.0: BAR 9: failed to assign [mem size 0x02000000 64bit pref]
[    0.911324] pci 0000:04:00.0: BAR 5: no space for [mem size 0x00080000]
[    0.911327] pci 0000:04:00.0: BAR 5: failed to assign [mem size 0x00080000]
[    0.911329] pci 0000:04:00.0: BAR 12: no space for [mem size 0x00800000]
[    0.911332] pci 0000:04:00.0: BAR 12: failed to assign [mem size 0x00800000]
[    0.911335] pci 0000:03:00.0: PCI bridge to [bus 04]
[    0.911359] pci 0000:02:00.0: PCI bridge to [bus 03-04]
[    0.911383] pci 0000:00:02.0: PCI bridge to [bus 02-04]
[    0.911392] pci 0000:00:02.0:   bridge window [mem 0xd0300000-0xd04fffff]
[    0.911400] pci 0000:00:02.0:   bridge window [mem 0x383800000000-0x383c001fffff 64bit pref]
[    0.911414] pci 0000:05:00.0: BAR 15: no space for [mem size 0x600000000 64bit pref]
[    0.911417] pci 0000:05:00.0: BAR 15: failed to assign [mem size 0x600000000 64bit pref]
[    0.911421] pci 0000:05:00.0: BAR 14: no space for [mem size 0x00900000]
[    0.911423] pci 0000:05:00.0: BAR 14: failed to assign [mem size 0x00900000]
[    0.911427] pci 0000:06:00.0: BAR 15: no space for [mem size 0x600000000 64bit pref]
[    0.911430] pci 0000:06:00.0: BAR 15: failed to assign [mem size 0x600000000 64bit pref]
[    0.911433] pci 0000:06:00.0: BAR 14: no space for [mem size 0x00900000]
[    0.911436] pci 0000:06:00.0: BAR 14: failed to assign [mem size 0x00900000]
[    0.911439] pci 0000:07:00.0: BAR 0: no space for [mem size 0x400000000 64bit pref]
[    0.911442] pci 0000:07:00.0: BAR 0: failed to assign [mem size 0x400000000 64bit pref]
[    0.911445] pci 0000:07:00.0: BAR 7: no space for [mem size 0x100000000 64bit pref]
[    0.911448] pci 0000:07:00.0: BAR 7: failed to assign [mem size 0x100000000 64bit pref]
[    0.911452] pci 0000:07:00.0: BAR 2: no space for [mem size 0x00200000 64bit pref]
[    0.911455] pci 0000:07:00.0: BAR 2: failed to assign [mem size 0x00200000 64bit pref]
[    0.911458] pci 0000:07:00.0: BAR 9: no space for [mem size 0x02000000 64bit pref]
[    0.911461] pci 0000:07:00.0: BAR 9: failed to assign [mem size 0x02000000 64bit pref]
[    0.911464] pci 0000:07:00.0: BAR 5: no space for [mem size 0x00080000]
[    0.911466] pci 0000:07:00.0: BAR 5: failed to assign [mem size 0x00080000]
[    0.911469] pci 0000:07:00.0: BAR 12: no space for [mem size 0x00800000]
[    0.911472] pci 0000:07:00.0: BAR 12: failed to assign [mem size 0x00800000]
[    0.911475] pci 0000:06:00.0: PCI bridge to [bus 07]
[    0.911499] pci 0000:05:00.0: PCI bridge to [bus 06-07]
[    0.911523] pci 0000:00:03.0: PCI bridge to [bus 05-07]
[    0.911532] pci 0000:00:03.0:   bridge window [mem 0xd0100000-0xd02fffff]
[    0.911539] pci 0000:00:03.0:   bridge window [mem 0x383000000000-0x3834001fffff 64bit pref]
[    0.911552] pci 0000:00:1c.0: PCI bridge to [bus 08]
[    0.911578] pci 0000:09:00.0: PCI bridge to [bus 0a]
[    0.911582] pci 0000:09:00.0:   bridge window [io  0x6000-0x6fff]
[    0.911595] pci 0000:09:00.0:   bridge window [mem 0xcf000000-0xd00fffff]
[    0.911617] pci 0000:00:1c.3: PCI bridge to [bus 09-0a]
[    0.911620] pci 0000:00:1c.3:   bridge window [io  0x6000-0x6fff]
[    0.911631] pci 0000:00:1c.3:   bridge window [mem 0xcf000000-0xd00fffff]
[    0.911649] pci 0000:00:1c.4: PCI bridge to [bus 0b-43]
[    0.911652] pci 0000:00:1c.4:   bridge window [io  0x1000-0x1fff]
[    0.911663] pci 0000:00:1c.4:   bridge window [mem 0xb8000000-0xce0fffff]
[    0.911670] pci 0000:00:1c.4:   bridge window [mem 0x90000000-0xb1ffffff 64bit pref]
[    0.911684] pci_bus 0000:00: No. 4 try to assign unassigned res
[    0.911687] release child resource [mem 0xd0200000-0xd0203fff]
[    0.911688] pci 0000:00:03.0: resource 14 [mem 0xd0100000-0xd02fffff] released
[    0.911691] pci 0000:00:03.0: PCI bridge to [bus 05-07]
[    0.911698] pci 0000:00:03.0: resource 15 [mem 0x383000000000-0x3834001fffff 64bit pref] released
[    0.911701] pci 0000:00:03.0: PCI bridge to [bus 05-07]
[    0.911715] release child resource [mem 0xd0400000-0xd0403fff]
[    0.911716] pci 0000:00:02.0: resource 14 [mem 0xd0300000-0xd04fffff] released
[    0.911719] pci 0000:00:02.0: PCI bridge to [bus 02-04]
[    0.911726] pci 0000:00:02.0: resource 15 [mem 0x383800000000-0x383c001fffff 64bit pref] released
[    0.911729] pci 0000:00:02.0: PCI bridge to [bus 02-04]
[    0.911756] pci 0000:00:02.0: BAR 15: assigned [mem 0x380000000000-0x3805ffffffff 64bit pref]
[    0.911763] pci 0000:00:03.0: BAR 15: assigned [mem 0x380600000000-0x380bffffffff 64bit pref]
[    0.911767] pci 0000:00:02.0: BAR 14: assigned [mem 0xb2000000-0xb29fffff]
[    0.911771] pci 0000:00:03.0: BAR 14: assigned [mem 0xb2a00000-0xb33fffff]
[    0.911775] pci 0000:00:01.0: PCI bridge to [bus 01]
[    0.911784] pci 0000:00:01.0:   bridge window [mem 0xd0500000-0xd05fffff]
[    0.911801] pci 0000:02:00.0: BAR 15: assigned [mem 0x380000000000-0x3805ffffffff 64bit pref]
[    0.911805] pci 0000:02:00.0: BAR 14: assigned [mem 0xb2000000-0xb28fffff]
[    0.911808] pci 0000:02:00.0: BAR 0: assigned [mem 0xb2900000-0xb2903fff]
[    0.911815] pci 0000:03:00.0: BAR 15: assigned [mem 0x380000000000-0x3805ffffffff 64bit pref]
[    0.911819] pci 0000:03:00.0: BAR 14: assigned [mem 0xb2000000-0xb28fffff]
[    0.911823] pci 0000:04:00.0: BAR 0: assigned [mem 0x380000000000-0x3803ffffffff 64bit pref]
[    0.911839] pci 0000:04:00.0: BAR 7: assigned [mem 0x380400000000-0x3804ffffffff 64bit pref]
[    0.911846] pci 0000:04:00.0: BAR 2: assigned [mem 0x380500000000-0x3805001fffff 64bit pref]
[    0.911861] pci 0000:04:00.0: BAR 9: assigned [mem 0x380500200000-0x3805021fffff 64bit pref]
[    0.911866] pci 0000:04:00.0: BAR 5: assigned [mem 0xb2000000-0xb207ffff]
[    0.911873] pci 0000:04:00.0: BAR 12: assigned [mem 0xb2080000-0xb287ffff]
[    0.911877] pci 0000:03:00.0: PCI bridge to [bus 04]
[    0.911887] pci 0000:03:00.0:   bridge window [mem 0xb2000000-0xb28fffff]
[    0.911895] pci 0000:03:00.0:   bridge window [mem 0x380000000000-0x3805ffffffff 64bit pref]
[    0.911908] pci 0000:02:00.0: PCI bridge to [bus 03-04]
[    0.911918] pci 0000:02:00.0:   bridge window [mem 0xb2000000-0xb28fffff]
[    0.911925] pci 0000:02:00.0:   bridge window [mem 0x380000000000-0x3805ffffffff 64bit pref]
[    0.911938] pci 0000:00:02.0: PCI bridge to [bus 02-04]
[    0.911947] pci 0000:00:02.0:   bridge window [mem 0xb2000000-0xb29fffff]
[    0.911954] pci 0000:00:02.0:   bridge window [mem 0x380000000000-0x3805ffffffff 64bit pref]
[    0.911967] pci 0000:05:00.0: BAR 15: assigned [mem 0x380600000000-0x380bffffffff 64bit pref]
[    0.911971] pci 0000:05:00.0: BAR 14: assigned [mem 0xb2a00000-0xb32fffff]
[    0.911974] pci 0000:05:00.0: BAR 0: assigned [mem 0xb3300000-0xb3303fff]
[    0.911981] pci 0000:06:00.0: BAR 15: assigned [mem 0x380600000000-0x380bffffffff 64bit pref]
[    0.911985] pci 0000:06:00.0: BAR 14: assigned [mem 0xb2a00000-0xb32fffff]
[    0.911989] pci 0000:07:00.0: BAR 0: assigned [mem 0x380800000000-0x380bffffffff 64bit pref]
[    0.912004] pci 0000:07:00.0: BAR 7: assigned [mem 0x380600000000-0x3806ffffffff 64bit pref]
[    0.912009] pci 0000:07:00.0: BAR 2: assigned [mem 0x380700000000-0x3807001fffff 64bit pref]
[    0.912025] pci 0000:07:00.0: BAR 9: assigned [mem 0x380700200000-0x3807021fffff 64bit pref]
[    0.912030] pci 0000:07:00.0: BAR 5: assigned [mem 0xb2a00000-0xb2a7ffff]
[    0.912036] pci 0000:07:00.0: BAR 12: assigned [mem 0xb2a80000-0xb327ffff]
[    0.912041] pci 0000:06:00.0: PCI bridge to [bus 07]
[    0.912050] pci 0000:06:00.0:   bridge window [mem 0xb2a00000-0xb32fffff]
[    0.912058] pci 0000:06:00.0:   bridge window [mem 0x380600000000-0x380bffffffff 64bit pref]
[    0.912071] pci 0000:05:00.0: PCI bridge to [bus 06-07]
[    0.912080] pci 0000:05:00.0:   bridge window [mem 0xb2a00000-0xb32fffff]
[    0.912088] pci 0000:05:00.0:   bridge window [mem 0x380600000000-0x380bffffffff 64bit pref]
[    0.912101] pci 0000:00:03.0: PCI bridge to [bus 05-07]
[    0.912110] pci 0000:00:03.0:   bridge window [mem 0xb2a00000-0xb33fffff]
[    0.912117] pci 0000:00:03.0:   bridge window [mem 0x380600000000-0x380bffffffff 64bit pref]
[    0.912130] pci 0000:00:1c.0: PCI bridge to [bus 08]
[    0.912156] pci 0000:09:00.0: PCI bridge to [bus 0a]
[    0.912160] pci 0000:09:00.0:   bridge window [io  0x6000-0x6fff]
[    0.912172] pci 0000:09:00.0:   bridge window [mem 0xcf000000-0xd00fffff]
[    0.912195] pci 0000:00:1c.3: PCI bridge to [bus 09-0a]
[    0.912198] pci 0000:00:1c.3:   bridge window [io  0x6000-0x6fff]
[    0.912208] pci 0000:00:1c.3:   bridge window [mem 0xcf000000-0xd00fffff]
[    0.912227] pci 0000:00:1c.4: PCI bridge to [bus 0b-43]
[    0.912230] pci 0000:00:1c.4:   bridge window [io  0x1000-0x1fff]
[    0.912240] pci 0000:00:1c.4:   bridge window [mem 0xb8000000-0xce0fffff]
[    0.912248] pci 0000:00:1c.4:   bridge window [mem 0x90000000-0xb1ffffff 64bit pref]
[    0.912262] pci_bus 0000:00: resource 4 [io  0x0000-0x0cf7 window]
[    0.912265] pci_bus 0000:00: resource 5 [io  0x1000-0x7fff window]
[    0.912268] pci_bus 0000:00: resource 6 [mem 0x000a0000-0x000bffff window]
[    0.912271] pci_bus 0000:00: resource 7 [mem 0xfedb0000-0xfedb000f window]
[    0.912274] pci_bus 0000:00: resource 8 [mem 0xfedc0000-0xfedc000f window]
[    0.912276] pci_bus 0000:00: resource 9 [mem 0x90000000-0xd3ffbfff window]
[    0.912279] pci_bus 0000:00: resource 10 [mem 0x380000000000-0x383fffffffff window]
[    0.912283] pci_bus 0000:01: resource 1 [mem 0xd0500000-0xd05fffff]
[    0.912285] pci_bus 0000:02: resource 1 [mem 0xb2000000-0xb29fffff]
[    0.912288] pci_bus 0000:02: resource 2 [mem 0x380000000000-0x3805ffffffff 64bit pref]
[    0.912291] pci_bus 0000:03: resource 1 [mem 0xb2000000-0xb28fffff]
[    0.912294] pci_bus 0000:03: resource 2 [mem 0x380000000000-0x3805ffffffff 64bit pref]
[    0.912297] pci_bus 0000:04: resource 1 [mem 0xb2000000-0xb28fffff]
[    0.912300] pci_bus 0000:04: resource 2 [mem 0x380000000000-0x3805ffffffff 64bit pref]
[    0.912303] pci_bus 0000:05: resource 1 [mem 0xb2a00000-0xb33fffff]
[    0.912305] pci_bus 0000:05: resource 2 [mem 0x380600000000-0x380bffffffff 64bit pref]
[    0.912309] pci_bus 0000:06: resource 1 [mem 0xb2a00000-0xb32fffff]
[    0.912311] pci_bus 0000:06: resource 2 [mem 0x380600000000-0x380bffffffff 64bit pref]
[    0.912315] pci_bus 0000:07: resource 1 [mem 0xb2a00000-0xb32fffff]
[    0.912317] pci_bus 0000:07: resource 2 [mem 0x380600000000-0x380bffffffff 64bit pref]
[    0.912321] pci_bus 0000:09: resource 0 [io  0x6000-0x6fff]
[    0.912323] pci_bus 0000:09: resource 1 [mem 0xcf000000-0xd00fffff]
[    0.912326] pci_bus 0000:0a: resource 0 [io  0x6000-0x6fff]
[    0.912328] pci_bus 0000:0a: resource 1 [mem 0xcf000000-0xd00fffff]
[    0.912331] pci_bus 0000:0b: resource 0 [io  0x1000-0x1fff]
[    0.912334] pci_bus 0000:0b: resource 1 [mem 0xb8000000-0xce0fffff]
[    0.912336] pci_bus 0000:0b: resource 2 [mem 0x90000000-0xb1ffffff 64bit pref]
[    0.912517] pci_bus 0000:80: max bus depth: 3 pci_try_num: 4
[    0.912528] pci 0000:80:00.0: BAR 15: assigned [mem 0x384000000000-0x3840000fffff 64bit pref]
[    0.912533] pci 0000:81:00.0: BAR 7: assigned [mem 0x384000000000-0x38400001ffff 64bit pref]
[    0.912598] pci 0000:81:00.0: BAR 10: assigned [mem 0x384000020000-0x38400003ffff 64bit pref]
[    0.912662] pci 0000:81:00.1: BAR 7: assigned [mem 0x384000040000-0x38400005ffff 64bit pref]
[    0.912727] pci 0000:81:00.1: BAR 10: assigned [mem 0x384000060000-0x38400007ffff 64bit pref]
[    0.912792] pci 0000:80:00.0: PCI bridge to [bus 81]
[    0.912795] pci 0000:80:00.0:   bridge window [io  0xf000-0xffff]
[    0.912804] pci 0000:80:00.0:   bridge window [mem 0xfbe00000-0xfbefffff]
[    0.912811] pci 0000:80:00.0:   bridge window [mem 0x384000000000-0x3840000fffff 64bit pref]
[    0.912826] pci 0000:84:00.0: BAR 7: no space for [mem size 0x100000000 64bit pref]
[    0.912829] pci 0000:84:00.0: BAR 7: failed to assign [mem size 0x100000000 64bit pref]
[    0.912833] pci 0000:84:00.0: BAR 9: no space for [mem size 0x02000000 64bit pref]
[    0.912836] pci 0000:84:00.0: BAR 9: failed to assign [mem size 0x02000000 64bit pref]
[    0.912840] pci 0000:84:00.0: BAR 12: no space for [mem size 0x00800000]
[    0.912842] pci 0000:84:00.0: BAR 12: failed to assign [mem size 0x00800000]
[    0.912846] pci 0000:83:00.0: PCI bridge to [bus 84]
[    0.912855] pci 0000:83:00.0:   bridge window [mem 0xfbc00000-0xfbcfffff]
[    0.912863] pci 0000:83:00.0:   bridge window [mem 0x387800000000-0x387c001fffff 64bit pref]
[    0.912877] pci 0000:82:00.0: PCI bridge to [bus 83-84]
[    0.912886] pci 0000:82:00.0:   bridge window [mem 0xfbc00000-0xfbcfffff]
[    0.912894] pci 0000:82:00.0:   bridge window [mem 0x387800000000-0x387c001fffff 64bit pref]
[    0.912912] pci 0000:80:02.0: PCI bridge to [bus 82-84]
[    0.912922] pci 0000:80:02.0:   bridge window [mem 0xfbc00000-0xfbdfffff]
[    0.912929] pci 0000:80:02.0:   bridge window [mem 0x387800000000-0x387c001fffff 64bit pref]
[    0.912947] pci 0000:87:00.0: BAR 7: no space for [mem size 0x100000000 64bit pref]
[    0.912951] pci 0000:87:00.0: BAR 7: failed to assign [mem size 0x100000000 64bit pref]
[    0.912955] pci 0000:87:00.0: BAR 9: no space for [mem size 0x02000000 64bit pref]
[    0.912958] pci 0000:87:00.0: BAR 9: failed to assign [mem size 0x02000000 64bit pref]
[    0.912961] pci 0000:87:00.0: BAR 12: no space for [mem size 0x00800000]
[    0.912964] pci 0000:87:00.0: BAR 12: failed to assign [mem size 0x00800000]
[    0.912967] pci 0000:86:00.0: PCI bridge to [bus 87]
[    0.912976] pci 0000:86:00.0:   bridge window [mem 0xfba00000-0xfbafffff]
[    0.912984] pci 0000:86:00.0:   bridge window [mem 0x387000000000-0x3874001fffff 64bit pref]
[    0.912997] pci 0000:85:00.0: PCI bridge to [bus 86-87]
[    0.913007] pci 0000:85:00.0:   bridge window [mem 0xfba00000-0xfbafffff]
[    0.913015] pci 0000:85:00.0:   bridge window [mem 0x387000000000-0x3874001fffff 64bit pref]
[    0.913028] pci 0000:80:03.0: PCI bridge to [bus 85-87]
[    0.913037] pci 0000:80:03.0:   bridge window [mem 0xfba00000-0xfbbfffff]
[    0.913044] pci 0000:80:03.0:   bridge window [mem 0x387000000000-0x3874001fffff 64bit pref]
[    0.913058] pci_bus 0000:80: No. 2 try to assign unassigned res
[    0.913060] release child resource [mem 0xfba00000-0xfba7ffff]
[    0.913061] release child resource [mem 0xfba80000-0xfba9ffff pref]
[    0.913062] pci 0000:86:00.0: resource 14 [mem 0xfba00000-0xfbafffff] released
[    0.913066] pci 0000:86:00.0: PCI bridge to [bus 87]
[    0.913073] release child resource [mem 0x387000000000-0x3873ffffffff 64bit pref]
[    0.913074] release child resource [mem 0x387400000000-0x3874001fffff 64bit pref]
[    0.913076] pci 0000:86:00.0: resource 15 [mem 0x387000000000-0x3874001fffff 64bit pref] released
[    0.913080] pci 0000:86:00.0: PCI bridge to [bus 87]
[    0.913094] release child resource [mem 0xfbc00000-0xfbc7ffff]
[    0.913095] release child resource [mem 0xfbc80000-0xfbc9ffff pref]
[    0.913097] pci 0000:83:00.0: resource 14 [mem 0xfbc00000-0xfbcfffff] released
[    0.913100] pci 0000:83:00.0: PCI bridge to [bus 84]
[    0.913107] release child resource [mem 0x387800000000-0x387bffffffff 64bit pref]
[    0.913108] release child resource [mem 0x387c00000000-0x387c001fffff 64bit pref]
[    0.913109] pci 0000:83:00.0: resource 15 [mem 0x387800000000-0x387c001fffff 64bit pref] released
[    0.913113] pci 0000:83:00.0: PCI bridge to [bus 84]
[    0.913132] pci 0000:80:00.0: PCI bridge to [bus 81]
[    0.913135] pci 0000:80:00.0:   bridge window [io  0xf000-0xffff]
[    0.913144] pci 0000:80:00.0:   bridge window [mem 0xfbe00000-0xfbefffff]
[    0.913151] pci 0000:80:00.0:   bridge window [mem 0x384000000000-0x3840000fffff 64bit pref]
[    0.913166] pci 0000:83:00.0: BAR 15: no space for [mem size 0x600000000 64bit pref]
[    0.913169] pci 0000:83:00.0: BAR 15: failed to assign [mem size 0x600000000 64bit pref]
[    0.913173] pci 0000:83:00.0: BAR 14: no space for [mem size 0x00900000]
[    0.913175] pci 0000:83:00.0: BAR 14: failed to assign [mem size 0x00900000]
[    0.913179] pci 0000:84:00.0: BAR 0: no space for [mem size 0x400000000 64bit pref]
[    0.913182] pci 0000:84:00.0: BAR 0: failed to assign [mem size 0x400000000 64bit pref]
[    0.913185] pci 0000:84:00.0: BAR 7: no space for [mem size 0x100000000 64bit pref]
[    0.913188] pci 0000:84:00.0: BAR 7: failed to assign [mem size 0x100000000 64bit pref]
[    0.913192] pci 0000:84:00.0: BAR 2: no space for [mem size 0x00200000 64bit pref]
[    0.913195] pci 0000:84:00.0: BAR 2: failed to assign [mem size 0x00200000 64bit pref]
[    0.913198] pci 0000:84:00.0: BAR 9: no space for [mem size 0x02000000 64bit pref]
[    0.913201] pci 0000:84:00.0: BAR 9: failed to assign [mem size 0x02000000 64bit pref]
[    0.913204] pci 0000:84:00.0: BAR 5: no space for [mem size 0x00080000]
[    0.913207] pci 0000:84:00.0: BAR 5: failed to assign [mem size 0x00080000]
[    0.913209] pci 0000:84:00.0: BAR 12: no space for [mem size 0x00800000]
[    0.913212] pci 0000:84:00.0: BAR 12: failed to assign [mem size 0x00800000]
[    0.913215] pci 0000:84:00.0: BAR 6: no space for [mem size 0x00020000 pref]
[    0.913218] pci 0000:84:00.0: BAR 6: failed to assign [mem size 0x00020000 pref]
[    0.913221] pci 0000:83:00.0: PCI bridge to [bus 84]
[    0.913246] pci 0000:82:00.0: PCI bridge to [bus 83-84]
[    0.913255] pci 0000:82:00.0:   bridge window [mem 0xfbc00000-0xfbcfffff]
[    0.913263] pci 0000:82:00.0:   bridge window [mem 0x387800000000-0x387c001fffff 64bit pref]
[    0.913276] pci 0000:80:02.0: PCI bridge to [bus 82-84]
[    0.913285] pci 0000:80:02.0:   bridge window [mem 0xfbc00000-0xfbdfffff]
[    0.913293] pci 0000:80:02.0:   bridge window [mem 0x387800000000-0x387c001fffff 64bit pref]
[    0.913307] pci 0000:86:00.0: BAR 15: no space for [mem size 0x600000000 64bit pref]
[    0.913310] pci 0000:86:00.0: BAR 15: failed to assign [mem size 0x600000000 64bit pref]
[    0.913314] pci 0000:86:00.0: BAR 14: no space for [mem size 0x00900000]
[    0.913316] pci 0000:86:00.0: BAR 14: failed to assign [mem size 0x00900000]
[    0.913320] pci 0000:87:00.0: BAR 0: no space for [mem size 0x400000000 64bit pref]
[    0.913323] pci 0000:87:00.0: BAR 0: failed to assign [mem size 0x400000000 64bit pref]
[    0.913326] pci 0000:87:00.0: BAR 7: no space for [mem size 0x100000000 64bit pref]
[    0.913329] pci 0000:87:00.0: BAR 7: failed to assign [mem size 0x100000000 64bit pref]
[    0.913333] pci 0000:87:00.0: BAR 2: no space for [mem size 0x00200000 64bit pref]
[    0.913336] pci 0000:87:00.0: BAR 2: failed to assign [mem size 0x00200000 64bit pref]
[    0.913339] pci 0000:87:00.0: BAR 9: no space for [mem size 0x02000000 64bit pref]
